Zend\Expressive\Middleware\LazyLoadingMiddleware
Zend\Stratigility\Middleware\ErrorHandler
Zend\Expressive\Middleware\LazyLoadingMiddleware
Zend\Expressive\Helper\ServerUrlMiddleware
Zend\Expressive\Middleware\LazyLoadingMiddleware
Zend\Expressive\Session\SessionMiddleware
Zend\Expressive\Middleware\LazyLoadingMiddleware
Zend\Expressive\Router\Middleware\RouteMiddleware
Zend\Expressive\Middleware\LazyLoadingMiddleware
Zend\Expressive\Router\Middleware\ImplicitHeadMiddleware
Zend\Expressive\Middleware\LazyLoadingMiddleware
Zend\Expressive\Router\Middleware\ImplicitOptionsMiddleware
Zend\Expressive\Middleware\LazyLoadingMiddleware
Zend\Expressive\Router\Middleware\MethodNotAllowedMiddleware
Zend\Expressive\Middleware\LazyLoadingMiddleware
Zend\Expressive\Helper\UrlHelperMiddleware
Zend\Expressive\Middleware\LazyLoadingMiddleware
Zend\Expressive\Router\Middleware\DispatchMiddleware
Zend\Expressive\Middleware\LazyLoadingMiddleware
Amazium\Identity\UI\Web\Page\LoginUsingGitlab
Zend\Expressive\Middleware\LazyLoadingMiddleware
Zend\Stratigility\Middleware\ErrorHandler
Zend\Expressive\Middleware\LazyLoadingMiddleware
Zend\Expressive\Helper\ServerUrlMiddleware
Zend\Expressive\Middleware\LazyLoadingMiddleware
Zend\Expressive\Session\SessionMiddleware
Zend\Expressive\Middleware\LazyLoadingMiddleware
Zend\Expressive\Router\Middleware\RouteMiddleware
Zend\Expressive\Middleware\LazyLoadingMiddleware
Zend\Expressive\Router\Middleware\ImplicitHeadMiddleware
Zend\Expressive\Middleware\LazyLoadingMiddleware
Zend\Expressive\Router\Middleware\ImplicitOptionsMiddleware
Zend\Expressive\Middleware\LazyLoadingMiddleware
Zend\Expressive\Router\Middleware\MethodNotAllowedMiddleware
Zend\Expressive\Middleware\LazyLoadingMiddleware
Zend\Expressive\Helper\UrlHelperMiddleware
Zend\Expressive\Middleware\LazyLoadingMiddleware
Zend\Expressive\Router\Middleware\DispatchMiddleware
Zend\Expressive\Middleware\LazyLoadingMiddleware
Amazium\Identity\UI\Web\Page\LoginUsingGitlab
Zend\Expressive\Middleware\LazyLoadingMiddleware
Zend\Expressive\Authentication\AuthenticationMiddleware
Zend\Expressive\Middleware\LazyLoadingMiddleware
Zend\Expressive\Handler\NotFoundHandler
Zend\Expressive\Middleware\LazyLoadingMiddleware
Zend\Stratigility\Middleware\ErrorHandler
Zend\Expressive\Middleware\LazyLoadingMiddleware
Zend\Expressive\Helper\ServerUrlMiddleware
Zend\Expressive\Middleware\LazyLoadingMiddleware
Zend\Expressive\Session\SessionMiddleware
Zend\Expressive\Middleware\LazyLoadingMiddleware
Zend\Expressive\Router\Middleware\RouteMiddleware
Zend\Expressive\Middleware\LazyLoadingMiddleware
Zend\Expressive\Router\Middleware\ImplicitHeadMiddleware
Zend\Expressive\Middleware\LazyLoadingMiddleware
Zend\Expressive\Router\Middleware\ImplicitOptionsMiddleware
Zend\Expressive\Middleware\LazyLoadingMiddleware
Zend\Expressive\Router\Middleware\MethodNotAllowedMiddleware
Zend\Expressive\Middleware\LazyLoadingMiddleware
Zend\Expressive\Helper\UrlHelperMiddleware
Zend\Expressive\Middleware\LazyLoadingMiddleware
Zend\Expressive\Router\Middleware\DispatchMiddleware
Zend\Expressive\Middleware\LazyLoadingMiddleware
Amazium\Identity\UI\Web\Page\LoginUsingGitlab
Zend\Expressive\Middleware\LazyLoadingMiddleware
Zend\Stratigility\Middleware\ErrorHandler
Zend\Expressive\Middleware\LazyLoadingMiddleware
Zend\Expressive\Helper\ServerUrlMiddleware
Zend\Expressive\Middleware\LazyLoadingMiddleware
Zend\Expressive\Session\SessionMiddleware
Zend\Expressive\Middleware\LazyLoadingMiddleware
Zend\Expressive\Router\Middleware\RouteMiddleware
Zend\Expressive\Middleware\LazyLoadingMiddleware
Zend\Expressive\Router\Middleware\ImplicitHeadMiddleware
Zend\Expressive\Middleware\LazyLoadingMiddleware
Zend\Expressive\Router\Middleware\ImplicitOptionsMiddleware
Zend\Expressive\Middleware\LazyLoadingMiddleware
Zend\Expressive\Router\Middleware\MethodNotAllowedMiddleware
Zend\Expressive\Middleware\LazyLoadingMiddleware
Zend\Expressive\Helper\UrlHelperMiddleware
Zend\Expressive\Middleware\LazyLoadingMiddleware
Zend\Expressive\Router\Middleware\DispatchMiddleware
Zend\Expressive\Middleware\LazyLoadingMiddleware
Amazium\Identity\UI\Web\Page\LoginUsingGitlab
Zend\Expressive\Middleware\LazyLoadingMiddleware
Zend\Expressive\Authentication\AuthenticationMiddleware
Zend\Expressive\Middleware\LazyLoadingMiddleware
Zend\Expressive\Handler\NotFoundHandler
Zend\Expressive\Middleware\LazyLoadingMiddleware
Zend\Stratigility\Middleware\ErrorHandler
Zend\Expressive\Middleware\LazyLoadingMiddleware
Zend\Expressive\Helper\ServerUrlMiddleware
Zend\Expressive\Middleware\LazyLoadingMiddleware
Zend\Expressive\Session\SessionMiddleware
Zend\Expressive\Middleware\LazyLoadingMiddleware
Zend\Expressive\Router\Middleware\RouteMiddleware
Zend\Expressive\Middleware\LazyLoadingMiddleware
Zend\Expressive\Router\Middleware\ImplicitHeadMiddleware
Zend\Expressive\Middleware\LazyLoadingMiddleware
Zend\Expressive\Router\Middleware\ImplicitOptionsMiddleware
Zend\Expressive\Middleware\LazyLoadingMiddleware
Zend\Expressive\Router\Middleware\MethodNotAllowedMiddleware
Zend\Expressive\Middleware\LazyLoadingMiddleware
Zend\Expressive\Helper\UrlHelperMiddleware
Zend\Expressive\Middleware\LazyLoadingMiddleware
Zend\Expressive\Router\Middleware\DispatchMiddleware
Zend\Expressive\Middleware\LazyLoadingMiddleware
Amazium\Identity\UI\Web\Page\LoginUsingGitlab
Zend\Expressive\Middleware\LazyLoadingMiddleware
Zend\Stratigility\Middleware\ErrorHandler
Zend\Expressive\Middleware\LazyLoadingMiddleware
Zend\Expressive\Helper\ServerUrlMiddleware
Zend\Expressive\Middleware\LazyLoadingMiddleware
Zend\Expressive\Session\SessionMiddleware
Zend\Expressive\Middleware\LazyLoadingMiddleware
Zend\Expressive\Router\Middleware\RouteMiddleware
Zend\Expressive\Middleware\LazyLoadingMiddleware
Zend\Expressive\Router\Middleware\ImplicitHeadMiddleware
Zend\Expressive\Middleware\LazyLoadingMiddleware
Zend\Expressive\Router\Middleware\ImplicitOptionsMiddleware
Zend\Expressive\Middleware\LazyLoadingMiddleware
Zend\Expressive\Router\Middleware\MethodNotAllowedMiddleware
Zend\Expressive\Middleware\LazyLoadingMiddleware
Zend\Expressive\Helper\UrlHelperMiddleware
Zend\Expressive\Middleware\LazyLoadingMiddleware
Zend\Expressive\Router\Middleware\DispatchMiddleware
Zend\Expressive\Middleware\LazyLoadingMiddleware
Amazium\Frontend\UI\Web\Page\Home
Zend\Expressive\Middleware\LazyLoadingMiddleware
Zend\Stratigility\Middleware\ErrorHandler
Zend\Expressive\Middleware\LazyLoadingMiddleware
Zend\Expressive\Helper\ServerUrlMiddleware
Zend\Expressive\Middleware\LazyLoadingMiddleware
Zend\Expressive\Session\SessionMiddleware
Zend\Expressive\Middleware\LazyLoadingMiddleware
Zend\Expressive\Router\Middleware\RouteMiddleware
Zend\Expressive\Middleware\LazyLoadingMiddleware
Zend\Expressive\Router\Middleware\ImplicitHeadMiddleware
Zend\Expressive\Middleware\LazyLoadingMiddleware
Zend\Expressive\Router\Middleware\ImplicitOptionsMiddleware
Zend\Expressive\Middleware\LazyLoadingMiddleware
Zend\Expressive\Router\Middleware\MethodNotAllowedMiddleware
Zend\Expressive\Middleware\LazyLoadingMiddleware
Zend\Expressive\Helper\UrlHelperMiddleware
Zend\Expressive\Middleware\LazyLoadingMiddleware
Zend\Expressive\Router\Middleware\DispatchMiddleware
Zend\Expressive\Middleware\LazyLoadingMiddleware
Amazium\Identity\UI\Web\Page\LoginUsingGitlab
Zend\Expressive\Middleware\LazyLoadingMiddleware
Zend\Stratigility\Middleware\ErrorHandler
Zend\Expressive\Middleware\LazyLoadingMiddleware
Zend\Expressive\Helper\ServerUrlMiddleware
Zend\Expressive\Middleware\LazyLoadingMiddleware
Zend\Expressive\Session\SessionMiddleware
Zend\Expressive\Middleware\LazyLoadingMiddleware
Zend\Expressive\Router\Middleware\RouteMiddleware
Zend\Expressive\Middleware\LazyLoadingMiddleware
Zend\Expressive\Router\Middleware\ImplicitHeadMiddleware
Zend\Expressive\Middleware\LazyLoadingMiddleware
Zend\Expressive\Router\Middleware\ImplicitOptionsMiddleware
Zend\Expressive\Middleware\LazyLoadingMiddleware
Zend\Expressive\Router\Middleware\MethodNotAllowedMiddleware
Zend\Expressive\Middleware\LazyLoadingMiddleware
Zend\Expressive\Helper\UrlHelperMiddleware
Zend\Expressive\Middleware\LazyLoadingMiddleware
Zend\Expressive\Router\Middleware\DispatchMiddleware
Zend\Expressive\Middleware\LazyLoadingMiddleware
Amazium\Frontend\UI\Web\Page\Home
Zend\Expressive\Middleware\LazyLoadingMiddleware
Zend\Stratigility\Middleware\ErrorHandler
Zend\Expressive\Middleware\LazyLoadingMiddleware
Zend\Expressive\Helper\ServerUrlMiddleware
Zend\Expressive\Middleware\LazyLoadingMiddleware
Zend\Expressive\Session\SessionMiddleware
Zend\Expressive\Middleware\LazyLoadingMiddleware
Zend\Expressive\Router\Middleware\RouteMiddleware
Zend\Expressive\Middleware\LazyLoadingMiddleware
Zend\Expressive\Router\Middleware\ImplicitHeadMiddleware
Zend\Expressive\Middleware\LazyLoadingMiddleware
Zend\Expressive\Router\Middleware\ImplicitOptionsMiddleware
Zend\Expressive\Middleware\LazyLoadingMiddleware
Zend\Expressive\Router\Middleware\MethodNotAllowedMiddleware
Zend\Expressive\Middleware\LazyLoadingMiddleware
Zend\Expressive\Helper\UrlHelperMiddleware
Zend\Expressive\Middleware\LazyLoadingMiddleware
Zend\Expressive\Router\Middleware\DispatchMiddleware
Zend\Expressive\Middleware\LazyLoadingMiddleware
Amazium\Identity\UI\Web\Page\LoginUsingGitlab
Zend\Expressive\Middleware\LazyLoadingMiddleware
Zend\Stratigility\Middleware\ErrorHandler
Zend\Expressive\Middleware\LazyLoadingMiddleware
Zend\Expressive\Helper\ServerUrlMiddleware
Zend\Expressive\Middleware\LazyLoadingMiddleware
Zend\Expressive\Session\SessionMiddleware
Zend\Expressive\Middleware\LazyLoadingMiddleware
Zend\Expressive\Router\Middleware\RouteMiddleware
Zend\Expressive\Middleware\LazyLoadingMiddleware
Zend\Expressive\Router\Middleware\ImplicitHeadMiddleware
Zend\Expressive\Middleware\LazyLoadingMiddleware
Zend\Expressive\Router\Middleware\ImplicitOptionsMiddleware
Zend\Expressive\Middleware\LazyLoadingMiddleware
Zend\Expressive\Router\Middleware\MethodNotAllowedMiddleware
Zend\Expressive\Middleware\LazyLoadingMiddleware
Zend\Expressive\Helper\UrlHelperMiddleware
Zend\Expressive\Middleware\LazyLoadingMiddleware
Zend\Expressive\Router\Middleware\DispatchMiddleware
Zend\Expressive\Middleware\LazyLoadingMiddleware
Amazium\Frontend\UI\Web\Page\Home
Zend\Expressive\Middleware\LazyLoadingMiddleware
Zend\Stratigility\Middleware\ErrorHandler
Zend\Expressive\Middleware\LazyLoadingMiddleware
Zend\Expressive\Helper\ServerUrlMiddleware
Zend\Expressive\Middleware\LazyLoadingMiddleware
Zend\Expressive\Session\SessionMiddleware
Zend\Expressive\Middleware\LazyLoadingMiddleware
Zend\Expressive\Router\Middleware\RouteMiddleware
Zend\Expressive\Middleware\LazyLoadingMiddleware
Zend\Expressive\Router\Middleware\ImplicitHeadMiddleware
Zend\Expressive\Middleware\LazyLoadingMiddleware
Zend\Expressive\Router\Middleware\ImplicitOptionsMiddleware
Zend\Expressive\Middleware\LazyLoadingMiddleware
Zend\Expressive\Router\Middleware\MethodNotAllowedMiddleware
Zend\Expressive\Middleware\LazyLoadingMiddleware
Zend\Expressive\Helper\UrlHelperMiddleware
Zend\Expressive\Middleware\LazyLoadingMiddleware
Zend\Expressive\Router\Middleware\DispatchMiddleware
Zend\Expressive\Middleware\LazyLoadingMiddleware
Amazium\Identity\UI\Web\Page\LoginUsingGitlab
Zend\Expressive\Middleware\LazyLoadingMiddleware
Zend\Stratigility\Middleware\ErrorHandler
Zend\Expressive\Middleware\LazyLoadingMiddleware
Zend\Expressive\Helper\ServerUrlMiddleware
Zend\Expressive\Middleware\LazyLoadingMiddleware
Zend\Expressive\Session\SessionMiddleware
Zend\Expressive\Middleware\LazyLoadingMiddleware
Zend\Expressive\Router\Middleware\RouteMiddleware
Zend\Expressive\Middleware\LazyLoadingMiddleware
Zend\Expressive\Router\Middleware\ImplicitHeadMiddleware
Zend\Expressive\Middleware\LazyLoadingMiddleware
Zend\Expressive\Router\Middleware\ImplicitOptionsMiddleware
Zend\Expressive\Middleware\LazyLoadingMiddleware
Zend\Expressive\Router\Middleware\MethodNotAllowedMiddleware
Zend\Expressive\Middleware\LazyLoadingMiddleware
Zend\Expressive\Helper\UrlHelperMiddleware
Zend\Expressive\Middleware\LazyLoadingMiddleware
Zend\Expressive\Router\Middleware\DispatchMiddleware
Zend\Expressive\Middleware\LazyLoadingMiddleware
Amazium\Frontend\UI\Web\Page\Home
Zend\Expressive\Middleware\LazyLoadingMiddleware
Zend\Stratigility\Middleware\ErrorHandler
Zend\Expressive\Middleware\LazyLoadingMiddleware
Zend\Expressive\Helper\ServerUrlMiddleware
Zend\Expressive\Middleware\LazyLoadingMiddleware
Zend\Expressive\Session\SessionMiddleware
Zend\Expressive\Middleware\LazyLoadingMiddleware
Zend\Expressive\Router\Middleware\RouteMiddleware
Zend\Expressive\Middleware\LazyLoadingMiddleware
Zend\Expressive\Router\Middleware\ImplicitHeadMiddleware
Zend\Expressive\Middleware\LazyLoadingMiddleware
Zend\Expressive\Router\Middleware\ImplicitOptionsMiddleware
Zend\Expressive\Middleware\LazyLoadingMiddleware
Zend\Expressive\Router\Middleware\MethodNotAllowedMiddleware
Zend\Expressive\Middleware\LazyLoadingMiddleware
Zend\Expressive\Helper\UrlHelperMiddleware
Zend\Expressive\Middleware\LazyLoadingMiddleware
Zend\Expressive\Router\Middleware\DispatchMiddleware
Zend\Expressive\Middleware\LazyLoadingMiddleware
Amazium\Identity\UI\Web\Page\Logout
Zend\Expressive\Middleware\LazyLoadingMiddleware
Zend\Stratigility\Middleware\ErrorHandler
Zend\Expressive\Middleware\LazyLoadingMiddleware
Zend\Expressive\Helper\ServerUrlMiddleware
Zend\Expressive\Middleware\LazyLoadingMiddleware
Zend\Expressive\Session\SessionMiddleware
Zend\Expressive\Middleware\LazyLoadingMiddleware
Zend\Expressive\Router\Middleware\RouteMiddleware
Zend\Expressive\Middleware\LazyLoadingMiddleware
Zend\Expressive\Router\Middleware\ImplicitHeadMiddleware
Zend\Expressive\Middleware\LazyLoadingMiddleware
Zend\Expressive\Router\Middleware\ImplicitOptionsMiddleware
Zend\Expressive\Middleware\LazyLoadingMiddleware
Zend\Expressive\Router\Middleware\MethodNotAllowedMiddleware
Zend\Expressive\Middleware\LazyLoadingMiddleware
Zend\Expressive\Helper\UrlHelperMiddleware
Zend\Expressive\Middleware\LazyLoadingMiddleware
Zend\Expressive\Router\Middleware\DispatchMiddleware
Zend\Expressive\Middleware\LazyLoadingMiddleware
Amazium\Frontend\UI\Web\Page\Home
Zend\Expressive\Middleware\LazyLoadingMiddleware
Zend\Stratigility\Middleware\ErrorHandler
Zend\Expressive\Middleware\LazyLoadingMiddleware
Zend\Expressive\Helper\ServerUrlMiddleware
Zend\Expressive\Middleware\LazyLoadingMiddleware
Zend\Expressive\Session\SessionMiddleware
Zend\Expressive\Middleware\LazyLoadingMiddleware
Zend\Expressive\Router\Middleware\RouteMiddleware
Zend\Expressive\Middleware\LazyLoadingMiddleware
Zend\Expressive\Router\Middleware\ImplicitHeadMiddleware
Zend\Expressive\Middleware\LazyLoadingMiddleware
Zend\Expressive\Router\Middleware\ImplicitOptionsMiddleware
Zend\Expressive\Middleware\LazyLoadingMiddleware
Zend\Expressive\Router\Middleware\MethodNotAllowedMiddleware
Zend\Expressive\Middleware\LazyLoadingMiddleware
Zend\Expressive\Helper\UrlHelperMiddleware
Zend\Expressive\Middleware\LazyLoadingMiddleware
Zend\Expressive\Router\Middleware\DispatchMiddleware
Zend\Expressive\Middleware\LazyLoadingMiddleware
Amazium\Identity\UI\Web\Page\Logout
Zend\Expressive\Middleware\LazyLoadingMiddleware
Zend\Stratigility\Middleware\ErrorHandler
Zend\Expressive\Middleware\LazyLoadingMiddleware
Zend\Expressive\Helper\ServerUrlMiddleware
Zend\Expressive\Middleware\LazyLoadingMiddleware
Zend\Expressive\Session\SessionMiddleware
Zend\Expressive\Middleware\LazyLoadingMiddleware
Zend\Expressive\Router\Middleware\RouteMiddleware
Zend\Expressive\Middleware\LazyLoadingMiddleware
Zend\Expressive\Router\Middleware\ImplicitHeadMiddleware
Zend\Expressive\Middleware\LazyLoadingMiddleware
Zend\Expressive\Router\Middleware\ImplicitOptionsMiddleware
Zend\Expressive\Middleware\LazyLoadingMiddleware
Zend\Expressive\Router\Middleware\MethodNotAllowedMiddleware
Zend\Expressive\Middleware\LazyLoadingMiddleware
Zend\Expressive\Helper\UrlHelperMiddleware
Zend\Expressive\Middleware\LazyLoadingMiddleware
Zend\Expressive\Router\Middleware\DispatchMiddleware
Zend\Expressive\Middleware\LazyLoadingMiddleware
Amazium\Frontend\UI\Web\Page\Home
Zend\Expressive\Middleware\LazyLoadingMiddleware
Zend\Stratigility\Middleware\ErrorHandler
Zend\Expressive\Middleware\LazyLoadingMiddleware
Zend\Expressive\Helper\ServerUrlMiddleware
Zend\Expressive\Middleware\LazyLoadingMiddleware
Zend\Expressive\Session\SessionMiddleware
Zend\Expressive\Middleware\LazyLoadingMiddleware
Zend\Expressive\Router\Middleware\RouteMiddleware
Zend\Expressive\Middleware\LazyLoadingMiddleware
Zend\Expressive\Router\Middleware\ImplicitHeadMiddleware
Zend\Expressive\Middleware\LazyLoadingMiddleware
Zend\Expressive\Router\Middleware\ImplicitOptionsMiddleware
Zend\Expressive\Middleware\LazyLoadingMiddleware
Zend\Expressive\Router\Middleware\MethodNotAllowedMiddleware
Zend\Expressive\Middleware\LazyLoadingMiddleware
Zend\Expressive\Helper\UrlHelperMiddleware
Zend\Expressive\Middleware\LazyLoadingMiddleware
Zend\Expressive\Router\Middleware\DispatchMiddleware
Zend\Expressive\Middleware\LazyLoadingMiddleware
Amazium\Frontend\UI\Web\Page\Home
Zend\Expressive\Middleware\LazyLoadingMiddleware
Zend\Stratigility\Middleware\ErrorHandler
Zend\Expressive\Middleware\LazyLoadingMiddleware
Zend\Expressive\Helper\ServerUrlMiddleware
Zend\Expressive\Middleware\LazyLoadingMiddleware
Zend\Expressive\Session\SessionMiddleware
Zend\Expressive\Middleware\LazyLoadingMiddleware
Zend\Expressive\Router\Middleware\RouteMiddleware
Zend\Expressive\Middleware\LazyLoadingMiddleware
Zend\Expressive\Router\Middleware\ImplicitHeadMiddleware
Zend\Expressive\Middleware\LazyLoadingMiddleware
Zend\Expressive\Router\Middleware\ImplicitOptionsMiddleware
Zend\Expressive\Middleware\LazyLoadingMiddleware
Zend\Expressive\Router\Middleware\MethodNotAllowedMiddleware
Zend\Expressive\Middleware\LazyLoadingMiddleware
Zend\Expressive\Helper\UrlHelperMiddleware
Zend\Expressive\Middleware\LazyLoadingMiddleware
Zend\Expressive\Router\Middleware\DispatchMiddleware
Zend\Expressive\Middleware\LazyLoadingMiddleware
Amazium\Frontend\UI\Web\Page\Home
Zend\Expressive\Middleware\LazyLoadingMiddleware
Zend\Stratigility\Middleware\ErrorHandler
Zend\Expressive\Middleware\LazyLoadingMiddleware
Zend\Expressive\Helper\ServerUrlMiddleware
Zend\Expressive\Middleware\LazyLoadingMiddleware
Zend\Expressive\Session\SessionMiddleware
Zend\Expressive\Middleware\LazyLoadingMiddleware
Zend\Expressive\Router\Middleware\RouteMiddleware
Zend\Expressive\Middleware\LazyLoadingMiddleware
Zend\Expressive\Router\Middleware\ImplicitHeadMiddleware
Zend\Expressive\Middleware\LazyLoadingMiddleware
Zend\Expressive\Router\Middleware\ImplicitOptionsMiddleware
Zend\Expressive\Middleware\LazyLoadingMiddleware
Zend\Expressive\Router\Middleware\MethodNotAllowedMiddleware
Zend\Expressive\Middleware\LazyLoadingMiddleware
Zend\Expressive\Helper\UrlHelperMiddleware
Zend\Expressive\Middleware\LazyLoadingMiddleware
Zend\Expressive\Router\Middleware\DispatchMiddleware
Zend\Expressive\Middleware\LazyLoadingMiddleware
Amazium\Frontend\UI\Web\Page\Home
Zend\Expressive\Middleware\LazyLoadingMiddleware
Zend\Stratigility\Middleware\ErrorHandler
Zend\Expressive\Middleware\LazyLoadingMiddleware
Zend\Expressive\Helper\ServerUrlMiddleware
Zend\Expressive\Middleware\LazyLoadingMiddleware
Zend\Expressive\Session\SessionMiddleware
Zend\Expressive\Middleware\LazyLoadingMiddleware
Zend\Expressive\Router\Middleware\RouteMiddleware
Zend\Expressive\Middleware\LazyLoadingMiddleware
Zend\Expressive\Router\Middleware\ImplicitHeadMiddleware
Zend\Expressive\Middleware\LazyLoadingMiddleware
Zend\Expressive\Router\Middleware\ImplicitOptionsMiddleware
Zend\Expressive\Middleware\LazyLoadingMiddleware
Zend\Expressive\Router\Middleware\MethodNotAllowedMiddleware
Zend\Expressive\Middleware\LazyLoadingMiddleware
Zend\Expressive\Helper\UrlHelperMiddleware
Zend\Expressive\Middleware\LazyLoadingMiddleware
Zend\Expressive\Router\Middleware\DispatchMiddleware
Zend\Expressive\Middleware\LazyLoadingMiddleware
Amazium\Frontend\UI\Web\Page\Home
Zend\Expressive\Middleware\LazyLoadingMiddleware
Zend\Stratigility\Middleware\ErrorHandler
Zend\Expressive\Middleware\LazyLoadingMiddleware
Zend\Expressive\Helper\ServerUrlMiddleware
Zend\Expressive\Middleware\LazyLoadingMiddleware
Zend\Expressive\Session\SessionMiddleware
Zend\Expressive\Middleware\LazyLoadingMiddleware
Zend\Expressive\Router\Middleware\RouteMiddleware
Zend\Expressive\Middleware\LazyLoadingMiddleware
Zend\Expressive\Router\Middleware\ImplicitHeadMiddleware
Zend\Expressive\Middleware\LazyLoadingMiddleware
Zend\Expressive\Router\Middleware\ImplicitOptionsMiddleware
Zend\Expressive\Middleware\LazyLoadingMiddleware
Zend\Expressive\Router\Middleware\MethodNotAllowedMiddleware
Zend\Expressive\Middleware\LazyLoadingMiddleware
Zend\Expressive\Helper\UrlHelperMiddleware
Zend\Expressive\Middleware\LazyLoadingMiddleware
Zend\Expressive\Router\Middleware\DispatchMiddleware
Zend\Expressive\Middleware\LazyLoadingMiddleware
Amazium\Frontend\UI\Web\Page\Home
Zend\Expressive\Middleware\LazyLoadingMiddleware
Zend\Stratigility\Middleware\ErrorHandler
Zend\Expressive\Middleware\LazyLoadingMiddleware
Zend\Expressive\Helper\ServerUrlMiddleware
Zend\Expressive\Middleware\LazyLoadingMiddleware
Zend\Expressive\Session\SessionMiddleware
Zend\Expressive\Middleware\LazyLoadingMiddleware
Zend\Expressive\Router\Middleware\RouteMiddleware
Zend\Expressive\Middleware\LazyLoadingMiddleware
Zend\Expressive\Router\Middleware\ImplicitHeadMiddleware
Zend\Expressive\Middleware\LazyLoadingMiddleware
Zend\Expressive\Router\Middleware\ImplicitOptionsMiddleware
Zend\Expressive\Middleware\LazyLoadingMiddleware
Zend\Expressive\Router\Middleware\MethodNotAllowedMiddleware
Zend\Expressive\Middleware\LazyLoadingMiddleware
Zend\Expressive\Helper\UrlHelperMiddleware
Zend\Expressive\Middleware\LazyLoadingMiddleware
Zend\Expressive\Router\Middleware\DispatchMiddleware
Zend\Expressive\Middleware\LazyLoadingMiddleware
Amazium\Frontend\UI\Web\Page\Home
Zend\Expressive\Middleware\LazyLoadingMiddleware
Zend\Stratigility\Middleware\ErrorHandler
Zend\Expressive\Middleware\LazyLoadingMiddleware
Zend\Expressive\Helper\ServerUrlMiddleware
Zend\Expressive\Middleware\LazyLoadingMiddleware
Zend\Expressive\Session\SessionMiddleware
Zend\Expressive\Middleware\LazyLoadingMiddleware
Zend\Expressive\Router\Middleware\RouteMiddleware
Zend\Expressive\Middleware\LazyLoadingMiddleware
Zend\Expressive\Router\Middleware\ImplicitHeadMiddleware
Zend\Expressive\Middleware\LazyLoadingMiddleware
Zend\Expressive\Router\Middleware\ImplicitOptionsMiddleware
Zend\Expressive\Middleware\LazyLoadingMiddleware
Zend\Expressive\Router\Middleware\MethodNotAllowedMiddleware
Zend\Expressive\Middleware\LazyLoadingMiddleware
Zend\Expressive\Helper\UrlHelperMiddleware
Zend\Expressive\Middleware\LazyLoadingMiddleware
Zend\Expressive\Router\Middleware\DispatchMiddleware
Zend\Expressive\Middleware\LazyLoadingMiddleware
Amazium\Frontend\UI\Web\Page\Home
Zend\Expressive\Middleware\LazyLoadingMiddleware
Zend\Stratigility\Middleware\ErrorHandler
Zend\Expressive\Middleware\LazyLoadingMiddleware
Zend\Expressive\Helper\ServerUrlMiddleware
Zend\Expressive\Middleware\LazyLoadingMiddleware
Zend\Expressive\Session\SessionMiddleware
Zend\Expressive\Middleware\LazyLoadingMiddleware
Zend\Expressive\Router\Middleware\RouteMiddleware
Zend\Expressive\Middleware\LazyLoadingMiddleware
Zend\Expressive\Router\Middleware\ImplicitHeadMiddleware
Zend\Expressive\Middleware\LazyLoadingMiddleware
Zend\Expressive\Router\Middleware\ImplicitOptionsMiddleware
Zend\Expressive\Middleware\LazyLoadingMiddleware
Zend\Expressive\Router\Middleware\MethodNotAllowedMiddleware
Zend\Expressive\Middleware\LazyLoadingMiddleware
Zend\Expressive\Helper\UrlHelperMiddleware
Zend\Expressive\Middleware\LazyLoadingMiddleware
Zend\Expressive\Router\Middleware\DispatchMiddleware
Zend\Expressive\Middleware\LazyLoadingMiddleware
Amazium\Frontend\UI\Web\Page\Home
Zend\Expressive\Middleware\LazyLoadingMiddleware
Zend\Stratigility\Middleware\ErrorHandler
Zend\Expressive\Middleware\LazyLoadingMiddleware
Zend\Expressive\Helper\ServerUrlMiddleware
Zend\Expressive\Middleware\LazyLoadingMiddleware
Zend\Expressive\Session\SessionMiddleware
Zend\Expressive\Middleware\LazyLoadingMiddleware
Zend\Expressive\Router\Middleware\RouteMiddleware
Zend\Expressive\Middleware\LazyLoadingMiddleware
Zend\Expressive\Router\Middleware\ImplicitHeadMiddleware
Zend\Expressive\Middleware\LazyLoadingMiddleware
Zend\Expressive\Router\Middleware\ImplicitOptionsMiddleware
Zend\Expressive\Middleware\LazyLoadingMiddleware
Zend\Expressive\Router\Middleware\MethodNotAllowedMiddleware
Zend\Expressive\Middleware\LazyLoadingMiddleware
Zend\Expressive\Helper\UrlHelperMiddleware
Zend\Expressive\Middleware\LazyLoadingMiddleware
Zend\Expressive\Router\Middleware\DispatchMiddleware
Zend\Expressive\Middleware\LazyLoadingMiddleware
Amazium\Frontend\UI\Web\Page\Home
Zend\Expressive\Middleware\LazyLoadingMiddleware
Zend\Stratigility\Middleware\ErrorHandler
Zend\Expressive\Middleware\LazyLoadingMiddleware
Zend\Expressive\Helper\ServerUrlMiddleware
Zend\Expressive\Middleware\LazyLoadingMiddleware
Zend\Expressive\Session\SessionMiddleware
Zend\Expressive\Middleware\LazyLoadingMiddleware
Zend\Expressive\Router\Middleware\RouteMiddleware
Zend\Expressive\Middleware\LazyLoadingMiddleware
Zend\Expressive\Router\Middleware\ImplicitHeadMiddleware
Zend\Expressive\Middleware\LazyLoadingMiddleware
Zend\Expressive\Router\Middleware\ImplicitOptionsMiddleware
Zend\Expressive\Middleware\LazyLoadingMiddleware
Zend\Expressive\Router\Middleware\MethodNotAllowedMiddleware
Zend\Expressive\Middleware\LazyLoadingMiddleware
Zend\Expressive\Helper\UrlHelperMiddleware
Zend\Expressive\Middleware\LazyLoadingMiddleware
Zend\Expressive\Router\Middleware\DispatchMiddleware
Zend\Expressive\Middleware\LazyLoadingMiddleware
Amazium\Frontend\UI\Web\Page\Home
Zend\Expressive\Middleware\LazyLoadingMiddleware
Zend\Stratigility\Middleware\ErrorHandler
Zend\Expressive\Middleware\LazyLoadingMiddleware
Zend\Expressive\Helper\ServerUrlMiddleware
Zend\Expressive\Middleware\LazyLoadingMiddleware
Zend\Expressive\Session\SessionMiddleware
Zend\Expressive\Middleware\LazyLoadingMiddleware
Zend\Expressive\Router\Middleware\RouteMiddleware
Zend\Expressive\Middleware\LazyLoadingMiddleware
Zend\Expressive\Router\Middleware\ImplicitHeadMiddleware
Zend\Expressive\Middleware\LazyLoadingMiddleware
Zend\Expressive\Router\Middleware\ImplicitOptionsMiddleware
Zend\Expressive\Middleware\LazyLoadingMiddleware
Zend\Expressive\Router\Middleware\MethodNotAllowedMiddleware
Zend\Expressive\Middleware\LazyLoadingMiddleware
Zend\Expressive\Helper\UrlHelperMiddleware
Zend\Expressive\Middleware\LazyLoadingMiddleware
Zend\Expressive\Router\Middleware\DispatchMiddleware
Zend\Expressive\Middleware\LazyLoadingMiddleware
Amazium\Frontend\UI\Web\Page\Home
Zend\Expressive\Middleware\LazyLoadingMiddleware
Zend\Stratigility\Middleware\ErrorHandler
Zend\Expressive\Middleware\LazyLoadingMiddleware
Zend\Expressive\Helper\ServerUrlMiddleware
Zend\Expressive\Middleware\LazyLoadingMiddleware
Zend\Expressive\Session\SessionMiddleware
Zend\Expressive\Middleware\LazyLoadingMiddleware
Zend\Expressive\Router\Middleware\RouteMiddleware
Zend\Expressive\Middleware\LazyLoadingMiddleware
Zend\Expressive\Router\Middleware\ImplicitHeadMiddleware
Zend\Expressive\Middleware\LazyLoadingMiddleware
Zend\Expressive\Router\Middleware\ImplicitOptionsMiddleware
Zend\Expressive\Middleware\LazyLoadingMiddleware
Zend\Expressive\Router\Middleware\MethodNotAllowedMiddleware
Zend\Expressive\Middleware\LazyLoadingMiddleware
Zend\Expressive\Helper\UrlHelperMiddleware
Zend\Expressive\Middleware\LazyLoadingMiddleware
Zend\Expressive\Router\Middleware\DispatchMiddleware
Zend\Expressive\Middleware\LazyLoadingMiddleware
Amazium\Frontend\UI\Web\Page\Home
Zend\Expressive\Middleware\LazyLoadingMiddleware
Zend\Stratigility\Middleware\ErrorHandler
Zend\Expressive\Middleware\LazyLoadingMiddleware
Zend\Expressive\Helper\ServerUrlMiddleware
Zend\Expressive\Middleware\LazyLoadingMiddleware
Zend\Expressive\Session\SessionMiddleware
Zend\Expressive\Middleware\LazyLoadingMiddleware
Zend\Expressive\Router\Middleware\RouteMiddleware
Zend\Expressive\Middleware\LazyLoadingMiddleware
Zend\Expressive\Router\Middleware\ImplicitHeadMiddleware
Zend\Expressive\Middleware\LazyLoadingMiddleware
Zend\Expressive\Router\Middleware\ImplicitOptionsMiddleware
Zend\Expressive\Middleware\LazyLoadingMiddleware
Zend\Expressive\Router\Middleware\MethodNotAllowedMiddleware
Zend\Expressive\Middleware\LazyLoadingMiddleware
Zend\Expressive\Helper\UrlHelperMiddleware
Zend\Expressive\Middleware\LazyLoadingMiddleware
Zend\Expressive\Router\Middleware\DispatchMiddleware
Zend\Expressive\Middleware\LazyLoadingMiddleware
Amazium\Frontend\UI\Web\Page\Home
Zend\Expressive\Middleware\LazyLoadingMiddleware
Zend\Stratigility\Middleware\ErrorHandler
Zend\Expressive\Middleware\LazyLoadingMiddleware
Zend\Expressive\Helper\ServerUrlMiddleware
Zend\Expressive\Middleware\LazyLoadingMiddleware
Zend\Expressive\Session\SessionMiddleware
Zend\Expressive\Middleware\LazyLoadingMiddleware
Zend\Expressive\Router\Middleware\RouteMiddleware
Zend\Expressive\Middleware\LazyLoadingMiddleware
Zend\Expressive\Router\Middleware\ImplicitHeadMiddleware
Zend\Expressive\Middleware\LazyLoadingMiddleware
Zend\Expressive\Router\Middleware\ImplicitOptionsMiddleware
Zend\Expressive\Middleware\LazyLoadingMiddleware
Zend\Expressive\Router\Middleware\MethodNotAllowedMiddleware
Zend\Expressive\Middleware\LazyLoadingMiddleware
Zend\Expressive\Helper\UrlHelperMiddleware
Zend\Expressive\Middleware\LazyLoadingMiddleware
Zend\Expressive\Router\Middleware\DispatchMiddleware
Zend\Expressive\Middleware\LazyLoadingMiddleware
Amazium\Frontend\UI\Web\Page\Home
Zend\Expressive\Middleware\LazyLoadingMiddleware
Zend\Stratigility\Middleware\ErrorHandler
Zend\Expressive\Middleware\LazyLoadingMiddleware
Zend\Expressive\Helper\ServerUrlMiddleware
Zend\Expressive\Middleware\LazyLoadingMiddleware
Zend\Expressive\Session\SessionMiddleware
Zend\Expressive\Middleware\LazyLoadingMiddleware
Zend\Expressive\Router\Middleware\RouteMiddleware
Zend\Expressive\Middleware\LazyLoadingMiddleware
Zend\Expressive\Router\Middleware\ImplicitHeadMiddleware
Zend\Expressive\Middleware\LazyLoadingMiddleware
Zend\Expressive\Router\Middleware\ImplicitOptionsMiddleware
Zend\Expressive\Middleware\LazyLoadingMiddleware
Zend\Expressive\Router\Middleware\MethodNotAllowedMiddleware
Zend\Expressive\Middleware\LazyLoadingMiddleware
Zend\Expressive\Helper\UrlHelperMiddleware
Zend\Expressive\Middleware\LazyLoadingMiddleware
Zend\Expressive\Router\Middleware\DispatchMiddleware
Zend\Expressive\Middleware\LazyLoadingMiddleware
Amazium\Frontend\UI\Web\Page\Home
Zend\Expressive\Middleware\LazyLoadingMiddleware
Zend\Stratigility\Middleware\ErrorHandler
Zend\Expressive\Middleware\LazyLoadingMiddleware
Zend\Expressive\Helper\ServerUrlMiddleware
Zend\Expressive\Middleware\LazyLoadingMiddleware
Zend\Expressive\Session\SessionMiddleware
Zend\Expressive\Middleware\LazyLoadingMiddleware
Zend\Expressive\Router\Middleware\RouteMiddleware
Zend\Expressive\Middleware\LazyLoadingMiddleware
Zend\Expressive\Router\Middleware\ImplicitHeadMiddleware
Zend\Expressive\Middleware\LazyLoadingMiddleware
Zend\Expressive\Router\Middleware\ImplicitOptionsMiddleware
Zend\Expressive\Middleware\LazyLoadingMiddleware
Zend\Expressive\Router\Middleware\MethodNotAllowedMiddleware
Zend\Expressive\Middleware\LazyLoadingMiddleware
Zend\Expressive\Helper\UrlHelperMiddleware
Zend\Expressive\Middleware\LazyLoadingMiddleware
Zend\Expressive\Router\Middleware\DispatchMiddleware
Zend\Expressive\Middleware\LazyLoadingMiddleware
Amazium\Frontend\UI\Web\Page\Home
Zend\Expressive\Middleware\LazyLoadingMiddleware
Zend\Stratigility\Middleware\ErrorHandler
Zend\Expressive\Middleware\LazyLoadingMiddleware
Zend\Expressive\Helper\ServerUrlMiddleware
Zend\Expressive\Middleware\LazyLoadingMiddleware
Zend\Expressive\Session\SessionMiddleware
Zend\Expressive\Middleware\LazyLoadingMiddleware
Zend\Expressive\Router\Middleware\RouteMiddleware
Zend\Expressive\Middleware\LazyLoadingMiddleware
Zend\Expressive\Router\Middleware\ImplicitHeadMiddleware
Zend\Expressive\Middleware\LazyLoadingMiddleware
Zend\Expressive\Router\Middleware\ImplicitOptionsMiddleware
Zend\Expressive\Middleware\LazyLoadingMiddleware
Zend\Expressive\Router\Middleware\MethodNotAllowedMiddleware
Zend\Expressive\Middleware\LazyLoadingMiddleware
Zend\Expressive\Helper\UrlHelperMiddleware
Zend\Expressive\Middleware\LazyLoadingMiddleware
Zend\Expressive\Router\Middleware\DispatchMiddleware
Zend\Expressive\Middleware\LazyLoadingMiddleware
Amazium\Frontend\UI\Web\Page\Home
Zend\Expressive\Middleware\LazyLoadingMiddleware
Zend\Stratigility\Middleware\ErrorHandler
Zend\Expressive\Middleware\LazyLoadingMiddleware
Zend\Expressive\Helper\ServerUrlMiddleware
Zend\Expressive\Middleware\LazyLoadingMiddleware
Amazium\Kernel\Core\Session\SessionMiddleware
Zend\Expressive\Middleware\LazyLoadingMiddleware
Zend\Stratigility\Middleware\ErrorHandler
Zend\Expressive\Middleware\LazyLoadingMiddleware
Zend\Expressive\Helper\ServerUrlMiddleware
Zend\Expressive\Middleware\LazyLoadingMiddleware
Amazium\Kernel\Core\Session\SessionMiddleware
Zend\Expressive\Middleware\LazyLoadingMiddleware
Zend\Stratigility\Middleware\ErrorHandler
Zend\Expressive\Middleware\LazyLoadingMiddleware
Zend\Expressive\Helper\ServerUrlMiddleware
Zend\Expressive\Middleware\LazyLoadingMiddleware
Amazium\Kernel\Core\Session\SessionMiddleware
Zend\Expressive\Middleware\LazyLoadingMiddleware
Zend\Stratigility\Middleware\ErrorHandler
Zend\Expressive\Middleware\LazyLoadingMiddleware
Zend\Expressive\Helper\ServerUrlMiddleware
Zend\Expressive\Middleware\LazyLoadingMiddleware
Amazium\Kernel\Core\Session\SessionMiddleware
Zend\Expressive\Middleware\LazyLoadingMiddleware
Zend\Stratigility\Middleware\ErrorHandler
Zend\Expressive\Middleware\LazyLoadingMiddleware
Zend\Expressive\Helper\ServerUrlMiddleware
Zend\Expressive\Middleware\LazyLoadingMiddleware
Amazium\Kernel\Core\Session\SessionMiddleware
Zend\Expressive\Middleware\LazyLoadingMiddleware
Zend\Stratigility\Middleware\ErrorHandler
Zend\Expressive\Middleware\LazyLoadingMiddleware
Zend\Expressive\Helper\ServerUrlMiddleware
Zend\Expressive\Middleware\LazyLoadingMiddleware
Amazium\Kernel\Core\Session\SessionMiddleware
Zend\Expressive\Middleware\LazyLoadingMiddleware
Zend\Expressive\Router\Middleware\RouteMiddleware
Zend\Expressive\Middleware\LazyLoadingMiddleware
Zend\Expressive\Router\Middleware\ImplicitHeadMiddleware
Zend\Expressive\Middleware\LazyLoadingMiddleware
Zend\Expressive\Router\Middleware\ImplicitOptionsMiddleware
Zend\Expressive\Middleware\LazyLoadingMiddleware
Zend\Expressive\Router\Middleware\MethodNotAllowedMiddleware
Zend\Expressive\Middleware\LazyLoadingMiddleware
Zend\Expressive\Helper\UrlHelperMiddleware
Zend\Expressive\Middleware\LazyLoadingMiddleware
Zend\Expressive\Router\Middleware\DispatchMiddleware
Zend\Expressive\Middleware\LazyLoadingMiddleware
Amazium\Identity\UI\Web\Page\Login
Zend\Expressive\Middleware\LazyLoadingMiddleware
Zend\Stratigility\Middleware\ErrorHandler
Zend\Expressive\Middleware\LazyLoadingMiddleware
Zend\Expressive\Helper\ServerUrlMiddleware
Zend\Expressive\Middleware\LazyLoadingMiddleware
Amazium\Kernel\Core\Session\SessionMiddleware
Zend\Expressive\Middleware\LazyLoadingMiddleware
Zend\Expressive\Router\Middleware\RouteMiddleware
Zend\Expressive\Middleware\LazyLoadingMiddleware
Zend\Expressive\Router\Middleware\ImplicitHeadMiddleware
Zend\Expressive\Middleware\LazyLoadingMiddleware
Zend\Expressive\Router\Middleware\ImplicitOptionsMiddleware
Zend\Expressive\Middleware\LazyLoadingMiddleware
Zend\Expressive\Router\Middleware\MethodNotAllowedMiddleware
Zend\Expressive\Middleware\LazyLoadingMiddleware
Zend\Expressive\Helper\UrlHelperMiddleware
Zend\Expressive\Middleware\LazyLoadingMiddleware
Zend\Expressive\Router\Middleware\DispatchMiddleware
Zend\Expressive\Middleware\LazyLoadingMiddleware
Amazium\Identity\UI\Web\Page\Login
Zend\Expressive\Middleware\LazyLoadingMiddleware
Zend\Stratigility\Middleware\ErrorHandler
Zend\Expressive\Middleware\LazyLoadingMiddleware
Zend\Expressive\Helper\ServerUrlMiddleware
Zend\Expressive\Middleware\LazyLoadingMiddleware
Amazium\Kernel\Core\Session\SessionMiddleware
Zend\Expressive\Middleware\LazyLoadingMiddleware
Zend\Expressive\Router\Middleware\RouteMiddleware
Zend\Expressive\Middleware\LazyLoadingMiddleware
Zend\Expressive\Router\Middleware\ImplicitHeadMiddleware
Zend\Expressive\Middleware\LazyLoadingMiddleware
Zend\Expressive\Router\Middleware\ImplicitOptionsMiddleware
Zend\Expressive\Middleware\LazyLoadingMiddleware
Zend\Expressive\Router\Middleware\MethodNotAllowedMiddleware
Zend\Expressive\Middleware\LazyLoadingMiddleware
Zend\Expressive\Helper\UrlHelperMiddleware
Zend\Expressive\Middleware\LazyLoadingMiddleware
Zend\Expressive\Router\Middleware\DispatchMiddleware
Zend\Expressive\Middleware\LazyLoadingMiddleware
Amazium\Identity\UI\Web\Page\Logout
Zend\Expressive\Middleware\LazyLoadingMiddleware
Zend\Stratigility\Middleware\ErrorHandler
Zend\Expressive\Middleware\LazyLoadingMiddleware
Zend\Expressive\Helper\ServerUrlMiddleware
Zend\Expressive\Middleware\LazyLoadingMiddleware
Amazium\Kernel\Core\Session\SessionMiddleware
Zend\Expressive\Middleware\LazyLoadingMiddleware
Zend\Expressive\Router\Middleware\RouteMiddleware
Zend\Expressive\Middleware\LazyLoadingMiddleware
Zend\Expressive\Router\Middleware\ImplicitHeadMiddleware
Zend\Expressive\Middleware\LazyLoadingMiddleware
Zend\Expressive\Router\Middleware\ImplicitOptionsMiddleware
Zend\Expressive\Middleware\LazyLoadingMiddleware
Zend\Expressive\Router\Middleware\MethodNotAllowedMiddleware
Zend\Expressive\Middleware\LazyLoadingMiddleware
Zend\Expressive\Helper\UrlHelperMiddleware
Zend\Expressive\Middleware\LazyLoadingMiddleware
Zend\Expressive\Router\Middleware\DispatchMiddleware
Zend\Expressive\Middleware\LazyLoadingMiddleware
Amazium\Identity\UI\Web\Page\Logout
Zend\Expressive\Middleware\LazyLoadingMiddleware
Zend\Stratigility\Middleware\ErrorHandler
Zend\Expressive\Middleware\LazyLoadingMiddleware
Zend\Expressive\Helper\ServerUrlMiddleware
Zend\Expressive\Middleware\LazyLoadingMiddleware
Amazium\Kernel\Core\Session\SessionMiddleware
Zend\Expressive\Middleware\LazyLoadingMiddleware
Zend\Expressive\Router\Middleware\RouteMiddleware
Zend\Expressive\Middleware\LazyLoadingMiddleware
Zend\Expressive\Router\Middleware\ImplicitHeadMiddleware
Zend\Expressive\Middleware\LazyLoadingMiddleware
Zend\Expressive\Router\Middleware\ImplicitOptionsMiddleware
Zend\Expressive\Middleware\LazyLoadingMiddleware
Zend\Expressive\Router\Middleware\MethodNotAllowedMiddleware
Zend\Expressive\Middleware\LazyLoadingMiddleware
Zend\Expressive\Helper\UrlHelperMiddleware
Zend\Expressive\Middleware\LazyLoadingMiddleware
Zend\Expressive\Router\Middleware\DispatchMiddleware
Zend\Expressive\Middleware\LazyLoadingMiddleware
Amazium\Identity\UI\Web\Page\Logout
Zend\Expressive\Middleware\LazyLoadingMiddleware
Zend\Stratigility\Middleware\ErrorHandler
Zend\Expressive\Middleware\LazyLoadingMiddleware
Zend\Expressive\Helper\ServerUrlMiddleware
Zend\Expressive\Middleware\LazyLoadingMiddleware
Amazium\Kernel\Core\Session\SessionMiddleware
Zend\Expressive\Middleware\LazyLoadingMiddleware
Zend\Expressive\Router\Middleware\RouteMiddleware
Zend\Expressive\Middleware\LazyLoadingMiddleware
Zend\Expressive\Router\Middleware\ImplicitHeadMiddleware
Zend\Expressive\Middleware\LazyLoadingMiddleware
Zend\Expressive\Router\Middleware\ImplicitOptionsMiddleware
Zend\Expressive\Middleware\LazyLoadingMiddleware
Zend\Expressive\Router\Middleware\MethodNotAllowedMiddleware
Zend\Expressive\Middleware\LazyLoadingMiddleware
Zend\Expressive\Helper\UrlHelperMiddleware
Zend\Expressive\Middleware\LazyLoadingMiddleware
Zend\Expressive\Router\Middleware\DispatchMiddleware
Zend\Expressive\Middleware\LazyLoadingMiddleware
Amazium\Identity\UI\Web\Page\Logout
Zend\Expressive\Middleware\LazyLoadingMiddleware
Zend\Stratigility\Middleware\ErrorHandler
Zend\Expressive\Middleware\LazyLoadingMiddleware
Zend\Expressive\Helper\ServerUrlMiddleware
Zend\Expressive\Middleware\LazyLoadingMiddleware
Amazium\Kernel\Core\Session\SessionMiddleware
Zend\Expressive\Middleware\LazyLoadingMiddleware
Zend\Expressive\Router\Middleware\RouteMiddleware
Zend\Expressive\Middleware\LazyLoadingMiddleware
Zend\Expressive\Router\Middleware\ImplicitHeadMiddleware
Zend\Expressive\Middleware\LazyLoadingMiddleware
Zend\Expressive\Router\Middleware\ImplicitOptionsMiddleware
Zend\Expressive\Middleware\LazyLoadingMiddleware
Zend\Expressive\Router\Middleware\MethodNotAllowedMiddleware
Zend\Expressive\Middleware\LazyLoadingMiddleware
Zend\Expressive\Helper\UrlHelperMiddleware
Zend\Expressive\Middleware\LazyLoadingMiddleware
Zend\Expressive\Router\Middleware\DispatchMiddleware
Zend\Expressive\Middleware\LazyLoadingMiddleware
Amazium\Identity\UI\Web\Page\Logout
Zend\Expressive\Middleware\LazyLoadingMiddleware
Zend\Stratigility\Middleware\ErrorHandler
Zend\Expressive\Middleware\LazyLoadingMiddleware
Zend\Expressive\Helper\ServerUrlMiddleware
Zend\Expressive\Middleware\LazyLoadingMiddleware
Amazium\Kernel\Core\Session\SessionMiddleware
Zend\Expressive\Middleware\LazyLoadingMiddleware
Zend\Expressive\Router\Middleware\RouteMiddleware
Zend\Expressive\Middleware\LazyLoadingMiddleware
Zend\Expressive\Router\Middleware\ImplicitHeadMiddleware
Zend\Expressive\Middleware\LazyLoadingMiddleware
Zend\Expressive\Router\Middleware\ImplicitOptionsMiddleware
Zend\Expressive\Middleware\LazyLoadingMiddleware
Zend\Expressive\Router\Middleware\MethodNotAllowedMiddleware
Zend\Expressive\Middleware\LazyLoadingMiddleware
Zend\Expressive\Helper\UrlHelperMiddleware
Zend\Expressive\Middleware\LazyLoadingMiddleware
Zend\Expressive\Router\Middleware\DispatchMiddleware
Zend\Expressive\Middleware\LazyLoadingMiddleware
Amazium\Identity\UI\Web\Page\Logout
Zend\Expressive\Middleware\LazyLoadingMiddleware
Zend\Stratigility\Middleware\ErrorHandler
Zend\Expressive\Middleware\LazyLoadingMiddleware
Zend\Expressive\Helper\ServerUrlMiddleware
Zend\Expressive\Middleware\LazyLoadingMiddleware
Amazium\Kernel\Core\Session\SessionMiddleware
Zend\Expressive\Middleware\LazyLoadingMiddleware
Zend\Expressive\Router\Middleware\RouteMiddleware
Zend\Expressive\Middleware\LazyLoadingMiddleware
Zend\Expressive\Router\Middleware\ImplicitHeadMiddleware
Zend\Expressive\Middleware\LazyLoadingMiddleware
Zend\Expressive\Router\Middleware\ImplicitOptionsMiddleware
Zend\Expressive\Middleware\LazyLoadingMiddleware
Zend\Expressive\Router\Middleware\MethodNotAllowedMiddleware
Zend\Expressive\Middleware\LazyLoadingMiddleware
Zend\Expressive\Helper\UrlHelperMiddleware
Zend\Expressive\Middleware\LazyLoadingMiddleware
Zend\Expressive\Router\Middleware\DispatchMiddleware
Zend\Expressive\Middleware\LazyLoadingMiddleware
Amazium\Identity\UI\Web\Page\Logout
Zend\Expressive\Middleware\LazyLoadingMiddleware
Zend\Stratigility\Middleware\ErrorHandler
Zend\Expressive\Middleware\LazyLoadingMiddleware
Zend\Expressive\Helper\ServerUrlMiddleware
Zend\Expressive\Middleware\LazyLoadingMiddleware
Amazium\Kernel\Core\Session\SessionMiddleware
Zend\Expressive\Middleware\LazyLoadingMiddleware
Zend\Expressive\Router\Middleware\RouteMiddleware
Zend\Expressive\Middleware\LazyLoadingMiddleware
Zend\Expressive\Router\Middleware\ImplicitHeadMiddleware
Zend\Expressive\Middleware\LazyLoadingMiddleware
Zend\Expressive\Router\Middleware\ImplicitOptionsMiddleware
Zend\Expressive\Middleware\LazyLoadingMiddleware
Zend\Expressive\Router\Middleware\MethodNotAllowedMiddleware
Zend\Expressive\Middleware\LazyLoadingMiddleware
Zend\Expressive\Helper\UrlHelperMiddleware
Zend\Expressive\Middleware\LazyLoadingMiddleware
Zend\Expressive\Router\Middleware\DispatchMiddleware
Zend\Expressive\Middleware\LazyLoadingMiddleware
Amazium\Identity\UI\Web\Page\Logout
Zend\Expressive\Middleware\LazyLoadingMiddleware
Zend\Stratigility\Middleware\ErrorHandler
Zend\Expressive\Middleware\LazyLoadingMiddleware
Zend\Expressive\Helper\ServerUrlMiddleware
Zend\Expressive\Middleware\LazyLoadingMiddleware
Amazium\Kernel\Core\Session\SessionMiddleware
Zend\Expressive\Middleware\LazyLoadingMiddleware
Zend\Expressive\Router\Middleware\RouteMiddleware
Zend\Expressive\Middleware\LazyLoadingMiddleware
Zend\Expressive\Router\Middleware\ImplicitHeadMiddleware
Zend\Expressive\Middleware\LazyLoadingMiddleware
Zend\Expressive\Router\Middleware\ImplicitOptionsMiddleware
Zend\Expressive\Middleware\LazyLoadingMiddleware
Zend\Expressive\Router\Middleware\MethodNotAllowedMiddleware
Zend\Expressive\Middleware\LazyLoadingMiddleware
Zend\Expressive\Helper\UrlHelperMiddleware
Zend\Expressive\Middleware\LazyLoadingMiddleware
Zend\Expressive\Router\Middleware\DispatchMiddleware
Zend\Expressive\Middleware\LazyLoadingMiddleware
Amazium\Identity\UI\Web\Page\Logout
Zend\Expressive\Middleware\LazyLoadingMiddleware
Zend\Stratigility\Middleware\ErrorHandler
Zend\Expressive\Middleware\LazyLoadingMiddleware
Zend\Expressive\Helper\ServerUrlMiddleware
Zend\Expressive\Middleware\LazyLoadingMiddleware
Amazium\Kernel\Core\Session\SessionMiddleware
Zend\Expressive\Middleware\LazyLoadingMiddleware
Zend\Expressive\Router\Middleware\RouteMiddleware
Zend\Expressive\Middleware\LazyLoadingMiddleware
Zend\Expressive\Router\Middleware\ImplicitHeadMiddleware
Zend\Expressive\Middleware\LazyLoadingMiddleware
Zend\Expressive\Router\Middleware\ImplicitOptionsMiddleware
Zend\Expressive\Middleware\LazyLoadingMiddleware
Zend\Expressive\Router\Middleware\MethodNotAllowedMiddleware
Zend\Expressive\Middleware\LazyLoadingMiddleware
Zend\Expressive\Helper\UrlHelperMiddleware
Zend\Expressive\Middleware\LazyLoadingMiddleware
Zend\Expressive\Router\Middleware\DispatchMiddleware
Zend\Expressive\Middleware\LazyLoadingMiddleware
Amazium\Identity\UI\Web\Page\Logout
Zend\Expressive\Middleware\LazyLoadingMiddleware
Zend\Stratigility\Middleware\ErrorHandler
Zend\Expressive\Middleware\LazyLoadingMiddleware
Zend\Expressive\Helper\ServerUrlMiddleware
Zend\Expressive\Middleware\LazyLoadingMiddleware
Amazium\Kernel\Core\Session\SessionMiddleware
Zend\Expressive\Middleware\LazyLoadingMiddleware
Zend\Expressive\Router\Middleware\RouteMiddleware
Zend\Expressive\Middleware\LazyLoadingMiddleware
Zend\Expressive\Router\Middleware\ImplicitHeadMiddleware
Zend\Expressive\Middleware\LazyLoadingMiddleware
Zend\Expressive\Router\Middleware\ImplicitOptionsMiddleware
Zend\Expressive\Middleware\LazyLoadingMiddleware
Zend\Expressive\Router\Middleware\MethodNotAllowedMiddleware
Zend\Expressive\Middleware\LazyLoadingMiddleware
Zend\Expressive\Helper\UrlHelperMiddleware
Zend\Expressive\Middleware\LazyLoadingMiddleware
Zend\Expressive\Router\Middleware\DispatchMiddleware
Zend\Expressive\Middleware\LazyLoadingMiddleware
Amazium\Frontend\UI\Web\Page\Home
Zend\Expressive\Middleware\LazyLoadingMiddleware
Zend\Stratigility\Middleware\ErrorHandler
Zend\Expressive\Middleware\LazyLoadingMiddleware
Zend\Expressive\Helper\ServerUrlMiddleware
Zend\Expressive\Middleware\LazyLoadingMiddleware
Amazium\Kernel\Core\Session\SessionMiddleware
Zend\Expressive\Middleware\LazyLoadingMiddleware
Zend\Expressive\Router\Middleware\RouteMiddleware
Zend\Expressive\Middleware\LazyLoadingMiddleware
Zend\Expressive\Router\Middleware\ImplicitHeadMiddleware
Zend\Expressive\Middleware\LazyLoadingMiddleware
Zend\Expressive\Router\Middleware\ImplicitOptionsMiddleware
Zend\Expressive\Middleware\LazyLoadingMiddleware
Zend\Expressive\Router\Middleware\MethodNotAllowedMiddleware
Zend\Expressive\Middleware\LazyLoadingMiddleware
Zend\Expressive\Helper\UrlHelperMiddleware
Zend\Expressive\Middleware\LazyLoadingMiddleware
Zend\Expressive\Router\Middleware\DispatchMiddleware
Zend\Expressive\Middleware\LazyLoadingMiddleware
Zend\Expressive\Handler\NotFoundHandler
Zend\Expressive\Middleware\LazyLoadingMiddleware
Zend\Stratigility\Middleware\ErrorHandler
Zend\Expressive\Middleware\LazyLoadingMiddleware
Zend\Expressive\Helper\ServerUrlMiddleware
Zend\Expressive\Middleware\LazyLoadingMiddleware
Amazium\Kernel\Core\Session\SessionMiddleware
Zend\Expressive\Middleware\LazyLoadingMiddleware
Zend\Expressive\Router\Middleware\RouteMiddleware
Zend\Expressive\Middleware\LazyLoadingMiddleware
Zend\Expressive\Router\Middleware\ImplicitHeadMiddleware
Zend\Expressive\Middleware\LazyLoadingMiddleware
Zend\Expressive\Router\Middleware\ImplicitOptionsMiddleware
Zend\Expressive\Middleware\LazyLoadingMiddleware
Zend\Expressive\Router\Middleware\MethodNotAllowedMiddleware
Zend\Expressive\Middleware\LazyLoadingMiddleware
Zend\Expressive\Helper\UrlHelperMiddleware
Zend\Expressive\Middleware\LazyLoadingMiddleware
Zend\Expressive\Router\Middleware\DispatchMiddleware
Zend\Expressive\Middleware\LazyLoadingMiddleware
Amazium\Identity\UI\Web\Page\Login
Zend\Expressive\Middleware\LazyLoadingMiddleware
Zend\Stratigility\Middleware\ErrorHandler
Zend\Expressive\Middleware\LazyLoadingMiddleware
Zend\Expressive\Helper\ServerUrlMiddleware
Zend\Expressive\Middleware\LazyLoadingMiddleware
Amazium\Kernel\Core\Session\SessionMiddleware
Zend\Expressive\Middleware\LazyLoadingMiddleware
Zend\Expressive\Router\Middleware\RouteMiddleware
Zend\Expressive\Middleware\LazyLoadingMiddleware
Zend\Expressive\Router\Middleware\ImplicitHeadMiddleware
Zend\Expressive\Middleware\LazyLoadingMiddleware
Zend\Expressive\Router\Middleware\ImplicitOptionsMiddleware
Zend\Expressive\Middleware\LazyLoadingMiddleware
Zend\Expressive\Router\Middleware\MethodNotAllowedMiddleware
Zend\Expressive\Middleware\LazyLoadingMiddleware
Zend\Expressive\Helper\UrlHelperMiddleware
Zend\Expressive\Middleware\LazyLoadingMiddleware
Zend\Expressive\Router\Middleware\DispatchMiddleware
Zend\Expressive\Middleware\LazyLoadingMiddleware
Amazium\Identity\UI\Web\Page\LoginUsingGitlab
Zend\Expressive\Middleware\LazyLoadingMiddleware
Zend\Stratigility\Middleware\ErrorHandler
Zend\Expressive\Middleware\LazyLoadingMiddleware
Zend\Expressive\Helper\ServerUrlMiddleware
Zend\Expressive\Middleware\LazyLoadingMiddleware
Amazium\Kernel\Core\Session\SessionMiddleware
Zend\Expressive\Middleware\LazyLoadingMiddleware
Zend\Expressive\Router\Middleware\RouteMiddleware
Zend\Expressive\Middleware\LazyLoadingMiddleware
Zend\Expressive\Router\Middleware\ImplicitHeadMiddleware
Zend\Expressive\Middleware\LazyLoadingMiddleware
Zend\Expressive\Router\Middleware\ImplicitOptionsMiddleware
Zend\Expressive\Middleware\LazyLoadingMiddleware
Zend\Expressive\Router\Middleware\MethodNotAllowedMiddleware
Zend\Expressive\Middleware\LazyLoadingMiddleware
Zend\Expressive\Helper\UrlHelperMiddleware
Zend\Expressive\Middleware\LazyLoadingMiddleware
Zend\Expressive\Router\Middleware\DispatchMiddleware
Zend\Expressive\Middleware\LazyLoadingMiddleware
Amazium\Identity\UI\Web\Page\LoginUsingGitlab
Zend\Expressive\Middleware\LazyLoadingMiddleware
Zend\Expressive\Authentication\AuthenticationMiddleware
Zend\Expressive\Middleware\LazyLoadingMiddleware
Zend\Expressive\Handler\NotFoundHandler
Zend\Expressive\Middleware\LazyLoadingMiddleware
Zend\Stratigility\Middleware\ErrorHandler
Zend\Expressive\Middleware\LazyLoadingMiddleware
Zend\Expressive\Helper\ServerUrlMiddleware
Zend\Expressive\Middleware\LazyLoadingMiddleware
Amazium\Kernel\Core\Session\SessionMiddleware
Zend\Expressive\Middleware\LazyLoadingMiddleware
Zend\Expressive\Router\Middleware\RouteMiddleware
Zend\Expressive\Middleware\LazyLoadingMiddleware
Zend\Expressive\Router\Middleware\ImplicitHeadMiddleware
Zend\Expressive\Middleware\LazyLoadingMiddleware
Zend\Expressive\Router\Middleware\ImplicitOptionsMiddleware
Zend\Expressive\Middleware\LazyLoadingMiddleware
Zend\Expressive\Router\Middleware\MethodNotAllowedMiddleware
Zend\Expressive\Middleware\LazyLoadingMiddleware
Zend\Expressive\Helper\UrlHelperMiddleware
Zend\Expressive\Middleware\LazyLoadingMiddleware
Zend\Expressive\Router\Middleware\DispatchMiddleware
Zend\Expressive\Middleware\LazyLoadingMiddleware
Amazium\Identity\UI\Web\Page\LoginUsingGitlab
Zend\Expressive\Middleware\LazyLoadingMiddleware
Zend\Stratigility\Middleware\ErrorHandler
Zend\Expressive\Middleware\LazyLoadingMiddleware
Zend\Expressive\Helper\ServerUrlMiddleware
Zend\Expressive\Middleware\LazyLoadingMiddleware
Amazium\Kernel\Core\Session\SessionMiddleware
Zend\Expressive\Middleware\LazyLoadingMiddleware
Zend\Expressive\Router\Middleware\RouteMiddleware
Zend\Expressive\Middleware\LazyLoadingMiddleware
Zend\Expressive\Router\Middleware\ImplicitHeadMiddleware
Zend\Expressive\Middleware\LazyLoadingMiddleware
Zend\Expressive\Router\Middleware\ImplicitOptionsMiddleware
Zend\Expressive\Middleware\LazyLoadingMiddleware
Zend\Expressive\Router\Middleware\MethodNotAllowedMiddleware
Zend\Expressive\Middleware\LazyLoadingMiddleware
Zend\Expressive\Helper\UrlHelperMiddleware
Zend\Expressive\Middleware\LazyLoadingMiddleware
Zend\Expressive\Router\Middleware\DispatchMiddleware
Zend\Expressive\Middleware\LazyLoadingMiddleware
Amazium\Identity\UI\Web\Page\LoginUsingGitlab
Zend\Expressive\Middleware\LazyLoadingMiddleware
Zend\Expressive\Authentication\AuthenticationMiddleware
Zend\Expressive\Middleware\LazyLoadingMiddleware
Zend\Expressive\Handler\NotFoundHandler
Zend\Expressive\Middleware\LazyLoadingMiddleware
Zend\Stratigility\Middleware\ErrorHandler
Zend\Expressive\Middleware\LazyLoadingMiddleware
Zend\Expressive\Helper\ServerUrlMiddleware
Zend\Expressive\Middleware\LazyLoadingMiddleware
Amazium\Kernel\Core\Session\SessionMiddleware
Zend\Expressive\Middleware\LazyLoadingMiddleware
Zend\Expressive\Router\Middleware\RouteMiddleware
Zend\Expressive\Middleware\LazyLoadingMiddleware
Zend\Expressive\Router\Middleware\ImplicitHeadMiddleware
Zend\Expressive\Middleware\LazyLoadingMiddleware
Zend\Expressive\Router\Middleware\ImplicitOptionsMiddleware
Zend\Expressive\Middleware\LazyLoadingMiddleware
Zend\Expressive\Router\Middleware\MethodNotAllowedMiddleware
Zend\Expressive\Middleware\LazyLoadingMiddleware
Zend\Expressive\Helper\UrlHelperMiddleware
Zend\Expressive\Middleware\LazyLoadingMiddleware
Zend\Expressive\Router\Middleware\DispatchMiddleware
Zend\Expressive\Middleware\LazyLoadingMiddleware
Amazium\Frontend\UI\Web\Page\Home
Zend\Expressive\Middleware\LazyLoadingMiddleware
Zend\Stratigility\Middleware\ErrorHandler
Zend\Expressive\Middleware\LazyLoadingMiddleware
Zend\Expressive\Helper\ServerUrlMiddleware
Zend\Expressive\Middleware\LazyLoadingMiddleware
Amazium\Kernel\Core\Session\SessionMiddleware
Zend\Expressive\Middleware\LazyLoadingMiddleware
Zend\Expressive\Router\Middleware\RouteMiddleware
Zend\Expressive\Middleware\LazyLoadingMiddleware
Zend\Expressive\Router\Middleware\ImplicitHeadMiddleware
Zend\Expressive\Middleware\LazyLoadingMiddleware
Zend\Expressive\Router\Middleware\ImplicitOptionsMiddleware
Zend\Expressive\Middleware\LazyLoadingMiddleware
Zend\Expressive\Router\Middleware\MethodNotAllowedMiddleware
Zend\Expressive\Middleware\LazyLoadingMiddleware
Zend\Expressive\Helper\UrlHelperMiddleware
Zend\Expressive\Middleware\LazyLoadingMiddleware
Zend\Expressive\Router\Middleware\DispatchMiddleware
Zend\Expressive\Middleware\LazyLoadingMiddleware
Amazium\Frontend\UI\Web\Page\Home
Zend\Expressive\Middleware\LazyLoadingMiddleware
Zend\Stratigility\Middleware\ErrorHandler
Zend\Expressive\Middleware\LazyLoadingMiddleware
Zend\Expressive\Helper\ServerUrlMiddleware
Zend\Expressive\Middleware\LazyLoadingMiddleware
Amazium\Kernel\Core\Session\SessionMiddleware
Zend\Expressive\Middleware\LazyLoadingMiddleware
Zend\Expressive\Router\Middleware\RouteMiddleware
Zend\Expressive\Middleware\LazyLoadingMiddleware
Zend\Expressive\Router\Middleware\ImplicitHeadMiddleware
Zend\Expressive\Middleware\LazyLoadingMiddleware
Zend\Expressive\Router\Middleware\ImplicitOptionsMiddleware
Zend\Expressive\Middleware\LazyLoadingMiddleware
Zend\Expressive\Router\Middleware\MethodNotAllowedMiddleware
Zend\Expressive\Middleware\LazyLoadingMiddleware
Zend\Expressive\Helper\UrlHelperMiddleware
Zend\Expressive\Middleware\LazyLoadingMiddleware
Zend\Expressive\Router\Middleware\DispatchMiddleware
Zend\Expressive\Middleware\LazyLoadingMiddleware
Amazium\Frontend\UI\Web\Page\Home
Zend\Expressive\Middleware\LazyLoadingMiddleware
Zend\Stratigility\Middleware\ErrorHandler
Zend\Expressive\Middleware\LazyLoadingMiddleware
Zend\Expressive\Helper\ServerUrlMiddleware
Zend\Expressive\Middleware\LazyLoadingMiddleware
Amazium\Kernel\Core\Session\SessionMiddleware
Zend\Expressive\Middleware\LazyLoadingMiddleware
Zend\Expressive\Router\Middleware\RouteMiddleware
Zend\Expressive\Middleware\LazyLoadingMiddleware
Zend\Expressive\Router\Middleware\ImplicitHeadMiddleware
Zend\Expressive\Middleware\LazyLoadingMiddleware
Zend\Expressive\Router\Middleware\ImplicitOptionsMiddleware
Zend\Expressive\Middleware\LazyLoadingMiddleware
Zend\Expressive\Router\Middleware\MethodNotAllowedMiddleware
Zend\Expressive\Middleware\LazyLoadingMiddleware
Zend\Expressive\Helper\UrlHelperMiddleware
Zend\Expressive\Middleware\LazyLoadingMiddleware
Zend\Expressive\Router\Middleware\DispatchMiddleware
Zend\Expressive\Middleware\LazyLoadingMiddleware
Amazium\Identity\UI\Web\Page\LoginUsingGitlab
Zend\Expressive\Middleware\LazyLoadingMiddleware
Zend\Stratigility\Middleware\ErrorHandler
Zend\Expressive\Middleware\LazyLoadingMiddleware
Zend\Expressive\Helper\ServerUrlMiddleware
Zend\Expressive\Middleware\LazyLoadingMiddleware
Amazium\Kernel\Core\Session\SessionMiddleware
Zend\Expressive\Middleware\LazyLoadingMiddleware
Zend\Expressive\Router\Middleware\RouteMiddleware
Zend\Expressive\Middleware\LazyLoadingMiddleware
Zend\Expressive\Router\Middleware\ImplicitHeadMiddleware
Zend\Expressive\Middleware\LazyLoadingMiddleware
Zend\Expressive\Router\Middleware\ImplicitOptionsMiddleware
Zend\Expressive\Middleware\LazyLoadingMiddleware
Zend\Expressive\Router\Middleware\MethodNotAllowedMiddleware
Zend\Expressive\Middleware\LazyLoadingMiddleware
Zend\Expressive\Helper\UrlHelperMiddleware
Zend\Expressive\Middleware\LazyLoadingMiddleware
Zend\Expressive\Router\Middleware\DispatchMiddleware
Zend\Expressive\Middleware\LazyLoadingMiddleware
Amazium\Identity\UI\Web\Page\Login
Zend\Expressive\Middleware\LazyLoadingMiddleware
Zend\Stratigility\Middleware\ErrorHandler
Zend\Expressive\Middleware\LazyLoadingMiddleware
Zend\Expressive\Helper\ServerUrlMiddleware
Zend\Expressive\Middleware\LazyLoadingMiddleware
Amazium\Kernel\Core\Session\SessionMiddleware
Zend\Expressive\Middleware\LazyLoadingMiddleware
Zend\Expressive\Router\Middleware\RouteMiddleware
Zend\Expressive\Middleware\LazyLoadingMiddleware
Zend\Expressive\Router\Middleware\ImplicitHeadMiddleware
Zend\Expressive\Middleware\LazyLoadingMiddleware
Zend\Expressive\Router\Middleware\ImplicitOptionsMiddleware
Zend\Expressive\Middleware\LazyLoadingMiddleware
Zend\Expressive\Router\Middleware\MethodNotAllowedMiddleware
Zend\Expressive\Middleware\LazyLoadingMiddleware
Zend\Expressive\Helper\UrlHelperMiddleware
Zend\Expressive\Middleware\LazyLoadingMiddleware
Zend\Expressive\Router\Middleware\DispatchMiddleware
Zend\Expressive\Middleware\LazyLoadingMiddleware
Amazium\Identity\UI\Web\Page\Login
Zend\Expressive\Middleware\LazyLoadingMiddleware
Zend\Stratigility\Middleware\ErrorHandler
Zend\Expressive\Middleware\LazyLoadingMiddleware
Zend\Expressive\Helper\ServerUrlMiddleware
Zend\Expressive\Middleware\LazyLoadingMiddleware
Amazium\Kernel\Core\Session\SessionMiddleware
Zend\Expressive\Middleware\LazyLoadingMiddleware
Zend\Expressive\Router\Middleware\RouteMiddleware
Zend\Expressive\Middleware\LazyLoadingMiddleware
Zend\Expressive\Router\Middleware\ImplicitHeadMiddleware
Zend\Expressive\Middleware\LazyLoadingMiddleware
Zend\Expressive\Router\Middleware\ImplicitOptionsMiddleware
Zend\Expressive\Middleware\LazyLoadingMiddleware
Zend\Expressive\Router\Middleware\MethodNotAllowedMiddleware
Zend\Expressive\Middleware\LazyLoadingMiddleware
Zend\Expressive\Helper\UrlHelperMiddleware
Zend\Expressive\Middleware\LazyLoadingMiddleware
Zend\Expressive\Router\Middleware\DispatchMiddleware
Zend\Expressive\Middleware\LazyLoadingMiddleware
Amazium\Identity\UI\Web\Page\Login
Zend\Expressive\Middleware\LazyLoadingMiddleware
Zend\Expressive\Authentication\AuthenticationMiddleware
Zend\Expressive\Middleware\LazyLoadingMiddleware
Zend\Expressive\Handler\NotFoundHandler
Zend\Expressive\Middleware\LazyLoadingMiddleware
Zend\Stratigility\Middleware\ErrorHandler
Zend\Expressive\Middleware\LazyLoadingMiddleware
Zend\Expressive\Helper\ServerUrlMiddleware
Zend\Expressive\Middleware\LazyLoadingMiddleware
Amazium\Kernel\Core\Session\SessionMiddleware
Zend\Expressive\Middleware\LazyLoadingMiddleware
Zend\Expressive\Router\Middleware\RouteMiddleware
Zend\Expressive\Middleware\LazyLoadingMiddleware
Zend\Expressive\Router\Middleware\ImplicitHeadMiddleware
Zend\Expressive\Middleware\LazyLoadingMiddleware
Zend\Expressive\Router\Middleware\ImplicitOptionsMiddleware
Zend\Expressive\Middleware\LazyLoadingMiddleware
Zend\Expressive\Router\Middleware\MethodNotAllowedMiddleware
Zend\Expressive\Middleware\LazyLoadingMiddleware
Zend\Expressive\Helper\UrlHelperMiddleware
Zend\Expressive\Middleware\LazyLoadingMiddleware
Zend\Expressive\Router\Middleware\DispatchMiddleware
Zend\Expressive\Middleware\LazyLoadingMiddleware
Amazium\Frontend\UI\Web\Page\Home
Zend\Expressive\Middleware\LazyLoadingMiddleware
Zend\Stratigility\Middleware\ErrorHandler
Zend\Expressive\Middleware\LazyLoadingMiddleware
Zend\Expressive\Helper\ServerUrlMiddleware
Zend\Expressive\Middleware\LazyLoadingMiddleware
Amazium\Kernel\Core\Session\SessionMiddleware
Zend\Expressive\Middleware\LazyLoadingMiddleware
Zend\Expressive\Router\Middleware\RouteMiddleware
Zend\Expressive\Middleware\LazyLoadingMiddleware
Zend\Expressive\Router\Middleware\ImplicitHeadMiddleware
Zend\Expressive\Middleware\LazyLoadingMiddleware
Zend\Expressive\Router\Middleware\ImplicitOptionsMiddleware
Zend\Expressive\Middleware\LazyLoadingMiddleware
Zend\Expressive\Router\Middleware\MethodNotAllowedMiddleware
Zend\Expressive\Middleware\LazyLoadingMiddleware
Zend\Expressive\Helper\UrlHelperMiddleware
Zend\Expressive\Middleware\LazyLoadingMiddleware
Zend\Expressive\Router\Middleware\DispatchMiddleware
Zend\Expressive\Middleware\LazyLoadingMiddleware
Amazium\Frontend\UI\Web\Page\Home
Zend\Expressive\Middleware\LazyLoadingMiddleware
Zend\Stratigility\Middleware\ErrorHandler
Zend\Expressive\Middleware\LazyLoadingMiddleware
Zend\Expressive\Helper\ServerUrlMiddleware
Zend\Expressive\Middleware\LazyLoadingMiddleware
Amazium\Kernel\Core\Session\SessionMiddleware
Zend\Expressive\Middleware\LazyLoadingMiddleware
Zend\Expressive\Router\Middleware\RouteMiddleware
Zend\Expressive\Middleware\LazyLoadingMiddleware
Zend\Expressive\Router\Middleware\ImplicitHeadMiddleware
Zend\Expressive\Middleware\LazyLoadingMiddleware
Zend\Expressive\Router\Middleware\ImplicitOptionsMiddleware
Zend\Expressive\Middleware\LazyLoadingMiddleware
Zend\Expressive\Router\Middleware\MethodNotAllowedMiddleware
Zend\Expressive\Middleware\LazyLoadingMiddleware
Zend\Expressive\Helper\UrlHelperMiddleware
Zend\Expressive\Middleware\LazyLoadingMiddleware
Zend\Expressive\Router\Middleware\DispatchMiddleware
Zend\Expressive\Middleware\LazyLoadingMiddleware
Amazium\Identity\UI\Web\Page\LoginUsingGitlab
Zend\Expressive\Middleware\LazyLoadingMiddleware
Zend\Stratigility\Middleware\ErrorHandler
Zend\Expressive\Middleware\LazyLoadingMiddleware
Zend\Expressive\Helper\ServerUrlMiddleware
Zend\Expressive\Middleware\LazyLoadingMiddleware
Amazium\Kernel\Core\Session\SessionMiddleware
Zend\Expressive\Middleware\LazyLoadingMiddleware
Zend\Stratigility\Middleware\ErrorHandler
Zend\Expressive\Middleware\LazyLoadingMiddleware
Zend\Expressive\Helper\ServerUrlMiddleware
Zend\Expressive\Middleware\LazyLoadingMiddleware
Amazium\Kernel\Core\Session\SessionMiddleware
Zend\Expressive\Middleware\LazyLoadingMiddleware
Zend\Stratigility\Middleware\ErrorHandler
Zend\Expressive\Middleware\LazyLoadingMiddleware
Zend\Expressive\Helper\ServerUrlMiddleware
Zend\Expressive\Middleware\LazyLoadingMiddleware
Zend\Expressive\Session\SessionMiddleware
Zend\Expressive\Middleware\LazyLoadingMiddleware
Zend\Expressive\Router\Middleware\RouteMiddleware
Zend\Expressive\Middleware\LazyLoadingMiddleware
Zend\Expressive\Router\Middleware\ImplicitHeadMiddleware
Zend\Expressive\Middleware\LazyLoadingMiddleware
Zend\Expressive\Router\Middleware\ImplicitOptionsMiddleware
Zend\Expressive\Middleware\LazyLoadingMiddleware
Zend\Expressive\Router\Middleware\MethodNotAllowedMiddleware
Zend\Expressive\Middleware\LazyLoadingMiddleware
Zend\Expressive\Helper\UrlHelperMiddleware
Zend\Expressive\Middleware\LazyLoadingMiddleware
Zend\Expressive\Router\Middleware\DispatchMiddleware
Zend\Expressive\Middleware\LazyLoadingMiddleware
Amazium\Identity\UI\Web\Page\LoginUsingGitlab
Zend\Expressive\Middleware\LazyLoadingMiddleware
Zend\Stratigility\Middleware\ErrorHandler
Zend\Expressive\Middleware\LazyLoadingMiddleware
Zend\Expressive\Helper\ServerUrlMiddleware
Zend\Expressive\Middleware\LazyLoadingMiddleware
Zend\Expressive\Session\SessionMiddleware
Zend\Expressive\Middleware\LazyLoadingMiddleware
Zend\Expressive\Router\Middleware\RouteMiddleware
Zend\Expressive\Middleware\LazyLoadingMiddleware
Zend\Expressive\Router\Middleware\ImplicitHeadMiddleware
Zend\Expressive\Middleware\LazyLoadingMiddleware
Zend\Expressive\Router\Middleware\ImplicitOptionsMiddleware
Zend\Expressive\Middleware\LazyLoadingMiddleware
Zend\Expressive\Router\Middleware\MethodNotAllowedMiddleware
Zend\Expressive\Middleware\LazyLoadingMiddleware
Zend\Expressive\Helper\UrlHelperMiddleware
Zend\Expressive\Middleware\LazyLoadingMiddleware
Zend\Expressive\Router\Middleware\DispatchMiddleware
Zend\Expressive\Middleware\LazyLoadingMiddleware
Amazium\Identity\UI\Web\Page\LoginUsingGitlab
Zend\Expressive\Middleware\LazyLoadingMiddleware
Zend\Stratigility\Middleware\ErrorHandler
Zend\Expressive\Middleware\LazyLoadingMiddleware
Zend\Expressive\Helper\ServerUrlMiddleware
Zend\Expressive\Middleware\LazyLoadingMiddleware
Zend\Expressive\Session\SessionMiddleware
Zend\Expressive\Middleware\LazyLoadingMiddleware
Zend\Expressive\Router\Middleware\RouteMiddleware
Zend\Expressive\Middleware\LazyLoadingMiddleware
Zend\Expressive\Router\Middleware\ImplicitHeadMiddleware
Zend\Expressive\Middleware\LazyLoadingMiddleware
Zend\Expressive\Router\Middleware\ImplicitOptionsMiddleware
Zend\Expressive\Middleware\LazyLoadingMiddleware
Zend\Expressive\Router\Middleware\MethodNotAllowedMiddleware
Zend\Expressive\Middleware\LazyLoadingMiddleware
Zend\Expressive\Helper\UrlHelperMiddleware
Zend\Expressive\Middleware\LazyLoadingMiddleware
Zend\Expressive\Router\Middleware\DispatchMiddleware
Zend\Expressive\Middleware\LazyLoadingMiddleware
Amazium\Identity\UI\Web\Page\LoginUsingGitlab
Zend\Expressive\Middleware\LazyLoadingMiddleware
Zend\Stratigility\Middleware\ErrorHandler
Zend\Expressive\Middleware\LazyLoadingMiddleware
Zend\Expressive\Helper\ServerUrlMiddleware
Zend\Expressive\Middleware\LazyLoadingMiddleware
Zend\Expressive\Session\SessionMiddleware
Zend\Expressive\Middleware\LazyLoadingMiddleware
Zend\Expressive\Router\Middleware\RouteMiddleware
Zend\Expressive\Middleware\LazyLoadingMiddleware
Zend\Expressive\Router\Middleware\ImplicitHeadMiddleware
Zend\Expressive\Middleware\LazyLoadingMiddleware
Zend\Expressive\Router\Middleware\ImplicitOptionsMiddleware
Zend\Expressive\Middleware\LazyLoadingMiddleware
Zend\Expressive\Router\Middleware\MethodNotAllowedMiddleware
Zend\Expressive\Middleware\LazyLoadingMiddleware
Zend\Expressive\Helper\UrlHelperMiddleware
Zend\Expressive\Middleware\LazyLoadingMiddleware
Zend\Expressive\Router\Middleware\DispatchMiddleware
Zend\Expressive\Middleware\LazyLoadingMiddleware
Amazium\Identity\UI\Web\Page\LoginUsingGitlab
Zend\Expressive\Middleware\LazyLoadingMiddleware
Zend\Stratigility\Middleware\ErrorHandler
Zend\Expressive\Middleware\LazyLoadingMiddleware
Zend\Expressive\Helper\ServerUrlMiddleware
Zend\Expressive\Middleware\LazyLoadingMiddleware
Zend\Expressive\Session\SessionMiddleware
Zend\Expressive\Middleware\LazyLoadingMiddleware
Zend\Expressive\Router\Middleware\RouteMiddleware
Zend\Expressive\Middleware\LazyLoadingMiddleware
Zend\Expressive\Router\Middleware\ImplicitHeadMiddleware
Zend\Expressive\Middleware\LazyLoadingMiddleware
Zend\Expressive\Router\Middleware\ImplicitOptionsMiddleware
Zend\Expressive\Middleware\LazyLoadingMiddleware
Zend\Expressive\Router\Middleware\MethodNotAllowedMiddleware
Zend\Expressive\Middleware\LazyLoadingMiddleware
Zend\Expressive\Helper\UrlHelperMiddleware
Zend\Expressive\Middleware\LazyLoadingMiddleware
Zend\Expressive\Router\Middleware\DispatchMiddleware
Zend\Expressive\Middleware\LazyLoadingMiddleware
Amazium\Identity\UI\Web\Page\LoginUsingGitlab
Zend\Expressive\Middleware\LazyLoadingMiddleware
Zend\Stratigility\Middleware\ErrorHandler
Zend\Expressive\Middleware\LazyLoadingMiddleware
Zend\Expressive\Helper\ServerUrlMiddleware
Zend\Expressive\Middleware\LazyLoadingMiddleware
Zend\Expressive\Session\SessionMiddleware
Zend\Expressive\Middleware\LazyLoadingMiddleware
Zend\Expressive\Router\Middleware\RouteMiddleware
Zend\Expressive\Middleware\LazyLoadingMiddleware
Zend\Expressive\Router\Middleware\ImplicitHeadMiddleware
Zend\Expressive\Middleware\LazyLoadingMiddleware
Zend\Expressive\Router\Middleware\ImplicitOptionsMiddleware
Zend\Expressive\Middleware\LazyLoadingMiddleware
Zend\Expressive\Router\Middleware\MethodNotAllowedMiddleware
Zend\Expressive\Middleware\LazyLoadingMiddleware
Zend\Expressive\Helper\UrlHelperMiddleware
Zend\Expressive\Middleware\LazyLoadingMiddleware
Zend\Expressive\Router\Middleware\DispatchMiddleware
Zend\Expressive\Middleware\LazyLoadingMiddleware
Amazium\Identity\UI\Web\Page\LoginUsingGitlab
Zend\Expressive\Middleware\LazyLoadingMiddleware
Zend\Stratigility\Middleware\ErrorHandler
Zend\Expressive\Middleware\LazyLoadingMiddleware
Zend\Expressive\Helper\ServerUrlMiddleware
Zend\Expressive\Middleware\LazyLoadingMiddleware
Zend\Expressive\Session\SessionMiddleware
Zend\Expressive\Middleware\LazyLoadingMiddleware
Zend\Expressive\Router\Middleware\RouteMiddleware
Zend\Expressive\Middleware\LazyLoadingMiddleware
Zend\Expressive\Router\Middleware\ImplicitHeadMiddleware
Zend\Expressive\Middleware\LazyLoadingMiddleware
Zend\Expressive\Router\Middleware\ImplicitOptionsMiddleware
Zend\Expressive\Middleware\LazyLoadingMiddleware
Zend\Expressive\Router\Middleware\MethodNotAllowedMiddleware
Zend\Expressive\Middleware\LazyLoadingMiddleware
Zend\Expressive\Helper\UrlHelperMiddleware
Zend\Expressive\Middleware\LazyLoadingMiddleware
Zend\Expressive\Router\Middleware\DispatchMiddleware
Zend\Expressive\Middleware\LazyLoadingMiddleware
Amazium\Frontend\UI\Web\Page\Home
Zend\Expressive\Middleware\LazyLoadingMiddleware
Zend\Stratigility\Middleware\ErrorHandler
Zend\Expressive\Middleware\LazyLoadingMiddleware
Zend\Expressive\Helper\ServerUrlMiddleware
Zend\Expressive\Middleware\LazyLoadingMiddleware
Zend\Expressive\Session\SessionMiddleware
Zend\Expressive\Middleware\LazyLoadingMiddleware
Zend\Expressive\Router\Middleware\RouteMiddleware
Zend\Expressive\Middleware\LazyLoadingMiddleware
Zend\Expressive\Router\Middleware\ImplicitHeadMiddleware
Zend\Expressive\Middleware\LazyLoadingMiddleware
Zend\Expressive\Router\Middleware\ImplicitOptionsMiddleware
Zend\Expressive\Middleware\LazyLoadingMiddleware
Zend\Expressive\Router\Middleware\MethodNotAllowedMiddleware
Zend\Expressive\Middleware\LazyLoadingMiddleware
Zend\Expressive\Helper\UrlHelperMiddleware
Zend\Expressive\Middleware\LazyLoadingMiddleware
Zend\Expressive\Router\Middleware\DispatchMiddleware
Zend\Expressive\Middleware\LazyLoadingMiddleware
Amazium\Frontend\UI\Web\Page\Home
Zend\Expressive\Middleware\LazyLoadingMiddleware
Zend\Stratigility\Middleware\ErrorHandler
Zend\Expressive\Middleware\LazyLoadingMiddleware
Zend\Expressive\Helper\ServerUrlMiddleware
Zend\Expressive\Middleware\LazyLoadingMiddleware
Zend\Expressive\Session\SessionMiddleware
Zend\Expressive\Middleware\LazyLoadingMiddleware
Zend\Expressive\Router\Middleware\RouteMiddleware
Zend\Expressive\Middleware\LazyLoadingMiddleware
Zend\Expressive\Router\Middleware\ImplicitHeadMiddleware
Zend\Expressive\Middleware\LazyLoadingMiddleware
Zend\Expressive\Router\Middleware\ImplicitOptionsMiddleware
Zend\Expressive\Middleware\LazyLoadingMiddleware
Zend\Expressive\Router\Middleware\MethodNotAllowedMiddleware
Zend\Expressive\Middleware\LazyLoadingMiddleware
Zend\Expressive\Helper\UrlHelperMiddleware
Zend\Expressive\Middleware\LazyLoadingMiddleware
Zend\Expressive\Router\Middleware\DispatchMiddleware
Zend\Expressive\Middleware\LazyLoadingMiddleware
Amazium\Frontend\UI\Web\Page\Home
Zend\Expressive\Middleware\LazyLoadingMiddleware
Zend\Stratigility\Middleware\ErrorHandler
Zend\Expressive\Middleware\LazyLoadingMiddleware
Zend\Expressive\Helper\ServerUrlMiddleware
Zend\Expressive\Middleware\LazyLoadingMiddleware
Zend\Expressive\Session\SessionMiddleware
Zend\Expressive\Middleware\LazyLoadingMiddleware
Zend\Expressive\Router\Middleware\RouteMiddleware
Zend\Expressive\Middleware\LazyLoadingMiddleware
Zend\Expressive\Router\Middleware\ImplicitHeadMiddleware
Zend\Expressive\Middleware\LazyLoadingMiddleware
Zend\Expressive\Router\Middleware\ImplicitOptionsMiddleware
Zend\Expressive\Middleware\LazyLoadingMiddleware
Zend\Expressive\Router\Middleware\MethodNotAllowedMiddleware
Zend\Expressive\Middleware\LazyLoadingMiddleware
Zend\Expressive\Helper\UrlHelperMiddleware
Zend\Expressive\Middleware\LazyLoadingMiddleware
Zend\Expressive\Router\Middleware\DispatchMiddleware
Zend\Expressive\Middleware\LazyLoadingMiddleware
Amazium\Frontend\UI\Web\Page\Home
Zend\Expressive\Middleware\LazyLoadingMiddleware
Zend\Stratigility\Middleware\ErrorHandler
Zend\Expressive\Middleware\LazyLoadingMiddleware
Zend\Expressive\Helper\ServerUrlMiddleware
Zend\Expressive\Middleware\LazyLoadingMiddleware
Zend\Expressive\Session\SessionMiddleware
Zend\Expressive\Middleware\LazyLoadingMiddleware
Zend\Expressive\Router\Middleware\RouteMiddleware
Zend\Expressive\Middleware\LazyLoadingMiddleware
Zend\Expressive\Router\Middleware\ImplicitHeadMiddleware
Zend\Expressive\Middleware\LazyLoadingMiddleware
Zend\Expressive\Router\Middleware\ImplicitOptionsMiddleware
Zend\Expressive\Middleware\LazyLoadingMiddleware
Zend\Expressive\Router\Middleware\MethodNotAllowedMiddleware
Zend\Expressive\Middleware\LazyLoadingMiddleware
Zend\Expressive\Helper\UrlHelperMiddleware
Zend\Expressive\Middleware\LazyLoadingMiddleware
Zend\Expressive\Router\Middleware\DispatchMiddleware
Zend\Expressive\Middleware\LazyLoadingMiddleware
Amazium\Frontend\UI\Web\Page\Home
Zend\Expressive\Middleware\LazyLoadingMiddleware
Zend\Stratigility\Middleware\ErrorHandler
Zend\Expressive\Middleware\LazyLoadingMiddleware
Zend\Expressive\Helper\ServerUrlMiddleware
Zend\Expressive\Middleware\LazyLoadingMiddleware
Zend\Expressive\Session\SessionMiddleware
Zend\Expressive\Middleware\LazyLoadingMiddleware
Zend\Expressive\Router\Middleware\RouteMiddleware
Zend\Expressive\Middleware\LazyLoadingMiddleware
Zend\Expressive\Router\Middleware\ImplicitHeadMiddleware
Zend\Expressive\Middleware\LazyLoadingMiddleware
Zend\Expressive\Router\Middleware\ImplicitOptionsMiddleware
Zend\Expressive\Middleware\LazyLoadingMiddleware
Zend\Expressive\Router\Middleware\MethodNotAllowedMiddleware
Zend\Expressive\Middleware\LazyLoadingMiddleware
Zend\Expressive\Helper\UrlHelperMiddleware
Zend\Expressive\Middleware\LazyLoadingMiddleware
Zend\Expressive\Router\Middleware\DispatchMiddleware
Zend\Expressive\Middleware\LazyLoadingMiddleware
Amazium\Identity\UI\Web\Page\Logout
Zend\Expressive\Middleware\LazyLoadingMiddleware
Zend\Stratigility\Middleware\ErrorHandler
Zend\Expressive\Middleware\LazyLoadingMiddleware
Zend\Expressive\Helper\ServerUrlMiddleware
Zend\Expressive\Middleware\LazyLoadingMiddleware
Zend\Expressive\Session\SessionMiddleware
Zend\Expressive\Middleware\LazyLoadingMiddleware
Zend\Expressive\Router\Middleware\RouteMiddleware
Zend\Expressive\Middleware\LazyLoadingMiddleware
Zend\Expressive\Router\Middleware\ImplicitHeadMiddleware
Zend\Expressive\Middleware\LazyLoadingMiddleware
Zend\Expressive\Router\Middleware\ImplicitOptionsMiddleware
Zend\Expressive\Middleware\LazyLoadingMiddleware
Zend\Expressive\Router\Middleware\MethodNotAllowedMiddleware
Zend\Expressive\Middleware\LazyLoadingMiddleware
Zend\Expressive\Helper\UrlHelperMiddleware
Zend\Expressive\Middleware\LazyLoadingMiddleware
Zend\Expressive\Router\Middleware\DispatchMiddleware
Zend\Expressive\Middleware\LazyLoadingMiddleware
Amazium\Frontend\UI\Web\Page\Home
Zend\Expressive\Middleware\LazyLoadingMiddleware
Zend\Stratigility\Middleware\ErrorHandler
Zend\Expressive\Middleware\LazyLoadingMiddleware
Zend\Expressive\Helper\ServerUrlMiddleware
Zend\Expressive\Middleware\LazyLoadingMiddleware
Zend\Expressive\Session\SessionMiddleware
Zend\Expressive\Middleware\LazyLoadingMiddleware
Zend\Expressive\Router\Middleware\RouteMiddleware
Zend\Expressive\Middleware\LazyLoadingMiddleware
Zend\Expressive\Router\Middleware\ImplicitHeadMiddleware
Zend\Expressive\Middleware\LazyLoadingMiddleware
Zend\Expressive\Router\Middleware\ImplicitOptionsMiddleware
Zend\Expressive\Middleware\LazyLoadingMiddleware
Zend\Expressive\Router\Middleware\MethodNotAllowedMiddleware
Zend\Expressive\Middleware\LazyLoadingMiddleware
Zend\Expressive\Helper\UrlHelperMiddleware
Zend\Expressive\Middleware\LazyLoadingMiddleware
Zend\Expressive\Router\Middleware\DispatchMiddleware
Zend\Expressive\Middleware\LazyLoadingMiddleware
Amazium\Identity\UI\Web\Page\Logout
Zend\Expressive\Middleware\LazyLoadingMiddleware
Zend\Stratigility\Middleware\ErrorHandler
Zend\Expressive\Middleware\LazyLoadingMiddleware
Zend\Expressive\Helper\ServerUrlMiddleware
Zend\Expressive\Middleware\LazyLoadingMiddleware
Zend\Expressive\Session\SessionMiddleware
Zend\Expressive\Middleware\LazyLoadingMiddleware
Zend\Expressive\Router\Middleware\RouteMiddleware
Zend\Expressive\Middleware\LazyLoadingMiddleware
Zend\Expressive\Router\Middleware\ImplicitHeadMiddleware
Zend\Expressive\Middleware\LazyLoadingMiddleware
Zend\Expressive\Router\Middleware\ImplicitOptionsMiddleware
Zend\Expressive\Middleware\LazyLoadingMiddleware
Zend\Expressive\Router\Middleware\MethodNotAllowedMiddleware
Zend\Expressive\Middleware\LazyLoadingMiddleware
Zend\Expressive\Helper\UrlHelperMiddleware
Zend\Expressive\Middleware\LazyLoadingMiddleware
Zend\Expressive\Router\Middleware\DispatchMiddleware
Zend\Expressive\Middleware\LazyLoadingMiddleware
Amazium\Identity\UI\Web\Page\Logout
Zend\Expressive\Middleware\LazyLoadingMiddleware
Zend\Stratigility\Middleware\ErrorHandler
Zend\Expressive\Middleware\LazyLoadingMiddleware
Zend\Expressive\Helper\ServerUrlMiddleware
Zend\Expressive\Middleware\LazyLoadingMiddleware
Zend\Expressive\Session\SessionMiddleware
Zend\Expressive\Middleware\LazyLoadingMiddleware
Zend\Expressive\Router\Middleware\RouteMiddleware
Zend\Expressive\Middleware\LazyLoadingMiddleware
Zend\Expressive\Router\Middleware\ImplicitHeadMiddleware
Zend\Expressive\Middleware\LazyLoadingMiddleware
Zend\Expressive\Router\Middleware\ImplicitOptionsMiddleware
Zend\Expressive\Middleware\LazyLoadingMiddleware
Zend\Expressive\Router\Middleware\MethodNotAllowedMiddleware
Zend\Expressive\Middleware\LazyLoadingMiddleware
Zend\Expressive\Helper\UrlHelperMiddleware
Zend\Expressive\Middleware\LazyLoadingMiddleware
Zend\Expressive\Router\Middleware\DispatchMiddleware
Zend\Expressive\Middleware\LazyLoadingMiddleware
Amazium\Frontend\UI\Web\Page\Home
Zend\Expressive\Middleware\LazyLoadingMiddleware
Zend\Stratigility\Middleware\ErrorHandler
Zend\Expressive\Middleware\LazyLoadingMiddleware
Zend\Expressive\Helper\ServerUrlMiddleware
Zend\Expressive\Middleware\LazyLoadingMiddleware
Zend\Expressive\Session\SessionMiddleware
Zend\Expressive\Middleware\LazyLoadingMiddleware
Zend\Expressive\Router\Middleware\RouteMiddleware
Zend\Expressive\Middleware\LazyLoadingMiddleware
Zend\Expressive\Router\Middleware\ImplicitHeadMiddleware
Zend\Expressive\Middleware\LazyLoadingMiddleware
Zend\Expressive\Router\Middleware\ImplicitOptionsMiddleware
Zend\Expressive\Middleware\LazyLoadingMiddleware
Zend\Expressive\Router\Middleware\MethodNotAllowedMiddleware
Zend\Expressive\Middleware\LazyLoadingMiddleware
Zend\Expressive\Helper\UrlHelperMiddleware
Zend\Expressive\Middleware\LazyLoadingMiddleware
Zend\Expressive\Router\Middleware\DispatchMiddleware
Zend\Expressive\Middleware\LazyLoadingMiddleware
Amazium\Identity\UI\Web\Page\Logout
Zend\Expressive\Middleware\LazyLoadingMiddleware
Zend\Stratigility\Middleware\ErrorHandler
Zend\Expressive\Middleware\LazyLoadingMiddleware
Zend\Expressive\Helper\ServerUrlMiddleware
Zend\Expressive\Middleware\LazyLoadingMiddleware
Zend\Expressive\Session\SessionMiddleware
Zend\Expressive\Middleware\LazyLoadingMiddleware
Zend\Expressive\Router\Middleware\RouteMiddleware
Zend\Expressive\Middleware\LazyLoadingMiddleware
Zend\Expressive\Router\Middleware\ImplicitHeadMiddleware
Zend\Expressive\Middleware\LazyLoadingMiddleware
Zend\Expressive\Router\Middleware\ImplicitOptionsMiddleware
Zend\Expressive\Middleware\LazyLoadingMiddleware
Zend\Expressive\Router\Middleware\MethodNotAllowedMiddleware
Zend\Expressive\Middleware\LazyLoadingMiddleware
Zend\Expressive\Helper\UrlHelperMiddleware
Zend\Expressive\Middleware\LazyLoadingMiddleware
Zend\Expressive\Router\Middleware\DispatchMiddleware
Zend\Expressive\Middleware\LazyLoadingMiddleware
Amazium\Frontend\UI\Web\Page\Home
Zend\Expressive\Middleware\LazyLoadingMiddleware
Zend\Stratigility\Middleware\ErrorHandler
Zend\Expressive\Middleware\LazyLoadingMiddleware
Zend\Expressive\Helper\ServerUrlMiddleware
Zend\Expressive\Middleware\LazyLoadingMiddleware
Zend\Expressive\Session\SessionMiddleware
Zend\Expressive\Middleware\LazyLoadingMiddleware
Zend\Expressive\Router\Middleware\RouteMiddleware
Zend\Expressive\Middleware\LazyLoadingMiddleware
Zend\Expressive\Router\Middleware\ImplicitHeadMiddleware
Zend\Expressive\Middleware\LazyLoadingMiddleware
Zend\Expressive\Router\Middleware\ImplicitOptionsMiddleware
Zend\Expressive\Middleware\LazyLoadingMiddleware
Zend\Expressive\Router\Middleware\MethodNotAllowedMiddleware
Zend\Expressive\Middleware\LazyLoadingMiddleware
Zend\Expressive\Helper\UrlHelperMiddleware
Zend\Expressive\Middleware\LazyLoadingMiddleware
Zend\Expressive\Router\Middleware\DispatchMiddleware
Zend\Expressive\Middleware\LazyLoadingMiddleware
Amazium\Identity\UI\Web\Page\LoginUsingGitlab
Zend\Expressive\Middleware\LazyLoadingMiddleware
Zend\Stratigility\Middleware\ErrorHandler
Zend\Expressive\Middleware\LazyLoadingMiddleware
Zend\Expressive\Helper\ServerUrlMiddleware
Zend\Expressive\Middleware\LazyLoadingMiddleware
Zend\Expressive\Session\SessionMiddleware
Zend\Expressive\Middleware\LazyLoadingMiddleware
Zend\Expressive\Router\Middleware\RouteMiddleware
Zend\Expressive\Middleware\LazyLoadingMiddleware
Zend\Expressive\Router\Middleware\ImplicitHeadMiddleware
Zend\Expressive\Middleware\LazyLoadingMiddleware
Zend\Expressive\Router\Middleware\ImplicitOptionsMiddleware
Zend\Expressive\Middleware\LazyLoadingMiddleware
Zend\Expressive\Router\Middleware\MethodNotAllowedMiddleware
Zend\Expressive\Middleware\LazyLoadingMiddleware
Zend\Expressive\Helper\UrlHelperMiddleware
Zend\Expressive\Middleware\LazyLoadingMiddleware
Zend\Expressive\Router\Middleware\DispatchMiddleware
Zend\Expressive\Middleware\LazyLoadingMiddleware
Amazium\Identity\UI\Web\Page\LoginUsingGitlab
Zend\Expressive\Middleware\LazyLoadingMiddleware
Zend\Expressive\Authentication\AuthenticationMiddleware
Zend\Expressive\Middleware\LazyLoadingMiddleware
Zend\Expressive\Handler\NotFoundHandler
Zend\Expressive\Middleware\LazyLoadingMiddleware
Zend\Stratigility\Middleware\ErrorHandler
Zend\Expressive\Middleware\LazyLoadingMiddleware
Zend\Expressive\Helper\ServerUrlMiddleware
Zend\Expressive\Middleware\LazyLoadingMiddleware
Zend\Expressive\Session\SessionMiddleware
Zend\Expressive\Middleware\LazyLoadingMiddleware
Zend\Expressive\Router\Middleware\RouteMiddleware
Zend\Expressive\Middleware\LazyLoadingMiddleware
Zend\Expressive\Router\Middleware\ImplicitHeadMiddleware
Zend\Expressive\Middleware\LazyLoadingMiddleware
Zend\Expressive\Router\Middleware\ImplicitOptionsMiddleware
Zend\Expressive\Middleware\LazyLoadingMiddleware
Zend\Expressive\Router\Middleware\MethodNotAllowedMiddleware
Zend\Expressive\Middleware\LazyLoadingMiddleware
Zend\Expressive\Helper\UrlHelperMiddleware
Zend\Expressive\Middleware\LazyLoadingMiddleware
Zend\Expressive\Router\Middleware\DispatchMiddleware
Zend\Expressive\Middleware\LazyLoadingMiddleware
Amazium\Identity\UI\Web\Page\LoginUsingGitlab
Zend\Expressive\Middleware\LazyLoadingMiddleware
Zend\Stratigility\Middleware\ErrorHandler
Zend\Expressive\Middleware\LazyLoadingMiddleware
Zend\Expressive\Helper\ServerUrlMiddleware
Zend\Expressive\Middleware\LazyLoadingMiddleware
Zend\Expressive\Session\SessionMiddleware
Zend\Expressive\Middleware\LazyLoadingMiddleware
Zend\Expressive\Router\Middleware\RouteMiddleware
Zend\Expressive\Middleware\LazyLoadingMiddleware
Zend\Expressive\Router\Middleware\ImplicitHeadMiddleware
Zend\Expressive\Middleware\LazyLoadingMiddleware
Zend\Expressive\Router\Middleware\ImplicitOptionsMiddleware
Zend\Expressive\Middleware\LazyLoadingMiddleware
Zend\Expressive\Router\Middleware\MethodNotAllowedMiddleware
Zend\Expressive\Middleware\LazyLoadingMiddleware
Zend\Expressive\Helper\UrlHelperMiddleware
Zend\Expressive\Middleware\LazyLoadingMiddleware
Zend\Expressive\Router\Middleware\DispatchMiddleware
Zend\Expressive\Middleware\LazyLoadingMiddleware
Amazium\Identity\UI\Web\Page\LoginUsingGitlab
Zend\Expressive\Middleware\LazyLoadingMiddleware
Zend\Expressive\Authentication\AuthenticationMiddleware
Zend\Expressive\Middleware\LazyLoadingMiddleware
Zend\Expressive\Handler\NotFoundHandler
Zend\Expressive\Middleware\LazyLoadingMiddleware
Zend\Stratigility\Middleware\ErrorHandler
Zend\Expressive\Middleware\LazyLoadingMiddleware
Zend\Expressive\Helper\ServerUrlMiddleware
Zend\Expressive\Middleware\LazyLoadingMiddleware
Zend\Expressive\Session\SessionMiddleware
Zend\Expressive\Middleware\LazyLoadingMiddleware
Zend\Expressive\Router\Middleware\RouteMiddleware
Zend\Expressive\Middleware\LazyLoadingMiddleware
Zend\Expressive\Router\Middleware\ImplicitHeadMiddleware
Zend\Expressive\Middleware\LazyLoadingMiddleware
Zend\Expressive\Router\Middleware\ImplicitOptionsMiddleware
Zend\Expressive\Middleware\LazyLoadingMiddleware
Zend\Expressive\Router\Middleware\MethodNotAllowedMiddleware
Zend\Expressive\Middleware\LazyLoadingMiddleware
Zend\Expressive\Helper\UrlHelperMiddleware
Zend\Expressive\Middleware\LazyLoadingMiddleware
Zend\Expressive\Router\Middleware\DispatchMiddleware
Zend\Expressive\Middleware\LazyLoadingMiddleware
Amazium\Identity\UI\Web\Page\LoginUsingGitlab
Zend\Expressive\Middleware\LazyLoadingMiddleware
Zend\Stratigility\Middleware\ErrorHandler
Zend\Expressive\Middleware\LazyLoadingMiddleware
Zend\Expressive\Helper\ServerUrlMiddleware
Zend\Expressive\Middleware\LazyLoadingMiddleware
Zend\Expressive\Session\SessionMiddleware
Zend\Expressive\Middleware\LazyLoadingMiddleware
Zend\Expressive\Router\Middleware\RouteMiddleware
Zend\Expressive\Middleware\LazyLoadingMiddleware
Zend\Expressive\Router\Middleware\ImplicitHeadMiddleware
Zend\Expressive\Middleware\LazyLoadingMiddleware
Zend\Expressive\Router\Middleware\ImplicitOptionsMiddleware
Zend\Expressive\Middleware\LazyLoadingMiddleware
Zend\Expressive\Router\Middleware\MethodNotAllowedMiddleware
Zend\Expressive\Middleware\LazyLoadingMiddleware
Zend\Expressive\Helper\UrlHelperMiddleware
Zend\Expressive\Middleware\LazyLoadingMiddleware
Zend\Expressive\Router\Middleware\DispatchMiddleware
Zend\Expressive\Middleware\LazyLoadingMiddleware
Amazium\Identity\UI\Web\Page\LoginUsingGitlab
Zend\Expressive\Middleware\LazyLoadingMiddleware
Zend\Stratigility\Middleware\ErrorHandler
Zend\Expressive\Middleware\LazyLoadingMiddleware
Zend\Expressive\Helper\ServerUrlMiddleware
Zend\Expressive\Middleware\LazyLoadingMiddleware
Zend\Expressive\Session\SessionMiddleware
Zend\Expressive\Middleware\LazyLoadingMiddleware
Zend\Expressive\Router\Middleware\RouteMiddleware
Zend\Expressive\Middleware\LazyLoadingMiddleware
Zend\Expressive\Router\Middleware\ImplicitHeadMiddleware
Zend\Expressive\Middleware\LazyLoadingMiddleware
Zend\Expressive\Router\Middleware\ImplicitOptionsMiddleware
Zend\Expressive\Middleware\LazyLoadingMiddleware
Zend\Expressive\Router\Middleware\MethodNotAllowedMiddleware
Zend\Expressive\Middleware\LazyLoadingMiddleware
Zend\Expressive\Helper\UrlHelperMiddleware
Zend\Expressive\Middleware\LazyLoadingMiddleware
Zend\Expressive\Router\Middleware\DispatchMiddleware
Zend\Expressive\Middleware\LazyLoadingMiddleware
Amazium\Identity\UI\Web\Page\LoginUsingGitlab
Zend\Expressive\Middleware\LazyLoadingMiddleware
Zend\Expressive\Authentication\AuthenticationMiddleware
Zend\Expressive\Middleware\LazyLoadingMiddleware
Zend\Expressive\Handler\NotFoundHandler
Zend\Expressive\Middleware\LazyLoadingMiddleware
Zend\Stratigility\Middleware\ErrorHandler
Zend\Expressive\Middleware\LazyLoadingMiddleware
Zend\Expressive\Helper\ServerUrlMiddleware
Zend\Expressive\Middleware\LazyLoadingMiddleware
Zend\Expressive\Session\SessionMiddleware
Zend\Expressive\Middleware\LazyLoadingMiddleware
Zend\Expressive\Router\Middleware\RouteMiddleware
Zend\Expressive\Middleware\LazyLoadingMiddleware
Zend\Expressive\Router\Middleware\ImplicitHeadMiddleware
Zend\Expressive\Middleware\LazyLoadingMiddleware
Zend\Expressive\Router\Middleware\ImplicitOptionsMiddleware
Zend\Expressive\Middleware\LazyLoadingMiddleware
Zend\Expressive\Router\Middleware\MethodNotAllowedMiddleware
Zend\Expressive\Middleware\LazyLoadingMiddleware
Zend\Expressive\Helper\UrlHelperMiddleware
Zend\Expressive\Middleware\LazyLoadingMiddleware
Zend\Expressive\Router\Middleware\DispatchMiddleware
Zend\Expressive\Middleware\LazyLoadingMiddleware
Amazium\Identity\UI\Web\Page\LoginUsingGitlab
Zend\Expressive\Middleware\LazyLoadingMiddleware
Zend\Stratigility\Middleware\ErrorHandler
Zend\Expressive\Middleware\LazyLoadingMiddleware
Zend\Expressive\Helper\ServerUrlMiddleware
Zend\Expressive\Middleware\LazyLoadingMiddleware
Zend\Expressive\Session\SessionMiddleware
Zend\Expressive\Middleware\LazyLoadingMiddleware
Zend\Expressive\Router\Middleware\RouteMiddleware
Zend\Expressive\Middleware\LazyLoadingMiddleware
Zend\Expressive\Router\Middleware\ImplicitHeadMiddleware
Zend\Expressive\Middleware\LazyLoadingMiddleware
Zend\Expressive\Router\Middleware\ImplicitOptionsMiddleware
Zend\Expressive\Middleware\LazyLoadingMiddleware
Zend\Expressive\Router\Middleware\MethodNotAllowedMiddleware
Zend\Expressive\Middleware\LazyLoadingMiddleware
Zend\Expressive\Helper\UrlHelperMiddleware
Zend\Expressive\Middleware\LazyLoadingMiddleware
Zend\Expressive\Router\Middleware\DispatchMiddleware
Zend\Expressive\Middleware\LazyLoadingMiddleware
Amazium\Identity\UI\Web\Page\LoginUsingGitlab
Zend\Expressive\Middleware\LazyLoadingMiddleware
Zend\Expressive\Authentication\AuthenticationMiddleware
Zend\Expressive\Middleware\LazyLoadingMiddleware
Zend\Expressive\Handler\NotFoundHandler
Zend\Expressive\Middleware\LazyLoadingMiddleware
Zend\Stratigility\Middleware\ErrorHandler
Zend\Expressive\Middleware\LazyLoadingMiddleware
Zend\Expressive\Helper\ServerUrlMiddleware
Zend\Expressive\Middleware\LazyLoadingMiddleware
Zend\Expressive\Session\SessionMiddleware
Zend\Expressive\Middleware\LazyLoadingMiddleware
Zend\Expressive\Router\Middleware\RouteMiddleware
Zend\Expressive\Middleware\LazyLoadingMiddleware
Zend\Expressive\Router\Middleware\ImplicitHeadMiddleware
Zend\Expressive\Middleware\LazyLoadingMiddleware
Zend\Expressive\Router\Middleware\ImplicitOptionsMiddleware
Zend\Expressive\Middleware\LazyLoadingMiddleware
Zend\Expressive\Router\Middleware\MethodNotAllowedMiddleware
Zend\Expressive\Middleware\LazyLoadingMiddleware
Zend\Expressive\Helper\UrlHelperMiddleware
Zend\Expressive\Middleware\LazyLoadingMiddleware
Zend\Expressive\Router\Middleware\DispatchMiddleware
Zend\Expressive\Middleware\LazyLoadingMiddleware
Amazium\Identity\UI\Web\Page\LoginUsingGitlab
Zend\Expressive\Middleware\LazyLoadingMiddleware
Zend\Stratigility\Middleware\ErrorHandler
Zend\Expressive\Middleware\LazyLoadingMiddleware
Zend\Expressive\Helper\ServerUrlMiddleware
Zend\Expressive\Middleware\LazyLoadingMiddleware
Zend\Expressive\Session\SessionMiddleware
Zend\Expressive\Middleware\LazyLoadingMiddleware
Zend\Expressive\Router\Middleware\RouteMiddleware
Zend\Expressive\Middleware\LazyLoadingMiddleware
Zend\Expressive\Router\Middleware\ImplicitHeadMiddleware
Zend\Expressive\Middleware\LazyLoadingMiddleware
Zend\Expressive\Router\Middleware\ImplicitOptionsMiddleware
Zend\Expressive\Middleware\LazyLoadingMiddleware
Zend\Expressive\Router\Middleware\MethodNotAllowedMiddleware
Zend\Expressive\Middleware\LazyLoadingMiddleware
Zend\Expressive\Helper\UrlHelperMiddleware
Zend\Expressive\Middleware\LazyLoadingMiddleware
Zend\Expressive\Router\Middleware\DispatchMiddleware
Zend\Expressive\Middleware\LazyLoadingMiddleware
Amazium\Identity\UI\Web\Page\LoginUsingGitlab
Zend\Expressive\Middleware\LazyLoadingMiddleware
Zend\Expressive\Authentication\AuthenticationMiddleware
Zend\Expressive\Middleware\LazyLoadingMiddleware
Zend\Expressive\Handler\NotFoundHandler
Zend\Expressive\Middleware\LazyLoadingMiddleware
Zend\Stratigility\Middleware\ErrorHandler
Zend\Expressive\Middleware\LazyLoadingMiddleware
Zend\Expressive\Helper\ServerUrlMiddleware
Zend\Expressive\Middleware\LazyLoadingMiddleware
Zend\Expressive\Session\SessionMiddleware
Zend\Expressive\Middleware\LazyLoadingMiddleware
Zend\Expressive\Router\Middleware\RouteMiddleware
Zend\Expressive\Middleware\LazyLoadingMiddleware
Zend\Expressive\Router\Middleware\ImplicitHeadMiddleware
Zend\Expressive\Middleware\LazyLoadingMiddleware
Zend\Expressive\Router\Middleware\ImplicitOptionsMiddleware
Zend\Expressive\Middleware\LazyLoadingMiddleware
Zend\Expressive\Router\Middleware\MethodNotAllowedMiddleware
Zend\Expressive\Middleware\LazyLoadingMiddleware
Zend\Expressive\Helper\UrlHelperMiddleware
Zend\Expressive\Middleware\LazyLoadingMiddleware
Zend\Expressive\Router\Middleware\DispatchMiddleware
Zend\Expressive\Middleware\LazyLoadingMiddleware
Amazium\Identity\UI\Web\Page\LoginUsingGitlab
Zend\Expressive\Middleware\LazyLoadingMiddleware
Zend\Stratigility\Middleware\ErrorHandler
Zend\Expressive\Middleware\LazyLoadingMiddleware
Zend\Expressive\Helper\ServerUrlMiddleware
Zend\Expressive\Middleware\LazyLoadingMiddleware
Zend\Expressive\Session\SessionMiddleware
Zend\Expressive\Middleware\LazyLoadingMiddleware
Zend\Expressive\Router\Middleware\RouteMiddleware
Zend\Expressive\Middleware\LazyLoadingMiddleware
Zend\Expressive\Router\Middleware\ImplicitHeadMiddleware
Zend\Expressive\Middleware\LazyLoadingMiddleware
Zend\Expressive\Router\Middleware\ImplicitOptionsMiddleware
Zend\Expressive\Middleware\LazyLoadingMiddleware
Zend\Expressive\Router\Middleware\MethodNotAllowedMiddleware
Zend\Expressive\Middleware\LazyLoadingMiddleware
Zend\Expressive\Helper\UrlHelperMiddleware
Zend\Expressive\Middleware\LazyLoadingMiddleware
Zend\Expressive\Router\Middleware\DispatchMiddleware
Zend\Expressive\Middleware\LazyLoadingMiddleware
Amazium\Identity\UI\Web\Page\LoginUsingGitlab
Zend\Expressive\Middleware\LazyLoadingMiddleware
Zend\Expressive\Authentication\AuthenticationMiddleware
Zend\Expressive\Middleware\LazyLoadingMiddleware
Zend\Stratigility\Middleware\ErrorHandler
Zend\Expressive\Middleware\LazyLoadingMiddleware
Zend\Expressive\Helper\ServerUrlMiddleware
Zend\Expressive\Middleware\LazyLoadingMiddleware
Zend\Expressive\Session\SessionMiddleware
Zend\Expressive\Middleware\LazyLoadingMiddleware
Zend\Expressive\Router\Middleware\RouteMiddleware
Zend\Expressive\Middleware\LazyLoadingMiddleware
Zend\Expressive\Router\Middleware\ImplicitHeadMiddleware
Zend\Expressive\Middleware\LazyLoadingMiddleware
Zend\Expressive\Router\Middleware\ImplicitOptionsMiddleware
Zend\Expressive\Middleware\LazyLoadingMiddleware
Zend\Expressive\Router\Middleware\MethodNotAllowedMiddleware
Zend\Expressive\Middleware\LazyLoadingMiddleware
Zend\Expressive\Helper\UrlHelperMiddleware
Zend\Expressive\Middleware\LazyLoadingMiddleware
Zend\Expressive\Router\Middleware\DispatchMiddleware
Zend\Expressive\Middleware\LazyLoadingMiddleware
Amazium\Identity\UI\Web\Page\LoginUsingGitlab
Zend\Expressive\Middleware\LazyLoadingMiddleware
Zend\Stratigility\Middleware\ErrorHandler
Zend\Expressive\Middleware\LazyLoadingMiddleware
Zend\Expressive\Helper\ServerUrlMiddleware
Zend\Expressive\Middleware\LazyLoadingMiddleware
Zend\Expressive\Session\SessionMiddleware
Zend\Expressive\Middleware\LazyLoadingMiddleware
Zend\Expressive\Router\Middleware\RouteMiddleware
Zend\Expressive\Middleware\LazyLoadingMiddleware
Zend\Expressive\Router\Middleware\ImplicitHeadMiddleware
Zend\Expressive\Middleware\LazyLoadingMiddleware
Zend\Expressive\Router\Middleware\ImplicitOptionsMiddleware
Zend\Expressive\Middleware\LazyLoadingMiddleware
Zend\Expressive\Router\Middleware\MethodNotAllowedMiddleware
Zend\Expressive\Middleware\LazyLoadingMiddleware
Zend\Expressive\Helper\UrlHelperMiddleware
Zend\Expressive\Middleware\LazyLoadingMiddleware
Zend\Expressive\Router\Middleware\DispatchMiddleware
Zend\Expressive\Middleware\LazyLoadingMiddleware
Amazium\Identity\UI\Web\Page\LoginUsingGitlab
Zend\Expressive\Middleware\LazyLoadingMiddleware
Zend\Stratigility\Middleware\ErrorHandler
Zend\Expressive\Middleware\LazyLoadingMiddleware
Zend\Expressive\Helper\ServerUrlMiddleware
Zend\Expressive\Middleware\LazyLoadingMiddleware
Zend\Expressive\Session\SessionMiddleware
Zend\Expressive\Middleware\LazyLoadingMiddleware
Zend\Expressive\Router\Middleware\RouteMiddleware
Zend\Expressive\Middleware\LazyLoadingMiddleware
Zend\Expressive\Router\Middleware\ImplicitHeadMiddleware
Zend\Expressive\Middleware\LazyLoadingMiddleware
Zend\Expressive\Router\Middleware\ImplicitOptionsMiddleware
Zend\Expressive\Middleware\LazyLoadingMiddleware
Zend\Expressive\Router\Middleware\MethodNotAllowedMiddleware
Zend\Expressive\Middleware\LazyLoadingMiddleware
Zend\Expressive\Helper\UrlHelperMiddleware
Zend\Expressive\Middleware\LazyLoadingMiddleware
Zend\Expressive\Router\Middleware\DispatchMiddleware
Zend\Expressive\Middleware\LazyLoadingMiddleware
Amazium\Identity\UI\Web\Page\LoginUsingGitlab
Zend\Expressive\Middleware\LazyLoadingMiddleware
Zend\Expressive\Authentication\AuthenticationMiddleware
Zend\Expressive\Middleware\LazyLoadingMiddleware
Zend\Expressive\Handler\NotFoundHandler
Zend\Expressive\Middleware\LazyLoadingMiddleware
Zend\Stratigility\Middleware\ErrorHandler
Zend\Expressive\Middleware\LazyLoadingMiddleware
Zend\Expressive\Helper\ServerUrlMiddleware
Zend\Expressive\Middleware\LazyLoadingMiddleware
Zend\Expressive\Session\SessionMiddleware
Zend\Expressive\Middleware\LazyLoadingMiddleware
Zend\Expressive\Router\Middleware\RouteMiddleware
Zend\Expressive\Middleware\LazyLoadingMiddleware
Zend\Expressive\Router\Middleware\ImplicitHeadMiddleware
Zend\Expressive\Middleware\LazyLoadingMiddleware
Zend\Expressive\Router\Middleware\ImplicitOptionsMiddleware
Zend\Expressive\Middleware\LazyLoadingMiddleware
Zend\Expressive\Router\Middleware\MethodNotAllowedMiddleware
Zend\Expressive\Middleware\LazyLoadingMiddleware
Zend\Expressive\Helper\UrlHelperMiddleware
Zend\Expressive\Middleware\LazyLoadingMiddleware
Zend\Expressive\Router\Middleware\DispatchMiddleware
Zend\Expressive\Middleware\LazyLoadingMiddleware
Amazium\Identity\UI\Web\Page\LoginUsingGitlab
Zend\Expressive\Middleware\LazyLoadingMiddleware
Zend\Stratigility\Middleware\ErrorHandler
Zend\Expressive\Middleware\LazyLoadingMiddleware
Zend\Expressive\Helper\ServerUrlMiddleware
Zend\Expressive\Middleware\LazyLoadingMiddleware
Zend\Expressive\Session\SessionMiddleware
Zend\Expressive\Middleware\LazyLoadingMiddleware
Zend\Expressive\Router\Middleware\RouteMiddleware
Zend\Expressive\Middleware\LazyLoadingMiddleware
Zend\Expressive\Router\Middleware\ImplicitHeadMiddleware
Zend\Expressive\Middleware\LazyLoadingMiddleware
Zend\Expressive\Router\Middleware\ImplicitOptionsMiddleware
Zend\Expressive\Middleware\LazyLoadingMiddleware
Zend\Expressive\Router\Middleware\MethodNotAllowedMiddleware
Zend\Expressive\Middleware\LazyLoadingMiddleware
Zend\Expressive\Helper\UrlHelperMiddleware
Zend\Expressive\Middleware\LazyLoadingMiddleware
Zend\Expressive\Router\Middleware\DispatchMiddleware
Zend\Expressive\Middleware\LazyLoadingMiddleware
Amazium\Identity\UI\Web\Page\LoginUsingGitlab
Zend\Expressive\Middleware\LazyLoadingMiddleware
Zend\Expressive\Authentication\AuthenticationMiddleware
Zend\Expressive\Middleware\LazyLoadingMiddleware
Zend\Expressive\Handler\NotFoundHandler
Zend\Expressive\Middleware\LazyLoadingMiddleware
Zend\Stratigility\Middleware\ErrorHandler
Zend\Expressive\Middleware\LazyLoadingMiddleware
Zend\Expressive\Helper\ServerUrlMiddleware
Zend\Expressive\Middleware\LazyLoadingMiddleware
Zend\Expressive\Session\SessionMiddleware
Zend\Expressive\Middleware\LazyLoadingMiddleware
Zend\Expressive\Router\Middleware\RouteMiddleware
Zend\Expressive\Middleware\LazyLoadingMiddleware
Zend\Expressive\Router\Middleware\ImplicitHeadMiddleware
Zend\Expressive\Middleware\LazyLoadingMiddleware
Zend\Expressive\Router\Middleware\ImplicitOptionsMiddleware
Zend\Expressive\Middleware\LazyLoadingMiddleware
Zend\Expressive\Router\Middleware\MethodNotAllowedMiddleware
Zend\Expressive\Middleware\LazyLoadingMiddleware
Zend\Expressive\Helper\UrlHelperMiddleware
Zend\Expressive\Middleware\LazyLoadingMiddleware
Zend\Expressive\Router\Middleware\DispatchMiddleware
Zend\Expressive\Middleware\LazyLoadingMiddleware
Amazium\Identity\UI\Web\Page\LoginUsingGitlab
Zend\Expressive\Middleware\LazyLoadingMiddleware
Zend\Stratigility\Middleware\ErrorHandler
Zend\Expressive\Middleware\LazyLoadingMiddleware
Zend\Expressive\Helper\ServerUrlMiddleware
Zend\Expressive\Middleware\LazyLoadingMiddleware
Zend\Expressive\Session\SessionMiddleware
Zend\Expressive\Middleware\LazyLoadingMiddleware
Zend\Expressive\Router\Middleware\RouteMiddleware
Zend\Expressive\Middleware\LazyLoadingMiddleware
Zend\Expressive\Router\Middleware\ImplicitHeadMiddleware
Zend\Expressive\Middleware\LazyLoadingMiddleware
Zend\Expressive\Router\Middleware\ImplicitOptionsMiddleware
Zend\Expressive\Middleware\LazyLoadingMiddleware
Zend\Expressive\Router\Middleware\MethodNotAllowedMiddleware
Zend\Expressive\Middleware\LazyLoadingMiddleware
Zend\Expressive\Helper\UrlHelperMiddleware
Zend\Expressive\Middleware\LazyLoadingMiddleware
Zend\Expressive\Router\Middleware\DispatchMiddleware
Zend\Expressive\Middleware\LazyLoadingMiddleware
Amazium\Identity\UI\Web\Page\LoginUsingGitlab
Zend\Expressive\Middleware\LazyLoadingMiddleware
Zend\Stratigility\Middleware\ErrorHandler
Zend\Expressive\Middleware\LazyLoadingMiddleware
Zend\Expressive\Helper\ServerUrlMiddleware
Zend\Expressive\Middleware\LazyLoadingMiddleware
Zend\Expressive\Session\SessionMiddleware
Zend\Expressive\Middleware\LazyLoadingMiddleware
Zend\Expressive\Router\Middleware\RouteMiddleware
Zend\Expressive\Middleware\LazyLoadingMiddleware
Zend\Expressive\Router\Middleware\ImplicitHeadMiddleware
Zend\Expressive\Middleware\LazyLoadingMiddleware
Zend\Expressive\Router\Middleware\ImplicitOptionsMiddleware
Zend\Expressive\Middleware\LazyLoadingMiddleware
Zend\Expressive\Router\Middleware\MethodNotAllowedMiddleware
Zend\Expressive\Middleware\LazyLoadingMiddleware
Zend\Expressive\Helper\UrlHelperMiddleware
Zend\Expressive\Middleware\LazyLoadingMiddleware
Zend\Expressive\Router\Middleware\DispatchMiddleware
Zend\Expressive\Middleware\LazyLoadingMiddleware
Amazium\Identity\UI\Web\Page\LoginUsingGitlab
Zend\Expressive\Middleware\LazyLoadingMiddleware
Zend\Expressive\Authentication\AuthenticationMiddleware
Zend\Expressive\Middleware\LazyLoadingMiddleware
Zend\Expressive\Handler\NotFoundHandler
Zend\Expressive\Middleware\LazyLoadingMiddleware
Zend\Stratigility\Middleware\ErrorHandler
Zend\Expressive\Middleware\LazyLoadingMiddleware
Zend\Expressive\Helper\ServerUrlMiddleware
Zend\Expressive\Middleware\LazyLoadingMiddleware
Zend\Expressive\Session\SessionMiddleware
Zend\Expressive\Middleware\LazyLoadingMiddleware
Zend\Expressive\Router\Middleware\RouteMiddleware
Zend\Expressive\Middleware\LazyLoadingMiddleware
Zend\Expressive\Router\Middleware\ImplicitHeadMiddleware
Zend\Expressive\Middleware\LazyLoadingMiddleware
Zend\Expressive\Router\Middleware\ImplicitOptionsMiddleware
Zend\Expressive\Middleware\LazyLoadingMiddleware
Zend\Expressive\Router\Middleware\MethodNotAllowedMiddleware
Zend\Expressive\Middleware\LazyLoadingMiddleware
Zend\Expressive\Helper\UrlHelperMiddleware
Zend\Expressive\Middleware\LazyLoadingMiddleware
Zend\Expressive\Router\Middleware\DispatchMiddleware
Zend\Expressive\Middleware\LazyLoadingMiddleware
Amazium\Identity\UI\Web\Page\LoginUsingGitlab
Zend\Expressive\Middleware\LazyLoadingMiddleware
Zend\Stratigility\Middleware\ErrorHandler
Zend\Expressive\Middleware\LazyLoadingMiddleware
Zend\Expressive\Helper\ServerUrlMiddleware
Zend\Expressive\Middleware\LazyLoadingMiddleware
Zend\Expressive\Session\SessionMiddleware
Zend\Expressive\Middleware\LazyLoadingMiddleware
Zend\Expressive\Router\Middleware\RouteMiddleware
Zend\Expressive\Middleware\LazyLoadingMiddleware
Zend\Expressive\Router\Middleware\ImplicitHeadMiddleware
Zend\Expressive\Middleware\LazyLoadingMiddleware
Zend\Expressive\Router\Middleware\ImplicitOptionsMiddleware
Zend\Expressive\Middleware\LazyLoadingMiddleware
Zend\Expressive\Router\Middleware\MethodNotAllowedMiddleware
Zend\Expressive\Middleware\LazyLoadingMiddleware
Zend\Expressive\Helper\UrlHelperMiddleware
Zend\Expressive\Middleware\LazyLoadingMiddleware
Zend\Expressive\Router\Middleware\DispatchMiddleware
Zend\Expressive\Middleware\LazyLoadingMiddleware
Amazium\Identity\UI\Web\Page\LoginUsingGitlab
Zend\Expressive\Middleware\LazyLoadingMiddleware
Zend\Stratigility\Middleware\ErrorHandler
Zend\Expressive\Middleware\LazyLoadingMiddleware
Zend\Expressive\Helper\ServerUrlMiddleware
Zend\Expressive\Middleware\LazyLoadingMiddleware
Zend\Expressive\Session\SessionMiddleware
Zend\Expressive\Middleware\LazyLoadingMiddleware
Zend\Expressive\Router\Middleware\RouteMiddleware
Zend\Expressive\Middleware\LazyLoadingMiddleware
Zend\Expressive\Router\Middleware\ImplicitHeadMiddleware
Zend\Expressive\Middleware\LazyLoadingMiddleware
Zend\Expressive\Router\Middleware\ImplicitOptionsMiddleware
Zend\Expressive\Middleware\LazyLoadingMiddleware
Zend\Expressive\Router\Middleware\MethodNotAllowedMiddleware
Zend\Expressive\Middleware\LazyLoadingMiddleware
Zend\Expressive\Helper\UrlHelperMiddleware
Zend\Expressive\Middleware\LazyLoadingMiddleware
Zend\Expressive\Router\Middleware\DispatchMiddleware
Zend\Expressive\Middleware\LazyLoadingMiddleware
Amazium\Identity\UI\Web\Page\LoginUsingGitlab
Zend\Expressive\Middleware\LazyLoadingMiddleware
Zend\Expressive\Authentication\AuthenticationMiddleware
Zend\Expressive\Middleware\LazyLoadingMiddleware
Zend\Expressive\Handler\NotFoundHandler
Zend\Expressive\Middleware\LazyLoadingMiddleware
Zend\Stratigility\Middleware\ErrorHandler
Zend\Expressive\Middleware\LazyLoadingMiddleware
Zend\Expressive\Helper\ServerUrlMiddleware
Zend\Expressive\Middleware\LazyLoadingMiddleware
Zend\Expressive\Session\SessionMiddleware
Zend\Expressive\Middleware\LazyLoadingMiddleware
Zend\Expressive\Router\Middleware\RouteMiddleware
Zend\Expressive\Middleware\LazyLoadingMiddleware
Zend\Expressive\Router\Middleware\ImplicitHeadMiddleware
Zend\Expressive\Middleware\LazyLoadingMiddleware
Zend\Expressive\Router\Middleware\ImplicitOptionsMiddleware
Zend\Expressive\Middleware\LazyLoadingMiddleware
Zend\Expressive\Router\Middleware\MethodNotAllowedMiddleware
Zend\Expressive\Middleware\LazyLoadingMiddleware
Zend\Expressive\Helper\UrlHelperMiddleware
Zend\Expressive\Middleware\LazyLoadingMiddleware
Zend\Expressive\Router\Middleware\DispatchMiddleware
Zend\Expressive\Middleware\LazyLoadingMiddleware
Amazium\Frontend\UI\Web\Page\Home
Zend\Expressive\Middleware\LazyLoadingMiddleware
Zend\Stratigility\Middleware\ErrorHandler
Zend\Expressive\Middleware\LazyLoadingMiddleware
Zend\Expressive\Helper\ServerUrlMiddleware
Zend\Expressive\Middleware\LazyLoadingMiddleware
Zend\Expressive\Session\SessionMiddleware
Zend\Expressive\Middleware\LazyLoadingMiddleware
Zend\Expressive\Router\Middleware\RouteMiddleware
Zend\Expressive\Middleware\LazyLoadingMiddleware
Zend\Expressive\Router\Middleware\ImplicitHeadMiddleware
Zend\Expressive\Middleware\LazyLoadingMiddleware
Zend\Expressive\Router\Middleware\ImplicitOptionsMiddleware
Zend\Expressive\Middleware\LazyLoadingMiddleware
Zend\Expressive\Router\Middleware\MethodNotAllowedMiddleware
Zend\Expressive\Middleware\LazyLoadingMiddleware
Zend\Expressive\Helper\UrlHelperMiddleware
Zend\Expressive\Middleware\LazyLoadingMiddleware
Zend\Expressive\Router\Middleware\DispatchMiddleware
Zend\Expressive\Middleware\LazyLoadingMiddleware
Amazium\Identity\UI\Web\Page\LoginUsingGitlab
Zend\Expressive\Middleware\LazyLoadingMiddleware
Zend\Stratigility\Middleware\ErrorHandler
Zend\Expressive\Middleware\LazyLoadingMiddleware
Zend\Expressive\Helper\ServerUrlMiddleware
Zend\Expressive\Middleware\LazyLoadingMiddleware
Zend\Expressive\Session\SessionMiddleware
Zend\Expressive\Middleware\LazyLoadingMiddleware
Zend\Expressive\Router\Middleware\RouteMiddleware
Zend\Expressive\Middleware\LazyLoadingMiddleware
Zend\Expressive\Router\Middleware\ImplicitHeadMiddleware
Zend\Expressive\Middleware\LazyLoadingMiddleware
Zend\Expressive\Router\Middleware\ImplicitOptionsMiddleware
Zend\Expressive\Middleware\LazyLoadingMiddleware
Zend\Expressive\Router\Middleware\MethodNotAllowedMiddleware
Zend\Expressive\Middleware\LazyLoadingMiddleware
Zend\Expressive\Helper\UrlHelperMiddleware
Zend\Expressive\Middleware\LazyLoadingMiddleware
Zend\Expressive\Router\Middleware\DispatchMiddleware
Zend\Expressive\Middleware\LazyLoadingMiddleware
Amazium\Frontend\UI\Web\Page\Home
Zend\Expressive\Middleware\LazyLoadingMiddleware
Zend\Stratigility\Middleware\ErrorHandler
Zend\Expressive\Middleware\LazyLoadingMiddleware
Zend\Expressive\Helper\ServerUrlMiddleware
Zend\Expressive\Middleware\LazyLoadingMiddleware
Zend\Expressive\Session\SessionMiddleware
Zend\Expressive\Middleware\LazyLoadingMiddleware
Zend\Expressive\Router\Middleware\RouteMiddleware
Zend\Expressive\Middleware\LazyLoadingMiddleware
Zend\Expressive\Router\Middleware\ImplicitHeadMiddleware
Zend\Expressive\Middleware\LazyLoadingMiddleware
Zend\Expressive\Router\Middleware\ImplicitOptionsMiddleware
Zend\Expressive\Middleware\LazyLoadingMiddleware
Zend\Expressive\Router\Middleware\MethodNotAllowedMiddleware
Zend\Expressive\Middleware\LazyLoadingMiddleware
Zend\Expressive\Helper\UrlHelperMiddleware
Zend\Expressive\Middleware\LazyLoadingMiddleware
Zend\Expressive\Router\Middleware\DispatchMiddleware
Zend\Expressive\Middleware\LazyLoadingMiddleware
Amazium\Frontend\UI\Web\Page\Home
Zend\Expressive\Middleware\LazyLoadingMiddleware
Zend\Stratigility\Middleware\ErrorHandler
Zend\Expressive\Middleware\LazyLoadingMiddleware
Zend\Expressive\Helper\ServerUrlMiddleware
Zend\Expressive\Middleware\LazyLoadingMiddleware
Zend\Expressive\Session\SessionMiddleware
Zend\Expressive\Middleware\LazyLoadingMiddleware
Amazium\Kernel\Application\Context\ApplicationContextMiddleware
Zend\Expressive\Middleware\LazyLoadingMiddleware
Zend\Stratigility\Middleware\ErrorHandler
Zend\Expressive\Middleware\LazyLoadingMiddleware
Zend\Expressive\Helper\ServerUrlMiddleware
Zend\Expressive\Middleware\LazyLoadingMiddleware
Zend\Expressive\Session\SessionMiddleware
Zend\Expressive\Middleware\LazyLoadingMiddleware
Amazium\Kernel\Application\Context\ApplicationContextMiddleware
Zend\Expressive\Middleware\LazyLoadingMiddleware
Zend\Stratigility\Middleware\ErrorHandler
Zend\Expressive\Middleware\LazyLoadingMiddleware
Zend\Expressive\Helper\ServerUrlMiddleware
Zend\Expressive\Middleware\LazyLoadingMiddleware
Zend\Expressive\Session\SessionMiddleware
Zend\Expressive\Middleware\LazyLoadingMiddleware
Amazium\Kernel\Application\Context\ApplicationContextMiddleware
Zend\Expressive\Middleware\LazyLoadingMiddleware
Zend\Stratigility\Middleware\ErrorHandler
Zend\Expressive\Middleware\LazyLoadingMiddleware
Zend\Expressive\Helper\ServerUrlMiddleware
Zend\Expressive\Middleware\LazyLoadingMiddleware
Zend\Expressive\Session\SessionMiddleware
Zend\Expressive\Middleware\LazyLoadingMiddleware
Amazium\Kernel\Application\Context\ApplicationContextMiddleware
Zend\Expressive\Middleware\LazyLoadingMiddleware
Zend\Expressive\Router\Middleware\RouteMiddleware
Zend\Expressive\Middleware\LazyLoadingMiddleware
Zend\Expressive\Router\Middleware\ImplicitHeadMiddleware
Zend\Expressive\Middleware\LazyLoadingMiddleware
Zend\Expressive\Router\Middleware\ImplicitOptionsMiddleware
Zend\Expressive\Middleware\LazyLoadingMiddleware
Zend\Expressive\Router\Middleware\MethodNotAllowedMiddleware
Zend\Expressive\Middleware\LazyLoadingMiddleware
Zend\Expressive\Helper\UrlHelperMiddleware
Zend\Expressive\Middleware\LazyLoadingMiddleware
Zend\Expressive\Router\Middleware\DispatchMiddleware
Zend\Expressive\Middleware\LazyLoadingMiddleware
Amazium\Frontend\UI\Web\Page\Home
Zend\Expressive\Middleware\LazyLoadingMiddleware
Zend\Stratigility\Middleware\ErrorHandler
Zend\Expressive\Middleware\LazyLoadingMiddleware
Zend\Expressive\Helper\ServerUrlMiddleware
Zend\Expressive\Middleware\LazyLoadingMiddleware
Zend\Expressive\Session\SessionMiddleware
Zend\Expressive\Middleware\LazyLoadingMiddleware
Amazium\Kernel\Application\Context\ApplicationContextMiddleware
Zend\Expressive\Middleware\LazyLoadingMiddleware
Zend\Expressive\Router\Middleware\RouteMiddleware
Zend\Expressive\Middleware\LazyLoadingMiddleware
Zend\Expressive\Router\Middleware\ImplicitHeadMiddleware
Zend\Expressive\Middleware\LazyLoadingMiddleware
Zend\Expressive\Router\Middleware\ImplicitOptionsMiddleware
Zend\Expressive\Middleware\LazyLoadingMiddleware
Zend\Expressive\Router\Middleware\MethodNotAllowedMiddleware
Zend\Expressive\Middleware\LazyLoadingMiddleware
Zend\Expressive\Helper\UrlHelperMiddleware
Zend\Expressive\Middleware\LazyLoadingMiddleware
Zend\Expressive\Router\Middleware\DispatchMiddleware
Zend\Expressive\Middleware\LazyLoadingMiddleware
Amazium\Frontend\UI\Web\Page\Home
Zend\Expressive\Middleware\LazyLoadingMiddleware
Zend\Stratigility\Middleware\ErrorHandler
Zend\Expressive\Middleware\LazyLoadingMiddleware
Zend\Expressive\Helper\ServerUrlMiddleware
Zend\Expressive\Middleware\LazyLoadingMiddleware
Zend\Expressive\Session\SessionMiddleware
Zend\Expressive\Middleware\LazyLoadingMiddleware
Amazium\Kernel\Application\Context\ApplicationContextMiddleware
Zend\Expressive\Middleware\LazyLoadingMiddleware
Zend\Expressive\Router\Middleware\RouteMiddleware
Zend\Expressive\Middleware\LazyLoadingMiddleware
Zend\Expressive\Router\Middleware\ImplicitHeadMiddleware
Zend\Expressive\Middleware\LazyLoadingMiddleware
Zend\Expressive\Router\Middleware\ImplicitOptionsMiddleware
Zend\Expressive\Middleware\LazyLoadingMiddleware
Zend\Expressive\Router\Middleware\MethodNotAllowedMiddleware
Zend\Expressive\Middleware\LazyLoadingMiddleware
Zend\Expressive\Helper\UrlHelperMiddleware
Zend\Expressive\Middleware\LazyLoadingMiddleware
Zend\Expressive\Router\Middleware\DispatchMiddleware
Zend\Expressive\Middleware\LazyLoadingMiddleware
Amazium\Frontend\UI\Web\Page\Home
Zend\Expressive\Middleware\LazyLoadingMiddleware
Zend\Stratigility\Middleware\ErrorHandler
Zend\Expressive\Middleware\LazyLoadingMiddleware
Zend\Expressive\Helper\ServerUrlMiddleware
Zend\Expressive\Middleware\LazyLoadingMiddleware
Zend\Expressive\Session\SessionMiddleware
Zend\Expressive\Middleware\LazyLoadingMiddleware
Amazium\Kernel\Application\Context\ApplicationContextMiddleware
Zend\Expressive\Middleware\LazyLoadingMiddleware
Zend\Expressive\Router\Middleware\RouteMiddleware
Zend\Expressive\Middleware\LazyLoadingMiddleware
Zend\Expressive\Router\Middleware\ImplicitHeadMiddleware
Zend\Expressive\Middleware\LazyLoadingMiddleware
Zend\Expressive\Router\Middleware\ImplicitOptionsMiddleware
Zend\Expressive\Middleware\LazyLoadingMiddleware
Zend\Expressive\Router\Middleware\MethodNotAllowedMiddleware
Zend\Expressive\Middleware\LazyLoadingMiddleware
Zend\Expressive\Helper\UrlHelperMiddleware
Zend\Expressive\Middleware\LazyLoadingMiddleware
Zend\Expressive\Router\Middleware\DispatchMiddleware
Zend\Expressive\Middleware\LazyLoadingMiddleware
Amazium\Frontend\UI\Web\Page\Home
Zend\Expressive\Middleware\LazyLoadingMiddleware
Zend\Stratigility\Middleware\ErrorHandler
Zend\Expressive\Middleware\LazyLoadingMiddleware
Zend\Expressive\Helper\ServerUrlMiddleware
Zend\Expressive\Middleware\LazyLoadingMiddleware
Zend\Expressive\Session\SessionMiddleware
Zend\Expressive\Middleware\LazyLoadingMiddleware
Amazium\Kernel\Application\Context\ApplicationContextMiddleware
Zend\Expressive\Middleware\LazyLoadingMiddleware
Zend\Expressive\Router\Middleware\RouteMiddleware
Zend\Expressive\Middleware\LazyLoadingMiddleware
Zend\Expressive\Router\Middleware\ImplicitHeadMiddleware
Zend\Expressive\Middleware\LazyLoadingMiddleware
Zend\Expressive\Router\Middleware\ImplicitOptionsMiddleware
Zend\Expressive\Middleware\LazyLoadingMiddleware
Zend\Expressive\Router\Middleware\MethodNotAllowedMiddleware
Zend\Expressive\Middleware\LazyLoadingMiddleware
Zend\Expressive\Helper\UrlHelperMiddleware
Zend\Expressive\Middleware\LazyLoadingMiddleware
Zend\Expressive\Router\Middleware\DispatchMiddleware
Zend\Expressive\Middleware\LazyLoadingMiddleware
Amazium\Frontend\UI\Web\Page\Home
Zend\Expressive\Middleware\LazyLoadingMiddleware
Zend\Stratigility\Middleware\ErrorHandler
Zend\Expressive\Middleware\LazyLoadingMiddleware
Zend\Expressive\Helper\ServerUrlMiddleware
Zend\Expressive\Middleware\LazyLoadingMiddleware
Zend\Expressive\Session\SessionMiddleware
Zend\Expressive\Middleware\LazyLoadingMiddleware
Amazium\Kernel\Application\Context\ApplicationContextMiddleware
Zend\Expressive\Middleware\LazyLoadingMiddleware
Zend\Expressive\Router\Middleware\RouteMiddleware
Zend\Expressive\Middleware\LazyLoadingMiddleware
Zend\Expressive\Router\Middleware\ImplicitHeadMiddleware
Zend\Expressive\Middleware\LazyLoadingMiddleware
Zend\Expressive\Router\Middleware\ImplicitOptionsMiddleware
Zend\Expressive\Middleware\LazyLoadingMiddleware
Zend\Expressive\Router\Middleware\MethodNotAllowedMiddleware
Zend\Expressive\Middleware\LazyLoadingMiddleware
Zend\Expressive\Helper\UrlHelperMiddleware
Zend\Expressive\Middleware\LazyLoadingMiddleware
Zend\Expressive\Router\Middleware\DispatchMiddleware
Zend\Expressive\Middleware\LazyLoadingMiddleware
Amazium\Frontend\UI\Web\Page\Home
Zend\Expressive\Middleware\LazyLoadingMiddleware
Zend\Stratigility\Middleware\ErrorHandler
Zend\Expressive\Middleware\LazyLoadingMiddleware
Zend\Expressive\Helper\ServerUrlMiddleware
Zend\Expressive\Middleware\LazyLoadingMiddleware
Zend\Expressive\Session\SessionMiddleware
Zend\Expressive\Middleware\LazyLoadingMiddleware
Amazium\Kernel\Application\Context\ApplicationContextMiddleware
Zend\Expressive\Middleware\LazyLoadingMiddleware
Zend\Expressive\Router\Middleware\RouteMiddleware
Zend\Expressive\Middleware\LazyLoadingMiddleware
Zend\Expressive\Router\Middleware\ImplicitHeadMiddleware
Zend\Expressive\Middleware\LazyLoadingMiddleware
Zend\Expressive\Router\Middleware\ImplicitOptionsMiddleware
Zend\Expressive\Middleware\LazyLoadingMiddleware
Zend\Expressive\Router\Middleware\MethodNotAllowedMiddleware
Zend\Expressive\Middleware\LazyLoadingMiddleware
Zend\Expressive\Helper\UrlHelperMiddleware
Zend\Expressive\Middleware\LazyLoadingMiddleware
Zend\Expressive\Router\Middleware\DispatchMiddleware
Zend\Expressive\Middleware\LazyLoadingMiddleware
Amazium\Frontend\UI\Web\Page\Home
Zend\Expressive\Middleware\LazyLoadingMiddleware
Zend\Stratigility\Middleware\ErrorHandler
Zend\Expressive\Middleware\LazyLoadingMiddleware
Zend\Expressive\Helper\ServerUrlMiddleware
Zend\Expressive\Middleware\LazyLoadingMiddleware
Zend\Expressive\Session\SessionMiddleware
Zend\Expressive\Middleware\LazyLoadingMiddleware
Amazium\Kernel\Application\Context\ApplicationContextMiddleware
Zend\Expressive\Middleware\LazyLoadingMiddleware
Zend\Expressive\Router\Middleware\RouteMiddleware
Zend\Expressive\Middleware\LazyLoadingMiddleware
Zend\Expressive\Router\Middleware\ImplicitHeadMiddleware
Zend\Expressive\Middleware\LazyLoadingMiddleware
Zend\Expressive\Router\Middleware\ImplicitOptionsMiddleware
Zend\Expressive\Middleware\LazyLoadingMiddleware
Zend\Expressive\Router\Middleware\MethodNotAllowedMiddleware
Zend\Expressive\Middleware\LazyLoadingMiddleware
Zend\Expressive\Helper\UrlHelperMiddleware
Zend\Expressive\Middleware\LazyLoadingMiddleware
Zend\Expressive\Router\Middleware\DispatchMiddleware
Zend\Expressive\Middleware\LazyLoadingMiddleware
Amazium\Frontend\UI\Web\Page\Home
Zend\Expressive\Middleware\LazyLoadingMiddleware
Zend\Stratigility\Middleware\ErrorHandler
Zend\Expressive\Middleware\LazyLoadingMiddleware
Zend\Expressive\Helper\ServerUrlMiddleware
Zend\Expressive\Middleware\LazyLoadingMiddleware
Zend\Expressive\Session\SessionMiddleware
Zend\Expressive\Middleware\LazyLoadingMiddleware
Amazium\Kernel\Application\Context\ApplicationContextMiddleware
Zend\Expressive\Middleware\LazyLoadingMiddleware
Zend\Expressive\Router\Middleware\RouteMiddleware
Zend\Expressive\Middleware\LazyLoadingMiddleware
Zend\Expressive\Router\Middleware\ImplicitHeadMiddleware
Zend\Expressive\Middleware\LazyLoadingMiddleware
Zend\Expressive\Router\Middleware\ImplicitOptionsMiddleware
Zend\Expressive\Middleware\LazyLoadingMiddleware
Zend\Expressive\Router\Middleware\MethodNotAllowedMiddleware
Zend\Expressive\Middleware\LazyLoadingMiddleware
Zend\Expressive\Helper\UrlHelperMiddleware
Zend\Expressive\Middleware\LazyLoadingMiddleware
Zend\Expressive\Router\Middleware\DispatchMiddleware
Zend\Expressive\Middleware\LazyLoadingMiddleware
Amazium\Frontend\UI\Web\Page\Home
Zend\Expressive\Middleware\LazyLoadingMiddleware
Zend\Stratigility\Middleware\ErrorHandler
Zend\Expressive\Middleware\LazyLoadingMiddleware
Zend\Expressive\Helper\ServerUrlMiddleware
Zend\Expressive\Middleware\LazyLoadingMiddleware
Zend\Expressive\Session\SessionMiddleware
Zend\Expressive\Middleware\LazyLoadingMiddleware
Amazium\Kernel\Application\Context\ApplicationContextMiddleware
Zend\Expressive\Middleware\LazyLoadingMiddleware
Zend\Expressive\Router\Middleware\RouteMiddleware
Zend\Expressive\Middleware\LazyLoadingMiddleware
Zend\Expressive\Router\Middleware\ImplicitHeadMiddleware
Zend\Expressive\Middleware\LazyLoadingMiddleware
Zend\Expressive\Router\Middleware\ImplicitOptionsMiddleware
Zend\Expressive\Middleware\LazyLoadingMiddleware
Zend\Expressive\Router\Middleware\MethodNotAllowedMiddleware
Zend\Expressive\Middleware\LazyLoadingMiddleware
Zend\Expressive\Helper\UrlHelperMiddleware
Zend\Expressive\Middleware\LazyLoadingMiddleware
Zend\Expressive\Router\Middleware\DispatchMiddleware
Zend\Expressive\Middleware\LazyLoadingMiddleware
Amazium\Frontend\UI\Web\Page\Home
Zend\Expressive\Middleware\LazyLoadingMiddleware
Zend\Stratigility\Middleware\ErrorHandler
Zend\Expressive\Middleware\LazyLoadingMiddleware
Zend\Expressive\Helper\ServerUrlMiddleware
Zend\Expressive\Middleware\LazyLoadingMiddleware
Zend\Expressive\Session\SessionMiddleware
Zend\Expressive\Middleware\LazyLoadingMiddleware
Amazium\Kernel\Application\Context\ApplicationContextMiddleware
Zend\Expressive\Middleware\LazyLoadingMiddleware
Zend\Expressive\Router\Middleware\RouteMiddleware
Zend\Expressive\Middleware\LazyLoadingMiddleware
Zend\Expressive\Router\Middleware\ImplicitHeadMiddleware
Zend\Expressive\Middleware\LazyLoadingMiddleware
Zend\Expressive\Router\Middleware\ImplicitOptionsMiddleware
Zend\Expressive\Middleware\LazyLoadingMiddleware
Zend\Expressive\Router\Middleware\MethodNotAllowedMiddleware
Zend\Expressive\Middleware\LazyLoadingMiddleware
Zend\Expressive\Helper\UrlHelperMiddleware
Zend\Expressive\Middleware\LazyLoadingMiddleware
Zend\Expressive\Router\Middleware\DispatchMiddleware
Zend\Expressive\Middleware\LazyLoadingMiddleware
Amazium\Frontend\UI\Web\Page\Home
Zend\Expressive\Middleware\LazyLoadingMiddleware
Zend\Stratigility\Middleware\ErrorHandler
Zend\Expressive\Middleware\LazyLoadingMiddleware
Zend\Expressive\Helper\ServerUrlMiddleware
Zend\Expressive\Middleware\LazyLoadingMiddleware
Zend\Expressive\Session\SessionMiddleware
Zend\Expressive\Middleware\LazyLoadingMiddleware
Amazium\Kernel\Application\Context\ApplicationContextMiddleware
Zend\Expressive\Middleware\LazyLoadingMiddleware
Zend\Expressive\Router\Middleware\RouteMiddleware
Zend\Expressive\Middleware\LazyLoadingMiddleware
Zend\Expressive\Router\Middleware\ImplicitHeadMiddleware
Zend\Expressive\Middleware\LazyLoadingMiddleware
Zend\Expressive\Router\Middleware\ImplicitOptionsMiddleware
Zend\Expressive\Middleware\LazyLoadingMiddleware
Zend\Expressive\Router\Middleware\MethodNotAllowedMiddleware
Zend\Expressive\Middleware\LazyLoadingMiddleware
Zend\Expressive\Helper\UrlHelperMiddleware
Zend\Expressive\Middleware\LazyLoadingMiddleware
Zend\Expressive\Router\Middleware\DispatchMiddleware
Zend\Expressive\Middleware\LazyLoadingMiddleware
Amazium\Frontend\UI\Web\Page\Home
Zend\Expressive\Middleware\LazyLoadingMiddleware
Zend\Stratigility\Middleware\ErrorHandler
Zend\Expressive\Middleware\LazyLoadingMiddleware
Zend\Expressive\Helper\ServerUrlMiddleware
Zend\Expressive\Middleware\LazyLoadingMiddleware
Zend\Expressive\Session\SessionMiddleware
Zend\Expressive\Middleware\LazyLoadingMiddleware
Amazium\Kernel\Application\Context\ApplicationContextMiddleware
Zend\Expressive\Middleware\LazyLoadingMiddleware
Zend\Expressive\Router\Middleware\RouteMiddleware
Zend\Expressive\Middleware\LazyLoadingMiddleware
Zend\Expressive\Router\Middleware\ImplicitHeadMiddleware
Zend\Expressive\Middleware\LazyLoadingMiddleware
Zend\Expressive\Router\Middleware\ImplicitOptionsMiddleware
Zend\Expressive\Middleware\LazyLoadingMiddleware
Zend\Expressive\Router\Middleware\MethodNotAllowedMiddleware
Zend\Expressive\Middleware\LazyLoadingMiddleware
Zend\Expressive\Helper\UrlHelperMiddleware
Zend\Expressive\Middleware\LazyLoadingMiddleware
Zend\Expressive\Router\Middleware\DispatchMiddleware
Zend\Expressive\Middleware\LazyLoadingMiddleware
Amazium\Identity\UI\Web\Page\Logout
Zend\Expressive\Middleware\LazyLoadingMiddleware
Zend\Stratigility\Middleware\ErrorHandler
Zend\Expressive\Middleware\LazyLoadingMiddleware
Zend\Expressive\Helper\ServerUrlMiddleware
Zend\Expressive\Middleware\LazyLoadingMiddleware
Zend\Expressive\Session\SessionMiddleware
Zend\Expressive\Middleware\LazyLoadingMiddleware
Amazium\Kernel\Application\Context\ApplicationContextMiddleware
Zend\Expressive\Middleware\LazyLoadingMiddleware
Zend\Expressive\Router\Middleware\RouteMiddleware
Zend\Expressive\Middleware\LazyLoadingMiddleware
Zend\Expressive\Router\Middleware\ImplicitHeadMiddleware
Zend\Expressive\Middleware\LazyLoadingMiddleware
Zend\Expressive\Router\Middleware\ImplicitOptionsMiddleware
Zend\Expressive\Middleware\LazyLoadingMiddleware
Zend\Expressive\Router\Middleware\MethodNotAllowedMiddleware
Zend\Expressive\Middleware\LazyLoadingMiddleware
Zend\Expressive\Helper\UrlHelperMiddleware
Zend\Expressive\Middleware\LazyLoadingMiddleware
Zend\Expressive\Router\Middleware\DispatchMiddleware
Zend\Expressive\Middleware\LazyLoadingMiddleware
Amazium\Frontend\UI\Web\Page\Home
Zend\Expressive\Middleware\LazyLoadingMiddleware
Zend\Stratigility\Middleware\ErrorHandler
Zend\Expressive\Middleware\LazyLoadingMiddleware
Zend\Expressive\Helper\ServerUrlMiddleware
Zend\Expressive\Middleware\LazyLoadingMiddleware
Zend\Expressive\Session\SessionMiddleware
Zend\Expressive\Middleware\LazyLoadingMiddleware
Amazium\Kernel\Application\Context\ApplicationContextMiddleware
Zend\Expressive\Middleware\LazyLoadingMiddleware
Zend\Expressive\Router\Middleware\RouteMiddleware
Zend\Expressive\Middleware\LazyLoadingMiddleware
Zend\Expressive\Router\Middleware\ImplicitHeadMiddleware
Zend\Expressive\Middleware\LazyLoadingMiddleware
Zend\Expressive\Router\Middleware\ImplicitOptionsMiddleware
Zend\Expressive\Middleware\LazyLoadingMiddleware
Zend\Expressive\Router\Middleware\MethodNotAllowedMiddleware
Zend\Expressive\Middleware\LazyLoadingMiddleware
Zend\Expressive\Helper\UrlHelperMiddleware
Zend\Expressive\Middleware\LazyLoadingMiddleware
Zend\Expressive\Router\Middleware\DispatchMiddleware
Zend\Expressive\Middleware\LazyLoadingMiddleware
Amazium\Identity\UI\Web\Page\Logout
Zend\Expressive\Middleware\LazyLoadingMiddleware
Zend\Stratigility\Middleware\ErrorHandler
Zend\Expressive\Middleware\LazyLoadingMiddleware
Zend\Expressive\Helper\ServerUrlMiddleware
Zend\Expressive\Middleware\LazyLoadingMiddleware
Zend\Expressive\Session\SessionMiddleware
Zend\Expressive\Middleware\LazyLoadingMiddleware
Amazium\Kernel\Application\Context\ApplicationContextMiddleware
Zend\Expressive\Middleware\LazyLoadingMiddleware
Zend\Expressive\Router\Middleware\RouteMiddleware
Zend\Expressive\Middleware\LazyLoadingMiddleware
Zend\Expressive\Router\Middleware\ImplicitHeadMiddleware
Zend\Expressive\Middleware\LazyLoadingMiddleware
Zend\Expressive\Router\Middleware\ImplicitOptionsMiddleware
Zend\Expressive\Middleware\LazyLoadingMiddleware
Zend\Expressive\Router\Middleware\MethodNotAllowedMiddleware
Zend\Expressive\Middleware\LazyLoadingMiddleware
Zend\Expressive\Helper\UrlHelperMiddleware
Zend\Expressive\Middleware\LazyLoadingMiddleware
Zend\Expressive\Router\Middleware\DispatchMiddleware
Zend\Expressive\Middleware\LazyLoadingMiddleware
Amazium\Frontend\UI\Web\Page\Home
Zend\Expressive\Middleware\LazyLoadingMiddleware
Zend\Stratigility\Middleware\ErrorHandler
Zend\Expressive\Middleware\LazyLoadingMiddleware
Zend\Expressive\Helper\ServerUrlMiddleware
Zend\Expressive\Middleware\LazyLoadingMiddleware
Zend\Expressive\Session\SessionMiddleware
Zend\Expressive\Middleware\LazyLoadingMiddleware
Amazium\Kernel\Application\Context\ApplicationContextMiddleware
Zend\Expressive\Middleware\LazyLoadingMiddleware
Zend\Expressive\Router\Middleware\RouteMiddleware
Zend\Expressive\Middleware\LazyLoadingMiddleware
Zend\Expressive\Router\Middleware\ImplicitHeadMiddleware
Zend\Expressive\Middleware\LazyLoadingMiddleware
Zend\Expressive\Router\Middleware\ImplicitOptionsMiddleware
Zend\Expressive\Middleware\LazyLoadingMiddleware
Zend\Expressive\Router\Middleware\MethodNotAllowedMiddleware
Zend\Expressive\Middleware\LazyLoadingMiddleware
Zend\Expressive\Helper\UrlHelperMiddleware
Zend\Expressive\Middleware\LazyLoadingMiddleware
Zend\Expressive\Router\Middleware\DispatchMiddleware
Zend\Expressive\Middleware\LazyLoadingMiddleware
Amazium\Identity\UI\Web\Page\LoginUsingGitlab
Zend\Expressive\Middleware\LazyLoadingMiddleware
Zend\Stratigility\Middleware\ErrorHandler
Zend\Expressive\Middleware\LazyLoadingMiddleware
Zend\Expressive\Helper\ServerUrlMiddleware
Zend\Expressive\Middleware\LazyLoadingMiddleware
Zend\Expressive\Session\SessionMiddleware
Zend\Expressive\Middleware\LazyLoadingMiddleware
Amazium\Kernel\Application\Context\ApplicationContextMiddleware
Zend\Expressive\Middleware\LazyLoadingMiddleware
Zend\Expressive\Router\Middleware\RouteMiddleware
Zend\Expressive\Middleware\LazyLoadingMiddleware
Zend\Expressive\Router\Middleware\ImplicitHeadMiddleware
Zend\Expressive\Middleware\LazyLoadingMiddleware
Zend\Expressive\Router\Middleware\ImplicitOptionsMiddleware
Zend\Expressive\Middleware\LazyLoadingMiddleware
Zend\Expressive\Router\Middleware\MethodNotAllowedMiddleware
Zend\Expressive\Middleware\LazyLoadingMiddleware
Zend\Expressive\Helper\UrlHelperMiddleware
Zend\Expressive\Middleware\LazyLoadingMiddleware
Zend\Expressive\Router\Middleware\DispatchMiddleware
Zend\Expressive\Middleware\LazyLoadingMiddleware
Amazium\Identity\UI\Web\Page\LoginUsingGitlab
Zend\Expressive\Middleware\LazyLoadingMiddleware
Zend\Expressive\Authentication\AuthenticationMiddleware
Zend\Expressive\Middleware\LazyLoadingMiddleware
Zend\Expressive\Handler\NotFoundHandler
Zend\Expressive\Middleware\LazyLoadingMiddleware
Zend\Stratigility\Middleware\ErrorHandler
Zend\Expressive\Middleware\LazyLoadingMiddleware
Zend\Expressive\Helper\ServerUrlMiddleware
Zend\Expressive\Middleware\LazyLoadingMiddleware
Zend\Expressive\Session\SessionMiddleware
Zend\Expressive\Middleware\LazyLoadingMiddleware
Amazium\Kernel\Application\Context\ApplicationContextMiddleware
Zend\Expressive\Middleware\LazyLoadingMiddleware
Zend\Expressive\Router\Middleware\RouteMiddleware
Zend\Expressive\Middleware\LazyLoadingMiddleware
Zend\Expressive\Router\Middleware\ImplicitHeadMiddleware
Zend\Expressive\Middleware\LazyLoadingMiddleware
Zend\Expressive\Router\Middleware\ImplicitOptionsMiddleware
Zend\Expressive\Middleware\LazyLoadingMiddleware
Zend\Expressive\Router\Middleware\MethodNotAllowedMiddleware
Zend\Expressive\Middleware\LazyLoadingMiddleware
Zend\Expressive\Helper\UrlHelperMiddleware
Zend\Expressive\Middleware\LazyLoadingMiddleware
Zend\Expressive\Router\Middleware\DispatchMiddleware
Zend\Expressive\Middleware\LazyLoadingMiddleware
Amazium\Frontend\UI\Web\Page\Home
Zend\Expressive\Middleware\LazyLoadingMiddleware
Zend\Stratigility\Middleware\ErrorHandler
Zend\Expressive\Middleware\LazyLoadingMiddleware
Zend\Expressive\Helper\ServerUrlMiddleware
Zend\Expressive\Middleware\LazyLoadingMiddleware
Zend\Expressive\Session\SessionMiddleware
Zend\Expressive\Middleware\LazyLoadingMiddleware
Amazium\Kernel\Application\Context\ApplicationContextMiddleware
Zend\Expressive\Middleware\LazyLoadingMiddleware
Zend\Expressive\Router\Middleware\RouteMiddleware
Zend\Expressive\Middleware\LazyLoadingMiddleware
Zend\Expressive\Router\Middleware\ImplicitHeadMiddleware
Zend\Expressive\Middleware\LazyLoadingMiddleware
Zend\Expressive\Router\Middleware\ImplicitOptionsMiddleware
Zend\Expressive\Middleware\LazyLoadingMiddleware
Zend\Expressive\Router\Middleware\MethodNotAllowedMiddleware
Zend\Expressive\Middleware\LazyLoadingMiddleware
Zend\Expressive\Helper\UrlHelperMiddleware
Zend\Expressive\Middleware\LazyLoadingMiddleware
Zend\Expressive\Router\Middleware\DispatchMiddleware
Zend\Expressive\Middleware\LazyLoadingMiddleware
Amazium\Frontend\UI\Web\Page\Home
Zend\Expressive\Middleware\LazyLoadingMiddleware
Zend\Stratigility\Middleware\ErrorHandler
Zend\Expressive\Middleware\LazyLoadingMiddleware
Zend\Expressive\Helper\ServerUrlMiddleware
Zend\Expressive\Middleware\LazyLoadingMiddleware
Zend\Expressive\Session\SessionMiddleware
Zend\Expressive\Middleware\LazyLoadingMiddleware
Amazium\Kernel\Application\Context\ApplicationContextMiddleware
Zend\Expressive\Middleware\LazyLoadingMiddleware
Zend\Expressive\Router\Middleware\RouteMiddleware
Zend\Expressive\Middleware\LazyLoadingMiddleware
Zend\Expressive\Router\Middleware\ImplicitHeadMiddleware
Zend\Expressive\Middleware\LazyLoadingMiddleware
Zend\Expressive\Router\Middleware\ImplicitOptionsMiddleware
Zend\Expressive\Middleware\LazyLoadingMiddleware
Zend\Expressive\Router\Middleware\MethodNotAllowedMiddleware
Zend\Expressive\Middleware\LazyLoadingMiddleware
Zend\Expressive\Helper\UrlHelperMiddleware
Zend\Expressive\Middleware\LazyLoadingMiddleware
Zend\Expressive\Router\Middleware\DispatchMiddleware
Zend\Expressive\Middleware\LazyLoadingMiddleware
Amazium\Identity\UI\Web\Page\Logout
Zend\Expressive\Middleware\LazyLoadingMiddleware
Zend\Stratigility\Middleware\ErrorHandler
Zend\Expressive\Middleware\LazyLoadingMiddleware
Zend\Expressive\Helper\ServerUrlMiddleware
Zend\Expressive\Middleware\LazyLoadingMiddleware
Zend\Expressive\Session\SessionMiddleware
Zend\Expressive\Middleware\LazyLoadingMiddleware
Amazium\Kernel\Application\Context\ApplicationContextMiddleware
Zend\Expressive\Middleware\LazyLoadingMiddleware
Zend\Expressive\Router\Middleware\RouteMiddleware
Zend\Expressive\Middleware\LazyLoadingMiddleware
Zend\Expressive\Router\Middleware\ImplicitHeadMiddleware
Zend\Expressive\Middleware\LazyLoadingMiddleware
Zend\Expressive\Router\Middleware\ImplicitOptionsMiddleware
Zend\Expressive\Middleware\LazyLoadingMiddleware
Zend\Expressive\Router\Middleware\MethodNotAllowedMiddleware
Zend\Expressive\Middleware\LazyLoadingMiddleware
Zend\Expressive\Helper\UrlHelperMiddleware
Zend\Expressive\Middleware\LazyLoadingMiddleware
Zend\Expressive\Router\Middleware\DispatchMiddleware
Zend\Expressive\Middleware\LazyLoadingMiddleware
Amazium\Frontend\UI\Web\Page\Home
Zend\Expressive\Middleware\LazyLoadingMiddleware
Zend\Stratigility\Middleware\ErrorHandler
Zend\Expressive\Middleware\LazyLoadingMiddleware
Zend\Expressive\Helper\ServerUrlMiddleware
Zend\Expressive\Middleware\LazyLoadingMiddleware
Zend\Expressive\Session\SessionMiddleware
Zend\Expressive\Middleware\LazyLoadingMiddleware
Amazium\Kernel\Application\Context\ApplicationContextMiddleware
Zend\Expressive\Middleware\LazyLoadingMiddleware
Zend\Expressive\Router\Middleware\RouteMiddleware
Zend\Expressive\Middleware\LazyLoadingMiddleware
Zend\Expressive\Router\Middleware\ImplicitHeadMiddleware
Zend\Expressive\Middleware\LazyLoadingMiddleware
Zend\Expressive\Router\Middleware\ImplicitOptionsMiddleware
Zend\Expressive\Middleware\LazyLoadingMiddleware
Zend\Expressive\Router\Middleware\MethodNotAllowedMiddleware
Zend\Expressive\Middleware\LazyLoadingMiddleware
Zend\Expressive\Helper\UrlHelperMiddleware
Zend\Expressive\Middleware\LazyLoadingMiddleware
Zend\Expressive\Router\Middleware\DispatchMiddleware
Zend\Expressive\Middleware\LazyLoadingMiddleware
Amazium\Frontend\UI\Web\Page\Home
Zend\Expressive\Middleware\LazyLoadingMiddleware
Zend\Stratigility\Middleware\ErrorHandler
Zend\Expressive\Middleware\LazyLoadingMiddleware
Zend\Expressive\Helper\ServerUrlMiddleware
Zend\Expressive\Middleware\LazyLoadingMiddleware
Zend\Expressive\Session\SessionMiddleware
Zend\Expressive\Middleware\LazyLoadingMiddleware
Amazium\Kernel\Application\Context\ApplicationContextMiddleware
Zend\Expressive\Middleware\LazyLoadingMiddleware
Zend\Expressive\Router\Middleware\RouteMiddleware
Zend\Expressive\Middleware\LazyLoadingMiddleware
Zend\Expressive\Router\Middleware\ImplicitHeadMiddleware
Zend\Expressive\Middleware\LazyLoadingMiddleware
Zend\Expressive\Router\Middleware\ImplicitOptionsMiddleware
Zend\Expressive\Middleware\LazyLoadingMiddleware
Zend\Expressive\Router\Middleware\MethodNotAllowedMiddleware
Zend\Expressive\Middleware\LazyLoadingMiddleware
Zend\Expressive\Helper\UrlHelperMiddleware
Zend\Expressive\Middleware\LazyLoadingMiddleware
Zend\Expressive\Router\Middleware\DispatchMiddleware
Zend\Expressive\Middleware\LazyLoadingMiddleware
Amazium\Identity\UI\Web\Page\Login
Zend\Expressive\Middleware\LazyLoadingMiddleware
Zend\Stratigility\Middleware\ErrorHandler
Zend\Expressive\Middleware\LazyLoadingMiddleware
Zend\Expressive\Helper\ServerUrlMiddleware
Zend\Expressive\Middleware\LazyLoadingMiddleware
Zend\Expressive\Session\SessionMiddleware
Zend\Expressive\Middleware\LazyLoadingMiddleware
Amazium\Kernel\Application\Context\ApplicationContextMiddleware
Zend\Expressive\Middleware\LazyLoadingMiddleware
Zend\Expressive\Router\Middleware\RouteMiddleware
Zend\Expressive\Middleware\LazyLoadingMiddleware
Zend\Expressive\Router\Middleware\ImplicitHeadMiddleware
Zend\Expressive\Middleware\LazyLoadingMiddleware
Zend\Expressive\Router\Middleware\ImplicitOptionsMiddleware
Zend\Expressive\Middleware\LazyLoadingMiddleware
Zend\Expressive\Router\Middleware\MethodNotAllowedMiddleware
Zend\Expressive\Middleware\LazyLoadingMiddleware
Zend\Expressive\Helper\UrlHelperMiddleware
Zend\Expressive\Middleware\LazyLoadingMiddleware
Zend\Expressive\Router\Middleware\DispatchMiddleware
Zend\Expressive\Middleware\LazyLoadingMiddleware
Amazium\Identity\UI\Web\Page\LoginUsingGitlab
Zend\Expressive\Middleware\LazyLoadingMiddleware
Zend\Stratigility\Middleware\ErrorHandler
Zend\Expressive\Middleware\LazyLoadingMiddleware
Zend\Expressive\Helper\ServerUrlMiddleware
Zend\Expressive\Middleware\LazyLoadingMiddleware
Zend\Expressive\Session\SessionMiddleware
Zend\Expressive\Middleware\LazyLoadingMiddleware
Amazium\Kernel\Application\Context\ApplicationContextMiddleware
Zend\Expressive\Middleware\LazyLoadingMiddleware
Zend\Expressive\Router\Middleware\RouteMiddleware
Zend\Expressive\Middleware\LazyLoadingMiddleware
Zend\Expressive\Router\Middleware\ImplicitHeadMiddleware
Zend\Expressive\Middleware\LazyLoadingMiddleware
Zend\Expressive\Router\Middleware\ImplicitOptionsMiddleware
Zend\Expressive\Middleware\LazyLoadingMiddleware
Zend\Expressive\Router\Middleware\MethodNotAllowedMiddleware
Zend\Expressive\Middleware\LazyLoadingMiddleware
Zend\Expressive\Helper\UrlHelperMiddleware
Zend\Expressive\Middleware\LazyLoadingMiddleware
Zend\Expressive\Router\Middleware\DispatchMiddleware
Zend\Expressive\Middleware\LazyLoadingMiddleware
Amazium\Identity\UI\Web\Page\LoginUsingGitlab
Zend\Expressive\Middleware\LazyLoadingMiddleware
Zend\Expressive\Authentication\AuthenticationMiddleware
Zend\Expressive\Middleware\LazyLoadingMiddleware
Zend\Expressive\Handler\NotFoundHandler
Zend\Expressive\Middleware\LazyLoadingMiddleware
Zend\Stratigility\Middleware\ErrorHandler
Zend\Expressive\Middleware\LazyLoadingMiddleware
Zend\Expressive\Helper\ServerUrlMiddleware
Zend\Expressive\Middleware\LazyLoadingMiddleware
Zend\Expressive\Session\SessionMiddleware
Zend\Expressive\Middleware\LazyLoadingMiddleware
Amazium\Kernel\Application\Context\ApplicationContextMiddleware
Zend\Expressive\Middleware\LazyLoadingMiddleware
Zend\Expressive\Router\Middleware\RouteMiddleware
Zend\Expressive\Middleware\LazyLoadingMiddleware
Zend\Expressive\Router\Middleware\ImplicitHeadMiddleware
Zend\Expressive\Middleware\LazyLoadingMiddleware
Zend\Expressive\Router\Middleware\ImplicitOptionsMiddleware
Zend\Expressive\Middleware\LazyLoadingMiddleware
Zend\Expressive\Router\Middleware\MethodNotAllowedMiddleware
Zend\Expressive\Middleware\LazyLoadingMiddleware
Zend\Expressive\Helper\UrlHelperMiddleware
Zend\Expressive\Middleware\LazyLoadingMiddleware
Zend\Expressive\Router\Middleware\DispatchMiddleware
Zend\Expressive\Middleware\LazyLoadingMiddleware
Amazium\Frontend\UI\Web\Page\Home
Zend\Expressive\Middleware\LazyLoadingMiddleware
Zend\Stratigility\Middleware\ErrorHandler
Zend\Expressive\Middleware\LazyLoadingMiddleware
Zend\Expressive\Helper\ServerUrlMiddleware
Zend\Expressive\Middleware\LazyLoadingMiddleware
Zend\Expressive\Session\SessionMiddleware
Zend\Expressive\Middleware\LazyLoadingMiddleware
Amazium\Kernel\Application\Context\ApplicationContextMiddleware
Zend\Expressive\Middleware\LazyLoadingMiddleware
Zend\Expressive\Router\Middleware\RouteMiddleware
Zend\Expressive\Middleware\LazyLoadingMiddleware
Zend\Expressive\Router\Middleware\ImplicitHeadMiddleware
Zend\Expressive\Middleware\LazyLoadingMiddleware
Zend\Expressive\Router\Middleware\ImplicitOptionsMiddleware
Zend\Expressive\Middleware\LazyLoadingMiddleware
Zend\Expressive\Router\Middleware\MethodNotAllowedMiddleware
Zend\Expressive\Middleware\LazyLoadingMiddleware
Zend\Expressive\Helper\UrlHelperMiddleware
Zend\Expressive\Middleware\LazyLoadingMiddleware
Zend\Expressive\Router\Middleware\DispatchMiddleware
Zend\Expressive\Middleware\LazyLoadingMiddleware
Amazium\Identity\UI\Web\Page\Logout
Zend\Expressive\Middleware\LazyLoadingMiddleware
Zend\Stratigility\Middleware\ErrorHandler
Zend\Expressive\Middleware\LazyLoadingMiddleware
Zend\Expressive\Helper\ServerUrlMiddleware
Zend\Expressive\Middleware\LazyLoadingMiddleware
Zend\Expressive\Session\SessionMiddleware
Zend\Expressive\Middleware\LazyLoadingMiddleware
Amazium\Kernel\Application\Context\ApplicationContextMiddleware
Zend\Expressive\Middleware\LazyLoadingMiddleware
Zend\Expressive\Router\Middleware\RouteMiddleware
Zend\Expressive\Middleware\LazyLoadingMiddleware
Zend\Expressive\Router\Middleware\ImplicitHeadMiddleware
Zend\Expressive\Middleware\LazyLoadingMiddleware
Zend\Expressive\Router\Middleware\ImplicitOptionsMiddleware
Zend\Expressive\Middleware\LazyLoadingMiddleware
Zend\Expressive\Router\Middleware\MethodNotAllowedMiddleware
Zend\Expressive\Middleware\LazyLoadingMiddleware
Zend\Expressive\Helper\UrlHelperMiddleware
Zend\Expressive\Middleware\LazyLoadingMiddleware
Zend\Expressive\Router\Middleware\DispatchMiddleware
Zend\Expressive\Middleware\LazyLoadingMiddleware
Amazium\Frontend\UI\Web\Page\Home
Zend\Expressive\Middleware\LazyLoadingMiddleware
Zend\Stratigility\Middleware\ErrorHandler
Zend\Expressive\Middleware\LazyLoadingMiddleware
Zend\Expressive\Helper\ServerUrlMiddleware
Zend\Expressive\Middleware\LazyLoadingMiddleware
Zend\Expressive\Session\SessionMiddleware
Zend\Expressive\Middleware\LazyLoadingMiddleware
Amazium\Kernel\Application\Context\ApplicationContextMiddleware
Zend\Expressive\Middleware\LazyLoadingMiddleware
Zend\Expressive\Router\Middleware\RouteMiddleware
Zend\Expressive\Middleware\LazyLoadingMiddleware
Zend\Expressive\Router\Middleware\ImplicitHeadMiddleware
Zend\Expressive\Middleware\LazyLoadingMiddleware
Zend\Expressive\Router\Middleware\ImplicitOptionsMiddleware
Zend\Expressive\Middleware\LazyLoadingMiddleware
Zend\Expressive\Router\Middleware\MethodNotAllowedMiddleware
Zend\Expressive\Middleware\LazyLoadingMiddleware
Zend\Expressive\Helper\UrlHelperMiddleware
Zend\Expressive\Middleware\LazyLoadingMiddleware
Zend\Expressive\Router\Middleware\DispatchMiddleware
Zend\Expressive\Middleware\LazyLoadingMiddleware
Amazium\Identity\UI\Web\Page\Login
Zend\Expressive\Middleware\LazyLoadingMiddleware
Zend\Stratigility\Middleware\ErrorHandler
Zend\Expressive\Middleware\LazyLoadingMiddleware
Zend\Expressive\Helper\ServerUrlMiddleware
Zend\Expressive\Middleware\LazyLoadingMiddleware
Zend\Expressive\Session\SessionMiddleware
Zend\Expressive\Middleware\LazyLoadingMiddleware
Amazium\Kernel\Application\Context\ApplicationContextMiddleware
Zend\Expressive\Middleware\LazyLoadingMiddleware
Zend\Expressive\Router\Middleware\RouteMiddleware
Zend\Expressive\Middleware\LazyLoadingMiddleware
Zend\Expressive\Router\Middleware\ImplicitHeadMiddleware
Zend\Expressive\Middleware\LazyLoadingMiddleware
Zend\Expressive\Router\Middleware\ImplicitOptionsMiddleware
Zend\Expressive\Middleware\LazyLoadingMiddleware
Zend\Expressive\Router\Middleware\MethodNotAllowedMiddleware
Zend\Expressive\Middleware\LazyLoadingMiddleware
Zend\Expressive\Helper\UrlHelperMiddleware
Zend\Expressive\Middleware\LazyLoadingMiddleware
Zend\Expressive\Router\Middleware\DispatchMiddleware
Zend\Expressive\Middleware\LazyLoadingMiddleware
Amazium\Identity\UI\Web\Page\Login
Zend\Expressive\Middleware\LazyLoadingMiddleware
Zend\Expressive\Authentication\AuthenticationMiddleware
Zend\Expressive\Middleware\LazyLoadingMiddleware
Zend\Expressive\Handler\NotFoundHandler
Zend\Expressive\Middleware\LazyLoadingMiddleware
Zend\Stratigility\Middleware\ErrorHandler
Zend\Expressive\Middleware\LazyLoadingMiddleware
Zend\Expressive\Helper\ServerUrlMiddleware
Zend\Expressive\Middleware\LazyLoadingMiddleware
Zend\Expressive\Session\SessionMiddleware
Zend\Expressive\Middleware\LazyLoadingMiddleware
Amazium\Kernel\Application\Context\ApplicationContextMiddleware
Zend\Expressive\Middleware\LazyLoadingMiddleware
Zend\Expressive\Router\Middleware\RouteMiddleware
Zend\Expressive\Middleware\LazyLoadingMiddleware
Zend\Expressive\Router\Middleware\ImplicitHeadMiddleware
Zend\Expressive\Middleware\LazyLoadingMiddleware
Zend\Expressive\Router\Middleware\ImplicitOptionsMiddleware
Zend\Expressive\Middleware\LazyLoadingMiddleware
Zend\Expressive\Router\Middleware\MethodNotAllowedMiddleware
Zend\Expressive\Middleware\LazyLoadingMiddleware
Zend\Expressive\Helper\UrlHelperMiddleware
Zend\Expressive\Middleware\LazyLoadingMiddleware
Zend\Expressive\Router\Middleware\DispatchMiddleware
Zend\Expressive\Middleware\LazyLoadingMiddleware
Amazium\Frontend\UI\Web\Page\Home
Zend\Expressive\Middleware\LazyLoadingMiddleware
Zend\Stratigility\Middleware\ErrorHandler
Zend\Expressive\Middleware\LazyLoadingMiddleware
Zend\Expressive\Helper\ServerUrlMiddleware
Zend\Expressive\Middleware\LazyLoadingMiddleware
Zend\Expressive\Session\SessionMiddleware
Zend\Expressive\Middleware\LazyLoadingMiddleware
Amazium\Kernel\Application\Context\ApplicationContextMiddleware
Zend\Expressive\Middleware\LazyLoadingMiddleware
Zend\Expressive\Router\Middleware\RouteMiddleware
Zend\Expressive\Middleware\LazyLoadingMiddleware
Zend\Expressive\Router\Middleware\ImplicitHeadMiddleware
Zend\Expressive\Middleware\LazyLoadingMiddleware
Zend\Expressive\Router\Middleware\ImplicitOptionsMiddleware
Zend\Expressive\Middleware\LazyLoadingMiddleware
Zend\Expressive\Router\Middleware\MethodNotAllowedMiddleware
Zend\Expressive\Middleware\LazyLoadingMiddleware
Zend\Expressive\Helper\UrlHelperMiddleware
Zend\Expressive\Middleware\LazyLoadingMiddleware
Zend\Expressive\Router\Middleware\DispatchMiddleware
Zend\Expressive\Middleware\LazyLoadingMiddleware
Amazium\Identity\UI\Web\Page\Logout
Zend\Expressive\Middleware\LazyLoadingMiddleware
Zend\Stratigility\Middleware\ErrorHandler
Zend\Expressive\Middleware\LazyLoadingMiddleware
Zend\Expressive\Helper\ServerUrlMiddleware
Zend\Expressive\Middleware\LazyLoadingMiddleware
Zend\Expressive\Session\SessionMiddleware
Zend\Expressive\Middleware\LazyLoadingMiddleware
Amazium\Kernel\Application\Context\ApplicationContextMiddleware
Zend\Expressive\Middleware\LazyLoadingMiddleware
Zend\Expressive\Router\Middleware\RouteMiddleware
Zend\Expressive\Middleware\LazyLoadingMiddleware
Zend\Expressive\Router\Middleware\ImplicitHeadMiddleware
Zend\Expressive\Middleware\LazyLoadingMiddleware
Zend\Expressive\Router\Middleware\ImplicitOptionsMiddleware
Zend\Expressive\Middleware\LazyLoadingMiddleware
Zend\Expressive\Router\Middleware\MethodNotAllowedMiddleware
Zend\Expressive\Middleware\LazyLoadingMiddleware
Zend\Expressive\Helper\UrlHelperMiddleware
Zend\Expressive\Middleware\LazyLoadingMiddleware
Zend\Expressive\Router\Middleware\DispatchMiddleware
Zend\Expressive\Middleware\LazyLoadingMiddleware
Amazium\Frontend\UI\Web\Page\Home
Zend\Expressive\Middleware\LazyLoadingMiddleware
Zend\Stratigility\Middleware\ErrorHandler
Zend\Expressive\Middleware\LazyLoadingMiddleware
Zend\Expressive\Helper\ServerUrlMiddleware
Zend\Expressive\Middleware\LazyLoadingMiddleware
Zend\Expressive\Session\SessionMiddleware
Zend\Expressive\Middleware\LazyLoadingMiddleware
Amazium\Kernel\Application\Context\ApplicationContextMiddleware
Zend\Expressive\Middleware\LazyLoadingMiddleware
Zend\Expressive\Router\Middleware\RouteMiddleware
Zend\Expressive\Middleware\LazyLoadingMiddleware
Zend\Expressive\Router\Middleware\ImplicitHeadMiddleware
Zend\Expressive\Middleware\LazyLoadingMiddleware
Zend\Expressive\Router\Middleware\ImplicitOptionsMiddleware
Zend\Expressive\Middleware\LazyLoadingMiddleware
Zend\Expressive\Router\Middleware\MethodNotAllowedMiddleware
Zend\Expressive\Middleware\LazyLoadingMiddleware
Zend\Expressive\Helper\UrlHelperMiddleware
Zend\Expressive\Middleware\LazyLoadingMiddleware
Zend\Expressive\Router\Middleware\DispatchMiddleware
Zend\Expressive\Middleware\LazyLoadingMiddleware
Amazium\Identity\UI\Web\Page\Login
Zend\Expressive\Middleware\LazyLoadingMiddleware
Zend\Stratigility\Middleware\ErrorHandler
Zend\Expressive\Middleware\LazyLoadingMiddleware
Zend\Expressive\Helper\ServerUrlMiddleware
Zend\Expressive\Middleware\LazyLoadingMiddleware
Zend\Expressive\Session\SessionMiddleware
Zend\Expressive\Middleware\LazyLoadingMiddleware
Amazium\Kernel\Application\Context\ApplicationContextMiddleware
Zend\Expressive\Middleware\LazyLoadingMiddleware
Zend\Expressive\Router\Middleware\RouteMiddleware
Zend\Expressive\Middleware\LazyLoadingMiddleware
Zend\Expressive\Router\Middleware\ImplicitHeadMiddleware
Zend\Expressive\Middleware\LazyLoadingMiddleware
Zend\Expressive\Router\Middleware\ImplicitOptionsMiddleware
Zend\Expressive\Middleware\LazyLoadingMiddleware
Zend\Expressive\Router\Middleware\MethodNotAllowedMiddleware
Zend\Expressive\Middleware\LazyLoadingMiddleware
Zend\Expressive\Helper\UrlHelperMiddleware
Zend\Expressive\Middleware\LazyLoadingMiddleware
Zend\Expressive\Router\Middleware\DispatchMiddleware
Zend\Expressive\Middleware\LazyLoadingMiddleware
Amazium\Identity\UI\Web\Page\LoginUsingGitlab
Zend\Expressive\Middleware\LazyLoadingMiddleware
Zend\Stratigility\Middleware\ErrorHandler
Zend\Expressive\Middleware\LazyLoadingMiddleware
Zend\Expressive\Helper\ServerUrlMiddleware
Zend\Expressive\Middleware\LazyLoadingMiddleware
Zend\Expressive\Session\SessionMiddleware
Zend\Expressive\Middleware\LazyLoadingMiddleware
Amazium\Kernel\Application\Context\ApplicationContextMiddleware
Zend\Expressive\Middleware\LazyLoadingMiddleware
Zend\Expressive\Router\Middleware\RouteMiddleware
Zend\Expressive\Middleware\LazyLoadingMiddleware
Zend\Expressive\Router\Middleware\ImplicitHeadMiddleware
Zend\Expressive\Middleware\LazyLoadingMiddleware
Zend\Expressive\Router\Middleware\ImplicitOptionsMiddleware
Zend\Expressive\Middleware\LazyLoadingMiddleware
Zend\Expressive\Router\Middleware\MethodNotAllowedMiddleware
Zend\Expressive\Middleware\LazyLoadingMiddleware
Zend\Expressive\Helper\UrlHelperMiddleware
Zend\Expressive\Middleware\LazyLoadingMiddleware
Zend\Expressive\Router\Middleware\DispatchMiddleware
Zend\Expressive\Middleware\LazyLoadingMiddleware
Amazium\Identity\UI\Web\Page\LoginUsingGitlab
Zend\Expressive\Middleware\LazyLoadingMiddleware
Zend\Expressive\Authentication\AuthenticationMiddleware
Zend\Expressive\Middleware\LazyLoadingMiddleware
Zend\Stratigility\Middleware\ErrorHandler
Zend\Expressive\Middleware\LazyLoadingMiddleware
Zend\Expressive\Helper\ServerUrlMiddleware
Zend\Expressive\Middleware\LazyLoadingMiddleware
Zend\Expressive\Session\SessionMiddleware
Zend\Expressive\Middleware\LazyLoadingMiddleware
Amazium\Kernel\Application\Context\ApplicationContextMiddleware
Zend\Expressive\Middleware\LazyLoadingMiddleware
Zend\Expressive\Router\Middleware\RouteMiddleware
Zend\Expressive\Middleware\LazyLoadingMiddleware
Zend\Expressive\Router\Middleware\ImplicitHeadMiddleware
Zend\Expressive\Middleware\LazyLoadingMiddleware
Zend\Expressive\Router\Middleware\ImplicitOptionsMiddleware
Zend\Expressive\Middleware\LazyLoadingMiddleware
Zend\Expressive\Router\Middleware\MethodNotAllowedMiddleware
Zend\Expressive\Middleware\LazyLoadingMiddleware
Zend\Expressive\Helper\UrlHelperMiddleware
Zend\Expressive\Middleware\LazyLoadingMiddleware
Zend\Expressive\Router\Middleware\DispatchMiddleware
Zend\Expressive\Middleware\LazyLoadingMiddleware
Amazium\Identity\UI\Web\Page\LoginUsingGitlab
Zend\Expressive\Middleware\LazyLoadingMiddleware
Zend\Stratigility\Middleware\ErrorHandler
Zend\Expressive\Middleware\LazyLoadingMiddleware
Zend\Expressive\Helper\ServerUrlMiddleware
Zend\Expressive\Middleware\LazyLoadingMiddleware
Zend\Expressive\Session\SessionMiddleware
Zend\Expressive\Middleware\LazyLoadingMiddleware
Amazium\Kernel\Application\Context\ApplicationContextMiddleware
Zend\Expressive\Middleware\LazyLoadingMiddleware
Zend\Expressive\Router\Middleware\RouteMiddleware
Zend\Expressive\Middleware\LazyLoadingMiddleware
Zend\Expressive\Router\Middleware\ImplicitHeadMiddleware
Zend\Expressive\Middleware\LazyLoadingMiddleware
Zend\Expressive\Router\Middleware\ImplicitOptionsMiddleware
Zend\Expressive\Middleware\LazyLoadingMiddleware
Zend\Expressive\Router\Middleware\MethodNotAllowedMiddleware
Zend\Expressive\Middleware\LazyLoadingMiddleware
Zend\Expressive\Helper\UrlHelperMiddleware
Zend\Expressive\Middleware\LazyLoadingMiddleware
Zend\Expressive\Router\Middleware\DispatchMiddleware
Zend\Expressive\Middleware\LazyLoadingMiddleware
Amazium\Identity\UI\Web\Page\LoginUsingGitlab
Zend\Expressive\Middleware\LazyLoadingMiddleware
Zend\Stratigility\Middleware\ErrorHandler
Zend\Expressive\Middleware\LazyLoadingMiddleware
Zend\Expressive\Helper\ServerUrlMiddleware
Zend\Expressive\Middleware\LazyLoadingMiddleware
Zend\Expressive\Session\SessionMiddleware
Zend\Expressive\Middleware\LazyLoadingMiddleware
Amazium\Kernel\Application\Context\ApplicationContextMiddleware
Zend\Expressive\Middleware\LazyLoadingMiddleware
Zend\Expressive\Router\Middleware\RouteMiddleware
Zend\Expressive\Middleware\LazyLoadingMiddleware
Zend\Expressive\Router\Middleware\ImplicitHeadMiddleware
Zend\Expressive\Middleware\LazyLoadingMiddleware
Zend\Expressive\Router\Middleware\ImplicitOptionsMiddleware
Zend\Expressive\Middleware\LazyLoadingMiddleware
Zend\Expressive\Router\Middleware\MethodNotAllowedMiddleware
Zend\Expressive\Middleware\LazyLoadingMiddleware
Zend\Expressive\Helper\UrlHelperMiddleware
Zend\Expressive\Middleware\LazyLoadingMiddleware
Zend\Expressive\Router\Middleware\DispatchMiddleware
Zend\Expressive\Middleware\LazyLoadingMiddleware
Amazium\Identity\UI\Web\Page\LoginUsingGitlab
Zend\Expressive\Middleware\LazyLoadingMiddleware
Zend\Stratigility\Middleware\ErrorHandler
Zend\Expressive\Middleware\LazyLoadingMiddleware
Zend\Expressive\Helper\ServerUrlMiddleware
Zend\Expressive\Middleware\LazyLoadingMiddleware
Zend\Expressive\Session\SessionMiddleware
Zend\Expressive\Middleware\LazyLoadingMiddleware
Amazium\Kernel\Application\Context\ApplicationContextMiddleware
Zend\Expressive\Middleware\LazyLoadingMiddleware
Zend\Expressive\Router\Middleware\RouteMiddleware
Zend\Expressive\Middleware\LazyLoadingMiddleware
Zend\Expressive\Router\Middleware\ImplicitHeadMiddleware
Zend\Expressive\Middleware\LazyLoadingMiddleware
Zend\Expressive\Router\Middleware\ImplicitOptionsMiddleware
Zend\Expressive\Middleware\LazyLoadingMiddleware
Zend\Expressive\Router\Middleware\MethodNotAllowedMiddleware
Zend\Expressive\Middleware\LazyLoadingMiddleware
Zend\Expressive\Helper\UrlHelperMiddleware
Zend\Expressive\Middleware\LazyLoadingMiddleware
Zend\Expressive\Router\Middleware\DispatchMiddleware
Zend\Expressive\Middleware\LazyLoadingMiddleware
Amazium\Identity\UI\Web\Page\LoginUsingGitlab
Zend\Expressive\Middleware\LazyLoadingMiddleware
Zend\Expressive\Authentication\AuthenticationMiddleware
Zend\Expressive\Middleware\LazyLoadingMiddleware
Zend\Stratigility\Middleware\ErrorHandler
Zend\Expressive\Middleware\LazyLoadingMiddleware
Zend\Expressive\Helper\ServerUrlMiddleware
Zend\Expressive\Middleware\LazyLoadingMiddleware
Zend\Expressive\Session\SessionMiddleware
Zend\Expressive\Middleware\LazyLoadingMiddleware
Amazium\Kernel\Application\Context\ApplicationContextMiddleware
Zend\Expressive\Middleware\LazyLoadingMiddleware
Zend\Expressive\Router\Middleware\RouteMiddleware
Zend\Expressive\Middleware\LazyLoadingMiddleware
Zend\Expressive\Router\Middleware\ImplicitHeadMiddleware
Zend\Expressive\Middleware\LazyLoadingMiddleware
Zend\Expressive\Router\Middleware\ImplicitOptionsMiddleware
Zend\Expressive\Middleware\LazyLoadingMiddleware
Zend\Expressive\Router\Middleware\MethodNotAllowedMiddleware
Zend\Expressive\Middleware\LazyLoadingMiddleware
Zend\Expressive\Helper\UrlHelperMiddleware
Zend\Expressive\Middleware\LazyLoadingMiddleware
Zend\Expressive\Router\Middleware\DispatchMiddleware
Zend\Expressive\Middleware\LazyLoadingMiddleware
Amazium\Identity\UI\Web\Page\LoginUsingGitlab
Zend\Expressive\Middleware\LazyLoadingMiddleware
Zend\Stratigility\Middleware\ErrorHandler
Zend\Expressive\Middleware\LazyLoadingMiddleware
Zend\Expressive\Helper\ServerUrlMiddleware
Zend\Expressive\Middleware\LazyLoadingMiddleware
Zend\Expressive\Session\SessionMiddleware
Zend\Expressive\Middleware\LazyLoadingMiddleware
Amazium\Kernel\Application\Context\ApplicationContextMiddleware
Zend\Expressive\Middleware\LazyLoadingMiddleware
Zend\Expressive\Router\Middleware\RouteMiddleware
Zend\Expressive\Middleware\LazyLoadingMiddleware
Zend\Expressive\Router\Middleware\ImplicitHeadMiddleware
Zend\Expressive\Middleware\LazyLoadingMiddleware
Zend\Expressive\Router\Middleware\ImplicitOptionsMiddleware
Zend\Expressive\Middleware\LazyLoadingMiddleware
Zend\Expressive\Router\Middleware\MethodNotAllowedMiddleware
Zend\Expressive\Middleware\LazyLoadingMiddleware
Zend\Expressive\Helper\UrlHelperMiddleware
Zend\Expressive\Middleware\LazyLoadingMiddleware
Zend\Expressive\Router\Middleware\DispatchMiddleware
Zend\Expressive\Middleware\LazyLoadingMiddleware
Amazium\Identity\UI\Web\Page\LoginUsingGitlab
Zend\Expressive\Middleware\LazyLoadingMiddleware
Zend\Stratigility\Middleware\ErrorHandler
Zend\Expressive\Middleware\LazyLoadingMiddleware
Zend\Expressive\Helper\ServerUrlMiddleware
Zend\Expressive\Middleware\LazyLoadingMiddleware
Zend\Expressive\Session\SessionMiddleware
Zend\Expressive\Middleware\LazyLoadingMiddleware
Amazium\Kernel\Application\Context\ApplicationContextMiddleware
Zend\Expressive\Middleware\LazyLoadingMiddleware
Zend\Expressive\Router\Middleware\RouteMiddleware
Zend\Expressive\Middleware\LazyLoadingMiddleware
Zend\Expressive\Router\Middleware\ImplicitHeadMiddleware
Zend\Expressive\Middleware\LazyLoadingMiddleware
Zend\Expressive\Router\Middleware\ImplicitOptionsMiddleware
Zend\Expressive\Middleware\LazyLoadingMiddleware
Zend\Expressive\Router\Middleware\MethodNotAllowedMiddleware
Zend\Expressive\Middleware\LazyLoadingMiddleware
Zend\Expressive\Helper\UrlHelperMiddleware
Zend\Expressive\Middleware\LazyLoadingMiddleware
Zend\Expressive\Router\Middleware\DispatchMiddleware
Zend\Expressive\Middleware\LazyLoadingMiddleware
Amazium\Identity\UI\Web\Page\LoginUsingGitlab
Zend\Expressive\Middleware\LazyLoadingMiddleware
Zend\Expressive\Authentication\AuthenticationMiddleware
Zend\Expressive\Middleware\LazyLoadingMiddleware
Zend\Stratigility\Middleware\ErrorHandler
Zend\Expressive\Middleware\LazyLoadingMiddleware
Zend\Expressive\Helper\ServerUrlMiddleware
Zend\Expressive\Middleware\LazyLoadingMiddleware
Zend\Expressive\Session\SessionMiddleware
Zend\Expressive\Middleware\LazyLoadingMiddleware
Amazium\Kernel\Application\Context\ApplicationContextMiddleware
Zend\Expressive\Middleware\LazyLoadingMiddleware
Zend\Expressive\Router\Middleware\RouteMiddleware
Zend\Expressive\Middleware\LazyLoadingMiddleware
Zend\Expressive\Router\Middleware\ImplicitHeadMiddleware
Zend\Expressive\Middleware\LazyLoadingMiddleware
Zend\Expressive\Router\Middleware\ImplicitOptionsMiddleware
Zend\Expressive\Middleware\LazyLoadingMiddleware
Zend\Expressive\Router\Middleware\MethodNotAllowedMiddleware
Zend\Expressive\Middleware\LazyLoadingMiddleware
Zend\Expressive\Helper\UrlHelperMiddleware
Zend\Expressive\Middleware\LazyLoadingMiddleware
Zend\Expressive\Router\Middleware\DispatchMiddleware
Zend\Expressive\Middleware\LazyLoadingMiddleware
Amazium\Identity\UI\Web\Page\Login
Zend\Expressive\Middleware\LazyLoadingMiddleware
Zend\Stratigility\Middleware\ErrorHandler
Zend\Expressive\Middleware\LazyLoadingMiddleware
Zend\Expressive\Helper\ServerUrlMiddleware
Zend\Expressive\Middleware\LazyLoadingMiddleware
Zend\Expressive\Session\SessionMiddleware
Zend\Expressive\Middleware\LazyLoadingMiddleware
Amazium\Kernel\Application\Context\ApplicationContextMiddleware
Zend\Expressive\Middleware\LazyLoadingMiddleware
Zend\Expressive\Router\Middleware\RouteMiddleware
Zend\Expressive\Middleware\LazyLoadingMiddleware
Zend\Expressive\Router\Middleware\ImplicitHeadMiddleware
Zend\Expressive\Middleware\LazyLoadingMiddleware
Zend\Expressive\Router\Middleware\ImplicitOptionsMiddleware
Zend\Expressive\Middleware\LazyLoadingMiddleware
Zend\Expressive\Router\Middleware\MethodNotAllowedMiddleware
Zend\Expressive\Middleware\LazyLoadingMiddleware
Zend\Expressive\Helper\UrlHelperMiddleware
Zend\Expressive\Middleware\LazyLoadingMiddleware
Zend\Expressive\Router\Middleware\DispatchMiddleware
Zend\Expressive\Middleware\LazyLoadingMiddleware
Amazium\Identity\UI\Web\Page\LoginUsingGitlab
Zend\Expressive\Middleware\LazyLoadingMiddleware
Zend\Stratigility\Middleware\ErrorHandler
Zend\Expressive\Middleware\LazyLoadingMiddleware
Zend\Expressive\Helper\ServerUrlMiddleware
Zend\Expressive\Middleware\LazyLoadingMiddleware
Zend\Expressive\Session\SessionMiddleware
Zend\Expressive\Middleware\LazyLoadingMiddleware
Amazium\Kernel\Application\Context\ApplicationContextMiddleware
Zend\Expressive\Middleware\LazyLoadingMiddleware
Zend\Expressive\Router\Middleware\RouteMiddleware
Zend\Expressive\Middleware\LazyLoadingMiddleware
Zend\Expressive\Router\Middleware\ImplicitHeadMiddleware
Zend\Expressive\Middleware\LazyLoadingMiddleware
Zend\Expressive\Router\Middleware\ImplicitOptionsMiddleware
Zend\Expressive\Middleware\LazyLoadingMiddleware
Zend\Expressive\Router\Middleware\MethodNotAllowedMiddleware
Zend\Expressive\Middleware\LazyLoadingMiddleware
Zend\Expressive\Helper\UrlHelperMiddleware
Zend\Expressive\Middleware\LazyLoadingMiddleware
Zend\Expressive\Router\Middleware\DispatchMiddleware
Zend\Expressive\Middleware\LazyLoadingMiddleware
Amazium\Identity\UI\Web\Page\LoginUsingGitlab
Zend\Expressive\Middleware\LazyLoadingMiddleware
Zend\Expressive\Authentication\AuthenticationMiddleware
Zend\Expressive\Middleware\LazyLoadingMiddleware
Zend\Stratigility\Middleware\ErrorHandler
Zend\Expressive\Middleware\LazyLoadingMiddleware
Zend\Expressive\Helper\ServerUrlMiddleware
Zend\Expressive\Middleware\LazyLoadingMiddleware
Zend\Expressive\Session\SessionMiddleware
Zend\Expressive\Middleware\LazyLoadingMiddleware
Amazium\Kernel\Application\Context\ApplicationContextMiddleware
Zend\Expressive\Middleware\LazyLoadingMiddleware
Zend\Expressive\Router\Middleware\RouteMiddleware
Zend\Expressive\Middleware\LazyLoadingMiddleware
Zend\Expressive\Router\Middleware\ImplicitHeadMiddleware
Zend\Expressive\Middleware\LazyLoadingMiddleware
Zend\Expressive\Router\Middleware\ImplicitOptionsMiddleware
Zend\Expressive\Middleware\LazyLoadingMiddleware
Zend\Expressive\Router\Middleware\MethodNotAllowedMiddleware
Zend\Expressive\Middleware\LazyLoadingMiddleware
Zend\Expressive\Helper\UrlHelperMiddleware
Zend\Expressive\Middleware\LazyLoadingMiddleware
Zend\Expressive\Router\Middleware\DispatchMiddleware
Zend\Expressive\Middleware\LazyLoadingMiddleware
Amazium\Identity\UI\Web\Page\Login
Zend\Expressive\Middleware\LazyLoadingMiddleware
Zend\Stratigility\Middleware\ErrorHandler
Zend\Expressive\Middleware\LazyLoadingMiddleware
Zend\Expressive\Helper\ServerUrlMiddleware
Zend\Expressive\Middleware\LazyLoadingMiddleware
Zend\Expressive\Session\SessionMiddleware
Zend\Expressive\Middleware\LazyLoadingMiddleware
Amazium\Kernel\Application\Context\ApplicationContextMiddleware
Zend\Expressive\Middleware\LazyLoadingMiddleware
Zend\Expressive\Router\Middleware\RouteMiddleware
Zend\Expressive\Middleware\LazyLoadingMiddleware
Zend\Expressive\Router\Middleware\ImplicitHeadMiddleware
Zend\Expressive\Middleware\LazyLoadingMiddleware
Zend\Expressive\Router\Middleware\ImplicitOptionsMiddleware
Zend\Expressive\Middleware\LazyLoadingMiddleware
Zend\Expressive\Router\Middleware\MethodNotAllowedMiddleware
Zend\Expressive\Middleware\LazyLoadingMiddleware
Zend\Expressive\Helper\UrlHelperMiddleware
Zend\Expressive\Middleware\LazyLoadingMiddleware
Zend\Expressive\Router\Middleware\DispatchMiddleware
Zend\Expressive\Middleware\LazyLoadingMiddleware
Amazium\Identity\UI\Web\Page\LoginUsingGitlab
Zend\Expressive\Middleware\LazyLoadingMiddleware
Zend\Stratigility\Middleware\ErrorHandler
Zend\Expressive\Middleware\LazyLoadingMiddleware
Zend\Expressive\Helper\ServerUrlMiddleware
Zend\Expressive\Middleware\LazyLoadingMiddleware
Zend\Expressive\Session\SessionMiddleware
Zend\Expressive\Middleware\LazyLoadingMiddleware
Amazium\Kernel\Application\Context\ApplicationContextMiddleware
Zend\Expressive\Middleware\LazyLoadingMiddleware
Zend\Expressive\Router\Middleware\RouteMiddleware
Zend\Expressive\Middleware\LazyLoadingMiddleware
Zend\Expressive\Router\Middleware\ImplicitHeadMiddleware
Zend\Expressive\Middleware\LazyLoadingMiddleware
Zend\Expressive\Router\Middleware\ImplicitOptionsMiddleware
Zend\Expressive\Middleware\LazyLoadingMiddleware
Zend\Expressive\Router\Middleware\MethodNotAllowedMiddleware
Zend\Expressive\Middleware\LazyLoadingMiddleware
Zend\Expressive\Helper\UrlHelperMiddleware
Zend\Expressive\Middleware\LazyLoadingMiddleware
Zend\Expressive\Router\Middleware\DispatchMiddleware
Zend\Expressive\Middleware\LazyLoadingMiddleware
Amazium\Identity\UI\Web\Page\LoginUsingGitlab
Zend\Expressive\Middleware\LazyLoadingMiddleware
Zend\Expressive\Authentication\AuthenticationMiddleware
Zend\Expressive\Middleware\LazyLoadingMiddleware
Zend\Stratigility\Middleware\ErrorHandler
Zend\Expressive\Middleware\LazyLoadingMiddleware
Zend\Expressive\Helper\ServerUrlMiddleware
Zend\Expressive\Middleware\LazyLoadingMiddleware
Zend\Expressive\Session\SessionMiddleware
Zend\Expressive\Middleware\LazyLoadingMiddleware
Amazium\Kernel\Application\Context\ApplicationContextMiddleware
Zend\Expressive\Middleware\LazyLoadingMiddleware
Zend\Expressive\Router\Middleware\RouteMiddleware
Zend\Expressive\Middleware\LazyLoadingMiddleware
Zend\Expressive\Router\Middleware\ImplicitHeadMiddleware
Zend\Expressive\Middleware\LazyLoadingMiddleware
Zend\Expressive\Router\Middleware\ImplicitOptionsMiddleware
Zend\Expressive\Middleware\LazyLoadingMiddleware
Zend\Expressive\Router\Middleware\MethodNotAllowedMiddleware
Zend\Expressive\Middleware\LazyLoadingMiddleware
Zend\Expressive\Helper\UrlHelperMiddleware
Zend\Expressive\Middleware\LazyLoadingMiddleware
Zend\Expressive\Router\Middleware\DispatchMiddleware
Zend\Expressive\Middleware\LazyLoadingMiddleware
Amazium\Identity\UI\Web\Page\Login
Zend\Expressive\Middleware\LazyLoadingMiddleware
Zend\Stratigility\Middleware\ErrorHandler
Zend\Expressive\Middleware\LazyLoadingMiddleware
Zend\Expressive\Helper\ServerUrlMiddleware
Zend\Expressive\Middleware\LazyLoadingMiddleware
Zend\Expressive\Session\SessionMiddleware
Zend\Expressive\Middleware\LazyLoadingMiddleware
Amazium\Kernel\Application\Context\ApplicationContextMiddleware
Zend\Expressive\Middleware\LazyLoadingMiddleware
Zend\Expressive\Router\Middleware\RouteMiddleware
Zend\Expressive\Middleware\LazyLoadingMiddleware
Zend\Expressive\Router\Middleware\ImplicitHeadMiddleware
Zend\Expressive\Middleware\LazyLoadingMiddleware
Zend\Expressive\Router\Middleware\ImplicitOptionsMiddleware
Zend\Expressive\Middleware\LazyLoadingMiddleware
Zend\Expressive\Router\Middleware\MethodNotAllowedMiddleware
Zend\Expressive\Middleware\LazyLoadingMiddleware
Zend\Expressive\Helper\UrlHelperMiddleware
Zend\Expressive\Middleware\LazyLoadingMiddleware
Zend\Expressive\Router\Middleware\DispatchMiddleware
Zend\Expressive\Middleware\LazyLoadingMiddleware
Amazium\Identity\UI\Web\Page\Login
Zend\Expressive\Middleware\LazyLoadingMiddleware
Zend\Expressive\Authentication\AuthenticationMiddleware
Zend\Expressive\Middleware\LazyLoadingMiddleware
Zend\Expressive\Handler\NotFoundHandler
Zend\Expressive\Middleware\LazyLoadingMiddleware
Zend\Stratigility\Middleware\ErrorHandler
Zend\Expressive\Middleware\LazyLoadingMiddleware
Zend\Expressive\Helper\ServerUrlMiddleware
Zend\Expressive\Middleware\LazyLoadingMiddleware
Zend\Expressive\Session\SessionMiddleware
Zend\Expressive\Middleware\LazyLoadingMiddleware
Amazium\Kernel\Application\Context\ApplicationContextMiddleware
Zend\Expressive\Middleware\LazyLoadingMiddleware
Zend\Expressive\Router\Middleware\RouteMiddleware
Zend\Expressive\Middleware\LazyLoadingMiddleware
Zend\Expressive\Router\Middleware\ImplicitHeadMiddleware
Zend\Expressive\Middleware\LazyLoadingMiddleware
Zend\Expressive\Router\Middleware\ImplicitOptionsMiddleware
Zend\Expressive\Middleware\LazyLoadingMiddleware
Zend\Expressive\Router\Middleware\MethodNotAllowedMiddleware
Zend\Expressive\Middleware\LazyLoadingMiddleware
Zend\Expressive\Helper\UrlHelperMiddleware
Zend\Expressive\Middleware\LazyLoadingMiddleware
Zend\Expressive\Router\Middleware\DispatchMiddleware
Zend\Expressive\Middleware\LazyLoadingMiddleware
Amazium\Frontend\UI\Web\Page\Home
Zend\Expressive\Middleware\LazyLoadingMiddleware
Zend\Stratigility\Middleware\ErrorHandler
Zend\Expressive\Middleware\LazyLoadingMiddleware
Zend\Expressive\Helper\ServerUrlMiddleware
Zend\Expressive\Middleware\LazyLoadingMiddleware
Zend\Expressive\Session\SessionMiddleware
Zend\Expressive\Middleware\LazyLoadingMiddleware
Amazium\Kernel\Application\Context\ApplicationContextMiddleware
Zend\Expressive\Middleware\LazyLoadingMiddleware
Zend\Expressive\Router\Middleware\RouteMiddleware
Zend\Expressive\Middleware\LazyLoadingMiddleware
Zend\Expressive\Router\Middleware\ImplicitHeadMiddleware
Zend\Expressive\Middleware\LazyLoadingMiddleware
Zend\Expressive\Router\Middleware\ImplicitOptionsMiddleware
Zend\Expressive\Middleware\LazyLoadingMiddleware
Zend\Expressive\Router\Middleware\MethodNotAllowedMiddleware
Zend\Expressive\Middleware\LazyLoadingMiddleware
Zend\Expressive\Helper\UrlHelperMiddleware
Zend\Expressive\Middleware\LazyLoadingMiddleware
Zend\Expressive\Router\Middleware\DispatchMiddleware
Zend\Expressive\Middleware\LazyLoadingMiddleware
Amazium\Frontend\UI\Web\Page\Home
Zend\Expressive\Middleware\LazyLoadingMiddleware
Zend\Stratigility\Middleware\ErrorHandler
Zend\Expressive\Middleware\LazyLoadingMiddleware
Zend\Expressive\Helper\ServerUrlMiddleware
Zend\Expressive\Middleware\LazyLoadingMiddleware
Zend\Expressive\Session\SessionMiddleware
Zend\Expressive\Middleware\LazyLoadingMiddleware
Amazium\Kernel\Application\Context\ApplicationContextMiddleware
Zend\Expressive\Middleware\LazyLoadingMiddleware
Zend\Expressive\Router\Middleware\RouteMiddleware
Zend\Expressive\Middleware\LazyLoadingMiddleware
Zend\Expressive\Router\Middleware\ImplicitHeadMiddleware
Zend\Expressive\Middleware\LazyLoadingMiddleware
Zend\Expressive\Router\Middleware\ImplicitOptionsMiddleware
Zend\Expressive\Middleware\LazyLoadingMiddleware
Zend\Expressive\Router\Middleware\MethodNotAllowedMiddleware
Zend\Expressive\Middleware\LazyLoadingMiddleware
Zend\Expressive\Helper\UrlHelperMiddleware
Zend\Expressive\Middleware\LazyLoadingMiddleware
Zend\Expressive\Router\Middleware\DispatchMiddleware
Zend\Expressive\Middleware\LazyLoadingMiddleware
Amazium\Frontend\UI\Web\Page\Home
Zend\Expressive\Middleware\LazyLoadingMiddleware
Zend\Stratigility\Middleware\ErrorHandler
Zend\Expressive\Middleware\LazyLoadingMiddleware
Zend\Expressive\Helper\ServerUrlMiddleware
Zend\Expressive\Middleware\LazyLoadingMiddleware
Zend\Expressive\Session\SessionMiddleware
Zend\Expressive\Middleware\LazyLoadingMiddleware
Amazium\Kernel\Application\Context\ApplicationContextMiddleware
Zend\Expressive\Middleware\LazyLoadingMiddleware
Zend\Expressive\Router\Middleware\RouteMiddleware
Zend\Expressive\Middleware\LazyLoadingMiddleware
Zend\Expressive\Router\Middleware\ImplicitHeadMiddleware
Zend\Expressive\Middleware\LazyLoadingMiddleware
Zend\Expressive\Router\Middleware\ImplicitOptionsMiddleware
Zend\Expressive\Middleware\LazyLoadingMiddleware
Zend\Expressive\Router\Middleware\MethodNotAllowedMiddleware
Zend\Expressive\Middleware\LazyLoadingMiddleware
Zend\Expressive\Helper\UrlHelperMiddleware
Zend\Expressive\Middleware\LazyLoadingMiddleware
Zend\Expressive\Router\Middleware\DispatchMiddleware
Zend\Expressive\Middleware\LazyLoadingMiddleware
Amazium\Frontend\UI\Web\Page\Home
Zend\Expressive\Middleware\LazyLoadingMiddleware
Zend\Stratigility\Middleware\ErrorHandler
Zend\Expressive\Middleware\LazyLoadingMiddleware
Zend\Expressive\Helper\ServerUrlMiddleware
Zend\Expressive\Middleware\LazyLoadingMiddleware
Zend\Expressive\Session\SessionMiddleware
Zend\Expressive\Middleware\LazyLoadingMiddleware
Amazium\Kernel\Application\Context\ApplicationContextMiddleware
Zend\Expressive\Middleware\LazyLoadingMiddleware
Zend\Expressive\Router\Middleware\RouteMiddleware
Zend\Expressive\Middleware\LazyLoadingMiddleware
Zend\Expressive\Router\Middleware\ImplicitHeadMiddleware
Zend\Expressive\Middleware\LazyLoadingMiddleware
Zend\Expressive\Router\Middleware\ImplicitOptionsMiddleware
Zend\Expressive\Middleware\LazyLoadingMiddleware
Zend\Expressive\Router\Middleware\MethodNotAllowedMiddleware
Zend\Expressive\Middleware\LazyLoadingMiddleware
Zend\Expressive\Helper\UrlHelperMiddleware
Zend\Expressive\Middleware\LazyLoadingMiddleware
Zend\Expressive\Router\Middleware\DispatchMiddleware
Zend\Expressive\Middleware\LazyLoadingMiddleware
Amazium\Frontend\UI\Web\Page\Home
Zend\Expressive\Middleware\LazyLoadingMiddleware
Zend\Stratigility\Middleware\ErrorHandler
Zend\Expressive\Middleware\LazyLoadingMiddleware
Zend\Expressive\Helper\ServerUrlMiddleware
Zend\Expressive\Middleware\LazyLoadingMiddleware
Zend\Expressive\Session\SessionMiddleware
Zend\Expressive\Middleware\LazyLoadingMiddleware
Amazium\Kernel\Application\Context\ApplicationContextMiddleware
Zend\Expressive\Middleware\LazyLoadingMiddleware
Zend\Expressive\Router\Middleware\RouteMiddleware
Zend\Expressive\Middleware\LazyLoadingMiddleware
Zend\Expressive\Router\Middleware\ImplicitHeadMiddleware
Zend\Expressive\Middleware\LazyLoadingMiddleware
Zend\Expressive\Router\Middleware\ImplicitOptionsMiddleware
Zend\Expressive\Middleware\LazyLoadingMiddleware
Zend\Expressive\Router\Middleware\MethodNotAllowedMiddleware
Zend\Expressive\Middleware\LazyLoadingMiddleware
Zend\Expressive\Helper\UrlHelperMiddleware
Zend\Expressive\Middleware\LazyLoadingMiddleware
Zend\Expressive\Router\Middleware\DispatchMiddleware
Zend\Expressive\Middleware\LazyLoadingMiddleware
Amazium\Frontend\UI\Web\Page\Home
Zend\Expressive\Middleware\LazyLoadingMiddleware
Zend\Stratigility\Middleware\ErrorHandler
Zend\Expressive\Middleware\LazyLoadingMiddleware
Zend\Expressive\Helper\ServerUrlMiddleware
Zend\Expressive\Middleware\LazyLoadingMiddleware
Zend\Expressive\Session\SessionMiddleware
Zend\Expressive\Middleware\LazyLoadingMiddleware
Amazium\Kernel\Application\Context\ApplicationContextMiddleware
Zend\Expressive\Middleware\LazyLoadingMiddleware
Zend\Expressive\Router\Middleware\RouteMiddleware
Zend\Expressive\Middleware\LazyLoadingMiddleware
Zend\Expressive\Router\Middleware\ImplicitHeadMiddleware
Zend\Expressive\Middleware\LazyLoadingMiddleware
Zend\Expressive\Router\Middleware\ImplicitOptionsMiddleware
Zend\Expressive\Middleware\LazyLoadingMiddleware
Zend\Expressive\Router\Middleware\MethodNotAllowedMiddleware
Zend\Expressive\Middleware\LazyLoadingMiddleware
Zend\Expressive\Helper\UrlHelperMiddleware
Zend\Expressive\Middleware\LazyLoadingMiddleware
Zend\Expressive\Router\Middleware\DispatchMiddleware
Zend\Expressive\Middleware\LazyLoadingMiddleware
Amazium\Frontend\UI\Web\Page\Home
Zend\Expressive\Middleware\LazyLoadingMiddleware
Zend\Stratigility\Middleware\ErrorHandler
Zend\Expressive\Middleware\LazyLoadingMiddleware
Zend\Expressive\Helper\ServerUrlMiddleware
Zend\Expressive\Middleware\LazyLoadingMiddleware
Zend\Expressive\Session\SessionMiddleware
Zend\Expressive\Middleware\LazyLoadingMiddleware
Amazium\Kernel\Application\Context\ApplicationContextMiddleware
Zend\Expressive\Middleware\LazyLoadingMiddleware
Zend\Expressive\Router\Middleware\RouteMiddleware
Zend\Expressive\Middleware\LazyLoadingMiddleware
Zend\Expressive\Router\Middleware\ImplicitHeadMiddleware
Zend\Expressive\Middleware\LazyLoadingMiddleware
Zend\Expressive\Router\Middleware\ImplicitOptionsMiddleware
Zend\Expressive\Middleware\LazyLoadingMiddleware
Zend\Expressive\Router\Middleware\MethodNotAllowedMiddleware
Zend\Expressive\Middleware\LazyLoadingMiddleware
Zend\Expressive\Helper\UrlHelperMiddleware
Zend\Expressive\Middleware\LazyLoadingMiddleware
Zend\Expressive\Router\Middleware\DispatchMiddleware
Zend\Expressive\Middleware\LazyLoadingMiddleware
Amazium\Frontend\UI\Web\Page\Home
Zend\Expressive\Middleware\LazyLoadingMiddleware
Zend\Stratigility\Middleware\ErrorHandler
Zend\Expressive\Middleware\LazyLoadingMiddleware
Zend\Expressive\Helper\ServerUrlMiddleware
Zend\Expressive\Middleware\LazyLoadingMiddleware
Zend\Expressive\Session\SessionMiddleware
Zend\Expressive\Middleware\LazyLoadingMiddleware
Amazium\Kernel\Application\Context\ApplicationContextMiddleware
Zend\Expressive\Middleware\LazyLoadingMiddleware
Zend\Expressive\Router\Middleware\RouteMiddleware
Zend\Expressive\Middleware\LazyLoadingMiddleware
Zend\Expressive\Router\Middleware\ImplicitHeadMiddleware
Zend\Expressive\Middleware\LazyLoadingMiddleware
Zend\Expressive\Router\Middleware\ImplicitOptionsMiddleware
Zend\Expressive\Middleware\LazyLoadingMiddleware
Zend\Expressive\Router\Middleware\MethodNotAllowedMiddleware
Zend\Expressive\Middleware\LazyLoadingMiddleware
Zend\Expressive\Helper\UrlHelperMiddleware
Zend\Expressive\Middleware\LazyLoadingMiddleware
Zend\Expressive\Router\Middleware\DispatchMiddleware
Zend\Expressive\Middleware\LazyLoadingMiddleware
Zend\Expressive\Authentication\AuthenticationMiddleware
Zend\Expressive\Middleware\LazyLoadingMiddleware
Zend\Stratigility\Middleware\ErrorHandler
Zend\Expressive\Middleware\LazyLoadingMiddleware
Zend\Expressive\Helper\ServerUrlMiddleware
Zend\Expressive\Middleware\LazyLoadingMiddleware
Zend\Expressive\Session\SessionMiddleware
Zend\Expressive\Middleware\LazyLoadingMiddleware
Amazium\Kernel\Application\Context\ApplicationContextMiddleware
Zend\Expressive\Middleware\LazyLoadingMiddleware
Zend\Expressive\Router\Middleware\RouteMiddleware
Zend\Expressive\Middleware\LazyLoadingMiddleware
Zend\Expressive\Router\Middleware\ImplicitHeadMiddleware
Zend\Expressive\Middleware\LazyLoadingMiddleware
Zend\Expressive\Router\Middleware\ImplicitOptionsMiddleware
Zend\Expressive\Middleware\LazyLoadingMiddleware
Zend\Expressive\Router\Middleware\MethodNotAllowedMiddleware
Zend\Expressive\Middleware\LazyLoadingMiddleware
Zend\Expressive\Helper\UrlHelperMiddleware
Zend\Expressive\Middleware\LazyLoadingMiddleware
Zend\Expressive\Router\Middleware\DispatchMiddleware
Zend\Expressive\Middleware\LazyLoadingMiddleware
Amazium\Identity\UI\Web\Page\Login
Zend\Expressive\Middleware\LazyLoadingMiddleware
Zend\Stratigility\Middleware\ErrorHandler
Zend\Expressive\Middleware\LazyLoadingMiddleware
Zend\Expressive\Helper\ServerUrlMiddleware
Zend\Expressive\Middleware\LazyLoadingMiddleware
Zend\Expressive\Session\SessionMiddleware
Zend\Expressive\Middleware\LazyLoadingMiddleware
Amazium\Kernel\Application\Context\ApplicationContextMiddleware
Zend\Expressive\Middleware\LazyLoadingMiddleware
Zend\Expressive\Router\Middleware\RouteMiddleware
Zend\Expressive\Middleware\LazyLoadingMiddleware
Zend\Expressive\Router\Middleware\ImplicitHeadMiddleware
Zend\Expressive\Middleware\LazyLoadingMiddleware
Zend\Expressive\Router\Middleware\ImplicitOptionsMiddleware
Zend\Expressive\Middleware\LazyLoadingMiddleware
Zend\Expressive\Router\Middleware\MethodNotAllowedMiddleware
Zend\Expressive\Middleware\LazyLoadingMiddleware
Zend\Expressive\Helper\UrlHelperMiddleware
Zend\Expressive\Middleware\LazyLoadingMiddleware
Zend\Expressive\Router\Middleware\DispatchMiddleware
Zend\Expressive\Middleware\LazyLoadingMiddleware
Amazium\Frontend\UI\Web\Page\Home
Zend\Expressive\Middleware\LazyLoadingMiddleware
Zend\Stratigility\Middleware\ErrorHandler
Zend\Expressive\Middleware\LazyLoadingMiddleware
Zend\Expressive\Helper\ServerUrlMiddleware
Zend\Expressive\Middleware\LazyLoadingMiddleware
Zend\Expressive\Session\SessionMiddleware
Zend\Expressive\Middleware\LazyLoadingMiddleware
Amazium\Kernel\Application\Context\ApplicationContextMiddleware
Zend\Expressive\Middleware\LazyLoadingMiddleware
Zend\Expressive\Router\Middleware\RouteMiddleware
Zend\Expressive\Middleware\LazyLoadingMiddleware
Zend\Expressive\Router\Middleware\ImplicitHeadMiddleware
Zend\Expressive\Middleware\LazyLoadingMiddleware
Zend\Expressive\Router\Middleware\ImplicitOptionsMiddleware
Zend\Expressive\Middleware\LazyLoadingMiddleware
Zend\Expressive\Router\Middleware\MethodNotAllowedMiddleware
Zend\Expressive\Middleware\LazyLoadingMiddleware
Zend\Expressive\Helper\UrlHelperMiddleware
Zend\Expressive\Middleware\LazyLoadingMiddleware
Zend\Expressive\Router\Middleware\DispatchMiddleware
Zend\Expressive\Middleware\LazyLoadingMiddleware
Zend\Expressive\Authentication\AuthenticationMiddleware
Zend\Expressive\Middleware\LazyLoadingMiddleware
Zend\Stratigility\Middleware\ErrorHandler
Zend\Expressive\Middleware\LazyLoadingMiddleware
Zend\Expressive\Helper\ServerUrlMiddleware
Zend\Expressive\Middleware\LazyLoadingMiddleware
Zend\Expressive\Session\SessionMiddleware
Zend\Expressive\Middleware\LazyLoadingMiddleware
Amazium\Kernel\Application\Context\ApplicationContextMiddleware
Zend\Expressive\Middleware\LazyLoadingMiddleware
Zend\Expressive\Router\Middleware\RouteMiddleware
Zend\Expressive\Middleware\LazyLoadingMiddleware
Zend\Expressive\Router\Middleware\ImplicitHeadMiddleware
Zend\Expressive\Middleware\LazyLoadingMiddleware
Zend\Expressive\Router\Middleware\ImplicitOptionsMiddleware
Zend\Expressive\Middleware\LazyLoadingMiddleware
Zend\Expressive\Router\Middleware\MethodNotAllowedMiddleware
Zend\Expressive\Middleware\LazyLoadingMiddleware
Zend\Expressive\Helper\UrlHelperMiddleware
Zend\Expressive\Middleware\LazyLoadingMiddleware
Zend\Expressive\Router\Middleware\DispatchMiddleware
Zend\Expressive\Middleware\LazyLoadingMiddleware
Amazium\Identity\UI\Web\Page\Login
Zend\Expressive\Middleware\LazyLoadingMiddleware
Zend\Stratigility\Middleware\ErrorHandler
Zend\Expressive\Middleware\LazyLoadingMiddleware
Zend\Expressive\Helper\ServerUrlMiddleware
Zend\Expressive\Middleware\LazyLoadingMiddleware
Zend\Expressive\Session\SessionMiddleware
Zend\Expressive\Middleware\LazyLoadingMiddleware
Amazium\Kernel\Application\Context\ApplicationContextMiddleware
Zend\Expressive\Middleware\LazyLoadingMiddleware
Zend\Expressive\Router\Middleware\RouteMiddleware
Zend\Expressive\Middleware\LazyLoadingMiddleware
Zend\Expressive\Router\Middleware\ImplicitHeadMiddleware
Zend\Expressive\Middleware\LazyLoadingMiddleware
Zend\Expressive\Router\Middleware\ImplicitOptionsMiddleware
Zend\Expressive\Middleware\LazyLoadingMiddleware
Zend\Expressive\Router\Middleware\MethodNotAllowedMiddleware
Zend\Expressive\Middleware\LazyLoadingMiddleware
Zend\Expressive\Helper\UrlHelperMiddleware
Zend\Expressive\Middleware\LazyLoadingMiddleware
Zend\Expressive\Router\Middleware\DispatchMiddleware
Zend\Expressive\Middleware\LazyLoadingMiddleware
Amazium\Frontend\UI\Web\Page\Home
Zend\Expressive\Middleware\LazyLoadingMiddleware
Zend\Stratigility\Middleware\ErrorHandler
Zend\Expressive\Middleware\LazyLoadingMiddleware
Zend\Expressive\Helper\ServerUrlMiddleware
Zend\Expressive\Middleware\LazyLoadingMiddleware
Zend\Expressive\Session\SessionMiddleware
Zend\Expressive\Middleware\LazyLoadingMiddleware
Amazium\Kernel\Application\Context\ApplicationContextMiddleware
Zend\Expressive\Middleware\LazyLoadingMiddleware
Zend\Expressive\Router\Middleware\RouteMiddleware
Zend\Expressive\Middleware\LazyLoadingMiddleware
Zend\Expressive\Router\Middleware\ImplicitHeadMiddleware
Zend\Expressive\Middleware\LazyLoadingMiddleware
Zend\Expressive\Router\Middleware\ImplicitOptionsMiddleware
Zend\Expressive\Middleware\LazyLoadingMiddleware
Zend\Expressive\Router\Middleware\MethodNotAllowedMiddleware
Zend\Expressive\Middleware\LazyLoadingMiddleware
Zend\Expressive\Helper\UrlHelperMiddleware
Zend\Expressive\Middleware\LazyLoadingMiddleware
Zend\Expressive\Router\Middleware\DispatchMiddleware
Zend\Expressive\Middleware\LazyLoadingMiddleware
Zend\Expressive\Authentication\AuthenticationMiddleware
Zend\Expressive\Middleware\LazyLoadingMiddleware
Zend\Stratigility\Middleware\ErrorHandler
Zend\Expressive\Middleware\LazyLoadingMiddleware
Zend\Expressive\Helper\ServerUrlMiddleware
Zend\Expressive\Middleware\LazyLoadingMiddleware
Zend\Expressive\Session\SessionMiddleware
Zend\Expressive\Middleware\LazyLoadingMiddleware
Amazium\Kernel\Application\Context\ApplicationContextMiddleware
Zend\Expressive\Middleware\LazyLoadingMiddleware
Zend\Expressive\Router\Middleware\RouteMiddleware
Zend\Expressive\Middleware\LazyLoadingMiddleware
Zend\Expressive\Router\Middleware\ImplicitHeadMiddleware
Zend\Expressive\Middleware\LazyLoadingMiddleware
Zend\Expressive\Router\Middleware\ImplicitOptionsMiddleware
Zend\Expressive\Middleware\LazyLoadingMiddleware
Zend\Expressive\Router\Middleware\MethodNotAllowedMiddleware
Zend\Expressive\Middleware\LazyLoadingMiddleware
Zend\Expressive\Helper\UrlHelperMiddleware
Zend\Expressive\Middleware\LazyLoadingMiddleware
Zend\Expressive\Router\Middleware\DispatchMiddleware
Zend\Expressive\Middleware\LazyLoadingMiddleware
Amazium\Identity\UI\Web\Page\Login
Zend\Expressive\Middleware\LazyLoadingMiddleware
Zend\Stratigility\Middleware\ErrorHandler
Zend\Expressive\Middleware\LazyLoadingMiddleware
Zend\Expressive\Helper\ServerUrlMiddleware
Zend\Expressive\Middleware\LazyLoadingMiddleware
Zend\Expressive\Session\SessionMiddleware
Zend\Expressive\Middleware\LazyLoadingMiddleware
Amazium\Kernel\Application\Context\ApplicationContextMiddleware
Zend\Expressive\Middleware\LazyLoadingMiddleware
Zend\Expressive\Router\Middleware\RouteMiddleware
Zend\Expressive\Middleware\LazyLoadingMiddleware
Zend\Expressive\Router\Middleware\ImplicitHeadMiddleware
Zend\Expressive\Middleware\LazyLoadingMiddleware
Zend\Expressive\Router\Middleware\ImplicitOptionsMiddleware
Zend\Expressive\Middleware\LazyLoadingMiddleware
Zend\Expressive\Router\Middleware\MethodNotAllowedMiddleware
Zend\Expressive\Middleware\LazyLoadingMiddleware
Zend\Expressive\Helper\UrlHelperMiddleware
Zend\Expressive\Middleware\LazyLoadingMiddleware
Zend\Expressive\Router\Middleware\DispatchMiddleware
Zend\Expressive\Middleware\LazyLoadingMiddleware
Amazium\Frontend\UI\Web\Page\Home
Zend\Expressive\Middleware\LazyLoadingMiddleware
Zend\Stratigility\Middleware\ErrorHandler
Zend\Expressive\Middleware\LazyLoadingMiddleware
Zend\Expressive\Helper\ServerUrlMiddleware
Zend\Expressive\Middleware\LazyLoadingMiddleware
Zend\Expressive\Session\SessionMiddleware
Zend\Expressive\Middleware\LazyLoadingMiddleware
Amazium\Kernel\Application\Context\ApplicationContextMiddleware
Zend\Expressive\Middleware\LazyLoadingMiddleware
Zend\Expressive\Router\Middleware\RouteMiddleware
Zend\Expressive\Middleware\LazyLoadingMiddleware
Zend\Expressive\Router\Middleware\ImplicitHeadMiddleware
Zend\Expressive\Middleware\LazyLoadingMiddleware
Zend\Expressive\Router\Middleware\ImplicitOptionsMiddleware
Zend\Expressive\Middleware\LazyLoadingMiddleware
Zend\Expressive\Router\Middleware\MethodNotAllowedMiddleware
Zend\Expressive\Middleware\LazyLoadingMiddleware
Zend\Expressive\Helper\UrlHelperMiddleware
Zend\Expressive\Middleware\LazyLoadingMiddleware
Zend\Expressive\Router\Middleware\DispatchMiddleware
Zend\Expressive\Middleware\LazyLoadingMiddleware
Zend\Expressive\Authentication\AuthenticationMiddleware
Zend\Expressive\Middleware\LazyLoadingMiddleware
Zend\Stratigility\Middleware\ErrorHandler
Zend\Expressive\Middleware\LazyLoadingMiddleware
Zend\Expressive\Helper\ServerUrlMiddleware
Zend\Expressive\Middleware\LazyLoadingMiddleware
Zend\Expressive\Session\SessionMiddleware
Zend\Expressive\Middleware\LazyLoadingMiddleware
Amazium\Kernel\Application\Context\ApplicationContextMiddleware
Zend\Expressive\Middleware\LazyLoadingMiddleware
Zend\Expressive\Router\Middleware\RouteMiddleware
Zend\Expressive\Middleware\LazyLoadingMiddleware
Zend\Expressive\Router\Middleware\ImplicitHeadMiddleware
Zend\Expressive\Middleware\LazyLoadingMiddleware
Zend\Expressive\Router\Middleware\ImplicitOptionsMiddleware
Zend\Expressive\Middleware\LazyLoadingMiddleware
Zend\Expressive\Router\Middleware\MethodNotAllowedMiddleware
Zend\Expressive\Middleware\LazyLoadingMiddleware
Zend\Expressive\Helper\UrlHelperMiddleware
Zend\Expressive\Middleware\LazyLoadingMiddleware
Zend\Expressive\Router\Middleware\DispatchMiddleware
Zend\Expressive\Middleware\LazyLoadingMiddleware
Amazium\Identity\UI\Web\Page\Login
Zend\Expressive\Middleware\LazyLoadingMiddleware
Zend\Stratigility\Middleware\ErrorHandler
Zend\Expressive\Middleware\LazyLoadingMiddleware
Zend\Expressive\Helper\ServerUrlMiddleware
Zend\Expressive\Middleware\LazyLoadingMiddleware
Zend\Expressive\Session\SessionMiddleware
Zend\Expressive\Middleware\LazyLoadingMiddleware
Amazium\Kernel\Application\Context\ApplicationContextMiddleware
Zend\Expressive\Middleware\LazyLoadingMiddleware
Zend\Expressive\Router\Middleware\RouteMiddleware
Zend\Expressive\Middleware\LazyLoadingMiddleware
Zend\Expressive\Router\Middleware\ImplicitHeadMiddleware
Zend\Expressive\Middleware\LazyLoadingMiddleware
Zend\Expressive\Router\Middleware\ImplicitOptionsMiddleware
Zend\Expressive\Middleware\LazyLoadingMiddleware
Zend\Expressive\Router\Middleware\MethodNotAllowedMiddleware
Zend\Expressive\Middleware\LazyLoadingMiddleware
Zend\Expressive\Helper\UrlHelperMiddleware
Zend\Expressive\Middleware\LazyLoadingMiddleware
Zend\Expressive\Router\Middleware\DispatchMiddleware
Zend\Expressive\Middleware\LazyLoadingMiddleware
Amazium\Frontend\UI\Web\Page\Home
Zend\Expressive\Middleware\LazyLoadingMiddleware
Zend\Stratigility\Middleware\ErrorHandler
Zend\Expressive\Middleware\LazyLoadingMiddleware
Zend\Expressive\Helper\ServerUrlMiddleware
Zend\Expressive\Middleware\LazyLoadingMiddleware
Zend\Expressive\Session\SessionMiddleware
Zend\Expressive\Middleware\LazyLoadingMiddleware
Amazium\Kernel\Application\Context\ApplicationContextMiddleware
Zend\Expressive\Middleware\LazyLoadingMiddleware
Zend\Expressive\Router\Middleware\RouteMiddleware
Zend\Expressive\Middleware\LazyLoadingMiddleware
Zend\Expressive\Router\Middleware\ImplicitHeadMiddleware
Zend\Expressive\Middleware\LazyLoadingMiddleware
Zend\Expressive\Router\Middleware\ImplicitOptionsMiddleware
Zend\Expressive\Middleware\LazyLoadingMiddleware
Zend\Expressive\Router\Middleware\MethodNotAllowedMiddleware
Zend\Expressive\Middleware\LazyLoadingMiddleware
Zend\Expressive\Helper\UrlHelperMiddleware
Zend\Expressive\Middleware\LazyLoadingMiddleware
Zend\Expressive\Router\Middleware\DispatchMiddleware
Zend\Expressive\Middleware\LazyLoadingMiddleware
Amazium\Frontend\UI\Web\Page\Home
Zend\Expressive\Middleware\LazyLoadingMiddleware
Zend\Stratigility\Middleware\ErrorHandler
Zend\Expressive\Middleware\LazyLoadingMiddleware
Zend\Expressive\Helper\ServerUrlMiddleware
Zend\Expressive\Middleware\LazyLoadingMiddleware
Zend\Expressive\Session\SessionMiddleware
Zend\Expressive\Middleware\LazyLoadingMiddleware
Amazium\Kernel\Application\Context\ApplicationContextMiddleware
Zend\Expressive\Middleware\LazyLoadingMiddleware
Zend\Expressive\Router\Middleware\RouteMiddleware
Zend\Expressive\Middleware\LazyLoadingMiddleware
Zend\Expressive\Router\Middleware\ImplicitHeadMiddleware
Zend\Expressive\Middleware\LazyLoadingMiddleware
Zend\Expressive\Router\Middleware\ImplicitOptionsMiddleware
Zend\Expressive\Middleware\LazyLoadingMiddleware
Zend\Expressive\Router\Middleware\MethodNotAllowedMiddleware
Zend\Expressive\Middleware\LazyLoadingMiddleware
Zend\Expressive\Helper\UrlHelperMiddleware
Zend\Expressive\Middleware\LazyLoadingMiddleware
Zend\Expressive\Router\Middleware\DispatchMiddleware
Zend\Expressive\Middleware\LazyLoadingMiddleware
Zend\Expressive\Authentication\AuthenticationMiddleware
Zend\Expressive\Middleware\LazyLoadingMiddleware
Zend\Stratigility\Middleware\ErrorHandler
Zend\Expressive\Middleware\LazyLoadingMiddleware
Zend\Expressive\Helper\ServerUrlMiddleware
Zend\Expressive\Middleware\LazyLoadingMiddleware
Zend\Expressive\Session\SessionMiddleware
Zend\Expressive\Middleware\LazyLoadingMiddleware
Amazium\Kernel\Application\Context\ApplicationContextMiddleware
Zend\Expressive\Middleware\LazyLoadingMiddleware
Zend\Expressive\Router\Middleware\RouteMiddleware
Zend\Expressive\Middleware\LazyLoadingMiddleware
Zend\Expressive\Router\Middleware\ImplicitHeadMiddleware
Zend\Expressive\Middleware\LazyLoadingMiddleware
Zend\Expressive\Router\Middleware\ImplicitOptionsMiddleware
Zend\Expressive\Middleware\LazyLoadingMiddleware
Zend\Expressive\Router\Middleware\MethodNotAllowedMiddleware
Zend\Expressive\Middleware\LazyLoadingMiddleware
Zend\Expressive\Helper\UrlHelperMiddleware
Zend\Expressive\Middleware\LazyLoadingMiddleware
Zend\Expressive\Router\Middleware\DispatchMiddleware
Zend\Expressive\Middleware\LazyLoadingMiddleware
Amazium\Identity\UI\Web\Page\Login
Zend\Expressive\Middleware\LazyLoadingMiddleware
Zend\Stratigility\Middleware\ErrorHandler
Zend\Expressive\Middleware\LazyLoadingMiddleware
Zend\Expressive\Helper\ServerUrlMiddleware
Zend\Expressive\Middleware\LazyLoadingMiddleware
Zend\Expressive\Session\SessionMiddleware
Zend\Expressive\Middleware\LazyLoadingMiddleware
Amazium\Kernel\Application\Context\ApplicationContextMiddleware
Zend\Expressive\Middleware\LazyLoadingMiddleware
Zend\Expressive\Router\Middleware\RouteMiddleware
Zend\Expressive\Middleware\LazyLoadingMiddleware
Zend\Expressive\Router\Middleware\ImplicitHeadMiddleware
Zend\Expressive\Middleware\LazyLoadingMiddleware
Zend\Expressive\Router\Middleware\ImplicitOptionsMiddleware
Zend\Expressive\Middleware\LazyLoadingMiddleware
Zend\Expressive\Router\Middleware\MethodNotAllowedMiddleware
Zend\Expressive\Middleware\LazyLoadingMiddleware
Zend\Expressive\Helper\UrlHelperMiddleware
Zend\Expressive\Middleware\LazyLoadingMiddleware
Zend\Expressive\Router\Middleware\DispatchMiddleware
Zend\Expressive\Middleware\LazyLoadingMiddleware
Amazium\Frontend\UI\Web\Page\Home
Zend\Expressive\Middleware\LazyLoadingMiddleware
Zend\Stratigility\Middleware\ErrorHandler
Zend\Expressive\Middleware\LazyLoadingMiddleware
Zend\Expressive\Helper\ServerUrlMiddleware
Zend\Expressive\Middleware\LazyLoadingMiddleware
Zend\Expressive\Session\SessionMiddleware
Zend\Expressive\Middleware\LazyLoadingMiddleware
Amazium\Kernel\Application\Context\ApplicationContextMiddleware
Zend\Expressive\Middleware\LazyLoadingMiddleware
Zend\Expressive\Router\Middleware\RouteMiddleware
Zend\Expressive\Middleware\LazyLoadingMiddleware
Zend\Expressive\Router\Middleware\ImplicitHeadMiddleware
Zend\Expressive\Middleware\LazyLoadingMiddleware
Zend\Expressive\Router\Middleware\ImplicitOptionsMiddleware
Zend\Expressive\Middleware\LazyLoadingMiddleware
Zend\Expressive\Router\Middleware\MethodNotAllowedMiddleware
Zend\Expressive\Middleware\LazyLoadingMiddleware
Zend\Expressive\Helper\UrlHelperMiddleware
Zend\Expressive\Middleware\LazyLoadingMiddleware
Zend\Expressive\Router\Middleware\DispatchMiddleware
Zend\Expressive\Middleware\LazyLoadingMiddleware
Amazium\Frontend\UI\Web\Page\Home
Zend\Expressive\Middleware\LazyLoadingMiddleware
Zend\Stratigility\Middleware\ErrorHandler
Zend\Expressive\Middleware\LazyLoadingMiddleware
Zend\Expressive\Helper\ServerUrlMiddleware
Zend\Expressive\Middleware\LazyLoadingMiddleware
Zend\Expressive\Session\SessionMiddleware
Zend\Expressive\Middleware\LazyLoadingMiddleware
Amazium\Kernel\Application\Context\ApplicationContextMiddleware
Zend\Expressive\Middleware\LazyLoadingMiddleware
Zend\Expressive\Router\Middleware\RouteMiddleware
Zend\Expressive\Middleware\LazyLoadingMiddleware
Zend\Expressive\Router\Middleware\ImplicitHeadMiddleware
Zend\Expressive\Middleware\LazyLoadingMiddleware
Zend\Expressive\Router\Middleware\ImplicitOptionsMiddleware
Zend\Expressive\Middleware\LazyLoadingMiddleware
Zend\Expressive\Router\Middleware\MethodNotAllowedMiddleware
Zend\Expressive\Middleware\LazyLoadingMiddleware
Zend\Expressive\Helper\UrlHelperMiddleware
Zend\Expressive\Middleware\LazyLoadingMiddleware
Zend\Expressive\Router\Middleware\DispatchMiddleware
Zend\Expressive\Middleware\LazyLoadingMiddleware
Zend\Expressive\Authentication\AuthenticationMiddleware
Zend\Expressive\Middleware\LazyLoadingMiddleware
Zend\Stratigility\Middleware\ErrorHandler
Zend\Expressive\Middleware\LazyLoadingMiddleware
Zend\Expressive\Helper\ServerUrlMiddleware
Zend\Expressive\Middleware\LazyLoadingMiddleware
Zend\Expressive\Session\SessionMiddleware
Zend\Expressive\Middleware\LazyLoadingMiddleware
Amazium\Kernel\Application\Context\ApplicationContextMiddleware
Zend\Expressive\Middleware\LazyLoadingMiddleware
Zend\Expressive\Router\Middleware\RouteMiddleware
Zend\Expressive\Middleware\LazyLoadingMiddleware
Zend\Expressive\Router\Middleware\ImplicitHeadMiddleware
Zend\Expressive\Middleware\LazyLoadingMiddleware
Zend\Expressive\Router\Middleware\ImplicitOptionsMiddleware
Zend\Expressive\Middleware\LazyLoadingMiddleware
Zend\Expressive\Router\Middleware\MethodNotAllowedMiddleware
Zend\Expressive\Middleware\LazyLoadingMiddleware
Zend\Expressive\Helper\UrlHelperMiddleware
Zend\Expressive\Middleware\LazyLoadingMiddleware
Zend\Expressive\Router\Middleware\DispatchMiddleware
Zend\Expressive\Middleware\LazyLoadingMiddleware
Amazium\Identity\UI\Web\Page\Login
Zend\Expressive\Middleware\LazyLoadingMiddleware
Zend\Stratigility\Middleware\ErrorHandler
Zend\Expressive\Middleware\LazyLoadingMiddleware
Zend\Expressive\Helper\ServerUrlMiddleware
Zend\Expressive\Middleware\LazyLoadingMiddleware
Zend\Expressive\Session\SessionMiddleware
Zend\Expressive\Middleware\LazyLoadingMiddleware
Amazium\Kernel\Application\Context\ApplicationContextMiddleware
Zend\Expressive\Middleware\LazyLoadingMiddleware
Zend\Expressive\Router\Middleware\RouteMiddleware
Zend\Expressive\Middleware\LazyLoadingMiddleware
Zend\Expressive\Router\Middleware\ImplicitHeadMiddleware
Zend\Expressive\Middleware\LazyLoadingMiddleware
Zend\Expressive\Router\Middleware\ImplicitOptionsMiddleware
Zend\Expressive\Middleware\LazyLoadingMiddleware
Zend\Expressive\Router\Middleware\MethodNotAllowedMiddleware
Zend\Expressive\Middleware\LazyLoadingMiddleware
Zend\Expressive\Helper\UrlHelperMiddleware
Zend\Expressive\Middleware\LazyLoadingMiddleware
Zend\Expressive\Router\Middleware\DispatchMiddleware
Zend\Expressive\Middleware\LazyLoadingMiddleware
Amazium\Frontend\UI\Web\Page\Home
Zend\Expressive\Middleware\LazyLoadingMiddleware
Zend\Stratigility\Middleware\ErrorHandler
Zend\Expressive\Middleware\LazyLoadingMiddleware
Zend\Expressive\Helper\ServerUrlMiddleware
Zend\Expressive\Middleware\LazyLoadingMiddleware
Zend\Expressive\Session\SessionMiddleware
Zend\Expressive\Middleware\LazyLoadingMiddleware
Amazium\Kernel\Application\Context\ApplicationContextMiddleware
Zend\Expressive\Middleware\LazyLoadingMiddleware
Zend\Expressive\Router\Middleware\RouteMiddleware
Zend\Expressive\Middleware\LazyLoadingMiddleware
Zend\Expressive\Router\Middleware\ImplicitHeadMiddleware
Zend\Expressive\Middleware\LazyLoadingMiddleware
Zend\Expressive\Router\Middleware\ImplicitOptionsMiddleware
Zend\Expressive\Middleware\LazyLoadingMiddleware
Zend\Expressive\Router\Middleware\MethodNotAllowedMiddleware
Zend\Expressive\Middleware\LazyLoadingMiddleware
Zend\Expressive\Helper\UrlHelperMiddleware
Zend\Expressive\Middleware\LazyLoadingMiddleware
Zend\Expressive\Router\Middleware\DispatchMiddleware
Zend\Expressive\Middleware\LazyLoadingMiddleware
Amazium\Frontend\UI\Web\Page\Home
Zend\Expressive\Middleware\LazyLoadingMiddleware
Zend\Stratigility\Middleware\ErrorHandler
Zend\Expressive\Middleware\LazyLoadingMiddleware
Zend\Expressive\Helper\ServerUrlMiddleware
Zend\Expressive\Middleware\LazyLoadingMiddleware
Zend\Expressive\Session\SessionMiddleware
Zend\Expressive\Middleware\LazyLoadingMiddleware
Amazium\Kernel\Application\Context\ApplicationContextMiddleware
Zend\Expressive\Middleware\LazyLoadingMiddleware
Zend\Expressive\Router\Middleware\RouteMiddleware
Zend\Expressive\Middleware\LazyLoadingMiddleware
Zend\Expressive\Router\Middleware\ImplicitHeadMiddleware
Zend\Expressive\Middleware\LazyLoadingMiddleware
Zend\Expressive\Router\Middleware\ImplicitOptionsMiddleware
Zend\Expressive\Middleware\LazyLoadingMiddleware
Zend\Expressive\Router\Middleware\MethodNotAllowedMiddleware
Zend\Expressive\Middleware\LazyLoadingMiddleware
Zend\Expressive\Helper\UrlHelperMiddleware
Zend\Expressive\Middleware\LazyLoadingMiddleware
Zend\Expressive\Router\Middleware\DispatchMiddleware
Zend\Expressive\Middleware\LazyLoadingMiddleware
Amazium\Frontend\UI\Web\Page\Home
Zend\Expressive\Middleware\LazyLoadingMiddleware
Zend\Stratigility\Middleware\ErrorHandler
Zend\Expressive\Middleware\LazyLoadingMiddleware
Zend\Expressive\Helper\ServerUrlMiddleware
Zend\Expressive\Middleware\LazyLoadingMiddleware
Zend\Expressive\Session\SessionMiddleware
Zend\Expressive\Middleware\LazyLoadingMiddleware
Amazium\Kernel\Application\Context\ApplicationContextMiddleware
Zend\Expressive\Middleware\LazyLoadingMiddleware
Zend\Expressive\Router\Middleware\RouteMiddleware
Zend\Expressive\Middleware\LazyLoadingMiddleware
Zend\Expressive\Router\Middleware\ImplicitHeadMiddleware
Zend\Expressive\Middleware\LazyLoadingMiddleware
Zend\Expressive\Router\Middleware\ImplicitOptionsMiddleware
Zend\Expressive\Middleware\LazyLoadingMiddleware
Zend\Expressive\Router\Middleware\MethodNotAllowedMiddleware
Zend\Expressive\Middleware\LazyLoadingMiddleware
Zend\Expressive\Helper\UrlHelperMiddleware
Zend\Expressive\Middleware\LazyLoadingMiddleware
Zend\Expressive\Router\Middleware\DispatchMiddleware
Zend\Expressive\Middleware\LazyLoadingMiddleware
Zend\Expressive\Handler\NotFoundHandler
Zend\Expressive\Middleware\LazyLoadingMiddleware
Zend\Stratigility\Middleware\ErrorHandler
Zend\Expressive\Middleware\LazyLoadingMiddleware
Zend\Expressive\Helper\ServerUrlMiddleware
Zend\Expressive\Middleware\LazyLoadingMiddleware
Zend\Expressive\Session\SessionMiddleware
Zend\Expressive\Middleware\LazyLoadingMiddleware
Amazium\Kernel\Application\Context\ApplicationContextMiddleware
Zend\Expressive\Middleware\LazyLoadingMiddleware
Zend\Expressive\Router\Middleware\RouteMiddleware
Zend\Expressive\Middleware\LazyLoadingMiddleware
Zend\Expressive\Router\Middleware\ImplicitHeadMiddleware
Zend\Expressive\Middleware\LazyLoadingMiddleware
Zend\Expressive\Router\Middleware\ImplicitOptionsMiddleware
Zend\Expressive\Middleware\LazyLoadingMiddleware
Zend\Expressive\Router\Middleware\MethodNotAllowedMiddleware
Zend\Expressive\Middleware\LazyLoadingMiddleware
Zend\Expressive\Helper\UrlHelperMiddleware
Zend\Expressive\Middleware\LazyLoadingMiddleware
Zend\Expressive\Router\Middleware\DispatchMiddleware
Zend\Expressive\Middleware\LazyLoadingMiddleware
Zend\Expressive\Authentication\AuthenticationMiddleware
Zend\Expressive\Middleware\LazyLoadingMiddleware
Zend\Stratigility\Middleware\ErrorHandler
Zend\Expressive\Middleware\LazyLoadingMiddleware
Zend\Expressive\Helper\ServerUrlMiddleware
Zend\Expressive\Middleware\LazyLoadingMiddleware
Zend\Expressive\Session\SessionMiddleware
Zend\Expressive\Middleware\LazyLoadingMiddleware
Amazium\Kernel\Application\Context\ApplicationContextMiddleware
Zend\Expressive\Middleware\LazyLoadingMiddleware
Zend\Expressive\Router\Middleware\RouteMiddleware
Zend\Expressive\Middleware\LazyLoadingMiddleware
Zend\Expressive\Router\Middleware\ImplicitHeadMiddleware
Zend\Expressive\Middleware\LazyLoadingMiddleware
Zend\Expressive\Router\Middleware\ImplicitOptionsMiddleware
Zend\Expressive\Middleware\LazyLoadingMiddleware
Zend\Expressive\Router\Middleware\MethodNotAllowedMiddleware
Zend\Expressive\Middleware\LazyLoadingMiddleware
Zend\Expressive\Helper\UrlHelperMiddleware
Zend\Expressive\Middleware\LazyLoadingMiddleware
Zend\Expressive\Router\Middleware\DispatchMiddleware
Zend\Expressive\Middleware\LazyLoadingMiddleware
Amazium\Identity\UI\Web\Page\Login
Zend\Expressive\Middleware\LazyLoadingMiddleware
Zend\Stratigility\Middleware\ErrorHandler
Zend\Expressive\Middleware\LazyLoadingMiddleware
Zend\Expressive\Helper\ServerUrlMiddleware
Zend\Expressive\Middleware\LazyLoadingMiddleware
Zend\Expressive\Session\SessionMiddleware
Zend\Expressive\Middleware\LazyLoadingMiddleware
Amazium\Kernel\Application\Context\ApplicationContextMiddleware
Zend\Expressive\Middleware\LazyLoadingMiddleware
Zend\Expressive\Router\Middleware\RouteMiddleware
Zend\Expressive\Middleware\LazyLoadingMiddleware
Zend\Expressive\Router\Middleware\ImplicitHeadMiddleware
Zend\Expressive\Middleware\LazyLoadingMiddleware
Zend\Expressive\Router\Middleware\ImplicitOptionsMiddleware
Zend\Expressive\Middleware\LazyLoadingMiddleware
Zend\Expressive\Router\Middleware\MethodNotAllowedMiddleware
Zend\Expressive\Middleware\LazyLoadingMiddleware
Zend\Expressive\Helper\UrlHelperMiddleware
Zend\Expressive\Middleware\LazyLoadingMiddleware
Zend\Expressive\Router\Middleware\DispatchMiddleware
Zend\Expressive\Middleware\LazyLoadingMiddleware
Zend\Expressive\Authentication\AuthenticationMiddleware
Zend\Expressive\Middleware\LazyLoadingMiddleware
Zend\Stratigility\Middleware\ErrorHandler
Zend\Expressive\Middleware\LazyLoadingMiddleware
Zend\Expressive\Helper\ServerUrlMiddleware
Zend\Expressive\Middleware\LazyLoadingMiddleware
Zend\Expressive\Session\SessionMiddleware
Zend\Expressive\Middleware\LazyLoadingMiddleware
Amazium\Kernel\Application\Context\ApplicationContextMiddleware
Zend\Expressive\Middleware\LazyLoadingMiddleware
Zend\Expressive\Router\Middleware\RouteMiddleware
Zend\Expressive\Middleware\LazyLoadingMiddleware
Zend\Expressive\Router\Middleware\ImplicitHeadMiddleware
Zend\Expressive\Middleware\LazyLoadingMiddleware
Zend\Expressive\Router\Middleware\ImplicitOptionsMiddleware
Zend\Expressive\Middleware\LazyLoadingMiddleware
Zend\Expressive\Router\Middleware\MethodNotAllowedMiddleware
Zend\Expressive\Middleware\LazyLoadingMiddleware
Zend\Expressive\Helper\UrlHelperMiddleware
Zend\Expressive\Middleware\LazyLoadingMiddleware
Zend\Expressive\Router\Middleware\DispatchMiddleware
Zend\Expressive\Middleware\LazyLoadingMiddleware
Amazium\Identity\UI\Web\Page\Login
Zend\Expressive\Middleware\LazyLoadingMiddleware
Zend\Stratigility\Middleware\ErrorHandler
Zend\Expressive\Middleware\LazyLoadingMiddleware
Zend\Expressive\Helper\ServerUrlMiddleware
Zend\Expressive\Middleware\LazyLoadingMiddleware
Zend\Expressive\Session\SessionMiddleware
Zend\Expressive\Middleware\LazyLoadingMiddleware
Amazium\Kernel\Application\Context\ApplicationContextMiddleware
Zend\Expressive\Middleware\LazyLoadingMiddleware
Zend\Expressive\Router\Middleware\RouteMiddleware
Zend\Expressive\Middleware\LazyLoadingMiddleware
Zend\Expressive\Router\Middleware\ImplicitHeadMiddleware
Zend\Expressive\Middleware\LazyLoadingMiddleware
Zend\Expressive\Router\Middleware\ImplicitOptionsMiddleware
Zend\Expressive\Middleware\LazyLoadingMiddleware
Zend\Expressive\Router\Middleware\MethodNotAllowedMiddleware
Zend\Expressive\Middleware\LazyLoadingMiddleware
Zend\Expressive\Helper\UrlHelperMiddleware
Zend\Expressive\Middleware\LazyLoadingMiddleware
Zend\Expressive\Router\Middleware\DispatchMiddleware
Zend\Expressive\Middleware\LazyLoadingMiddleware
Amazium\Identity\UI\Web\Page\LoginUsingGitlab
Zend\Expressive\Middleware\LazyLoadingMiddleware
Zend\Stratigility\Middleware\ErrorHandler
Zend\Expressive\Middleware\LazyLoadingMiddleware
Zend\Expressive\Helper\ServerUrlMiddleware
Zend\Expressive\Middleware\LazyLoadingMiddleware
Zend\Expressive\Session\SessionMiddleware
Zend\Expressive\Middleware\LazyLoadingMiddleware
Amazium\Kernel\Application\Context\ApplicationContextMiddleware
Zend\Expressive\Middleware\LazyLoadingMiddleware
Zend\Expressive\Router\Middleware\RouteMiddleware
Zend\Expressive\Middleware\LazyLoadingMiddleware
Zend\Expressive\Router\Middleware\ImplicitHeadMiddleware
Zend\Expressive\Middleware\LazyLoadingMiddleware
Zend\Expressive\Router\Middleware\ImplicitOptionsMiddleware
Zend\Expressive\Middleware\LazyLoadingMiddleware
Zend\Expressive\Router\Middleware\MethodNotAllowedMiddleware
Zend\Expressive\Middleware\LazyLoadingMiddleware
Zend\Expressive\Helper\UrlHelperMiddleware
Zend\Expressive\Middleware\LazyLoadingMiddleware
Zend\Expressive\Router\Middleware\DispatchMiddleware
Zend\Expressive\Middleware\LazyLoadingMiddleware
Amazium\Identity\UI\Web\Page\Logout
Zend\Expressive\Middleware\LazyLoadingMiddleware
Zend\Stratigility\Middleware\ErrorHandler
Zend\Expressive\Middleware\LazyLoadingMiddleware
Zend\Expressive\Helper\ServerUrlMiddleware
Zend\Expressive\Middleware\LazyLoadingMiddleware
Zend\Expressive\Session\SessionMiddleware
Zend\Expressive\Middleware\LazyLoadingMiddleware
Amazium\Kernel\Application\Context\ApplicationContextMiddleware
Zend\Expressive\Middleware\LazyLoadingMiddleware
Zend\Expressive\Router\Middleware\RouteMiddleware
Zend\Expressive\Middleware\LazyLoadingMiddleware
Zend\Expressive\Router\Middleware\ImplicitHeadMiddleware
Zend\Expressive\Middleware\LazyLoadingMiddleware
Zend\Expressive\Router\Middleware\ImplicitOptionsMiddleware
Zend\Expressive\Middleware\LazyLoadingMiddleware
Zend\Expressive\Router\Middleware\MethodNotAllowedMiddleware
Zend\Expressive\Middleware\LazyLoadingMiddleware
Zend\Expressive\Helper\UrlHelperMiddleware
Zend\Expressive\Middleware\LazyLoadingMiddleware
Zend\Expressive\Router\Middleware\DispatchMiddleware
Zend\Expressive\Middleware\LazyLoadingMiddleware
Amazium\Frontend\UI\Web\Page\Home
Zend\Expressive\Middleware\LazyLoadingMiddleware
Zend\Stratigility\Middleware\ErrorHandler
Zend\Expressive\Middleware\LazyLoadingMiddleware
Zend\Expressive\Helper\ServerUrlMiddleware
Zend\Expressive\Middleware\LazyLoadingMiddleware
Zend\Expressive\Session\SessionMiddleware
Zend\Expressive\Middleware\LazyLoadingMiddleware
Amazium\Kernel\Application\Context\ApplicationContextMiddleware
Zend\Expressive\Middleware\LazyLoadingMiddleware
Zend\Expressive\Router\Middleware\RouteMiddleware
Zend\Expressive\Middleware\LazyLoadingMiddleware
Zend\Expressive\Router\Middleware\ImplicitHeadMiddleware
Zend\Expressive\Middleware\LazyLoadingMiddleware
Zend\Expressive\Router\Middleware\ImplicitOptionsMiddleware
Zend\Expressive\Middleware\LazyLoadingMiddleware
Zend\Expressive\Router\Middleware\MethodNotAllowedMiddleware
Zend\Expressive\Middleware\LazyLoadingMiddleware
Zend\Expressive\Helper\UrlHelperMiddleware
Zend\Expressive\Middleware\LazyLoadingMiddleware
Zend\Expressive\Router\Middleware\DispatchMiddleware
Zend\Expressive\Middleware\LazyLoadingMiddleware
Amazium\Identity\UI\Web\Page\Logout
Zend\Expressive\Middleware\LazyLoadingMiddleware
Zend\Stratigility\Middleware\ErrorHandler
Zend\Expressive\Middleware\LazyLoadingMiddleware
Zend\Expressive\Helper\ServerUrlMiddleware
Zend\Expressive\Middleware\LazyLoadingMiddleware
Zend\Expressive\Session\SessionMiddleware
Zend\Expressive\Middleware\LazyLoadingMiddleware
Amazium\Kernel\Application\Context\ApplicationContextMiddleware
Zend\Expressive\Middleware\LazyLoadingMiddleware
Zend\Expressive\Router\Middleware\RouteMiddleware
Zend\Expressive\Middleware\LazyLoadingMiddleware
Zend\Expressive\Router\Middleware\ImplicitHeadMiddleware
Zend\Expressive\Middleware\LazyLoadingMiddleware
Zend\Expressive\Router\Middleware\ImplicitOptionsMiddleware
Zend\Expressive\Middleware\LazyLoadingMiddleware
Zend\Expressive\Router\Middleware\MethodNotAllowedMiddleware
Zend\Expressive\Middleware\LazyLoadingMiddleware
Zend\Expressive\Helper\UrlHelperMiddleware
Zend\Expressive\Middleware\LazyLoadingMiddleware
Zend\Expressive\Router\Middleware\DispatchMiddleware
Zend\Expressive\Middleware\LazyLoadingMiddleware
Amazium\Frontend\UI\Web\Page\Home
Zend\Expressive\Middleware\LazyLoadingMiddleware
Zend\Stratigility\Middleware\ErrorHandler
Zend\Expressive\Middleware\LazyLoadingMiddleware
Zend\Expressive\Helper\ServerUrlMiddleware
Zend\Expressive\Middleware\LazyLoadingMiddleware
Zend\Expressive\Session\SessionMiddleware
Zend\Expressive\Middleware\LazyLoadingMiddleware
Amazium\Kernel\Application\Context\ApplicationContextMiddleware
Zend\Expressive\Middleware\LazyLoadingMiddleware
Zend\Expressive\Router\Middleware\RouteMiddleware
Zend\Expressive\Middleware\LazyLoadingMiddleware
Zend\Expressive\Router\Middleware\ImplicitHeadMiddleware
Zend\Expressive\Middleware\LazyLoadingMiddleware
Zend\Expressive\Router\Middleware\ImplicitOptionsMiddleware
Zend\Expressive\Middleware\LazyLoadingMiddleware
Zend\Expressive\Router\Middleware\MethodNotAllowedMiddleware
Zend\Expressive\Middleware\LazyLoadingMiddleware
Zend\Expressive\Helper\UrlHelperMiddleware
Zend\Expressive\Middleware\LazyLoadingMiddleware
Zend\Expressive\Router\Middleware\DispatchMiddleware
Zend\Expressive\Middleware\LazyLoadingMiddleware
Zend\Expressive\Authentication\AuthenticationMiddleware
Zend\Expressive\Middleware\LazyLoadingMiddleware
Zend\Stratigility\Middleware\ErrorHandler
Zend\Expressive\Middleware\LazyLoadingMiddleware
Zend\Expressive\Helper\ServerUrlMiddleware
Zend\Expressive\Middleware\LazyLoadingMiddleware
Zend\Expressive\Session\SessionMiddleware
Zend\Expressive\Middleware\LazyLoadingMiddleware
Amazium\Kernel\Application\Context\ApplicationContextMiddleware
Zend\Expressive\Middleware\LazyLoadingMiddleware
Zend\Expressive\Router\Middleware\RouteMiddleware
Zend\Expressive\Middleware\LazyLoadingMiddleware
Zend\Expressive\Router\Middleware\ImplicitHeadMiddleware
Zend\Expressive\Middleware\LazyLoadingMiddleware
Zend\Expressive\Router\Middleware\ImplicitOptionsMiddleware
Zend\Expressive\Middleware\LazyLoadingMiddleware
Zend\Expressive\Router\Middleware\MethodNotAllowedMiddleware
Zend\Expressive\Middleware\LazyLoadingMiddleware
Zend\Expressive\Helper\UrlHelperMiddleware
Zend\Expressive\Middleware\LazyLoadingMiddleware
Zend\Expressive\Router\Middleware\DispatchMiddleware
Zend\Expressive\Middleware\LazyLoadingMiddleware
Amazium\Identity\UI\Web\Page\Login
Zend\Expressive\Middleware\LazyLoadingMiddleware
Zend\Stratigility\Middleware\ErrorHandler
Zend\Expressive\Middleware\LazyLoadingMiddleware
Zend\Expressive\Helper\ServerUrlMiddleware
Zend\Expressive\Middleware\LazyLoadingMiddleware
Zend\Expressive\Session\SessionMiddleware
Zend\Expressive\Middleware\LazyLoadingMiddleware
Amazium\Kernel\Application\Context\ApplicationContextMiddleware
Zend\Expressive\Middleware\LazyLoadingMiddleware
Zend\Expressive\Router\Middleware\RouteMiddleware
Zend\Expressive\Middleware\LazyLoadingMiddleware
Zend\Expressive\Router\Middleware\ImplicitHeadMiddleware
Zend\Expressive\Middleware\LazyLoadingMiddleware
Zend\Expressive\Router\Middleware\ImplicitOptionsMiddleware
Zend\Expressive\Middleware\LazyLoadingMiddleware
Zend\Expressive\Router\Middleware\MethodNotAllowedMiddleware
Zend\Expressive\Middleware\LazyLoadingMiddleware
Zend\Expressive\Helper\UrlHelperMiddleware
Zend\Expressive\Middleware\LazyLoadingMiddleware
Zend\Expressive\Router\Middleware\DispatchMiddleware
Zend\Expressive\Middleware\LazyLoadingMiddleware
Amazium\Identity\UI\Web\Page\LoginUsingGitlab
Zend\Expressive\Middleware\LazyLoadingMiddleware
Zend\Stratigility\Middleware\ErrorHandler
Zend\Expressive\Middleware\LazyLoadingMiddleware
Zend\Expressive\Helper\ServerUrlMiddleware
Zend\Expressive\Middleware\LazyLoadingMiddleware
Zend\Expressive\Session\SessionMiddleware
Zend\Expressive\Middleware\LazyLoadingMiddleware
Amazium\Kernel\Application\Context\ApplicationContextMiddleware
Zend\Expressive\Middleware\LazyLoadingMiddleware
Zend\Expressive\Router\Middleware\RouteMiddleware
Zend\Expressive\Middleware\LazyLoadingMiddleware
Zend\Expressive\Router\Middleware\ImplicitHeadMiddleware
Zend\Expressive\Middleware\LazyLoadingMiddleware
Zend\Expressive\Router\Middleware\ImplicitOptionsMiddleware
Zend\Expressive\Middleware\LazyLoadingMiddleware
Zend\Expressive\Router\Middleware\MethodNotAllowedMiddleware
Zend\Expressive\Middleware\LazyLoadingMiddleware
Zend\Expressive\Helper\UrlHelperMiddleware
Zend\Expressive\Middleware\LazyLoadingMiddleware
Zend\Expressive\Router\Middleware\DispatchMiddleware
Zend\Expressive\Middleware\LazyLoadingMiddleware
Amazium\Identity\UI\Web\Page\LoginUsingGitlab
Zend\Expressive\Middleware\LazyLoadingMiddleware
Zend\Stratigility\Middleware\ErrorHandler
Zend\Expressive\Middleware\LazyLoadingMiddleware
Zend\Expressive\Helper\ServerUrlMiddleware
Zend\Expressive\Middleware\LazyLoadingMiddleware
Zend\Expressive\Session\SessionMiddleware
Zend\Expressive\Middleware\LazyLoadingMiddleware
Amazium\Kernel\Application\Context\ApplicationContextMiddleware
Zend\Expressive\Middleware\LazyLoadingMiddleware
Zend\Expressive\Router\Middleware\RouteMiddleware
Zend\Expressive\Middleware\LazyLoadingMiddleware
Zend\Expressive\Router\Middleware\ImplicitHeadMiddleware
Zend\Expressive\Middleware\LazyLoadingMiddleware
Zend\Expressive\Router\Middleware\ImplicitOptionsMiddleware
Zend\Expressive\Middleware\LazyLoadingMiddleware
Zend\Expressive\Router\Middleware\MethodNotAllowedMiddleware
Zend\Expressive\Middleware\LazyLoadingMiddleware
Zend\Expressive\Helper\UrlHelperMiddleware
Zend\Expressive\Middleware\LazyLoadingMiddleware
Zend\Expressive\Router\Middleware\DispatchMiddleware
Zend\Expressive\Middleware\LazyLoadingMiddleware
Amazium\Identity\UI\Web\Page\LoginUsingGitlab
Zend\Expressive\Middleware\LazyLoadingMiddleware
Zend\Expressive\Authentication\AuthenticationMiddleware
Zend\Expressive\Middleware\LazyLoadingMiddleware
Zend\Stratigility\Middleware\ErrorHandler
Zend\Expressive\Middleware\LazyLoadingMiddleware
Zend\Expressive\Helper\ServerUrlMiddleware
Zend\Expressive\Middleware\LazyLoadingMiddleware
Zend\Expressive\Session\SessionMiddleware
Zend\Expressive\Middleware\LazyLoadingMiddleware
Amazium\Kernel\Application\Context\ApplicationContextMiddleware
Zend\Expressive\Middleware\LazyLoadingMiddleware
Zend\Expressive\Router\Middleware\RouteMiddleware
Zend\Expressive\Middleware\LazyLoadingMiddleware
Zend\Expressive\Router\Middleware\ImplicitHeadMiddleware
Zend\Expressive\Middleware\LazyLoadingMiddleware
Zend\Expressive\Router\Middleware\ImplicitOptionsMiddleware
Zend\Expressive\Middleware\LazyLoadingMiddleware
Zend\Expressive\Router\Middleware\MethodNotAllowedMiddleware
Zend\Expressive\Middleware\LazyLoadingMiddleware
Zend\Expressive\Helper\UrlHelperMiddleware
Zend\Expressive\Middleware\LazyLoadingMiddleware
Zend\Expressive\Router\Middleware\DispatchMiddleware
Zend\Expressive\Middleware\LazyLoadingMiddleware
Amazium\Identity\UI\Web\Page\Login
Zend\Expressive\Middleware\LazyLoadingMiddleware
Zend\Stratigility\Middleware\ErrorHandler
Zend\Expressive\Middleware\LazyLoadingMiddleware
Zend\Expressive\Helper\ServerUrlMiddleware
Zend\Expressive\Middleware\LazyLoadingMiddleware
Zend\Expressive\Session\SessionMiddleware
Zend\Expressive\Middleware\LazyLoadingMiddleware
Amazium\Kernel\Application\Context\ApplicationContextMiddleware
Zend\Expressive\Middleware\LazyLoadingMiddleware
Zend\Expressive\Router\Middleware\RouteMiddleware
Zend\Expressive\Middleware\LazyLoadingMiddleware
Zend\Expressive\Router\Middleware\ImplicitHeadMiddleware
Zend\Expressive\Middleware\LazyLoadingMiddleware
Zend\Expressive\Router\Middleware\ImplicitOptionsMiddleware
Zend\Expressive\Middleware\LazyLoadingMiddleware
Zend\Expressive\Router\Middleware\MethodNotAllowedMiddleware
Zend\Expressive\Middleware\LazyLoadingMiddleware
Zend\Expressive\Helper\UrlHelperMiddleware
Zend\Expressive\Middleware\LazyLoadingMiddleware
Zend\Expressive\Router\Middleware\DispatchMiddleware
Zend\Expressive\Middleware\LazyLoadingMiddleware
Amazium\Identity\UI\Web\Page\LoginUsingGitlab
Zend\Expressive\Middleware\LazyLoadingMiddleware
Zend\Stratigility\Middleware\ErrorHandler
Zend\Expressive\Middleware\LazyLoadingMiddleware
Zend\Expressive\Helper\ServerUrlMiddleware
Zend\Expressive\Middleware\LazyLoadingMiddleware
Zend\Expressive\Session\SessionMiddleware
Zend\Expressive\Middleware\LazyLoadingMiddleware
Amazium\Kernel\Application\Context\ApplicationContextMiddleware
Zend\Expressive\Middleware\LazyLoadingMiddleware
Zend\Expressive\Router\Middleware\RouteMiddleware
Zend\Expressive\Middleware\LazyLoadingMiddleware
Zend\Expressive\Router\Middleware\ImplicitHeadMiddleware
Zend\Expressive\Middleware\LazyLoadingMiddleware
Zend\Expressive\Router\Middleware\ImplicitOptionsMiddleware
Zend\Expressive\Middleware\LazyLoadingMiddleware
Zend\Expressive\Router\Middleware\MethodNotAllowedMiddleware
Zend\Expressive\Middleware\LazyLoadingMiddleware
Zend\Expressive\Helper\UrlHelperMiddleware
Zend\Expressive\Middleware\LazyLoadingMiddleware
Zend\Expressive\Router\Middleware\DispatchMiddleware
Zend\Expressive\Middleware\LazyLoadingMiddleware
Amazium\Identity\UI\Web\Page\LoginUsingGitlab
Zend\Expressive\Middleware\LazyLoadingMiddleware
Zend\Expressive\Authentication\AuthenticationMiddleware
Zend\Expressive\Middleware\LazyLoadingMiddleware
Zend\Stratigility\Middleware\ErrorHandler
Zend\Expressive\Middleware\LazyLoadingMiddleware
Zend\Expressive\Helper\ServerUrlMiddleware
Zend\Expressive\Middleware\LazyLoadingMiddleware
Zend\Expressive\Session\SessionMiddleware
Zend\Expressive\Middleware\LazyLoadingMiddleware
Amazium\Kernel\Application\Context\ApplicationContextMiddleware
Zend\Expressive\Middleware\LazyLoadingMiddleware
Zend\Expressive\Router\Middleware\RouteMiddleware
Zend\Expressive\Middleware\LazyLoadingMiddleware
Zend\Expressive\Router\Middleware\ImplicitHeadMiddleware
Zend\Expressive\Middleware\LazyLoadingMiddleware
Zend\Expressive\Router\Middleware\ImplicitOptionsMiddleware
Zend\Expressive\Middleware\LazyLoadingMiddleware
Zend\Expressive\Router\Middleware\MethodNotAllowedMiddleware
Zend\Expressive\Middleware\LazyLoadingMiddleware
Zend\Expressive\Helper\UrlHelperMiddleware
Zend\Expressive\Middleware\LazyLoadingMiddleware
Zend\Expressive\Router\Middleware\DispatchMiddleware
Zend\Expressive\Middleware\LazyLoadingMiddleware
Amazium\Identity\UI\Web\Page\Login
Zend\Expressive\Middleware\LazyLoadingMiddleware
Zend\Stratigility\Middleware\ErrorHandler
Zend\Expressive\Middleware\LazyLoadingMiddleware
Zend\Expressive\Helper\ServerUrlMiddleware
Zend\Expressive\Middleware\LazyLoadingMiddleware
Zend\Expressive\Session\SessionMiddleware
Zend\Expressive\Middleware\LazyLoadingMiddleware
Amazium\Kernel\Application\Context\ApplicationContextMiddleware
Zend\Expressive\Middleware\LazyLoadingMiddleware
Zend\Expressive\Router\Middleware\RouteMiddleware
Zend\Expressive\Middleware\LazyLoadingMiddleware
Zend\Expressive\Router\Middleware\ImplicitHeadMiddleware
Zend\Expressive\Middleware\LazyLoadingMiddleware
Zend\Expressive\Router\Middleware\ImplicitOptionsMiddleware
Zend\Expressive\Middleware\LazyLoadingMiddleware
Zend\Expressive\Router\Middleware\MethodNotAllowedMiddleware
Zend\Expressive\Middleware\LazyLoadingMiddleware
Zend\Expressive\Helper\UrlHelperMiddleware
Zend\Expressive\Middleware\LazyLoadingMiddleware
Zend\Expressive\Router\Middleware\DispatchMiddleware
Zend\Expressive\Middleware\LazyLoadingMiddleware
Amazium\Identity\UI\Web\Page\LoginUsingGitlab
Zend\Expressive\Middleware\LazyLoadingMiddleware
Zend\Stratigility\Middleware\ErrorHandler
Zend\Expressive\Middleware\LazyLoadingMiddleware
Zend\Expressive\Helper\ServerUrlMiddleware
Zend\Expressive\Middleware\LazyLoadingMiddleware
Zend\Expressive\Session\SessionMiddleware
Zend\Expressive\Middleware\LazyLoadingMiddleware
Amazium\Kernel\Application\Context\ApplicationContextMiddleware
Zend\Expressive\Middleware\LazyLoadingMiddleware
Zend\Expressive\Router\Middleware\RouteMiddleware
Zend\Expressive\Middleware\LazyLoadingMiddleware
Zend\Expressive\Router\Middleware\ImplicitHeadMiddleware
Zend\Expressive\Middleware\LazyLoadingMiddleware
Zend\Expressive\Router\Middleware\ImplicitOptionsMiddleware
Zend\Expressive\Middleware\LazyLoadingMiddleware
Zend\Expressive\Router\Middleware\MethodNotAllowedMiddleware
Zend\Expressive\Middleware\LazyLoadingMiddleware
Zend\Expressive\Helper\UrlHelperMiddleware
Zend\Expressive\Middleware\LazyLoadingMiddleware
Zend\Expressive\Router\Middleware\DispatchMiddleware
Zend\Expressive\Middleware\LazyLoadingMiddleware
Amazium\Identity\UI\Web\Page\LoginUsingGitlab
Zend\Expressive\Middleware\LazyLoadingMiddleware
Zend\Expressive\Authentication\AuthenticationMiddleware
Zend\Expressive\Middleware\LazyLoadingMiddleware
Zend\Stratigility\Middleware\ErrorHandler
Zend\Expressive\Middleware\LazyLoadingMiddleware
Zend\Expressive\Helper\ServerUrlMiddleware
Zend\Expressive\Middleware\LazyLoadingMiddleware
Zend\Expressive\Session\SessionMiddleware
Zend\Expressive\Middleware\LazyLoadingMiddleware
Amazium\Kernel\Application\Context\ApplicationContextMiddleware
Zend\Expressive\Middleware\LazyLoadingMiddleware
Zend\Expressive\Router\Middleware\RouteMiddleware
Zend\Expressive\Middleware\LazyLoadingMiddleware
Zend\Expressive\Router\Middleware\ImplicitHeadMiddleware
Zend\Expressive\Middleware\LazyLoadingMiddleware
Zend\Expressive\Router\Middleware\ImplicitOptionsMiddleware
Zend\Expressive\Middleware\LazyLoadingMiddleware
Zend\Expressive\Router\Middleware\MethodNotAllowedMiddleware
Zend\Expressive\Middleware\LazyLoadingMiddleware
Zend\Expressive\Helper\UrlHelperMiddleware
Zend\Expressive\Middleware\LazyLoadingMiddleware
Zend\Expressive\Router\Middleware\DispatchMiddleware
Zend\Expressive\Middleware\LazyLoadingMiddleware
Amazium\Identity\UI\Web\Page\Login
Zend\Expressive\Middleware\LazyLoadingMiddleware
Zend\Stratigility\Middleware\ErrorHandler
Zend\Expressive\Middleware\LazyLoadingMiddleware
Zend\Expressive\Helper\ServerUrlMiddleware
Zend\Expressive\Middleware\LazyLoadingMiddleware
Zend\Expressive\Session\SessionMiddleware
Zend\Expressive\Middleware\LazyLoadingMiddleware
Amazium\Kernel\Application\Context\ApplicationContextMiddleware
Zend\Expressive\Middleware\LazyLoadingMiddleware
Zend\Expressive\Router\Middleware\RouteMiddleware
Zend\Expressive\Middleware\LazyLoadingMiddleware
Zend\Expressive\Router\Middleware\ImplicitHeadMiddleware
Zend\Expressive\Middleware\LazyLoadingMiddleware
Zend\Expressive\Router\Middleware\ImplicitOptionsMiddleware
Zend\Expressive\Middleware\LazyLoadingMiddleware
Zend\Expressive\Router\Middleware\MethodNotAllowedMiddleware
Zend\Expressive\Middleware\LazyLoadingMiddleware
Zend\Expressive\Helper\UrlHelperMiddleware
Zend\Expressive\Middleware\LazyLoadingMiddleware
Zend\Expressive\Router\Middleware\DispatchMiddleware
Zend\Expressive\Middleware\LazyLoadingMiddleware
Zend\Expressive\Authentication\AuthenticationMiddleware
Zend\Expressive\Middleware\LazyLoadingMiddleware
Zend\Stratigility\Middleware\ErrorHandler
Zend\Expressive\Middleware\LazyLoadingMiddleware
Zend\Expressive\Helper\ServerUrlMiddleware
Zend\Expressive\Middleware\LazyLoadingMiddleware
Zend\Expressive\Session\SessionMiddleware
Zend\Expressive\Middleware\LazyLoadingMiddleware
Amazium\Kernel\Application\Context\ApplicationContextMiddleware
Zend\Expressive\Middleware\LazyLoadingMiddleware
Zend\Expressive\Router\Middleware\RouteMiddleware
Zend\Expressive\Middleware\LazyLoadingMiddleware
Zend\Expressive\Router\Middleware\ImplicitHeadMiddleware
Zend\Expressive\Middleware\LazyLoadingMiddleware
Zend\Expressive\Router\Middleware\ImplicitOptionsMiddleware
Zend\Expressive\Middleware\LazyLoadingMiddleware
Zend\Expressive\Router\Middleware\MethodNotAllowedMiddleware
Zend\Expressive\Middleware\LazyLoadingMiddleware
Zend\Expressive\Helper\UrlHelperMiddleware
Zend\Expressive\Middleware\LazyLoadingMiddleware
Zend\Expressive\Router\Middleware\DispatchMiddleware
Zend\Expressive\Middleware\LazyLoadingMiddleware
Amazium\Identity\UI\Web\Page\Login
Zend\Expressive\Middleware\LazyLoadingMiddleware
Zend\Stratigility\Middleware\ErrorHandler
Zend\Expressive\Middleware\LazyLoadingMiddleware
Zend\Expressive\Helper\ServerUrlMiddleware
Zend\Expressive\Middleware\LazyLoadingMiddleware
Zend\Expressive\Session\SessionMiddleware
Zend\Expressive\Middleware\LazyLoadingMiddleware
Amazium\Kernel\Application\Context\ApplicationContextMiddleware
Zend\Expressive\Middleware\LazyLoadingMiddleware
Zend\Expressive\Router\Middleware\RouteMiddleware
Zend\Expressive\Middleware\LazyLoadingMiddleware
Zend\Expressive\Router\Middleware\ImplicitHeadMiddleware
Zend\Expressive\Middleware\LazyLoadingMiddleware
Zend\Expressive\Router\Middleware\ImplicitOptionsMiddleware
Zend\Expressive\Middleware\LazyLoadingMiddleware
Zend\Expressive\Router\Middleware\MethodNotAllowedMiddleware
Zend\Expressive\Middleware\LazyLoadingMiddleware
Zend\Expressive\Helper\UrlHelperMiddleware
Zend\Expressive\Middleware\LazyLoadingMiddleware
Zend\Expressive\Router\Middleware\DispatchMiddleware
Zend\Expressive\Middleware\LazyLoadingMiddleware
Amazium\Identity\UI\Web\Page\LoginUsingGitlab
Zend\Expressive\Middleware\LazyLoadingMiddleware
Zend\Stratigility\Middleware\ErrorHandler
Zend\Expressive\Middleware\LazyLoadingMiddleware
Zend\Expressive\Helper\ServerUrlMiddleware
Zend\Expressive\Middleware\LazyLoadingMiddleware
Zend\Expressive\Session\SessionMiddleware
Zend\Expressive\Middleware\LazyLoadingMiddleware
Amazium\Kernel\Application\Context\ApplicationContextMiddleware
Zend\Expressive\Middleware\LazyLoadingMiddleware
Zend\Expressive\Router\Middleware\RouteMiddleware
Zend\Expressive\Middleware\LazyLoadingMiddleware
Zend\Expressive\Router\Middleware\ImplicitHeadMiddleware
Zend\Expressive\Middleware\LazyLoadingMiddleware
Zend\Expressive\Router\Middleware\ImplicitOptionsMiddleware
Zend\Expressive\Middleware\LazyLoadingMiddleware
Zend\Expressive\Router\Middleware\MethodNotAllowedMiddleware
Zend\Expressive\Middleware\LazyLoadingMiddleware
Zend\Expressive\Helper\UrlHelperMiddleware
Zend\Expressive\Middleware\LazyLoadingMiddleware
Zend\Expressive\Router\Middleware\DispatchMiddleware
Zend\Expressive\Middleware\LazyLoadingMiddleware
Amazium\Identity\UI\Web\Page\LoginUsingGitlab
Zend\Expressive\Middleware\LazyLoadingMiddleware
Zend\Expressive\Authentication\AuthenticationMiddleware
Zend\Expressive\Middleware\LazyLoadingMiddleware
Zend\Stratigility\Middleware\ErrorHandler
Zend\Expressive\Middleware\LazyLoadingMiddleware
Zend\Expressive\Helper\ServerUrlMiddleware
Zend\Expressive\Middleware\LazyLoadingMiddleware
Zend\Expressive\Session\SessionMiddleware
Zend\Expressive\Middleware\LazyLoadingMiddleware
Amazium\Kernel\Application\Context\ApplicationContextMiddleware
Zend\Expressive\Middleware\LazyLoadingMiddleware
Zend\Expressive\Router\Middleware\RouteMiddleware
Zend\Expressive\Middleware\LazyLoadingMiddleware
Zend\Expressive\Router\Middleware\ImplicitHeadMiddleware
Zend\Expressive\Middleware\LazyLoadingMiddleware
Zend\Expressive\Router\Middleware\ImplicitOptionsMiddleware
Zend\Expressive\Middleware\LazyLoadingMiddleware
Zend\Expressive\Router\Middleware\MethodNotAllowedMiddleware
Zend\Expressive\Middleware\LazyLoadingMiddleware
Zend\Expressive\Helper\UrlHelperMiddleware
Zend\Expressive\Middleware\LazyLoadingMiddleware
Zend\Expressive\Router\Middleware\DispatchMiddleware
Zend\Expressive\Middleware\LazyLoadingMiddleware
Amazium\Identity\UI\Web\Page\Login
Zend\Expressive\Middleware\LazyLoadingMiddleware
Zend\Stratigility\Middleware\ErrorHandler
Zend\Expressive\Middleware\LazyLoadingMiddleware
Zend\Expressive\Helper\ServerUrlMiddleware
Zend\Expressive\Middleware\LazyLoadingMiddleware
Zend\Expressive\Session\SessionMiddleware
Zend\Expressive\Middleware\LazyLoadingMiddleware
Amazium\Kernel\Application\Context\ApplicationContextMiddleware
Zend\Expressive\Middleware\LazyLoadingMiddleware
Zend\Expressive\Router\Middleware\RouteMiddleware
Zend\Expressive\Middleware\LazyLoadingMiddleware
Zend\Expressive\Router\Middleware\ImplicitHeadMiddleware
Zend\Expressive\Middleware\LazyLoadingMiddleware
Zend\Expressive\Router\Middleware\ImplicitOptionsMiddleware
Zend\Expressive\Middleware\LazyLoadingMiddleware
Zend\Expressive\Router\Middleware\MethodNotAllowedMiddleware
Zend\Expressive\Middleware\LazyLoadingMiddleware
Zend\Expressive\Helper\UrlHelperMiddleware
Zend\Expressive\Middleware\LazyLoadingMiddleware
Zend\Expressive\Router\Middleware\DispatchMiddleware
Zend\Expressive\Middleware\LazyLoadingMiddleware
Amazium\Identity\UI\Web\Page\LoginUsingGitlab
Zend\Expressive\Middleware\LazyLoadingMiddleware
Zend\Stratigility\Middleware\ErrorHandler
Zend\Expressive\Middleware\LazyLoadingMiddleware
Zend\Expressive\Helper\ServerUrlMiddleware
Zend\Expressive\Middleware\LazyLoadingMiddleware
Zend\Expressive\Session\SessionMiddleware
Zend\Expressive\Middleware\LazyLoadingMiddleware
Amazium\Kernel\Application\Context\ApplicationContextMiddleware
Zend\Expressive\Middleware\LazyLoadingMiddleware
Zend\Expressive\Router\Middleware\RouteMiddleware
Zend\Expressive\Middleware\LazyLoadingMiddleware
Zend\Expressive\Router\Middleware\ImplicitHeadMiddleware
Zend\Expressive\Middleware\LazyLoadingMiddleware
Zend\Expressive\Router\Middleware\ImplicitOptionsMiddleware
Zend\Expressive\Middleware\LazyLoadingMiddleware
Zend\Expressive\Router\Middleware\MethodNotAllowedMiddleware
Zend\Expressive\Middleware\LazyLoadingMiddleware
Zend\Expressive\Helper\UrlHelperMiddleware
Zend\Expressive\Middleware\LazyLoadingMiddleware
Zend\Expressive\Router\Middleware\DispatchMiddleware
Zend\Expressive\Middleware\LazyLoadingMiddleware
Amazium\Identity\UI\Web\Page\LoginUsingGitlab
Zend\Expressive\Middleware\LazyLoadingMiddleware
Zend\Stratigility\Middleware\ErrorHandler
Zend\Expressive\Middleware\LazyLoadingMiddleware
Zend\Expressive\Helper\ServerUrlMiddleware
Zend\Expressive\Middleware\LazyLoadingMiddleware
Zend\Expressive\Session\SessionMiddleware
Zend\Expressive\Middleware\LazyLoadingMiddleware
Amazium\Kernel\Application\Context\ApplicationContextMiddleware
Zend\Expressive\Middleware\LazyLoadingMiddleware
Zend\Expressive\Router\Middleware\RouteMiddleware
Zend\Expressive\Middleware\LazyLoadingMiddleware
Zend\Expressive\Router\Middleware\ImplicitHeadMiddleware
Zend\Expressive\Middleware\LazyLoadingMiddleware
Zend\Expressive\Router\Middleware\ImplicitOptionsMiddleware
Zend\Expressive\Middleware\LazyLoadingMiddleware
Zend\Expressive\Router\Middleware\MethodNotAllowedMiddleware
Zend\Expressive\Middleware\LazyLoadingMiddleware
Zend\Expressive\Helper\UrlHelperMiddleware
Zend\Expressive\Middleware\LazyLoadingMiddleware
Zend\Expressive\Router\Middleware\DispatchMiddleware
Zend\Expressive\Middleware\LazyLoadingMiddleware
Amazium\Identity\UI\Web\Page\LoginUsingGitlab
Zend\Expressive\Middleware\LazyLoadingMiddleware
Zend\Stratigility\Middleware\ErrorHandler
Zend\Expressive\Middleware\LazyLoadingMiddleware
Zend\Expressive\Helper\ServerUrlMiddleware
Zend\Expressive\Middleware\LazyLoadingMiddleware
Zend\Expressive\Session\SessionMiddleware
Zend\Expressive\Middleware\LazyLoadingMiddleware
Amazium\Kernel\Application\Context\ApplicationContextMiddleware
Zend\Expressive\Middleware\LazyLoadingMiddleware
Zend\Expressive\Router\Middleware\RouteMiddleware
Zend\Expressive\Middleware\LazyLoadingMiddleware
Zend\Expressive\Router\Middleware\ImplicitHeadMiddleware
Zend\Expressive\Middleware\LazyLoadingMiddleware
Zend\Expressive\Router\Middleware\ImplicitOptionsMiddleware
Zend\Expressive\Middleware\LazyLoadingMiddleware
Zend\Expressive\Router\Middleware\MethodNotAllowedMiddleware
Zend\Expressive\Middleware\LazyLoadingMiddleware
Zend\Expressive\Helper\UrlHelperMiddleware
Zend\Expressive\Middleware\LazyLoadingMiddleware
Zend\Expressive\Router\Middleware\DispatchMiddleware
Zend\Expressive\Middleware\LazyLoadingMiddleware
Amazium\Identity\UI\Web\Page\LoginUsingGitlab
Zend\Expressive\Middleware\LazyLoadingMiddleware
Zend\Stratigility\Middleware\ErrorHandler
Zend\Expressive\Middleware\LazyLoadingMiddleware
Zend\Expressive\Helper\ServerUrlMiddleware
Zend\Expressive\Middleware\LazyLoadingMiddleware
Zend\Expressive\Session\SessionMiddleware
Zend\Expressive\Middleware\LazyLoadingMiddleware
Amazium\Kernel\Application\Context\ApplicationContextMiddleware
Zend\Expressive\Middleware\LazyLoadingMiddleware
Zend\Expressive\Router\Middleware\RouteMiddleware
Zend\Expressive\Middleware\LazyLoadingMiddleware
Zend\Expressive\Router\Middleware\ImplicitHeadMiddleware
Zend\Expressive\Middleware\LazyLoadingMiddleware
Zend\Expressive\Router\Middleware\ImplicitOptionsMiddleware
Zend\Expressive\Middleware\LazyLoadingMiddleware
Zend\Expressive\Router\Middleware\MethodNotAllowedMiddleware
Zend\Expressive\Middleware\LazyLoadingMiddleware
Zend\Expressive\Helper\UrlHelperMiddleware
Zend\Expressive\Middleware\LazyLoadingMiddleware
Zend\Expressive\Router\Middleware\DispatchMiddleware
Zend\Expressive\Middleware\LazyLoadingMiddleware
Amazium\Identity\UI\Web\Page\LoginUsingGitlab
Zend\Expressive\Middleware\LazyLoadingMiddleware
Zend\Stratigility\Middleware\ErrorHandler
Zend\Expressive\Middleware\LazyLoadingMiddleware
Zend\Expressive\Helper\ServerUrlMiddleware
Zend\Expressive\Middleware\LazyLoadingMiddleware
Zend\Expressive\Session\SessionMiddleware
Zend\Expressive\Middleware\LazyLoadingMiddleware
Amazium\Kernel\Application\Context\ApplicationContextMiddleware
Zend\Expressive\Middleware\LazyLoadingMiddleware
Zend\Expressive\Router\Middleware\RouteMiddleware
Zend\Expressive\Middleware\LazyLoadingMiddleware
Zend\Expressive\Router\Middleware\ImplicitHeadMiddleware
Zend\Expressive\Middleware\LazyLoadingMiddleware
Zend\Expressive\Router\Middleware\ImplicitOptionsMiddleware
Zend\Expressive\Middleware\LazyLoadingMiddleware
Zend\Expressive\Router\Middleware\MethodNotAllowedMiddleware
Zend\Expressive\Middleware\LazyLoadingMiddleware
Zend\Expressive\Helper\UrlHelperMiddleware
Zend\Expressive\Middleware\LazyLoadingMiddleware
Zend\Expressive\Router\Middleware\DispatchMiddleware
Zend\Expressive\Middleware\LazyLoadingMiddleware
Amazium\Identity\UI\Web\Page\LoginUsingGitlab
Zend\Expressive\Middleware\LazyLoadingMiddleware
Zend\Stratigility\Middleware\ErrorHandler
Zend\Expressive\Middleware\LazyLoadingMiddleware
Zend\Expressive\Helper\ServerUrlMiddleware
Zend\Expressive\Middleware\LazyLoadingMiddleware
Zend\Expressive\Session\SessionMiddleware
Zend\Expressive\Middleware\LazyLoadingMiddleware
Amazium\Kernel\Application\Context\ApplicationContextMiddleware
Zend\Expressive\Middleware\LazyLoadingMiddleware
Zend\Expressive\Router\Middleware\RouteMiddleware
Zend\Expressive\Middleware\LazyLoadingMiddleware
Zend\Expressive\Router\Middleware\ImplicitHeadMiddleware
Zend\Expressive\Middleware\LazyLoadingMiddleware
Zend\Expressive\Router\Middleware\ImplicitOptionsMiddleware
Zend\Expressive\Middleware\LazyLoadingMiddleware
Zend\Expressive\Router\Middleware\MethodNotAllowedMiddleware
Zend\Expressive\Middleware\LazyLoadingMiddleware
Zend\Expressive\Helper\UrlHelperMiddleware
Zend\Expressive\Middleware\LazyLoadingMiddleware
Zend\Expressive\Router\Middleware\DispatchMiddleware
Zend\Expressive\Middleware\LazyLoadingMiddleware
Amazium\Identity\UI\Web\Page\LoginUsingGitlab
Zend\Expressive\Middleware\LazyLoadingMiddleware
Zend\Stratigility\Middleware\ErrorHandler
Zend\Expressive\Middleware\LazyLoadingMiddleware
Zend\Expressive\Helper\ServerUrlMiddleware
Zend\Expressive\Middleware\LazyLoadingMiddleware
Zend\Expressive\Session\SessionMiddleware
Zend\Expressive\Middleware\LazyLoadingMiddleware
Amazium\Kernel\Application\Context\ApplicationContextMiddleware
Zend\Expressive\Middleware\LazyLoadingMiddleware
Zend\Expressive\Router\Middleware\RouteMiddleware
Zend\Expressive\Middleware\LazyLoadingMiddleware
Zend\Expressive\Router\Middleware\ImplicitHeadMiddleware
Zend\Expressive\Middleware\LazyLoadingMiddleware
Zend\Expressive\Router\Middleware\ImplicitOptionsMiddleware
Zend\Expressive\Middleware\LazyLoadingMiddleware
Zend\Expressive\Router\Middleware\MethodNotAllowedMiddleware
Zend\Expressive\Middleware\LazyLoadingMiddleware
Zend\Expressive\Helper\UrlHelperMiddleware
Zend\Expressive\Middleware\LazyLoadingMiddleware
Zend\Expressive\Router\Middleware\DispatchMiddleware
Zend\Expressive\Middleware\LazyLoadingMiddleware
Amazium\Identity\UI\Web\Page\LoginUsingGitlab
Zend\Expressive\Middleware\LazyLoadingMiddleware
Zend\Expressive\Authentication\AuthenticationMiddleware
Zend\Expressive\Middleware\LazyLoadingMiddleware
Zend\Stratigility\Middleware\ErrorHandler
Zend\Expressive\Middleware\LazyLoadingMiddleware
Zend\Expressive\Helper\ServerUrlMiddleware
Zend\Expressive\Middleware\LazyLoadingMiddleware
Zend\Expressive\Session\SessionMiddleware
Zend\Expressive\Middleware\LazyLoadingMiddleware
Amazium\Kernel\Application\Context\ApplicationContextMiddleware
Zend\Expressive\Middleware\LazyLoadingMiddleware
Zend\Expressive\Router\Middleware\RouteMiddleware
Zend\Expressive\Middleware\LazyLoadingMiddleware
Zend\Expressive\Router\Middleware\ImplicitHeadMiddleware
Zend\Expressive\Middleware\LazyLoadingMiddleware
Zend\Expressive\Router\Middleware\ImplicitOptionsMiddleware
Zend\Expressive\Middleware\LazyLoadingMiddleware
Zend\Expressive\Router\Middleware\MethodNotAllowedMiddleware
Zend\Expressive\Middleware\LazyLoadingMiddleware
Zend\Expressive\Helper\UrlHelperMiddleware
Zend\Expressive\Middleware\LazyLoadingMiddleware
Zend\Expressive\Router\Middleware\DispatchMiddleware
Zend\Expressive\Middleware\LazyLoadingMiddleware
Amazium\Identity\UI\Web\Page\LoginUsingGitlab
Zend\Expressive\Middleware\LazyLoadingMiddleware
Zend\Stratigility\Middleware\ErrorHandler
Zend\Expressive\Middleware\LazyLoadingMiddleware
Zend\Expressive\Helper\ServerUrlMiddleware
Zend\Expressive\Middleware\LazyLoadingMiddleware
Zend\Expressive\Session\SessionMiddleware
Zend\Expressive\Middleware\LazyLoadingMiddleware
Amazium\Kernel\Application\Context\ApplicationContextMiddleware
Zend\Expressive\Middleware\LazyLoadingMiddleware
Zend\Expressive\Router\Middleware\RouteMiddleware
Zend\Expressive\Middleware\LazyLoadingMiddleware
Zend\Expressive\Router\Middleware\ImplicitHeadMiddleware
Zend\Expressive\Middleware\LazyLoadingMiddleware
Zend\Expressive\Router\Middleware\ImplicitOptionsMiddleware
Zend\Expressive\Middleware\LazyLoadingMiddleware
Zend\Expressive\Router\Middleware\MethodNotAllowedMiddleware
Zend\Expressive\Middleware\LazyLoadingMiddleware
Zend\Expressive\Helper\UrlHelperMiddleware
Zend\Expressive\Middleware\LazyLoadingMiddleware
Zend\Expressive\Router\Middleware\DispatchMiddleware
Zend\Expressive\Middleware\LazyLoadingMiddleware
Amazium\Identity\UI\Web\Page\LoginUsingGitlab
Zend\Expressive\Middleware\LazyLoadingMiddleware
Zend\Expressive\Authentication\AuthenticationMiddleware
Zend\Expressive\Middleware\LazyLoadingMiddleware
Zend\Stratigility\Middleware\ErrorHandler
Zend\Expressive\Middleware\LazyLoadingMiddleware
Zend\Expressive\Helper\ServerUrlMiddleware
Zend\Expressive\Middleware\LazyLoadingMiddleware
Zend\Expressive\Session\SessionMiddleware
Zend\Expressive\Middleware\LazyLoadingMiddleware
Amazium\Kernel\Application\Context\ApplicationContextMiddleware
Zend\Expressive\Middleware\LazyLoadingMiddleware
Zend\Expressive\Router\Middleware\RouteMiddleware
Zend\Expressive\Middleware\LazyLoadingMiddleware
Zend\Expressive\Router\Middleware\ImplicitHeadMiddleware
Zend\Expressive\Middleware\LazyLoadingMiddleware
Zend\Expressive\Router\Middleware\ImplicitOptionsMiddleware
Zend\Expressive\Middleware\LazyLoadingMiddleware
Zend\Expressive\Router\Middleware\MethodNotAllowedMiddleware
Zend\Expressive\Middleware\LazyLoadingMiddleware
Zend\Expressive\Helper\UrlHelperMiddleware
Zend\Expressive\Middleware\LazyLoadingMiddleware
Zend\Expressive\Router\Middleware\DispatchMiddleware
Zend\Expressive\Middleware\LazyLoadingMiddleware
Amazium\Identity\UI\Web\Page\LoginUsingGitlab
Zend\Expressive\Middleware\LazyLoadingMiddleware
Zend\Stratigility\Middleware\ErrorHandler
Zend\Expressive\Middleware\LazyLoadingMiddleware
Zend\Expressive\Helper\ServerUrlMiddleware
Zend\Expressive\Middleware\LazyLoadingMiddleware
Zend\Expressive\Session\SessionMiddleware
Zend\Expressive\Middleware\LazyLoadingMiddleware
Amazium\Kernel\Application\Context\ApplicationContextMiddleware
Zend\Expressive\Middleware\LazyLoadingMiddleware
Zend\Expressive\Router\Middleware\RouteMiddleware
Zend\Expressive\Middleware\LazyLoadingMiddleware
Zend\Expressive\Router\Middleware\ImplicitHeadMiddleware
Zend\Expressive\Middleware\LazyLoadingMiddleware
Zend\Expressive\Router\Middleware\ImplicitOptionsMiddleware
Zend\Expressive\Middleware\LazyLoadingMiddleware
Zend\Expressive\Router\Middleware\MethodNotAllowedMiddleware
Zend\Expressive\Middleware\LazyLoadingMiddleware
Zend\Expressive\Helper\UrlHelperMiddleware
Zend\Expressive\Middleware\LazyLoadingMiddleware
Zend\Expressive\Router\Middleware\DispatchMiddleware
Zend\Expressive\Middleware\LazyLoadingMiddleware
Amazium\Identity\UI\Web\Page\LoginUsingGitlab
Zend\Expressive\Middleware\LazyLoadingMiddleware
Zend\Expressive\Authentication\AuthenticationMiddleware
Zend\Expressive\Middleware\LazyLoadingMiddleware
Zend\Stratigility\Middleware\ErrorHandler
Zend\Expressive\Middleware\LazyLoadingMiddleware
Zend\Expressive\Helper\ServerUrlMiddleware
Zend\Expressive\Middleware\LazyLoadingMiddleware
Zend\Expressive\Session\SessionMiddleware
Zend\Expressive\Middleware\LazyLoadingMiddleware
Amazium\Kernel\Application\Context\ApplicationContextMiddleware
Zend\Expressive\Middleware\LazyLoadingMiddleware
Zend\Expressive\Router\Middleware\RouteMiddleware
Zend\Expressive\Middleware\LazyLoadingMiddleware
Zend\Expressive\Router\Middleware\ImplicitHeadMiddleware
Zend\Expressive\Middleware\LazyLoadingMiddleware
Zend\Expressive\Router\Middleware\ImplicitOptionsMiddleware
Zend\Expressive\Middleware\LazyLoadingMiddleware
Zend\Expressive\Router\Middleware\MethodNotAllowedMiddleware
Zend\Expressive\Middleware\LazyLoadingMiddleware
Zend\Expressive\Helper\UrlHelperMiddleware
Zend\Expressive\Middleware\LazyLoadingMiddleware
Zend\Expressive\Router\Middleware\DispatchMiddleware
Zend\Expressive\Middleware\LazyLoadingMiddleware
Amazium\Identity\UI\Web\Page\LoginUsingGitlab
Zend\Expressive\Middleware\LazyLoadingMiddleware
Zend\Stratigility\Middleware\ErrorHandler
Zend\Expressive\Middleware\LazyLoadingMiddleware
Zend\Expressive\Helper\ServerUrlMiddleware
Zend\Expressive\Middleware\LazyLoadingMiddleware
Zend\Expressive\Session\SessionMiddleware
Zend\Expressive\Middleware\LazyLoadingMiddleware
Amazium\Kernel\Application\Context\ApplicationContextMiddleware
Zend\Expressive\Middleware\LazyLoadingMiddleware
Zend\Expressive\Router\Middleware\RouteMiddleware
Zend\Expressive\Middleware\LazyLoadingMiddleware
Zend\Expressive\Router\Middleware\ImplicitHeadMiddleware
Zend\Expressive\Middleware\LazyLoadingMiddleware
Zend\Expressive\Router\Middleware\ImplicitOptionsMiddleware
Zend\Expressive\Middleware\LazyLoadingMiddleware
Zend\Expressive\Router\Middleware\MethodNotAllowedMiddleware
Zend\Expressive\Middleware\LazyLoadingMiddleware
Zend\Expressive\Helper\UrlHelperMiddleware
Zend\Expressive\Middleware\LazyLoadingMiddleware
Zend\Expressive\Router\Middleware\DispatchMiddleware
Zend\Expressive\Middleware\LazyLoadingMiddleware
Amazium\Identity\UI\Web\Page\LoginUsingGitlab
Zend\Expressive\Middleware\LazyLoadingMiddleware
Zend\Stratigility\Middleware\ErrorHandler
Zend\Expressive\Middleware\LazyLoadingMiddleware
Zend\Expressive\Helper\ServerUrlMiddleware
Zend\Expressive\Middleware\LazyLoadingMiddleware
Zend\Expressive\Session\SessionMiddleware
Zend\Expressive\Middleware\LazyLoadingMiddleware
Amazium\Kernel\Application\Context\ApplicationContextMiddleware
Zend\Expressive\Middleware\LazyLoadingMiddleware
Zend\Expressive\Router\Middleware\RouteMiddleware
Zend\Expressive\Middleware\LazyLoadingMiddleware
Zend\Expressive\Router\Middleware\ImplicitHeadMiddleware
Zend\Expressive\Middleware\LazyLoadingMiddleware
Zend\Expressive\Router\Middleware\ImplicitOptionsMiddleware
Zend\Expressive\Middleware\LazyLoadingMiddleware
Zend\Expressive\Router\Middleware\MethodNotAllowedMiddleware
Zend\Expressive\Middleware\LazyLoadingMiddleware
Zend\Expressive\Helper\UrlHelperMiddleware
Zend\Expressive\Middleware\LazyLoadingMiddleware
Zend\Expressive\Router\Middleware\DispatchMiddleware
Zend\Expressive\Middleware\LazyLoadingMiddleware
Amazium\Identity\UI\Web\Page\LoginUsingGitlab
Zend\Expressive\Middleware\LazyLoadingMiddleware
Zend\Stratigility\Middleware\ErrorHandler
Zend\Expressive\Middleware\LazyLoadingMiddleware
Zend\Expressive\Helper\ServerUrlMiddleware
Zend\Expressive\Middleware\LazyLoadingMiddleware
Zend\Expressive\Session\SessionMiddleware
Zend\Expressive\Middleware\LazyLoadingMiddleware
Amazium\Kernel\Application\Context\ApplicationContextMiddleware
Zend\Expressive\Middleware\LazyLoadingMiddleware
Zend\Expressive\Router\Middleware\RouteMiddleware
Zend\Expressive\Middleware\LazyLoadingMiddleware
Zend\Expressive\Router\Middleware\ImplicitHeadMiddleware
Zend\Expressive\Middleware\LazyLoadingMiddleware
Zend\Expressive\Router\Middleware\ImplicitOptionsMiddleware
Zend\Expressive\Middleware\LazyLoadingMiddleware
Zend\Expressive\Router\Middleware\MethodNotAllowedMiddleware
Zend\Expressive\Middleware\LazyLoadingMiddleware
Zend\Expressive\Helper\UrlHelperMiddleware
Zend\Expressive\Middleware\LazyLoadingMiddleware
Zend\Expressive\Router\Middleware\DispatchMiddleware
Zend\Expressive\Middleware\LazyLoadingMiddleware
Amazium\Identity\UI\Web\Page\LoginUsingGitlab
Zend\Expressive\Middleware\LazyLoadingMiddleware
Zend\Expressive\Authentication\AuthenticationMiddleware
Zend\Expressive\Middleware\LazyLoadingMiddleware
Zend\Stratigility\Middleware\ErrorHandler
Zend\Expressive\Middleware\LazyLoadingMiddleware
Zend\Expressive\Helper\ServerUrlMiddleware
Zend\Expressive\Middleware\LazyLoadingMiddleware
Zend\Expressive\Session\SessionMiddleware
Zend\Expressive\Middleware\LazyLoadingMiddleware
Amazium\Kernel\Application\Context\ApplicationContextMiddleware
Zend\Expressive\Middleware\LazyLoadingMiddleware
Zend\Expressive\Router\Middleware\RouteMiddleware
Zend\Expressive\Middleware\LazyLoadingMiddleware
Zend\Expressive\Router\Middleware\ImplicitHeadMiddleware
Zend\Expressive\Middleware\LazyLoadingMiddleware
Zend\Expressive\Router\Middleware\ImplicitOptionsMiddleware
Zend\Expressive\Middleware\LazyLoadingMiddleware
Zend\Expressive\Router\Middleware\MethodNotAllowedMiddleware
Zend\Expressive\Middleware\LazyLoadingMiddleware
Zend\Expressive\Helper\UrlHelperMiddleware
Zend\Expressive\Middleware\LazyLoadingMiddleware
Zend\Expressive\Router\Middleware\DispatchMiddleware
Zend\Expressive\Middleware\LazyLoadingMiddleware
Amazium\Identity\UI\Web\Page\LoginUsingGitlab
Zend\Expressive\Middleware\LazyLoadingMiddleware
Zend\Stratigility\Middleware\ErrorHandler
Zend\Expressive\Middleware\LazyLoadingMiddleware
Zend\Expressive\Helper\ServerUrlMiddleware
Zend\Expressive\Middleware\LazyLoadingMiddleware
Zend\Expressive\Session\SessionMiddleware
Zend\Expressive\Middleware\LazyLoadingMiddleware
Amazium\Kernel\Application\Context\ApplicationContextMiddleware
Zend\Expressive\Middleware\LazyLoadingMiddleware
Zend\Expressive\Router\Middleware\RouteMiddleware
Zend\Expressive\Middleware\LazyLoadingMiddleware
Zend\Expressive\Router\Middleware\ImplicitHeadMiddleware
Zend\Expressive\Middleware\LazyLoadingMiddleware
Zend\Expressive\Router\Middleware\ImplicitOptionsMiddleware
Zend\Expressive\Middleware\LazyLoadingMiddleware
Zend\Expressive\Router\Middleware\MethodNotAllowedMiddleware
Zend\Expressive\Middleware\LazyLoadingMiddleware
Zend\Expressive\Helper\UrlHelperMiddleware
Zend\Expressive\Middleware\LazyLoadingMiddleware
Zend\Expressive\Router\Middleware\DispatchMiddleware
Zend\Expressive\Middleware\LazyLoadingMiddleware
Amazium\Identity\UI\Web\Page\Login
Zend\Expressive\Middleware\LazyLoadingMiddleware
Zend\Stratigility\Middleware\ErrorHandler
Zend\Expressive\Middleware\LazyLoadingMiddleware
Zend\Expressive\Helper\ServerUrlMiddleware
Zend\Expressive\Middleware\LazyLoadingMiddleware
Zend\Expressive\Session\SessionMiddleware
Zend\Expressive\Middleware\LazyLoadingMiddleware
Amazium\Kernel\Application\Context\ApplicationContextMiddleware
Zend\Expressive\Middleware\LazyLoadingMiddleware
Zend\Expressive\Router\Middleware\RouteMiddleware
Zend\Expressive\Middleware\LazyLoadingMiddleware
Zend\Expressive\Router\Middleware\ImplicitHeadMiddleware
Zend\Expressive\Middleware\LazyLoadingMiddleware
Zend\Expressive\Router\Middleware\ImplicitOptionsMiddleware
Zend\Expressive\Middleware\LazyLoadingMiddleware
Zend\Expressive\Router\Middleware\MethodNotAllowedMiddleware
Zend\Expressive\Middleware\LazyLoadingMiddleware
Zend\Expressive\Helper\UrlHelperMiddleware
Zend\Expressive\Middleware\LazyLoadingMiddleware
Zend\Expressive\Router\Middleware\DispatchMiddleware
Zend\Expressive\Middleware\LazyLoadingMiddleware
Amazium\Identity\UI\Web\Page\LoginUsingGitlab
Zend\Expressive\Middleware\LazyLoadingMiddleware
Zend\Stratigility\Middleware\ErrorHandler
Zend\Expressive\Middleware\LazyLoadingMiddleware
Zend\Expressive\Helper\ServerUrlMiddleware
Zend\Expressive\Middleware\LazyLoadingMiddleware
Zend\Expressive\Session\SessionMiddleware
Zend\Expressive\Middleware\LazyLoadingMiddleware
Amazium\Kernel\Application\Context\ApplicationContextMiddleware
Zend\Expressive\Middleware\LazyLoadingMiddleware
Zend\Expressive\Router\Middleware\RouteMiddleware
Zend\Expressive\Middleware\LazyLoadingMiddleware
Zend\Expressive\Router\Middleware\ImplicitHeadMiddleware
Zend\Expressive\Middleware\LazyLoadingMiddleware
Zend\Expressive\Router\Middleware\ImplicitOptionsMiddleware
Zend\Expressive\Middleware\LazyLoadingMiddleware
Zend\Expressive\Router\Middleware\MethodNotAllowedMiddleware
Zend\Expressive\Middleware\LazyLoadingMiddleware
Zend\Expressive\Helper\UrlHelperMiddleware
Zend\Expressive\Middleware\LazyLoadingMiddleware
Zend\Expressive\Router\Middleware\DispatchMiddleware
Zend\Expressive\Middleware\LazyLoadingMiddleware
Amazium\Identity\UI\Web\Page\LoginUsingGitlab
Zend\Expressive\Middleware\LazyLoadingMiddleware
Zend\Expressive\Authentication\AuthenticationMiddleware
Zend\Expressive\Middleware\LazyLoadingMiddleware
Zend\Expressive\Handler\NotFoundHandler
Zend\Expressive\Middleware\LazyLoadingMiddleware
Zend\Stratigility\Middleware\ErrorHandler
Zend\Expressive\Middleware\LazyLoadingMiddleware
Zend\Expressive\Helper\ServerUrlMiddleware
Zend\Expressive\Middleware\LazyLoadingMiddleware
Zend\Expressive\Session\SessionMiddleware
Zend\Expressive\Middleware\LazyLoadingMiddleware
Amazium\Kernel\Application\Context\ApplicationContextMiddleware
Zend\Expressive\Middleware\LazyLoadingMiddleware
Zend\Expressive\Router\Middleware\RouteMiddleware
Zend\Expressive\Middleware\LazyLoadingMiddleware
Zend\Expressive\Router\Middleware\ImplicitHeadMiddleware
Zend\Expressive\Middleware\LazyLoadingMiddleware
Zend\Expressive\Router\Middleware\ImplicitOptionsMiddleware
Zend\Expressive\Middleware\LazyLoadingMiddleware
Zend\Expressive\Router\Middleware\MethodNotAllowedMiddleware
Zend\Expressive\Middleware\LazyLoadingMiddleware
Zend\Expressive\Helper\UrlHelperMiddleware
Zend\Expressive\Middleware\LazyLoadingMiddleware
Zend\Expressive\Router\Middleware\DispatchMiddleware
Zend\Expressive\Middleware\LazyLoadingMiddleware
Amazium\Frontend\UI\Web\Page\Home
Zend\Expressive\Middleware\LazyLoadingMiddleware
Zend\Stratigility\Middleware\ErrorHandler
Zend\Expressive\Middleware\LazyLoadingMiddleware
Zend\Expressive\Helper\ServerUrlMiddleware
Zend\Expressive\Middleware\LazyLoadingMiddleware
Zend\Expressive\Session\SessionMiddleware
Zend\Expressive\Middleware\LazyLoadingMiddleware
Amazium\Kernel\Application\Context\ApplicationContextMiddleware
Zend\Expressive\Middleware\LazyLoadingMiddleware
Zend\Expressive\Router\Middleware\RouteMiddleware
Zend\Expressive\Middleware\LazyLoadingMiddleware
Zend\Expressive\Router\Middleware\ImplicitHeadMiddleware
Zend\Expressive\Middleware\LazyLoadingMiddleware
Zend\Expressive\Router\Middleware\ImplicitOptionsMiddleware
Zend\Expressive\Middleware\LazyLoadingMiddleware
Zend\Expressive\Router\Middleware\MethodNotAllowedMiddleware
Zend\Expressive\Middleware\LazyLoadingMiddleware
Zend\Expressive\Helper\UrlHelperMiddleware
Zend\Expressive\Middleware\LazyLoadingMiddleware
Zend\Expressive\Router\Middleware\DispatchMiddleware
Zend\Expressive\Middleware\LazyLoadingMiddleware
Amazium\Identity\UI\Web\Page\Logout
Zend\Expressive\Middleware\LazyLoadingMiddleware
Zend\Stratigility\Middleware\ErrorHandler
Zend\Expressive\Middleware\LazyLoadingMiddleware
Zend\Expressive\Helper\ServerUrlMiddleware
Zend\Expressive\Middleware\LazyLoadingMiddleware
Zend\Expressive\Session\SessionMiddleware
Zend\Expressive\Middleware\LazyLoadingMiddleware
Amazium\Kernel\Application\Context\ApplicationContextMiddleware
Zend\Expressive\Middleware\LazyLoadingMiddleware
Zend\Expressive\Router\Middleware\RouteMiddleware
Zend\Expressive\Middleware\LazyLoadingMiddleware
Zend\Expressive\Router\Middleware\ImplicitHeadMiddleware
Zend\Expressive\Middleware\LazyLoadingMiddleware
Zend\Expressive\Router\Middleware\ImplicitOptionsMiddleware
Zend\Expressive\Middleware\LazyLoadingMiddleware
Zend\Expressive\Router\Middleware\MethodNotAllowedMiddleware
Zend\Expressive\Middleware\LazyLoadingMiddleware
Zend\Expressive\Helper\UrlHelperMiddleware
Zend\Expressive\Middleware\LazyLoadingMiddleware
Zend\Expressive\Router\Middleware\DispatchMiddleware
Zend\Expressive\Middleware\LazyLoadingMiddleware
Amazium\Frontend\UI\Web\Page\Home
Zend\Expressive\Middleware\LazyLoadingMiddleware
Zend\Stratigility\Middleware\ErrorHandler
Zend\Expressive\Middleware\LazyLoadingMiddleware
Zend\Expressive\Helper\ServerUrlMiddleware
Zend\Expressive\Middleware\LazyLoadingMiddleware
Zend\Expressive\Session\SessionMiddleware
Zend\Expressive\Middleware\LazyLoadingMiddleware
Amazium\Kernel\Application\Context\ApplicationContextMiddleware
Zend\Expressive\Middleware\LazyLoadingMiddleware
Zend\Expressive\Router\Middleware\RouteMiddleware
Zend\Expressive\Middleware\LazyLoadingMiddleware
Zend\Expressive\Router\Middleware\ImplicitHeadMiddleware
Zend\Expressive\Middleware\LazyLoadingMiddleware
Zend\Expressive\Router\Middleware\ImplicitOptionsMiddleware
Zend\Expressive\Middleware\LazyLoadingMiddleware
Zend\Expressive\Router\Middleware\MethodNotAllowedMiddleware
Zend\Expressive\Middleware\LazyLoadingMiddleware
Zend\Expressive\Helper\UrlHelperMiddleware
Zend\Expressive\Middleware\LazyLoadingMiddleware
Zend\Expressive\Router\Middleware\DispatchMiddleware
Zend\Expressive\Middleware\LazyLoadingMiddleware
Amazium\Identity\UI\Web\Page\Login
Zend\Expressive\Middleware\LazyLoadingMiddleware
Zend\Stratigility\Middleware\ErrorHandler
Zend\Expressive\Middleware\LazyLoadingMiddleware
Zend\Expressive\Helper\ServerUrlMiddleware
Zend\Expressive\Middleware\LazyLoadingMiddleware
Zend\Expressive\Session\SessionMiddleware
Zend\Expressive\Middleware\LazyLoadingMiddleware
Amazium\Kernel\Application\Context\ApplicationContextMiddleware
Zend\Expressive\Middleware\LazyLoadingMiddleware
Zend\Expressive\Router\Middleware\RouteMiddleware
Zend\Expressive\Middleware\LazyLoadingMiddleware
Zend\Expressive\Router\Middleware\ImplicitHeadMiddleware
Zend\Expressive\Middleware\LazyLoadingMiddleware
Zend\Expressive\Router\Middleware\ImplicitOptionsMiddleware
Zend\Expressive\Middleware\LazyLoadingMiddleware
Zend\Expressive\Router\Middleware\MethodNotAllowedMiddleware
Zend\Expressive\Middleware\LazyLoadingMiddleware
Zend\Expressive\Helper\UrlHelperMiddleware
Zend\Expressive\Middleware\LazyLoadingMiddleware
Zend\Expressive\Router\Middleware\DispatchMiddleware
Zend\Expressive\Middleware\LazyLoadingMiddleware
Amazium\Identity\UI\Web\Page\LoginUsingGitlab
Zend\Expressive\Middleware\LazyLoadingMiddleware
Zend\Stratigility\Middleware\ErrorHandler
Zend\Expressive\Middleware\LazyLoadingMiddleware
Zend\Expressive\Helper\ServerUrlMiddleware
Zend\Expressive\Middleware\LazyLoadingMiddleware
Zend\Expressive\Session\SessionMiddleware
Zend\Expressive\Middleware\LazyLoadingMiddleware
Amazium\Kernel\Application\Context\ApplicationContextMiddleware
Zend\Expressive\Middleware\LazyLoadingMiddleware
Zend\Expressive\Router\Middleware\RouteMiddleware
Zend\Expressive\Middleware\LazyLoadingMiddleware
Zend\Expressive\Router\Middleware\ImplicitHeadMiddleware
Zend\Expressive\Middleware\LazyLoadingMiddleware
Zend\Expressive\Router\Middleware\ImplicitOptionsMiddleware
Zend\Expressive\Middleware\LazyLoadingMiddleware
Zend\Expressive\Router\Middleware\MethodNotAllowedMiddleware
Zend\Expressive\Middleware\LazyLoadingMiddleware
Zend\Expressive\Helper\UrlHelperMiddleware
Zend\Expressive\Middleware\LazyLoadingMiddleware
Zend\Expressive\Router\Middleware\DispatchMiddleware
Zend\Expressive\Middleware\LazyLoadingMiddleware
Amazium\Identity\UI\Web\Page\LoginUsingGitlab
Zend\Expressive\Middleware\LazyLoadingMiddleware
Zend\Expressive\Authentication\AuthenticationMiddleware
Zend\Expressive\Middleware\LazyLoadingMiddleware
Zend\Stratigility\Middleware\ErrorHandler
Zend\Expressive\Middleware\LazyLoadingMiddleware
Zend\Expressive\Helper\ServerUrlMiddleware
Zend\Expressive\Middleware\LazyLoadingMiddleware
Zend\Expressive\Session\SessionMiddleware
Zend\Expressive\Middleware\LazyLoadingMiddleware
Amazium\Kernel\Application\Context\ApplicationContextMiddleware
Zend\Expressive\Middleware\LazyLoadingMiddleware
Zend\Expressive\Router\Middleware\RouteMiddleware
Zend\Expressive\Middleware\LazyLoadingMiddleware
Zend\Expressive\Router\Middleware\ImplicitHeadMiddleware
Zend\Expressive\Middleware\LazyLoadingMiddleware
Zend\Expressive\Router\Middleware\ImplicitOptionsMiddleware
Zend\Expressive\Middleware\LazyLoadingMiddleware
Zend\Expressive\Router\Middleware\MethodNotAllowedMiddleware
Zend\Expressive\Middleware\LazyLoadingMiddleware
Zend\Expressive\Helper\UrlHelperMiddleware
Zend\Expressive\Middleware\LazyLoadingMiddleware
Zend\Expressive\Router\Middleware\DispatchMiddleware
Zend\Expressive\Middleware\LazyLoadingMiddleware
Amazium\Identity\UI\Web\Page\Login
Zend\Expressive\Middleware\LazyLoadingMiddleware
Zend\Stratigility\Middleware\ErrorHandler
Zend\Expressive\Middleware\LazyLoadingMiddleware
Zend\Expressive\Helper\ServerUrlMiddleware
Zend\Expressive\Middleware\LazyLoadingMiddleware
Zend\Expressive\Session\SessionMiddleware
Zend\Expressive\Middleware\LazyLoadingMiddleware
Amazium\Kernel\Application\Context\ApplicationContextMiddleware
Zend\Expressive\Middleware\LazyLoadingMiddleware
Zend\Expressive\Router\Middleware\RouteMiddleware
Zend\Expressive\Middleware\LazyLoadingMiddleware
Zend\Expressive\Router\Middleware\ImplicitHeadMiddleware
Zend\Expressive\Middleware\LazyLoadingMiddleware
Zend\Expressive\Router\Middleware\ImplicitOptionsMiddleware
Zend\Expressive\Middleware\LazyLoadingMiddleware
Zend\Expressive\Router\Middleware\MethodNotAllowedMiddleware
Zend\Expressive\Middleware\LazyLoadingMiddleware
Zend\Expressive\Helper\UrlHelperMiddleware
Zend\Expressive\Middleware\LazyLoadingMiddleware
Zend\Expressive\Router\Middleware\DispatchMiddleware
Zend\Expressive\Middleware\LazyLoadingMiddleware
Amazium\Identity\UI\Web\Page\LoginUsingGitlab
Zend\Expressive\Middleware\LazyLoadingMiddleware
Zend\Stratigility\Middleware\ErrorHandler
Zend\Expressive\Middleware\LazyLoadingMiddleware
Zend\Expressive\Helper\ServerUrlMiddleware
Zend\Expressive\Middleware\LazyLoadingMiddleware
Zend\Expressive\Session\SessionMiddleware
Zend\Expressive\Middleware\LazyLoadingMiddleware
Amazium\Kernel\Application\Context\ApplicationContextMiddleware
Zend\Expressive\Middleware\LazyLoadingMiddleware
Zend\Expressive\Router\Middleware\RouteMiddleware
Zend\Expressive\Middleware\LazyLoadingMiddleware
Zend\Expressive\Router\Middleware\ImplicitHeadMiddleware
Zend\Expressive\Middleware\LazyLoadingMiddleware
Zend\Expressive\Router\Middleware\ImplicitOptionsMiddleware
Zend\Expressive\Middleware\LazyLoadingMiddleware
Zend\Expressive\Router\Middleware\MethodNotAllowedMiddleware
Zend\Expressive\Middleware\LazyLoadingMiddleware
Zend\Expressive\Helper\UrlHelperMiddleware
Zend\Expressive\Middleware\LazyLoadingMiddleware
Zend\Expressive\Router\Middleware\DispatchMiddleware
Zend\Expressive\Middleware\LazyLoadingMiddleware
Amazium\Identity\UI\Web\Page\LoginUsingGitlab
Zend\Expressive\Middleware\LazyLoadingMiddleware
Zend\Expressive\Authentication\AuthenticationMiddleware
Zend\Expressive\Middleware\LazyLoadingMiddleware
Zend\Stratigility\Middleware\ErrorHandler
Zend\Expressive\Middleware\LazyLoadingMiddleware
Zend\Expressive\Helper\ServerUrlMiddleware
Zend\Expressive\Middleware\LazyLoadingMiddleware
Zend\Expressive\Session\SessionMiddleware
Zend\Expressive\Middleware\LazyLoadingMiddleware
Amazium\Kernel\Application\Context\ApplicationContextMiddleware
Zend\Expressive\Middleware\LazyLoadingMiddleware
Zend\Expressive\Router\Middleware\RouteMiddleware
Zend\Expressive\Middleware\LazyLoadingMiddleware
Zend\Expressive\Router\Middleware\ImplicitHeadMiddleware
Zend\Expressive\Middleware\LazyLoadingMiddleware
Zend\Expressive\Router\Middleware\ImplicitOptionsMiddleware
Zend\Expressive\Middleware\LazyLoadingMiddleware
Zend\Expressive\Router\Middleware\MethodNotAllowedMiddleware
Zend\Expressive\Middleware\LazyLoadingMiddleware
Zend\Expressive\Helper\UrlHelperMiddleware
Zend\Expressive\Middleware\LazyLoadingMiddleware
Zend\Expressive\Router\Middleware\DispatchMiddleware
Zend\Expressive\Middleware\LazyLoadingMiddleware
Amazium\Identity\UI\Web\Page\Login
Zend\Expressive\Middleware\LazyLoadingMiddleware
Zend\Stratigility\Middleware\ErrorHandler
Zend\Expressive\Middleware\LazyLoadingMiddleware
Zend\Expressive\Helper\ServerUrlMiddleware
Zend\Expressive\Middleware\LazyLoadingMiddleware
Zend\Expressive\Session\SessionMiddleware
Zend\Expressive\Middleware\LazyLoadingMiddleware
Amazium\Kernel\Application\Context\ApplicationContextMiddleware
Zend\Expressive\Middleware\LazyLoadingMiddleware
Zend\Expressive\Router\Middleware\RouteMiddleware
Zend\Expressive\Middleware\LazyLoadingMiddleware
Zend\Expressive\Router\Middleware\ImplicitHeadMiddleware
Zend\Expressive\Middleware\LazyLoadingMiddleware
Zend\Expressive\Router\Middleware\ImplicitOptionsMiddleware
Zend\Expressive\Middleware\LazyLoadingMiddleware
Zend\Expressive\Router\Middleware\MethodNotAllowedMiddleware
Zend\Expressive\Middleware\LazyLoadingMiddleware
Zend\Expressive\Helper\UrlHelperMiddleware
Zend\Expressive\Middleware\LazyLoadingMiddleware
Zend\Expressive\Router\Middleware\DispatchMiddleware
Zend\Expressive\Middleware\LazyLoadingMiddleware
Amazium\Identity\UI\Web\Page\LoginUsingGitlab
Zend\Expressive\Middleware\LazyLoadingMiddleware
Zend\Stratigility\Middleware\ErrorHandler
Zend\Expressive\Middleware\LazyLoadingMiddleware
Zend\Expressive\Helper\ServerUrlMiddleware
Zend\Expressive\Middleware\LazyLoadingMiddleware
Zend\Expressive\Session\SessionMiddleware
Zend\Expressive\Middleware\LazyLoadingMiddleware
Amazium\Kernel\Application\Context\ApplicationContextMiddleware
Zend\Expressive\Middleware\LazyLoadingMiddleware
Zend\Expressive\Router\Middleware\RouteMiddleware
Zend\Expressive\Middleware\LazyLoadingMiddleware
Zend\Expressive\Router\Middleware\ImplicitHeadMiddleware
Zend\Expressive\Middleware\LazyLoadingMiddleware
Zend\Expressive\Router\Middleware\ImplicitOptionsMiddleware
Zend\Expressive\Middleware\LazyLoadingMiddleware
Zend\Expressive\Router\Middleware\MethodNotAllowedMiddleware
Zend\Expressive\Middleware\LazyLoadingMiddleware
Zend\Expressive\Helper\UrlHelperMiddleware
Zend\Expressive\Middleware\LazyLoadingMiddleware
Zend\Expressive\Router\Middleware\DispatchMiddleware
Zend\Expressive\Middleware\LazyLoadingMiddleware
Amazium\Identity\UI\Web\Page\LoginUsingGitlab
Zend\Expressive\Middleware\LazyLoadingMiddleware
Zend\Expressive\Authentication\AuthenticationMiddleware
Zend\Expressive\Middleware\LazyLoadingMiddleware
Zend\Expressive\Handler\NotFoundHandler
Zend\Expressive\Middleware\LazyLoadingMiddleware
Zend\Stratigility\Middleware\ErrorHandler
Zend\Expressive\Middleware\LazyLoadingMiddleware
Zend\Expressive\Helper\ServerUrlMiddleware
Zend\Expressive\Middleware\LazyLoadingMiddleware
Zend\Expressive\Session\SessionMiddleware
Zend\Expressive\Middleware\LazyLoadingMiddleware
Amazium\Kernel\Application\Context\ApplicationContextMiddleware
Zend\Expressive\Middleware\LazyLoadingMiddleware
Zend\Expressive\Router\Middleware\RouteMiddleware
Zend\Expressive\Middleware\LazyLoadingMiddleware
Zend\Expressive\Router\Middleware\ImplicitHeadMiddleware
Zend\Expressive\Middleware\LazyLoadingMiddleware
Zend\Expressive\Router\Middleware\ImplicitOptionsMiddleware
Zend\Expressive\Middleware\LazyLoadingMiddleware
Zend\Expressive\Router\Middleware\MethodNotAllowedMiddleware
Zend\Expressive\Middleware\LazyLoadingMiddleware
Zend\Expressive\Helper\UrlHelperMiddleware
Zend\Expressive\Middleware\LazyLoadingMiddleware
Zend\Expressive\Router\Middleware\DispatchMiddleware
Zend\Expressive\Middleware\LazyLoadingMiddleware
Amazium\Frontend\UI\Web\Page\Home
Zend\Expressive\Middleware\LazyLoadingMiddleware
Zend\Stratigility\Middleware\ErrorHandler
Zend\Expressive\Middleware\LazyLoadingMiddleware
Zend\Expressive\Helper\ServerUrlMiddleware
Zend\Expressive\Middleware\LazyLoadingMiddleware
Zend\Expressive\Session\SessionMiddleware
Zend\Expressive\Middleware\LazyLoadingMiddleware
Amazium\Kernel\Application\Context\ApplicationContextMiddleware
Zend\Expressive\Middleware\LazyLoadingMiddleware
Zend\Expressive\Router\Middleware\RouteMiddleware
Zend\Expressive\Middleware\LazyLoadingMiddleware
Zend\Expressive\Router\Middleware\ImplicitHeadMiddleware
Zend\Expressive\Middleware\LazyLoadingMiddleware
Zend\Expressive\Router\Middleware\ImplicitOptionsMiddleware
Zend\Expressive\Middleware\LazyLoadingMiddleware
Zend\Expressive\Router\Middleware\MethodNotAllowedMiddleware
Zend\Expressive\Middleware\LazyLoadingMiddleware
Zend\Expressive\Helper\UrlHelperMiddleware
Zend\Expressive\Middleware\LazyLoadingMiddleware
Zend\Expressive\Router\Middleware\DispatchMiddleware
Zend\Expressive\Middleware\LazyLoadingMiddleware
Amazium\Identity\UI\Web\Page\Logout
Zend\Expressive\Middleware\LazyLoadingMiddleware
Zend\Stratigility\Middleware\ErrorHandler
Zend\Expressive\Middleware\LazyLoadingMiddleware
Zend\Expressive\Helper\ServerUrlMiddleware
Zend\Expressive\Middleware\LazyLoadingMiddleware
Zend\Expressive\Session\SessionMiddleware
Zend\Expressive\Middleware\LazyLoadingMiddleware
Amazium\Kernel\Application\Context\ApplicationContextMiddleware
Zend\Expressive\Middleware\LazyLoadingMiddleware
Zend\Expressive\Router\Middleware\RouteMiddleware
Zend\Expressive\Middleware\LazyLoadingMiddleware
Zend\Expressive\Router\Middleware\ImplicitHeadMiddleware
Zend\Expressive\Middleware\LazyLoadingMiddleware
Zend\Expressive\Router\Middleware\ImplicitOptionsMiddleware
Zend\Expressive\Middleware\LazyLoadingMiddleware
Zend\Expressive\Router\Middleware\MethodNotAllowedMiddleware
Zend\Expressive\Middleware\LazyLoadingMiddleware
Zend\Expressive\Helper\UrlHelperMiddleware
Zend\Expressive\Middleware\LazyLoadingMiddleware
Zend\Expressive\Router\Middleware\DispatchMiddleware
Zend\Expressive\Middleware\LazyLoadingMiddleware
Amazium\Frontend\UI\Web\Page\Home
Zend\Expressive\Middleware\LazyLoadingMiddleware
Zend\Stratigility\Middleware\ErrorHandler
Zend\Expressive\Middleware\LazyLoadingMiddleware
Zend\Expressive\Helper\ServerUrlMiddleware
Zend\Expressive\Middleware\LazyLoadingMiddleware
Zend\Expressive\Session\SessionMiddleware
Zend\Expressive\Middleware\LazyLoadingMiddleware
Amazium\Kernel\Application\Context\ApplicationContextMiddleware
Zend\Expressive\Middleware\LazyLoadingMiddleware
Zend\Expressive\Router\Middleware\RouteMiddleware
Zend\Expressive\Middleware\LazyLoadingMiddleware
Zend\Expressive\Router\Middleware\ImplicitHeadMiddleware
Zend\Expressive\Middleware\LazyLoadingMiddleware
Zend\Expressive\Router\Middleware\ImplicitOptionsMiddleware
Zend\Expressive\Middleware\LazyLoadingMiddleware
Zend\Expressive\Router\Middleware\MethodNotAllowedMiddleware
Zend\Expressive\Middleware\LazyLoadingMiddleware
Zend\Expressive\Helper\UrlHelperMiddleware
Zend\Expressive\Middleware\LazyLoadingMiddleware
Zend\Expressive\Router\Middleware\DispatchMiddleware
Zend\Expressive\Middleware\LazyLoadingMiddleware
Amazium\Identity\UI\Web\Page\Login
Zend\Expressive\Middleware\LazyLoadingMiddleware
Zend\Stratigility\Middleware\ErrorHandler
Zend\Expressive\Middleware\LazyLoadingMiddleware
Zend\Expressive\Helper\ServerUrlMiddleware
Zend\Expressive\Middleware\LazyLoadingMiddleware
Zend\Expressive\Session\SessionMiddleware
Zend\Expressive\Middleware\LazyLoadingMiddleware
Amazium\Kernel\Application\Context\ApplicationContextMiddleware
Zend\Expressive\Middleware\LazyLoadingMiddleware
Zend\Expressive\Router\Middleware\RouteMiddleware
Zend\Expressive\Middleware\LazyLoadingMiddleware
Zend\Expressive\Router\Middleware\ImplicitHeadMiddleware
Zend\Expressive\Middleware\LazyLoadingMiddleware
Zend\Expressive\Router\Middleware\ImplicitOptionsMiddleware
Zend\Expressive\Middleware\LazyLoadingMiddleware
Zend\Expressive\Router\Middleware\MethodNotAllowedMiddleware
Zend\Expressive\Middleware\LazyLoadingMiddleware
Zend\Expressive\Helper\UrlHelperMiddleware
Zend\Expressive\Middleware\LazyLoadingMiddleware
Zend\Expressive\Router\Middleware\DispatchMiddleware
Zend\Expressive\Middleware\LazyLoadingMiddleware
Amazium\Identity\UI\Web\Page\LoginUsingGitlab
Zend\Expressive\Middleware\LazyLoadingMiddleware
Zend\Stratigility\Middleware\ErrorHandler
Zend\Expressive\Middleware\LazyLoadingMiddleware
Zend\Expressive\Helper\ServerUrlMiddleware
Zend\Expressive\Middleware\LazyLoadingMiddleware
Zend\Expressive\Session\SessionMiddleware
Zend\Expressive\Middleware\LazyLoadingMiddleware
Amazium\Kernel\Application\Context\ApplicationContextMiddleware
Zend\Expressive\Middleware\LazyLoadingMiddleware
Zend\Expressive\Router\Middleware\RouteMiddleware
Zend\Expressive\Middleware\LazyLoadingMiddleware
Zend\Expressive\Router\Middleware\ImplicitHeadMiddleware
Zend\Expressive\Middleware\LazyLoadingMiddleware
Zend\Expressive\Router\Middleware\ImplicitOptionsMiddleware
Zend\Expressive\Middleware\LazyLoadingMiddleware
Zend\Expressive\Router\Middleware\MethodNotAllowedMiddleware
Zend\Expressive\Middleware\LazyLoadingMiddleware
Zend\Expressive\Helper\UrlHelperMiddleware
Zend\Expressive\Middleware\LazyLoadingMiddleware
Zend\Expressive\Router\Middleware\DispatchMiddleware
Zend\Expressive\Middleware\LazyLoadingMiddleware
Amazium\Identity\UI\Web\Page\LoginUsingGitlab
Zend\Expressive\Middleware\LazyLoadingMiddleware
Zend\Expressive\Authentication\AuthenticationMiddleware
Zend\Expressive\Middleware\LazyLoadingMiddleware
Zend\Expressive\Handler\NotFoundHandler
Zend\Expressive\Middleware\LazyLoadingMiddleware
Zend\Stratigility\Middleware\ErrorHandler
Zend\Expressive\Middleware\LazyLoadingMiddleware
Zend\Expressive\Helper\ServerUrlMiddleware
Zend\Expressive\Middleware\LazyLoadingMiddleware
Zend\Expressive\Session\SessionMiddleware
Zend\Expressive\Middleware\LazyLoadingMiddleware
Amazium\Kernel\Application\Context\ApplicationContextMiddleware
Zend\Expressive\Middleware\LazyLoadingMiddleware
Zend\Expressive\Router\Middleware\RouteMiddleware
Zend\Expressive\Middleware\LazyLoadingMiddleware
Zend\Expressive\Router\Middleware\ImplicitHeadMiddleware
Zend\Expressive\Middleware\LazyLoadingMiddleware
Zend\Expressive\Router\Middleware\ImplicitOptionsMiddleware
Zend\Expressive\Middleware\LazyLoadingMiddleware
Zend\Expressive\Router\Middleware\MethodNotAllowedMiddleware
Zend\Expressive\Middleware\LazyLoadingMiddleware
Zend\Expressive\Helper\UrlHelperMiddleware
Zend\Expressive\Middleware\LazyLoadingMiddleware
Zend\Expressive\Router\Middleware\DispatchMiddleware
Zend\Expressive\Middleware\LazyLoadingMiddleware
Amazium\Frontend\UI\Web\Page\Home
Zend\Expressive\Middleware\LazyLoadingMiddleware
Zend\Stratigility\Middleware\ErrorHandler
Zend\Expressive\Middleware\LazyLoadingMiddleware
Zend\Expressive\Helper\ServerUrlMiddleware
Zend\Expressive\Middleware\LazyLoadingMiddleware
Zend\Expressive\Session\SessionMiddleware
Zend\Expressive\Middleware\LazyLoadingMiddleware
Amazium\Kernel\Application\Context\ApplicationContextMiddleware
Zend\Expressive\Middleware\LazyLoadingMiddleware
Zend\Expressive\Router\Middleware\RouteMiddleware
Zend\Expressive\Middleware\LazyLoadingMiddleware
Zend\Expressive\Router\Middleware\ImplicitHeadMiddleware
Zend\Expressive\Middleware\LazyLoadingMiddleware
Zend\Expressive\Router\Middleware\ImplicitOptionsMiddleware
Zend\Expressive\Middleware\LazyLoadingMiddleware
Zend\Expressive\Router\Middleware\MethodNotAllowedMiddleware
Zend\Expressive\Middleware\LazyLoadingMiddleware
Zend\Expressive\Helper\UrlHelperMiddleware
Zend\Expressive\Middleware\LazyLoadingMiddleware
Zend\Expressive\Router\Middleware\DispatchMiddleware
Zend\Expressive\Middleware\LazyLoadingMiddleware
Amazium\Identity\UI\Web\Page\Logout
Zend\Expressive\Middleware\LazyLoadingMiddleware
Zend\Stratigility\Middleware\ErrorHandler
Zend\Expressive\Middleware\LazyLoadingMiddleware
Zend\Expressive\Helper\ServerUrlMiddleware
Zend\Expressive\Middleware\LazyLoadingMiddleware
Zend\Expressive\Session\SessionMiddleware
Zend\Expressive\Middleware\LazyLoadingMiddleware
Amazium\Kernel\Application\Context\ApplicationContextMiddleware
Zend\Expressive\Middleware\LazyLoadingMiddleware
Zend\Expressive\Router\Middleware\RouteMiddleware
Zend\Expressive\Middleware\LazyLoadingMiddleware
Zend\Expressive\Router\Middleware\ImplicitHeadMiddleware
Zend\Expressive\Middleware\LazyLoadingMiddleware
Zend\Expressive\Router\Middleware\ImplicitOptionsMiddleware
Zend\Expressive\Middleware\LazyLoadingMiddleware
Zend\Expressive\Router\Middleware\MethodNotAllowedMiddleware
Zend\Expressive\Middleware\LazyLoadingMiddleware
Zend\Expressive\Helper\UrlHelperMiddleware
Zend\Expressive\Middleware\LazyLoadingMiddleware
Zend\Expressive\Router\Middleware\DispatchMiddleware
Zend\Expressive\Middleware\LazyLoadingMiddleware
Amazium\Frontend\UI\Web\Page\Home
Zend\Expressive\Middleware\LazyLoadingMiddleware
Zend\Stratigility\Middleware\ErrorHandler
Zend\Expressive\Middleware\LazyLoadingMiddleware
Zend\Expressive\Helper\ServerUrlMiddleware
Zend\Expressive\Middleware\LazyLoadingMiddleware
Zend\Expressive\Session\SessionMiddleware
Zend\Expressive\Middleware\LazyLoadingMiddleware
Amazium\Kernel\Application\Context\ApplicationContextMiddleware
Zend\Expressive\Middleware\LazyLoadingMiddleware
Zend\Expressive\Router\Middleware\RouteMiddleware
Zend\Expressive\Middleware\LazyLoadingMiddleware
Zend\Expressive\Router\Middleware\ImplicitHeadMiddleware
Zend\Expressive\Middleware\LazyLoadingMiddleware
Zend\Expressive\Router\Middleware\ImplicitOptionsMiddleware
Zend\Expressive\Middleware\LazyLoadingMiddleware
Zend\Expressive\Router\Middleware\MethodNotAllowedMiddleware
Zend\Expressive\Middleware\LazyLoadingMiddleware
Zend\Expressive\Helper\UrlHelperMiddleware
Zend\Expressive\Middleware\LazyLoadingMiddleware
Zend\Expressive\Router\Middleware\DispatchMiddleware
Zend\Expressive\Middleware\LazyLoadingMiddleware
Amazium\Identity\UI\Web\Page\Login
Zend\Expressive\Middleware\LazyLoadingMiddleware
Zend\Stratigility\Middleware\ErrorHandler
Zend\Expressive\Middleware\LazyLoadingMiddleware
Zend\Expressive\Helper\ServerUrlMiddleware
Zend\Expressive\Middleware\LazyLoadingMiddleware
Zend\Expressive\Session\SessionMiddleware
Zend\Expressive\Middleware\LazyLoadingMiddleware
Amazium\Kernel\Application\Context\ApplicationContextMiddleware
Zend\Expressive\Middleware\LazyLoadingMiddleware
Zend\Expressive\Router\Middleware\RouteMiddleware
Zend\Expressive\Middleware\LazyLoadingMiddleware
Zend\Expressive\Router\Middleware\ImplicitHeadMiddleware
Zend\Expressive\Middleware\LazyLoadingMiddleware
Zend\Expressive\Router\Middleware\ImplicitOptionsMiddleware
Zend\Expressive\Middleware\LazyLoadingMiddleware
Zend\Expressive\Router\Middleware\MethodNotAllowedMiddleware
Zend\Expressive\Middleware\LazyLoadingMiddleware
Zend\Expressive\Helper\UrlHelperMiddleware
Zend\Expressive\Middleware\LazyLoadingMiddleware
Zend\Expressive\Router\Middleware\DispatchMiddleware
Zend\Expressive\Middleware\LazyLoadingMiddleware
Amazium\Identity\UI\Web\Page\LoginUsingGitlab
Zend\Expressive\Middleware\LazyLoadingMiddleware
Zend\Stratigility\Middleware\ErrorHandler
Zend\Expressive\Middleware\LazyLoadingMiddleware
Zend\Expressive\Helper\ServerUrlMiddleware
Zend\Expressive\Middleware\LazyLoadingMiddleware
Zend\Expressive\Session\SessionMiddleware
Zend\Expressive\Middleware\LazyLoadingMiddleware
Amazium\Kernel\Application\Context\ApplicationContextMiddleware
Zend\Expressive\Middleware\LazyLoadingMiddleware
Zend\Expressive\Router\Middleware\RouteMiddleware
Zend\Expressive\Middleware\LazyLoadingMiddleware
Zend\Expressive\Router\Middleware\ImplicitHeadMiddleware
Zend\Expressive\Middleware\LazyLoadingMiddleware
Zend\Expressive\Router\Middleware\ImplicitOptionsMiddleware
Zend\Expressive\Middleware\LazyLoadingMiddleware
Zend\Expressive\Router\Middleware\MethodNotAllowedMiddleware
Zend\Expressive\Middleware\LazyLoadingMiddleware
Zend\Expressive\Helper\UrlHelperMiddleware
Zend\Expressive\Middleware\LazyLoadingMiddleware
Zend\Expressive\Router\Middleware\DispatchMiddleware
Zend\Expressive\Middleware\LazyLoadingMiddleware
Amazium\Identity\UI\Web\Page\LoginUsingGitlab
Zend\Expressive\Middleware\LazyLoadingMiddleware
Zend\Expressive\Authentication\AuthenticationMiddleware
Zend\Expressive\Middleware\LazyLoadingMiddleware
Zend\Expressive\Handler\NotFoundHandler
Zend\Expressive\Middleware\LazyLoadingMiddleware
Zend\Stratigility\Middleware\ErrorHandler
Zend\Expressive\Middleware\LazyLoadingMiddleware
Zend\Expressive\Helper\ServerUrlMiddleware
Zend\Expressive\Middleware\LazyLoadingMiddleware
Zend\Expressive\Session\SessionMiddleware
Zend\Expressive\Middleware\LazyLoadingMiddleware
Amazium\Kernel\Application\Context\ApplicationContextMiddleware
Zend\Expressive\Middleware\LazyLoadingMiddleware
Zend\Expressive\Router\Middleware\RouteMiddleware
Zend\Expressive\Middleware\LazyLoadingMiddleware
Zend\Expressive\Router\Middleware\ImplicitHeadMiddleware
Zend\Expressive\Middleware\LazyLoadingMiddleware
Zend\Expressive\Router\Middleware\ImplicitOptionsMiddleware
Zend\Expressive\Middleware\LazyLoadingMiddleware
Zend\Expressive\Router\Middleware\MethodNotAllowedMiddleware
Zend\Expressive\Middleware\LazyLoadingMiddleware
Zend\Expressive\Helper\UrlHelperMiddleware
Zend\Expressive\Middleware\LazyLoadingMiddleware
Zend\Expressive\Router\Middleware\DispatchMiddleware
Zend\Expressive\Middleware\LazyLoadingMiddleware
Amazium\Frontend\UI\Web\Page\Home
Zend\Expressive\Middleware\LazyLoadingMiddleware
Zend\Stratigility\Middleware\ErrorHandler
Zend\Expressive\Middleware\LazyLoadingMiddleware
Zend\Expressive\Helper\ServerUrlMiddleware
Zend\Expressive\Middleware\LazyLoadingMiddleware
Zend\Expressive\Session\SessionMiddleware
Zend\Expressive\Middleware\LazyLoadingMiddleware
Amazium\Kernel\Application\Context\ApplicationContextMiddleware
Zend\Expressive\Middleware\LazyLoadingMiddleware
Zend\Expressive\Router\Middleware\RouteMiddleware
Zend\Expressive\Middleware\LazyLoadingMiddleware
Zend\Expressive\Router\Middleware\ImplicitHeadMiddleware
Zend\Expressive\Middleware\LazyLoadingMiddleware
Zend\Expressive\Router\Middleware\ImplicitOptionsMiddleware
Zend\Expressive\Middleware\LazyLoadingMiddleware
Zend\Expressive\Router\Middleware\MethodNotAllowedMiddleware
Zend\Expressive\Middleware\LazyLoadingMiddleware
Zend\Expressive\Helper\UrlHelperMiddleware
Zend\Expressive\Middleware\LazyLoadingMiddleware
Zend\Expressive\Router\Middleware\DispatchMiddleware
Zend\Expressive\Middleware\LazyLoadingMiddleware
Amazium\Identity\UI\Web\Page\Logout
Zend\Expressive\Middleware\LazyLoadingMiddleware
Zend\Stratigility\Middleware\ErrorHandler
Zend\Expressive\Middleware\LazyLoadingMiddleware
Zend\Expressive\Helper\ServerUrlMiddleware
Zend\Expressive\Middleware\LazyLoadingMiddleware
Zend\Expressive\Session\SessionMiddleware
Zend\Expressive\Middleware\LazyLoadingMiddleware
Amazium\Kernel\Application\Context\ApplicationContextMiddleware
Zend\Expressive\Middleware\LazyLoadingMiddleware
Zend\Expressive\Router\Middleware\RouteMiddleware
Zend\Expressive\Middleware\LazyLoadingMiddleware
Zend\Expressive\Router\Middleware\ImplicitHeadMiddleware
Zend\Expressive\Middleware\LazyLoadingMiddleware
Zend\Expressive\Router\Middleware\ImplicitOptionsMiddleware
Zend\Expressive\Middleware\LazyLoadingMiddleware
Zend\Expressive\Router\Middleware\MethodNotAllowedMiddleware
Zend\Expressive\Middleware\LazyLoadingMiddleware
Zend\Expressive\Helper\UrlHelperMiddleware
Zend\Expressive\Middleware\LazyLoadingMiddleware
Zend\Expressive\Router\Middleware\DispatchMiddleware
Zend\Expressive\Middleware\LazyLoadingMiddleware
Amazium\Frontend\UI\Web\Page\Home
Zend\Expressive\Middleware\LazyLoadingMiddleware
Zend\Stratigility\Middleware\ErrorHandler
Zend\Expressive\Middleware\LazyLoadingMiddleware
Zend\Expressive\Helper\ServerUrlMiddleware
Zend\Expressive\Middleware\LazyLoadingMiddleware
Zend\Expressive\Session\SessionMiddleware
Zend\Expressive\Middleware\LazyLoadingMiddleware
Amazium\Kernel\Application\Context\ApplicationContextMiddleware
Zend\Expressive\Middleware\LazyLoadingMiddleware
Zend\Expressive\Router\Middleware\RouteMiddleware
Zend\Expressive\Middleware\LazyLoadingMiddleware
Zend\Expressive\Router\Middleware\ImplicitHeadMiddleware
Zend\Expressive\Middleware\LazyLoadingMiddleware
Zend\Expressive\Router\Middleware\ImplicitOptionsMiddleware
Zend\Expressive\Middleware\LazyLoadingMiddleware
Zend\Expressive\Router\Middleware\MethodNotAllowedMiddleware
Zend\Expressive\Middleware\LazyLoadingMiddleware
Zend\Expressive\Helper\UrlHelperMiddleware
Zend\Expressive\Middleware\LazyLoadingMiddleware
Zend\Expressive\Router\Middleware\DispatchMiddleware
Zend\Expressive\Middleware\LazyLoadingMiddleware
Amazium\Identity\UI\Web\Page\Login
Zend\Expressive\Middleware\LazyLoadingMiddleware
Zend\Stratigility\Middleware\ErrorHandler
Zend\Expressive\Middleware\LazyLoadingMiddleware
Zend\Expressive\Helper\ServerUrlMiddleware
Zend\Expressive\Middleware\LazyLoadingMiddleware
Zend\Expressive\Session\SessionMiddleware
Zend\Expressive\Middleware\LazyLoadingMiddleware
Amazium\Kernel\Application\Context\ApplicationContextMiddleware
Zend\Expressive\Middleware\LazyLoadingMiddleware
Zend\Expressive\Router\Middleware\RouteMiddleware
Zend\Expressive\Middleware\LazyLoadingMiddleware
Zend\Expressive\Router\Middleware\ImplicitHeadMiddleware
Zend\Expressive\Middleware\LazyLoadingMiddleware
Zend\Expressive\Router\Middleware\ImplicitOptionsMiddleware
Zend\Expressive\Middleware\LazyLoadingMiddleware
Zend\Expressive\Router\Middleware\MethodNotAllowedMiddleware
Zend\Expressive\Middleware\LazyLoadingMiddleware
Zend\Expressive\Helper\UrlHelperMiddleware
Zend\Expressive\Middleware\LazyLoadingMiddleware
Zend\Expressive\Router\Middleware\DispatchMiddleware
Zend\Expressive\Middleware\LazyLoadingMiddleware
Amazium\Identity\UI\Web\Page\LoginUsingGitlab
Zend\Expressive\Middleware\LazyLoadingMiddleware
Zend\Stratigility\Middleware\ErrorHandler
Zend\Expressive\Middleware\LazyLoadingMiddleware
Zend\Expressive\Helper\ServerUrlMiddleware
Zend\Expressive\Middleware\LazyLoadingMiddleware
Zend\Expressive\Session\SessionMiddleware
Zend\Expressive\Middleware\LazyLoadingMiddleware
Amazium\Kernel\Application\Context\ApplicationContextMiddleware
Zend\Expressive\Middleware\LazyLoadingMiddleware
Zend\Expressive\Router\Middleware\RouteMiddleware
Zend\Expressive\Middleware\LazyLoadingMiddleware
Zend\Expressive\Router\Middleware\ImplicitHeadMiddleware
Zend\Expressive\Middleware\LazyLoadingMiddleware
Zend\Expressive\Router\Middleware\ImplicitOptionsMiddleware
Zend\Expressive\Middleware\LazyLoadingMiddleware
Zend\Expressive\Router\Middleware\MethodNotAllowedMiddleware
Zend\Expressive\Middleware\LazyLoadingMiddleware
Zend\Expressive\Helper\UrlHelperMiddleware
Zend\Expressive\Middleware\LazyLoadingMiddleware
Zend\Expressive\Router\Middleware\DispatchMiddleware
Zend\Expressive\Middleware\LazyLoadingMiddleware
Amazium\Identity\UI\Web\Page\LoginUsingGitlab
Zend\Expressive\Middleware\LazyLoadingMiddleware
Zend\Expressive\Authentication\AuthenticationMiddleware
Zend\Expressive\Middleware\LazyLoadingMiddleware
Zend\Expressive\Handler\NotFoundHandler
Zend\Expressive\Middleware\LazyLoadingMiddleware
Zend\Stratigility\Middleware\ErrorHandler
Zend\Expressive\Middleware\LazyLoadingMiddleware
Zend\Expressive\Helper\ServerUrlMiddleware
Zend\Expressive\Middleware\LazyLoadingMiddleware
Zend\Expressive\Session\SessionMiddleware
Zend\Expressive\Middleware\LazyLoadingMiddleware
Amazium\Kernel\Application\Context\ApplicationContextMiddleware
Zend\Expressive\Middleware\LazyLoadingMiddleware
Zend\Expressive\Router\Middleware\RouteMiddleware
Zend\Expressive\Middleware\LazyLoadingMiddleware
Zend\Expressive\Router\Middleware\ImplicitHeadMiddleware
Zend\Expressive\Middleware\LazyLoadingMiddleware
Zend\Expressive\Router\Middleware\ImplicitOptionsMiddleware
Zend\Expressive\Middleware\LazyLoadingMiddleware
Zend\Expressive\Router\Middleware\MethodNotAllowedMiddleware
Zend\Expressive\Middleware\LazyLoadingMiddleware
Zend\Expressive\Helper\UrlHelperMiddleware
Zend\Expressive\Middleware\LazyLoadingMiddleware
Zend\Expressive\Router\Middleware\DispatchMiddleware
Zend\Expressive\Middleware\LazyLoadingMiddleware
Amazium\Frontend\UI\Web\Page\Home
Zend\Expressive\Middleware\LazyLoadingMiddleware
Zend\Stratigility\Middleware\ErrorHandler
Zend\Expressive\Middleware\LazyLoadingMiddleware
Zend\Expressive\Helper\ServerUrlMiddleware
Zend\Expressive\Middleware\LazyLoadingMiddleware
Zend\Expressive\Session\SessionMiddleware
Zend\Expressive\Middleware\LazyLoadingMiddleware
Amazium\Kernel\Application\Context\ApplicationContextMiddleware
Zend\Expressive\Middleware\LazyLoadingMiddleware
Zend\Expressive\Router\Middleware\RouteMiddleware
Zend\Expressive\Middleware\LazyLoadingMiddleware
Zend\Expressive\Router\Middleware\ImplicitHeadMiddleware
Zend\Expressive\Middleware\LazyLoadingMiddleware
Zend\Expressive\Router\Middleware\ImplicitOptionsMiddleware
Zend\Expressive\Middleware\LazyLoadingMiddleware
Zend\Expressive\Router\Middleware\MethodNotAllowedMiddleware
Zend\Expressive\Middleware\LazyLoadingMiddleware
Zend\Expressive\Helper\UrlHelperMiddleware
Zend\Expressive\Middleware\LazyLoadingMiddleware
Zend\Expressive\Router\Middleware\DispatchMiddleware
Zend\Expressive\Middleware\LazyLoadingMiddleware
Zend\Expressive\Authentication\AuthenticationMiddleware
Zend\Expressive\Middleware\LazyLoadingMiddleware
Zend\Stratigility\Middleware\ErrorHandler
Zend\Expressive\Middleware\LazyLoadingMiddleware
Zend\Expressive\Helper\ServerUrlMiddleware
Zend\Expressive\Middleware\LazyLoadingMiddleware
Zend\Expressive\Session\SessionMiddleware
Zend\Expressive\Middleware\LazyLoadingMiddleware
Amazium\Kernel\Application\Context\ApplicationContextMiddleware
Zend\Expressive\Middleware\LazyLoadingMiddleware
Zend\Expressive\Router\Middleware\RouteMiddleware
Zend\Expressive\Middleware\LazyLoadingMiddleware
Zend\Expressive\Router\Middleware\ImplicitHeadMiddleware
Zend\Expressive\Middleware\LazyLoadingMiddleware
Zend\Expressive\Router\Middleware\ImplicitOptionsMiddleware
Zend\Expressive\Middleware\LazyLoadingMiddleware
Zend\Expressive\Router\Middleware\MethodNotAllowedMiddleware
Zend\Expressive\Middleware\LazyLoadingMiddleware
Zend\Expressive\Helper\UrlHelperMiddleware
Zend\Expressive\Middleware\LazyLoadingMiddleware
Zend\Expressive\Router\Middleware\DispatchMiddleware
Zend\Expressive\Middleware\LazyLoadingMiddleware
Zend\Expressive\Authentication\AuthenticationMiddleware
Zend\Expressive\Middleware\LazyLoadingMiddleware
Zend\Stratigility\Middleware\ErrorHandler
Zend\Expressive\Middleware\LazyLoadingMiddleware
Zend\Expressive\Helper\ServerUrlMiddleware
Zend\Expressive\Middleware\LazyLoadingMiddleware
Zend\Expressive\Session\SessionMiddleware
Zend\Expressive\Middleware\LazyLoadingMiddleware
Amazium\Kernel\Application\Context\ApplicationContextMiddleware
Zend\Expressive\Middleware\LazyLoadingMiddleware
Zend\Expressive\Router\Middleware\RouteMiddleware
Zend\Expressive\Middleware\LazyLoadingMiddleware
Zend\Expressive\Router\Middleware\ImplicitHeadMiddleware
Zend\Expressive\Middleware\LazyLoadingMiddleware
Zend\Expressive\Router\Middleware\ImplicitOptionsMiddleware
Zend\Expressive\Middleware\LazyLoadingMiddleware
Zend\Expressive\Router\Middleware\MethodNotAllowedMiddleware
Zend\Expressive\Middleware\LazyLoadingMiddleware
Zend\Expressive\Helper\UrlHelperMiddleware
Zend\Expressive\Middleware\LazyLoadingMiddleware
Zend\Expressive\Router\Middleware\DispatchMiddleware
Zend\Expressive\Middleware\LazyLoadingMiddleware
Zend\Expressive\Authentication\AuthenticationMiddleware
Zend\Expressive\Middleware\LazyLoadingMiddleware
Zend\Stratigility\Middleware\ErrorHandler
Zend\Expressive\Middleware\LazyLoadingMiddleware
Zend\Expressive\Helper\ServerUrlMiddleware
Zend\Expressive\Middleware\LazyLoadingMiddleware
Zend\Expressive\Session\SessionMiddleware
Zend\Expressive\Middleware\LazyLoadingMiddleware
Amazium\Kernel\Application\Context\ApplicationContextMiddleware
Zend\Expressive\Middleware\LazyLoadingMiddleware
Zend\Expressive\Router\Middleware\RouteMiddleware
Zend\Expressive\Middleware\LazyLoadingMiddleware
Zend\Expressive\Router\Middleware\ImplicitHeadMiddleware
Zend\Expressive\Middleware\LazyLoadingMiddleware
Zend\Expressive\Router\Middleware\ImplicitOptionsMiddleware
Zend\Expressive\Middleware\LazyLoadingMiddleware
Zend\Expressive\Router\Middleware\MethodNotAllowedMiddleware
Zend\Expressive\Middleware\LazyLoadingMiddleware
Zend\Expressive\Helper\UrlHelperMiddleware
Zend\Expressive\Middleware\LazyLoadingMiddleware
Zend\Expressive\Router\Middleware\DispatchMiddleware
Zend\Expressive\Middleware\LazyLoadingMiddleware
Zend\Expressive\Authentication\AuthenticationMiddleware
Zend\Expressive\Middleware\LazyLoadingMiddleware
Zend\Stratigility\Middleware\ErrorHandler
Zend\Expressive\Middleware\LazyLoadingMiddleware
Zend\Expressive\Helper\ServerUrlMiddleware
Zend\Expressive\Middleware\LazyLoadingMiddleware
Zend\Expressive\Session\SessionMiddleware
Zend\Expressive\Middleware\LazyLoadingMiddleware
Amazium\Kernel\Application\Context\ApplicationContextMiddleware
Zend\Expressive\Middleware\LazyLoadingMiddleware
Zend\Expressive\Router\Middleware\RouteMiddleware
Zend\Expressive\Middleware\LazyLoadingMiddleware
Zend\Expressive\Router\Middleware\ImplicitHeadMiddleware
Zend\Expressive\Middleware\LazyLoadingMiddleware
Zend\Expressive\Router\Middleware\ImplicitOptionsMiddleware
Zend\Expressive\Middleware\LazyLoadingMiddleware
Zend\Expressive\Router\Middleware\MethodNotAllowedMiddleware
Zend\Expressive\Middleware\LazyLoadingMiddleware
Zend\Expressive\Helper\UrlHelperMiddleware
Zend\Expressive\Middleware\LazyLoadingMiddleware
Zend\Expressive\Router\Middleware\DispatchMiddleware
Zend\Expressive\Middleware\LazyLoadingMiddleware
Zend\Expressive\Authentication\AuthenticationMiddleware
Zend\Expressive\Middleware\LazyLoadingMiddleware
Zend\Stratigility\Middleware\ErrorHandler
Zend\Expressive\Middleware\LazyLoadingMiddleware
Zend\Expressive\Helper\ServerUrlMiddleware
Zend\Expressive\Middleware\LazyLoadingMiddleware
Zend\Expressive\Session\SessionMiddleware
Zend\Expressive\Middleware\LazyLoadingMiddleware
Amazium\Kernel\Application\Context\ApplicationContextMiddleware
Zend\Expressive\Middleware\LazyLoadingMiddleware
Zend\Expressive\Router\Middleware\RouteMiddleware
Zend\Expressive\Middleware\LazyLoadingMiddleware
Zend\Expressive\Router\Middleware\ImplicitHeadMiddleware
Zend\Expressive\Middleware\LazyLoadingMiddleware
Zend\Expressive\Router\Middleware\ImplicitOptionsMiddleware
Zend\Expressive\Middleware\LazyLoadingMiddleware
Zend\Expressive\Router\Middleware\MethodNotAllowedMiddleware
Zend\Expressive\Middleware\LazyLoadingMiddleware
Zend\Expressive\Helper\UrlHelperMiddleware
Zend\Expressive\Middleware\LazyLoadingMiddleware
Zend\Expressive\Router\Middleware\DispatchMiddleware
Zend\Expressive\Middleware\LazyLoadingMiddleware
Zend\Expressive\Authentication\AuthenticationMiddleware
Zend\Expressive\Middleware\LazyLoadingMiddleware
Zend\Stratigility\Middleware\ErrorHandler
Zend\Expressive\Middleware\LazyLoadingMiddleware
Zend\Expressive\Helper\ServerUrlMiddleware
Zend\Expressive\Middleware\LazyLoadingMiddleware
Zend\Expressive\Session\SessionMiddleware
Zend\Expressive\Middleware\LazyLoadingMiddleware
Amazium\Kernel\Application\Context\ApplicationContextMiddleware
Zend\Expressive\Middleware\LazyLoadingMiddleware
Zend\Expressive\Router\Middleware\RouteMiddleware
Zend\Expressive\Middleware\LazyLoadingMiddleware
Zend\Expressive\Router\Middleware\ImplicitHeadMiddleware
Zend\Expressive\Middleware\LazyLoadingMiddleware
Zend\Expressive\Router\Middleware\ImplicitOptionsMiddleware
Zend\Expressive\Middleware\LazyLoadingMiddleware
Zend\Expressive\Router\Middleware\MethodNotAllowedMiddleware
Zend\Expressive\Middleware\LazyLoadingMiddleware
Zend\Expressive\Helper\UrlHelperMiddleware
Zend\Expressive\Middleware\LazyLoadingMiddleware
Zend\Expressive\Router\Middleware\DispatchMiddleware
Zend\Expressive\Middleware\LazyLoadingMiddleware
Amazium\Identity\UI\Web\Page\Login
Zend\Expressive\Middleware\LazyLoadingMiddleware
Zend\Stratigility\Middleware\ErrorHandler
Zend\Expressive\Middleware\LazyLoadingMiddleware
Zend\Expressive\Helper\ServerUrlMiddleware
Zend\Expressive\Middleware\LazyLoadingMiddleware
Zend\Expressive\Session\SessionMiddleware
Zend\Expressive\Middleware\LazyLoadingMiddleware
Amazium\Kernel\Application\Context\ApplicationContextMiddleware
Zend\Expressive\Middleware\LazyLoadingMiddleware
Zend\Expressive\Router\Middleware\RouteMiddleware
Zend\Expressive\Middleware\LazyLoadingMiddleware
Zend\Expressive\Router\Middleware\ImplicitHeadMiddleware
Zend\Expressive\Middleware\LazyLoadingMiddleware
Zend\Expressive\Router\Middleware\ImplicitOptionsMiddleware
Zend\Expressive\Middleware\LazyLoadingMiddleware
Zend\Expressive\Router\Middleware\MethodNotAllowedMiddleware
Zend\Expressive\Middleware\LazyLoadingMiddleware
Zend\Expressive\Helper\UrlHelperMiddleware
Zend\Expressive\Middleware\LazyLoadingMiddleware
Zend\Expressive\Router\Middleware\DispatchMiddleware
Zend\Expressive\Middleware\LazyLoadingMiddleware
Amazium\Frontend\UI\Web\Page\Home
Zend\Expressive\Middleware\LazyLoadingMiddleware
Zend\Stratigility\Middleware\ErrorHandler
Zend\Expressive\Middleware\LazyLoadingMiddleware
Zend\Expressive\Helper\ServerUrlMiddleware
Zend\Expressive\Middleware\LazyLoadingMiddleware
Zend\Expressive\Session\SessionMiddleware
Zend\Expressive\Middleware\LazyLoadingMiddleware
Amazium\Kernel\Application\Context\ApplicationContextMiddleware
Zend\Expressive\Middleware\LazyLoadingMiddleware
Zend\Expressive\Router\Middleware\RouteMiddleware
Zend\Expressive\Middleware\LazyLoadingMiddleware
Zend\Expressive\Router\Middleware\ImplicitHeadMiddleware
Zend\Expressive\Middleware\LazyLoadingMiddleware
Zend\Expressive\Router\Middleware\ImplicitOptionsMiddleware
Zend\Expressive\Middleware\LazyLoadingMiddleware
Zend\Expressive\Router\Middleware\MethodNotAllowedMiddleware
Zend\Expressive\Middleware\LazyLoadingMiddleware
Zend\Expressive\Helper\UrlHelperMiddleware
Zend\Expressive\Middleware\LazyLoadingMiddleware
Zend\Expressive\Router\Middleware\DispatchMiddleware
Zend\Expressive\Middleware\LazyLoadingMiddleware
Zend\Expressive\Authentication\AuthenticationMiddleware
Zend\Expressive\Middleware\LazyLoadingMiddleware
Zend\Stratigility\Middleware\ErrorHandler
Zend\Expressive\Middleware\LazyLoadingMiddleware
Zend\Expressive\Helper\ServerUrlMiddleware
Zend\Expressive\Middleware\LazyLoadingMiddleware
Zend\Expressive\Session\SessionMiddleware
Zend\Expressive\Middleware\LazyLoadingMiddleware
Amazium\Kernel\Application\Context\ApplicationContextMiddleware
Zend\Expressive\Middleware\LazyLoadingMiddleware
Zend\Expressive\Router\Middleware\RouteMiddleware
Zend\Expressive\Middleware\LazyLoadingMiddleware
Zend\Expressive\Router\Middleware\ImplicitHeadMiddleware
Zend\Expressive\Middleware\LazyLoadingMiddleware
Zend\Expressive\Router\Middleware\ImplicitOptionsMiddleware
Zend\Expressive\Middleware\LazyLoadingMiddleware
Zend\Expressive\Router\Middleware\MethodNotAllowedMiddleware
Zend\Expressive\Middleware\LazyLoadingMiddleware
Zend\Expressive\Helper\UrlHelperMiddleware
Zend\Expressive\Middleware\LazyLoadingMiddleware
Zend\Expressive\Router\Middleware\DispatchMiddleware
Zend\Expressive\Middleware\LazyLoadingMiddleware
Amazium\Identity\UI\Web\Page\Login
Zend\Expressive\Middleware\LazyLoadingMiddleware
Zend\Stratigility\Middleware\ErrorHandler
Zend\Expressive\Middleware\LazyLoadingMiddleware
Zend\Expressive\Helper\ServerUrlMiddleware
Zend\Expressive\Middleware\LazyLoadingMiddleware
Zend\Expressive\Session\SessionMiddleware
Zend\Expressive\Middleware\LazyLoadingMiddleware
Amazium\Kernel\Application\Context\ApplicationContextMiddleware
Zend\Expressive\Middleware\LazyLoadingMiddleware
Zend\Expressive\Router\Middleware\RouteMiddleware
Zend\Expressive\Middleware\LazyLoadingMiddleware
Zend\Expressive\Router\Middleware\ImplicitHeadMiddleware
Zend\Expressive\Middleware\LazyLoadingMiddleware
Zend\Expressive\Router\Middleware\ImplicitOptionsMiddleware
Zend\Expressive\Middleware\LazyLoadingMiddleware
Zend\Expressive\Router\Middleware\MethodNotAllowedMiddleware
Zend\Expressive\Middleware\LazyLoadingMiddleware
Zend\Expressive\Helper\UrlHelperMiddleware
Zend\Expressive\Middleware\LazyLoadingMiddleware
Zend\Expressive\Router\Middleware\DispatchMiddleware
Zend\Expressive\Middleware\LazyLoadingMiddleware
Amazium\Frontend\UI\Web\Page\Home
Zend\Expressive\Middleware\LazyLoadingMiddleware
Zend\Stratigility\Middleware\ErrorHandler
Zend\Expressive\Middleware\LazyLoadingMiddleware
Zend\Expressive\Helper\ServerUrlMiddleware
Zend\Expressive\Middleware\LazyLoadingMiddleware
Zend\Expressive\Session\SessionMiddleware
Zend\Expressive\Middleware\LazyLoadingMiddleware
Amazium\Kernel\Application\Context\ApplicationContextMiddleware
Zend\Expressive\Middleware\LazyLoadingMiddleware
Zend\Expressive\Router\Middleware\RouteMiddleware
Zend\Expressive\Middleware\LazyLoadingMiddleware
Zend\Expressive\Router\Middleware\ImplicitHeadMiddleware
Zend\Expressive\Middleware\LazyLoadingMiddleware
Zend\Expressive\Router\Middleware\ImplicitOptionsMiddleware
Zend\Expressive\Middleware\LazyLoadingMiddleware
Zend\Expressive\Router\Middleware\MethodNotAllowedMiddleware
Zend\Expressive\Middleware\LazyLoadingMiddleware
Zend\Expressive\Helper\UrlHelperMiddleware
Zend\Expressive\Middleware\LazyLoadingMiddleware
Zend\Expressive\Router\Middleware\DispatchMiddleware
Zend\Expressive\Middleware\LazyLoadingMiddleware
Zend\Expressive\Authentication\AuthenticationMiddleware
Zend\Expressive\Middleware\LazyLoadingMiddleware
Zend\Stratigility\Middleware\ErrorHandler
Zend\Expressive\Middleware\LazyLoadingMiddleware
Zend\Expressive\Helper\ServerUrlMiddleware
Zend\Expressive\Middleware\LazyLoadingMiddleware
Zend\Expressive\Session\SessionMiddleware
Zend\Expressive\Middleware\LazyLoadingMiddleware
Amazium\Kernel\Application\Context\ApplicationContextMiddleware
Zend\Expressive\Middleware\LazyLoadingMiddleware
Zend\Expressive\Router\Middleware\RouteMiddleware
Zend\Expressive\Middleware\LazyLoadingMiddleware
Zend\Expressive\Router\Middleware\ImplicitHeadMiddleware
Zend\Expressive\Middleware\LazyLoadingMiddleware
Zend\Expressive\Router\Middleware\ImplicitOptionsMiddleware
Zend\Expressive\Middleware\LazyLoadingMiddleware
Zend\Expressive\Router\Middleware\MethodNotAllowedMiddleware
Zend\Expressive\Middleware\LazyLoadingMiddleware
Zend\Expressive\Helper\UrlHelperMiddleware
Zend\Expressive\Middleware\LazyLoadingMiddleware
Zend\Expressive\Router\Middleware\DispatchMiddleware
Zend\Expressive\Middleware\LazyLoadingMiddleware
Amazium\Identity\UI\Web\Page\Login
Zend\Expressive\Middleware\LazyLoadingMiddleware
Zend\Stratigility\Middleware\ErrorHandler
Zend\Expressive\Middleware\LazyLoadingMiddleware
Zend\Expressive\Helper\ServerUrlMiddleware
Zend\Expressive\Middleware\LazyLoadingMiddleware
Zend\Expressive\Session\SessionMiddleware
Zend\Expressive\Middleware\LazyLoadingMiddleware
Amazium\Kernel\Application\Context\ApplicationContextMiddleware
Zend\Expressive\Middleware\LazyLoadingMiddleware
Zend\Expressive\Router\Middleware\RouteMiddleware
Zend\Expressive\Middleware\LazyLoadingMiddleware
Zend\Expressive\Router\Middleware\ImplicitHeadMiddleware
Zend\Expressive\Middleware\LazyLoadingMiddleware
Zend\Expressive\Router\Middleware\ImplicitOptionsMiddleware
Zend\Expressive\Middleware\LazyLoadingMiddleware
Zend\Expressive\Router\Middleware\MethodNotAllowedMiddleware
Zend\Expressive\Middleware\LazyLoadingMiddleware
Zend\Expressive\Helper\UrlHelperMiddleware
Zend\Expressive\Middleware\LazyLoadingMiddleware
Zend\Expressive\Router\Middleware\DispatchMiddleware
Zend\Expressive\Middleware\LazyLoadingMiddleware
Amazium\Frontend\UI\Web\Page\Home
Zend\Expressive\Middleware\LazyLoadingMiddleware
Zend\Stratigility\Middleware\ErrorHandler
Zend\Expressive\Middleware\LazyLoadingMiddleware
Zend\Expressive\Helper\ServerUrlMiddleware
Zend\Expressive\Middleware\LazyLoadingMiddleware
Zend\Expressive\Session\SessionMiddleware
Zend\Expressive\Middleware\LazyLoadingMiddleware
Amazium\Kernel\Application\Context\ApplicationContextMiddleware
Zend\Expressive\Middleware\LazyLoadingMiddleware
Zend\Expressive\Router\Middleware\RouteMiddleware
Zend\Expressive\Middleware\LazyLoadingMiddleware
Zend\Expressive\Router\Middleware\ImplicitHeadMiddleware
Zend\Expressive\Middleware\LazyLoadingMiddleware
Zend\Expressive\Router\Middleware\ImplicitOptionsMiddleware
Zend\Expressive\Middleware\LazyLoadingMiddleware
Zend\Expressive\Router\Middleware\MethodNotAllowedMiddleware
Zend\Expressive\Middleware\LazyLoadingMiddleware
Zend\Expressive\Helper\UrlHelperMiddleware
Zend\Expressive\Middleware\LazyLoadingMiddleware
Zend\Expressive\Router\Middleware\DispatchMiddleware
Zend\Expressive\Middleware\LazyLoadingMiddleware
Zend\Expressive\Handler\NotFoundHandler
Zend\Expressive\Middleware\LazyLoadingMiddleware
Zend\Stratigility\Middleware\ErrorHandler
Zend\Expressive\Middleware\LazyLoadingMiddleware
Zend\Expressive\Helper\ServerUrlMiddleware
Zend\Expressive\Middleware\LazyLoadingMiddleware
Zend\Expressive\Session\SessionMiddleware
Zend\Expressive\Middleware\LazyLoadingMiddleware
Amazium\Kernel\Application\Context\ApplicationContextMiddleware
Zend\Expressive\Middleware\LazyLoadingMiddleware
Zend\Expressive\Router\Middleware\RouteMiddleware
Zend\Expressive\Middleware\LazyLoadingMiddleware
Zend\Expressive\Router\Middleware\ImplicitHeadMiddleware
Zend\Expressive\Middleware\LazyLoadingMiddleware
Zend\Expressive\Router\Middleware\ImplicitOptionsMiddleware
Zend\Expressive\Middleware\LazyLoadingMiddleware
Zend\Expressive\Router\Middleware\MethodNotAllowedMiddleware
Zend\Expressive\Middleware\LazyLoadingMiddleware
Zend\Expressive\Helper\UrlHelperMiddleware
Zend\Expressive\Middleware\LazyLoadingMiddleware
Zend\Expressive\Router\Middleware\DispatchMiddleware
Zend\Expressive\Middleware\LazyLoadingMiddleware
Zend\Expressive\Authentication\AuthenticationMiddleware
Zend\Expressive\Middleware\LazyLoadingMiddleware
Zend\Stratigility\Middleware\ErrorHandler
Zend\Expressive\Middleware\LazyLoadingMiddleware
Zend\Expressive\Helper\ServerUrlMiddleware
Zend\Expressive\Middleware\LazyLoadingMiddleware
Zend\Expressive\Session\SessionMiddleware
Zend\Expressive\Middleware\LazyLoadingMiddleware
Amazium\Kernel\Application\Context\ApplicationContextMiddleware
Zend\Expressive\Middleware\LazyLoadingMiddleware
Zend\Expressive\Router\Middleware\RouteMiddleware
Zend\Expressive\Middleware\LazyLoadingMiddleware
Zend\Expressive\Router\Middleware\ImplicitHeadMiddleware
Zend\Expressive\Middleware\LazyLoadingMiddleware
Zend\Expressive\Router\Middleware\ImplicitOptionsMiddleware
Zend\Expressive\Middleware\LazyLoadingMiddleware
Zend\Expressive\Router\Middleware\MethodNotAllowedMiddleware
Zend\Expressive\Middleware\LazyLoadingMiddleware
Zend\Expressive\Helper\UrlHelperMiddleware
Zend\Expressive\Middleware\LazyLoadingMiddleware
Zend\Expressive\Router\Middleware\DispatchMiddleware
Zend\Expressive\Middleware\LazyLoadingMiddleware
Zend\Expressive\Authentication\AuthenticationMiddleware
Zend\Expressive\Middleware\LazyLoadingMiddleware
Zend\Stratigility\Middleware\ErrorHandler
Zend\Expressive\Middleware\LazyLoadingMiddleware
Zend\Expressive\Helper\ServerUrlMiddleware
Zend\Expressive\Middleware\LazyLoadingMiddleware
Zend\Expressive\Session\SessionMiddleware
Zend\Expressive\Middleware\LazyLoadingMiddleware
Amazium\Kernel\Application\Context\ApplicationContextMiddleware
Zend\Expressive\Middleware\LazyLoadingMiddleware
Zend\Expressive\Router\Middleware\RouteMiddleware
Zend\Expressive\Middleware\LazyLoadingMiddleware
Zend\Expressive\Router\Middleware\ImplicitHeadMiddleware
Zend\Expressive\Middleware\LazyLoadingMiddleware
Zend\Expressive\Router\Middleware\ImplicitOptionsMiddleware
Zend\Expressive\Middleware\LazyLoadingMiddleware
Zend\Expressive\Router\Middleware\MethodNotAllowedMiddleware
Zend\Expressive\Middleware\LazyLoadingMiddleware
Zend\Expressive\Helper\UrlHelperMiddleware
Zend\Expressive\Middleware\LazyLoadingMiddleware
Zend\Expressive\Router\Middleware\DispatchMiddleware
Zend\Expressive\Middleware\LazyLoadingMiddleware
Amazium\Identity\UI\Web\Page\Login
Zend\Expressive\Middleware\LazyLoadingMiddleware
Zend\Stratigility\Middleware\ErrorHandler
Zend\Expressive\Middleware\LazyLoadingMiddleware
Zend\Expressive\Helper\ServerUrlMiddleware
Zend\Expressive\Middleware\LazyLoadingMiddleware
Zend\Expressive\Session\SessionMiddleware
Zend\Expressive\Middleware\LazyLoadingMiddleware
Amazium\Kernel\Application\Context\ApplicationContextMiddleware
Zend\Expressive\Middleware\LazyLoadingMiddleware
Zend\Expressive\Router\Middleware\RouteMiddleware
Zend\Expressive\Middleware\LazyLoadingMiddleware
Zend\Expressive\Router\Middleware\ImplicitHeadMiddleware
Zend\Expressive\Middleware\LazyLoadingMiddleware
Zend\Expressive\Router\Middleware\ImplicitOptionsMiddleware
Zend\Expressive\Middleware\LazyLoadingMiddleware
Zend\Expressive\Router\Middleware\MethodNotAllowedMiddleware
Zend\Expressive\Middleware\LazyLoadingMiddleware
Zend\Expressive\Helper\UrlHelperMiddleware
Zend\Expressive\Middleware\LazyLoadingMiddleware
Zend\Expressive\Router\Middleware\DispatchMiddleware
Zend\Expressive\Middleware\LazyLoadingMiddleware
Amazium\Frontend\UI\Web\Page\Home
Zend\Expressive\Middleware\LazyLoadingMiddleware
Zend\Stratigility\Middleware\ErrorHandler
Zend\Expressive\Middleware\LazyLoadingMiddleware
Zend\Expressive\Helper\ServerUrlMiddleware
Zend\Expressive\Middleware\LazyLoadingMiddleware
Zend\Expressive\Session\SessionMiddleware
Zend\Expressive\Middleware\LazyLoadingMiddleware
Amazium\Kernel\Application\Context\ApplicationContextMiddleware
Zend\Expressive\Middleware\LazyLoadingMiddleware
Zend\Expressive\Router\Middleware\RouteMiddleware
Zend\Expressive\Middleware\LazyLoadingMiddleware
Zend\Expressive\Router\Middleware\ImplicitHeadMiddleware
Zend\Expressive\Middleware\LazyLoadingMiddleware
Zend\Expressive\Router\Middleware\ImplicitOptionsMiddleware
Zend\Expressive\Middleware\LazyLoadingMiddleware
Zend\Expressive\Router\Middleware\MethodNotAllowedMiddleware
Zend\Expressive\Middleware\LazyLoadingMiddleware
Zend\Expressive\Helper\UrlHelperMiddleware
Zend\Expressive\Middleware\LazyLoadingMiddleware
Zend\Expressive\Router\Middleware\DispatchMiddleware
Zend\Expressive\Middleware\LazyLoadingMiddleware
Zend\Expressive\Authentication\AuthenticationMiddleware
Zend\Expressive\Middleware\LazyLoadingMiddleware
Zend\Stratigility\Middleware\ErrorHandler
Zend\Expressive\Middleware\LazyLoadingMiddleware
Zend\Expressive\Helper\ServerUrlMiddleware
Zend\Expressive\Middleware\LazyLoadingMiddleware
Zend\Expressive\Session\SessionMiddleware
Zend\Expressive\Middleware\LazyLoadingMiddleware
Amazium\Kernel\Application\Context\ApplicationContextMiddleware
Zend\Expressive\Middleware\LazyLoadingMiddleware
Zend\Expressive\Router\Middleware\RouteMiddleware
Zend\Expressive\Middleware\LazyLoadingMiddleware
Zend\Expressive\Router\Middleware\ImplicitHeadMiddleware
Zend\Expressive\Middleware\LazyLoadingMiddleware
Zend\Expressive\Router\Middleware\ImplicitOptionsMiddleware
Zend\Expressive\Middleware\LazyLoadingMiddleware
Zend\Expressive\Router\Middleware\MethodNotAllowedMiddleware
Zend\Expressive\Middleware\LazyLoadingMiddleware
Zend\Expressive\Helper\UrlHelperMiddleware
Zend\Expressive\Middleware\LazyLoadingMiddleware
Zend\Expressive\Router\Middleware\DispatchMiddleware
Zend\Expressive\Middleware\LazyLoadingMiddleware
Amazium\Identity\UI\Web\Page\Login
Zend\Expressive\Middleware\LazyLoadingMiddleware
Zend\Stratigility\Middleware\ErrorHandler
Zend\Expressive\Middleware\LazyLoadingMiddleware
Zend\Expressive\Helper\ServerUrlMiddleware
Zend\Expressive\Middleware\LazyLoadingMiddleware
Zend\Expressive\Session\SessionMiddleware
Zend\Expressive\Middleware\LazyLoadingMiddleware
Amazium\Kernel\Application\Context\ApplicationContextMiddleware
Zend\Expressive\Middleware\LazyLoadingMiddleware
Zend\Expressive\Router\Middleware\RouteMiddleware
Zend\Expressive\Middleware\LazyLoadingMiddleware
Zend\Expressive\Router\Middleware\ImplicitHeadMiddleware
Zend\Expressive\Middleware\LazyLoadingMiddleware
Zend\Expressive\Router\Middleware\ImplicitOptionsMiddleware
Zend\Expressive\Middleware\LazyLoadingMiddleware
Zend\Expressive\Router\Middleware\MethodNotAllowedMiddleware
Zend\Expressive\Middleware\LazyLoadingMiddleware
Zend\Expressive\Helper\UrlHelperMiddleware
Zend\Expressive\Middleware\LazyLoadingMiddleware
Zend\Expressive\Router\Middleware\DispatchMiddleware
Zend\Expressive\Middleware\LazyLoadingMiddleware
Zend\Expressive\Authentication\AuthenticationMiddleware
Zend\Expressive\Middleware\LazyLoadingMiddleware
Zend\Stratigility\Middleware\ErrorHandler
Zend\Expressive\Middleware\LazyLoadingMiddleware
Zend\Expressive\Helper\ServerUrlMiddleware
Zend\Expressive\Middleware\LazyLoadingMiddleware
Zend\Expressive\Session\SessionMiddleware
Zend\Expressive\Middleware\LazyLoadingMiddleware
Amazium\Kernel\Application\Context\ApplicationContextMiddleware
Zend\Expressive\Middleware\LazyLoadingMiddleware
Zend\Expressive\Router\Middleware\RouteMiddleware
Zend\Expressive\Middleware\LazyLoadingMiddleware
Zend\Expressive\Router\Middleware\ImplicitHeadMiddleware
Zend\Expressive\Middleware\LazyLoadingMiddleware
Zend\Expressive\Router\Middleware\ImplicitOptionsMiddleware
Zend\Expressive\Middleware\LazyLoadingMiddleware
Zend\Expressive\Router\Middleware\MethodNotAllowedMiddleware
Zend\Expressive\Middleware\LazyLoadingMiddleware
Zend\Expressive\Helper\UrlHelperMiddleware
Zend\Expressive\Middleware\LazyLoadingMiddleware
Zend\Expressive\Router\Middleware\DispatchMiddleware
Zend\Expressive\Middleware\LazyLoadingMiddleware
Amazium\Identity\UI\Web\Page\Login
Zend\Expressive\Middleware\LazyLoadingMiddleware
Zend\Stratigility\Middleware\ErrorHandler
Zend\Expressive\Middleware\LazyLoadingMiddleware
Zend\Expressive\Helper\ServerUrlMiddleware
Zend\Expressive\Middleware\LazyLoadingMiddleware
Zend\Expressive\Session\SessionMiddleware
Zend\Expressive\Middleware\LazyLoadingMiddleware
Amazium\Kernel\Application\Context\ApplicationContextMiddleware
Zend\Expressive\Middleware\LazyLoadingMiddleware
Zend\Expressive\Router\Middleware\RouteMiddleware
Zend\Expressive\Middleware\LazyLoadingMiddleware
Zend\Expressive\Router\Middleware\ImplicitHeadMiddleware
Zend\Expressive\Middleware\LazyLoadingMiddleware
Zend\Expressive\Router\Middleware\ImplicitOptionsMiddleware
Zend\Expressive\Middleware\LazyLoadingMiddleware
Zend\Expressive\Router\Middleware\MethodNotAllowedMiddleware
Zend\Expressive\Middleware\LazyLoadingMiddleware
Zend\Expressive\Helper\UrlHelperMiddleware
Zend\Expressive\Middleware\LazyLoadingMiddleware
Zend\Expressive\Router\Middleware\DispatchMiddleware
Zend\Expressive\Middleware\LazyLoadingMiddleware
Amazium\Frontend\UI\Web\Page\Home
Zend\Expressive\Middleware\LazyLoadingMiddleware
Zend\Stratigility\Middleware\ErrorHandler
Zend\Expressive\Middleware\LazyLoadingMiddleware
Zend\Expressive\Helper\ServerUrlMiddleware
Zend\Expressive\Middleware\LazyLoadingMiddleware
Zend\Expressive\Session\SessionMiddleware
Zend\Expressive\Middleware\LazyLoadingMiddleware
Amazium\Kernel\Application\Context\ApplicationContextMiddleware
Zend\Expressive\Middleware\LazyLoadingMiddleware
Zend\Expressive\Router\Middleware\RouteMiddleware
Zend\Expressive\Middleware\LazyLoadingMiddleware
Zend\Expressive\Router\Middleware\ImplicitHeadMiddleware
Zend\Expressive\Middleware\LazyLoadingMiddleware
Zend\Expressive\Router\Middleware\ImplicitOptionsMiddleware
Zend\Expressive\Middleware\LazyLoadingMiddleware
Zend\Expressive\Router\Middleware\MethodNotAllowedMiddleware
Zend\Expressive\Middleware\LazyLoadingMiddleware
Zend\Expressive\Helper\UrlHelperMiddleware
Zend\Expressive\Middleware\LazyLoadingMiddleware
Zend\Expressive\Router\Middleware\DispatchMiddleware
Zend\Expressive\Middleware\LazyLoadingMiddleware
Amazium\Frontend\UI\Web\Page\Home
Zend\Expressive\Middleware\LazyLoadingMiddleware
Zend\Stratigility\Middleware\ErrorHandler
Zend\Expressive\Middleware\LazyLoadingMiddleware
Zend\Expressive\Helper\ServerUrlMiddleware
Zend\Expressive\Middleware\LazyLoadingMiddleware
Zend\Expressive\Session\SessionMiddleware
Zend\Expressive\Middleware\LazyLoadingMiddleware
Amazium\Kernel\Application\Context\ApplicationContextMiddleware
Zend\Expressive\Middleware\LazyLoadingMiddleware
Zend\Expressive\Router\Middleware\RouteMiddleware
Zend\Expressive\Middleware\LazyLoadingMiddleware
Zend\Expressive\Router\Middleware\ImplicitHeadMiddleware
Zend\Expressive\Middleware\LazyLoadingMiddleware
Zend\Expressive\Router\Middleware\ImplicitOptionsMiddleware
Zend\Expressive\Middleware\LazyLoadingMiddleware
Zend\Expressive\Router\Middleware\MethodNotAllowedMiddleware
Zend\Expressive\Middleware\LazyLoadingMiddleware
Zend\Expressive\Helper\UrlHelperMiddleware
Zend\Expressive\Middleware\LazyLoadingMiddleware
Zend\Expressive\Router\Middleware\DispatchMiddleware
Zend\Expressive\Middleware\LazyLoadingMiddleware
Zend\Expressive\Authentication\AuthenticationMiddleware
Zend\Expressive\Middleware\LazyLoadingMiddleware
Zend\Stratigility\Middleware\ErrorHandler
Zend\Expressive\Middleware\LazyLoadingMiddleware
Zend\Expressive\Helper\ServerUrlMiddleware
Zend\Expressive\Middleware\LazyLoadingMiddleware
Zend\Expressive\Session\SessionMiddleware
Zend\Expressive\Middleware\LazyLoadingMiddleware
Amazium\Kernel\Application\Context\ApplicationContextMiddleware
Zend\Expressive\Middleware\LazyLoadingMiddleware
Zend\Expressive\Router\Middleware\RouteMiddleware
Zend\Expressive\Middleware\LazyLoadingMiddleware
Zend\Expressive\Router\Middleware\ImplicitHeadMiddleware
Zend\Expressive\Middleware\LazyLoadingMiddleware
Zend\Expressive\Router\Middleware\ImplicitOptionsMiddleware
Zend\Expressive\Middleware\LazyLoadingMiddleware
Zend\Expressive\Router\Middleware\MethodNotAllowedMiddleware
Zend\Expressive\Middleware\LazyLoadingMiddleware
Zend\Expressive\Helper\UrlHelperMiddleware
Zend\Expressive\Middleware\LazyLoadingMiddleware
Zend\Expressive\Router\Middleware\DispatchMiddleware
Zend\Expressive\Middleware\LazyLoadingMiddleware
Amazium\Identity\UI\Web\Page\Login
Zend\Expressive\Middleware\LazyLoadingMiddleware
Zend\Stratigility\Middleware\ErrorHandler
Zend\Expressive\Middleware\LazyLoadingMiddleware
Zend\Expressive\Helper\ServerUrlMiddleware
Zend\Expressive\Middleware\LazyLoadingMiddleware
Zend\Expressive\Session\SessionMiddleware
Zend\Expressive\Middleware\LazyLoadingMiddleware
Amazium\Kernel\Application\Context\ApplicationContextMiddleware
Zend\Expressive\Middleware\LazyLoadingMiddleware
Zend\Expressive\Router\Middleware\RouteMiddleware
Zend\Expressive\Middleware\LazyLoadingMiddleware
Zend\Expressive\Router\Middleware\ImplicitHeadMiddleware
Zend\Expressive\Middleware\LazyLoadingMiddleware
Zend\Expressive\Router\Middleware\ImplicitOptionsMiddleware
Zend\Expressive\Middleware\LazyLoadingMiddleware
Zend\Expressive\Router\Middleware\MethodNotAllowedMiddleware
Zend\Expressive\Middleware\LazyLoadingMiddleware
Zend\Expressive\Helper\UrlHelperMiddleware
Zend\Expressive\Middleware\LazyLoadingMiddleware
Zend\Expressive\Router\Middleware\DispatchMiddleware
Zend\Expressive\Middleware\LazyLoadingMiddleware
Zend\Expressive\Authentication\AuthenticationMiddleware
Zend\Expressive\Middleware\LazyLoadingMiddleware
Zend\Stratigility\Middleware\ErrorHandler
Zend\Expressive\Middleware\LazyLoadingMiddleware
Zend\Expressive\Helper\ServerUrlMiddleware
Zend\Expressive\Middleware\LazyLoadingMiddleware
Zend\Expressive\Session\SessionMiddleware
Zend\Expressive\Middleware\LazyLoadingMiddleware
Amazium\Kernel\Application\Context\ApplicationContextMiddleware
Zend\Expressive\Middleware\LazyLoadingMiddleware
Zend\Expressive\Router\Middleware\RouteMiddleware
Zend\Expressive\Middleware\LazyLoadingMiddleware
Zend\Expressive\Router\Middleware\ImplicitHeadMiddleware
Zend\Expressive\Middleware\LazyLoadingMiddleware
Zend\Expressive\Router\Middleware\ImplicitOptionsMiddleware
Zend\Expressive\Middleware\LazyLoadingMiddleware
Zend\Expressive\Router\Middleware\MethodNotAllowedMiddleware
Zend\Expressive\Middleware\LazyLoadingMiddleware
Zend\Expressive\Helper\UrlHelperMiddleware
Zend\Expressive\Middleware\LazyLoadingMiddleware
Zend\Expressive\Router\Middleware\DispatchMiddleware
Zend\Expressive\Middleware\LazyLoadingMiddleware
Amazium\Identity\UI\Web\Page\Login
Zend\Expressive\Middleware\LazyLoadingMiddleware
Zend\Stratigility\Middleware\ErrorHandler
Zend\Expressive\Middleware\LazyLoadingMiddleware
Zend\Expressive\Helper\ServerUrlMiddleware
Zend\Expressive\Middleware\LazyLoadingMiddleware
Zend\Expressive\Session\SessionMiddleware
Zend\Expressive\Middleware\LazyLoadingMiddleware
Amazium\Kernel\Application\Context\ApplicationContextMiddleware
Zend\Expressive\Middleware\LazyLoadingMiddleware
Zend\Expressive\Router\Middleware\RouteMiddleware
Zend\Expressive\Middleware\LazyLoadingMiddleware
Zend\Expressive\Router\Middleware\ImplicitHeadMiddleware
Zend\Expressive\Middleware\LazyLoadingMiddleware
Zend\Expressive\Router\Middleware\ImplicitOptionsMiddleware
Zend\Expressive\Middleware\LazyLoadingMiddleware
Zend\Expressive\Router\Middleware\MethodNotAllowedMiddleware
Zend\Expressive\Middleware\LazyLoadingMiddleware
Zend\Expressive\Helper\UrlHelperMiddleware
Zend\Expressive\Middleware\LazyLoadingMiddleware
Zend\Expressive\Router\Middleware\DispatchMiddleware
Zend\Expressive\Middleware\LazyLoadingMiddleware
Amazium\Frontend\UI\Web\Page\Home
Zend\Expressive\Middleware\LazyLoadingMiddleware
Zend\Stratigility\Middleware\ErrorHandler
Zend\Expressive\Middleware\LazyLoadingMiddleware
Zend\Expressive\Helper\ServerUrlMiddleware
Zend\Expressive\Middleware\LazyLoadingMiddleware
Zend\Expressive\Session\SessionMiddleware
Zend\Expressive\Middleware\LazyLoadingMiddleware
Amazium\Kernel\Application\Context\ApplicationContextMiddleware
Zend\Expressive\Middleware\LazyLoadingMiddleware
Zend\Expressive\Router\Middleware\RouteMiddleware
Zend\Expressive\Middleware\LazyLoadingMiddleware
Zend\Expressive\Router\Middleware\ImplicitHeadMiddleware
Zend\Expressive\Middleware\LazyLoadingMiddleware
Zend\Expressive\Router\Middleware\ImplicitOptionsMiddleware
Zend\Expressive\Middleware\LazyLoadingMiddleware
Zend\Expressive\Router\Middleware\MethodNotAllowedMiddleware
Zend\Expressive\Middleware\LazyLoadingMiddleware
Zend\Expressive\Helper\UrlHelperMiddleware
Zend\Expressive\Middleware\LazyLoadingMiddleware
Zend\Expressive\Router\Middleware\DispatchMiddleware
Zend\Expressive\Middleware\LazyLoadingMiddleware
Amazium\Frontend\UI\Web\Page\Page2
Zend\Expressive\Middleware\LazyLoadingMiddleware
Zend\Stratigility\Middleware\ErrorHandler
Zend\Expressive\Middleware\LazyLoadingMiddleware
Zend\Expressive\Helper\ServerUrlMiddleware
Zend\Expressive\Middleware\LazyLoadingMiddleware
Zend\Expressive\Session\SessionMiddleware
Zend\Expressive\Middleware\LazyLoadingMiddleware
Amazium\Kernel\Application\Context\ApplicationContextMiddleware
Zend\Expressive\Middleware\LazyLoadingMiddleware
Zend\Expressive\Router\Middleware\RouteMiddleware
Zend\Expressive\Middleware\LazyLoadingMiddleware
Zend\Expressive\Router\Middleware\ImplicitHeadMiddleware
Zend\Expressive\Middleware\LazyLoadingMiddleware
Zend\Expressive\Router\Middleware\ImplicitOptionsMiddleware
Zend\Expressive\Middleware\LazyLoadingMiddleware
Zend\Expressive\Router\Middleware\MethodNotAllowedMiddleware
Zend\Expressive\Middleware\LazyLoadingMiddleware
Zend\Expressive\Helper\UrlHelperMiddleware
Zend\Expressive\Middleware\LazyLoadingMiddleware
Zend\Expressive\Router\Middleware\DispatchMiddleware
Zend\Expressive\Middleware\LazyLoadingMiddleware
Amazium\Frontend\UI\Web\Page\Page2
Zend\Expressive\Middleware\LazyLoadingMiddleware
Zend\Stratigility\Middleware\ErrorHandler
Zend\Expressive\Middleware\LazyLoadingMiddleware
Zend\Expressive\Helper\ServerUrlMiddleware
Zend\Expressive\Middleware\LazyLoadingMiddleware
Zend\Expressive\Session\SessionMiddleware
Zend\Expressive\Middleware\LazyLoadingMiddleware
Amazium\Kernel\Application\Context\ApplicationContextMiddleware
Zend\Expressive\Middleware\LazyLoadingMiddleware
Zend\Expressive\Router\Middleware\RouteMiddleware
Zend\Expressive\Middleware\LazyLoadingMiddleware
Zend\Expressive\Router\Middleware\ImplicitHeadMiddleware
Zend\Expressive\Middleware\LazyLoadingMiddleware
Zend\Expressive\Router\Middleware\ImplicitOptionsMiddleware
Zend\Expressive\Middleware\LazyLoadingMiddleware
Zend\Expressive\Router\Middleware\MethodNotAllowedMiddleware
Zend\Expressive\Middleware\LazyLoadingMiddleware
Zend\Expressive\Helper\UrlHelperMiddleware
Zend\Expressive\Middleware\LazyLoadingMiddleware
Zend\Expressive\Router\Middleware\DispatchMiddleware
Zend\Expressive\Middleware\LazyLoadingMiddleware
Amazium\Frontend\UI\Web\Page\Page2
Zend\Expressive\Middleware\LazyLoadingMiddleware
Zend\Stratigility\Middleware\ErrorHandler
Zend\Expressive\Middleware\LazyLoadingMiddleware
Zend\Expressive\Helper\ServerUrlMiddleware
Zend\Expressive\Middleware\LazyLoadingMiddleware
Zend\Expressive\Session\SessionMiddleware
Zend\Expressive\Middleware\LazyLoadingMiddleware
Amazium\Kernel\Application\Context\ApplicationContextMiddleware
Zend\Expressive\Middleware\LazyLoadingMiddleware
Zend\Expressive\Router\Middleware\RouteMiddleware
Zend\Expressive\Middleware\LazyLoadingMiddleware
Zend\Expressive\Router\Middleware\ImplicitHeadMiddleware
Zend\Expressive\Middleware\LazyLoadingMiddleware
Zend\Expressive\Router\Middleware\ImplicitOptionsMiddleware
Zend\Expressive\Middleware\LazyLoadingMiddleware
Zend\Expressive\Router\Middleware\MethodNotAllowedMiddleware
Zend\Expressive\Middleware\LazyLoadingMiddleware
Zend\Expressive\Helper\UrlHelperMiddleware
Zend\Expressive\Middleware\LazyLoadingMiddleware
Zend\Expressive\Router\Middleware\DispatchMiddleware
Zend\Expressive\Middleware\LazyLoadingMiddleware
Amazium\Frontend\UI\Web\Page\Page2
Zend\Expressive\Middleware\LazyLoadingMiddleware
Zend\Stratigility\Middleware\ErrorHandler
Zend\Expressive\Middleware\LazyLoadingMiddleware
Zend\Expressive\Helper\ServerUrlMiddleware
Zend\Expressive\Middleware\LazyLoadingMiddleware
Zend\Expressive\Session\SessionMiddleware
Zend\Expressive\Middleware\LazyLoadingMiddleware
Amazium\Kernel\Application\Context\ApplicationContextMiddleware
Zend\Expressive\Middleware\LazyLoadingMiddleware
Zend\Expressive\Router\Middleware\RouteMiddleware
Zend\Expressive\Middleware\LazyLoadingMiddleware
Zend\Expressive\Router\Middleware\ImplicitHeadMiddleware
Zend\Expressive\Middleware\LazyLoadingMiddleware
Zend\Expressive\Router\Middleware\ImplicitOptionsMiddleware
Zend\Expressive\Middleware\LazyLoadingMiddleware
Zend\Expressive\Router\Middleware\MethodNotAllowedMiddleware
Zend\Expressive\Middleware\LazyLoadingMiddleware
Zend\Expressive\Helper\UrlHelperMiddleware
Zend\Expressive\Middleware\LazyLoadingMiddleware
Zend\Expressive\Router\Middleware\DispatchMiddleware
Zend\Expressive\Middleware\LazyLoadingMiddleware
Amazium\Frontend\UI\Web\Page\Page2
Zend\Expressive\Middleware\LazyLoadingMiddleware
Zend\Stratigility\Middleware\ErrorHandler
Zend\Expressive\Middleware\LazyLoadingMiddleware
Zend\Expressive\Helper\ServerUrlMiddleware
Zend\Expressive\Middleware\LazyLoadingMiddleware
Zend\Expressive\Session\SessionMiddleware
Zend\Expressive\Middleware\LazyLoadingMiddleware
Amazium\Kernel\Application\Context\ApplicationContextMiddleware
Zend\Expressive\Middleware\LazyLoadingMiddleware
Zend\Expressive\Router\Middleware\RouteMiddleware
Zend\Expressive\Middleware\LazyLoadingMiddleware
Zend\Expressive\Router\Middleware\ImplicitHeadMiddleware
Zend\Expressive\Middleware\LazyLoadingMiddleware
Zend\Expressive\Router\Middleware\ImplicitOptionsMiddleware
Zend\Expressive\Middleware\LazyLoadingMiddleware
Zend\Expressive\Router\Middleware\MethodNotAllowedMiddleware
Zend\Expressive\Middleware\LazyLoadingMiddleware
Zend\Expressive\Helper\UrlHelperMiddleware
Zend\Expressive\Middleware\LazyLoadingMiddleware
Zend\Expressive\Router\Middleware\DispatchMiddleware
Zend\Expressive\Middleware\LazyLoadingMiddleware
Amazium\Frontend\UI\Web\Page\Page2
Zend\Expressive\Middleware\LazyLoadingMiddleware
Zend\Stratigility\Middleware\ErrorHandler
Zend\Expressive\Middleware\LazyLoadingMiddleware
Zend\Expressive\Helper\ServerUrlMiddleware
Zend\Expressive\Middleware\LazyLoadingMiddleware
Zend\Expressive\Session\SessionMiddleware
Zend\Expressive\Middleware\LazyLoadingMiddleware
Amazium\Kernel\Application\Context\ApplicationContextMiddleware
Zend\Expressive\Middleware\LazyLoadingMiddleware
Zend\Expressive\Router\Middleware\RouteMiddleware
Zend\Expressive\Middleware\LazyLoadingMiddleware
Zend\Expressive\Router\Middleware\ImplicitHeadMiddleware
Zend\Expressive\Middleware\LazyLoadingMiddleware
Zend\Expressive\Router\Middleware\ImplicitOptionsMiddleware
Zend\Expressive\Middleware\LazyLoadingMiddleware
Zend\Expressive\Router\Middleware\MethodNotAllowedMiddleware
Zend\Expressive\Middleware\LazyLoadingMiddleware
Zend\Expressive\Helper\UrlHelperMiddleware
Zend\Expressive\Middleware\LazyLoadingMiddleware
Zend\Expressive\Router\Middleware\DispatchMiddleware
Zend\Expressive\Middleware\LazyLoadingMiddleware
Amazium\Frontend\UI\Web\Page\Page2
Zend\Expressive\Middleware\LazyLoadingMiddleware
Zend\Stratigility\Middleware\ErrorHandler
Zend\Expressive\Middleware\LazyLoadingMiddleware
Zend\Expressive\Helper\ServerUrlMiddleware
Zend\Expressive\Middleware\LazyLoadingMiddleware
Zend\Expressive\Session\SessionMiddleware
Zend\Expressive\Middleware\LazyLoadingMiddleware
Amazium\Kernel\Application\Context\ApplicationContextMiddleware
Zend\Expressive\Middleware\LazyLoadingMiddleware
Zend\Expressive\Router\Middleware\RouteMiddleware
Zend\Expressive\Middleware\LazyLoadingMiddleware
Zend\Expressive\Router\Middleware\ImplicitHeadMiddleware
Zend\Expressive\Middleware\LazyLoadingMiddleware
Zend\Expressive\Router\Middleware\ImplicitOptionsMiddleware
Zend\Expressive\Middleware\LazyLoadingMiddleware
Zend\Expressive\Router\Middleware\MethodNotAllowedMiddleware
Zend\Expressive\Middleware\LazyLoadingMiddleware
Zend\Expressive\Helper\UrlHelperMiddleware
Zend\Expressive\Middleware\LazyLoadingMiddleware
Zend\Expressive\Router\Middleware\DispatchMiddleware
Zend\Expressive\Middleware\LazyLoadingMiddleware
Amazium\Frontend\UI\Web\Page\Page2
Zend\Expressive\Middleware\LazyLoadingMiddleware
Zend\Stratigility\Middleware\ErrorHandler
Zend\Expressive\Middleware\LazyLoadingMiddleware
Zend\Expressive\Helper\ServerUrlMiddleware
Zend\Expressive\Middleware\LazyLoadingMiddleware
Zend\Expressive\Session\SessionMiddleware
Zend\Expressive\Middleware\LazyLoadingMiddleware
Amazium\Kernel\Application\Context\ApplicationContextMiddleware
Zend\Expressive\Middleware\LazyLoadingMiddleware
Zend\Expressive\Router\Middleware\RouteMiddleware
Zend\Expressive\Middleware\LazyLoadingMiddleware
Zend\Expressive\Router\Middleware\ImplicitHeadMiddleware
Zend\Expressive\Middleware\LazyLoadingMiddleware
Zend\Expressive\Router\Middleware\ImplicitOptionsMiddleware
Zend\Expressive\Middleware\LazyLoadingMiddleware
Zend\Expressive\Router\Middleware\MethodNotAllowedMiddleware
Zend\Expressive\Middleware\LazyLoadingMiddleware
Zend\Expressive\Helper\UrlHelperMiddleware
Zend\Expressive\Middleware\LazyLoadingMiddleware
Zend\Expressive\Router\Middleware\DispatchMiddleware
Zend\Expressive\Middleware\LazyLoadingMiddleware
Amazium\Frontend\UI\Web\Page\Page2
Zend\Expressive\Middleware\LazyLoadingMiddleware
Zend\Stratigility\Middleware\ErrorHandler
Zend\Expressive\Middleware\LazyLoadingMiddleware
Zend\Expressive\Helper\ServerUrlMiddleware
Zend\Expressive\Middleware\LazyLoadingMiddleware
Zend\Expressive\Session\SessionMiddleware
Zend\Expressive\Middleware\LazyLoadingMiddleware
Amazium\Kernel\Application\Context\ApplicationContextMiddleware
Zend\Expressive\Middleware\LazyLoadingMiddleware
Zend\Expressive\Router\Middleware\RouteMiddleware
Zend\Expressive\Middleware\LazyLoadingMiddleware
Zend\Expressive\Router\Middleware\ImplicitHeadMiddleware
Zend\Expressive\Middleware\LazyLoadingMiddleware
Zend\Expressive\Router\Middleware\ImplicitOptionsMiddleware
Zend\Expressive\Middleware\LazyLoadingMiddleware
Zend\Expressive\Router\Middleware\MethodNotAllowedMiddleware
Zend\Expressive\Middleware\LazyLoadingMiddleware
Zend\Expressive\Helper\UrlHelperMiddleware
Zend\Expressive\Middleware\LazyLoadingMiddleware
Zend\Expressive\Router\Middleware\DispatchMiddleware
Zend\Expressive\Middleware\LazyLoadingMiddleware
Amazium\Frontend\UI\Web\Page\Page2
Zend\Expressive\Middleware\LazyLoadingMiddleware
Zend\Stratigility\Middleware\ErrorHandler
Zend\Expressive\Middleware\LazyLoadingMiddleware
Zend\Expressive\Helper\ServerUrlMiddleware
Zend\Expressive\Middleware\LazyLoadingMiddleware
Zend\Expressive\Session\SessionMiddleware
Zend\Expressive\Middleware\LazyLoadingMiddleware
Amazium\Kernel\Application\Context\ApplicationContextMiddleware
Zend\Expressive\Middleware\LazyLoadingMiddleware
Zend\Expressive\Router\Middleware\RouteMiddleware
Zend\Expressive\Middleware\LazyLoadingMiddleware
Zend\Expressive\Router\Middleware\ImplicitHeadMiddleware
Zend\Expressive\Middleware\LazyLoadingMiddleware
Zend\Expressive\Router\Middleware\ImplicitOptionsMiddleware
Zend\Expressive\Middleware\LazyLoadingMiddleware
Zend\Expressive\Router\Middleware\MethodNotAllowedMiddleware
Zend\Expressive\Middleware\LazyLoadingMiddleware
Zend\Expressive\Helper\UrlHelperMiddleware
Zend\Expressive\Middleware\LazyLoadingMiddleware
Zend\Expressive\Router\Middleware\DispatchMiddleware
Zend\Expressive\Middleware\LazyLoadingMiddleware
Amazium\Frontend\UI\Web\Page\Page2
Zend\Expressive\Middleware\LazyLoadingMiddleware
Zend\Stratigility\Middleware\ErrorHandler
Zend\Expressive\Middleware\LazyLoadingMiddleware
Zend\Expressive\Helper\ServerUrlMiddleware
Zend\Expressive\Middleware\LazyLoadingMiddleware
Zend\Expressive\Session\SessionMiddleware
Zend\Expressive\Middleware\LazyLoadingMiddleware
Amazium\Kernel\Application\Context\ApplicationContextMiddleware
Zend\Expressive\Middleware\LazyLoadingMiddleware
Zend\Expressive\Router\Middleware\RouteMiddleware
Zend\Expressive\Middleware\LazyLoadingMiddleware
Zend\Expressive\Router\Middleware\ImplicitHeadMiddleware
Zend\Expressive\Middleware\LazyLoadingMiddleware
Zend\Expressive\Router\Middleware\ImplicitOptionsMiddleware
Zend\Expressive\Middleware\LazyLoadingMiddleware
Zend\Expressive\Router\Middleware\MethodNotAllowedMiddleware
Zend\Expressive\Middleware\LazyLoadingMiddleware
Zend\Expressive\Helper\UrlHelperMiddleware
Zend\Expressive\Middleware\LazyLoadingMiddleware
Zend\Expressive\Router\Middleware\DispatchMiddleware
Zend\Expressive\Middleware\LazyLoadingMiddleware
Amazium\Frontend\UI\Web\Page\Page2
Zend\Expressive\Middleware\LazyLoadingMiddleware
Zend\Stratigility\Middleware\ErrorHandler
Zend\Expressive\Middleware\LazyLoadingMiddleware
Zend\Expressive\Helper\ServerUrlMiddleware
Zend\Expressive\Middleware\LazyLoadingMiddleware
Zend\Expressive\Session\SessionMiddleware
Zend\Expressive\Middleware\LazyLoadingMiddleware
Amazium\Kernel\Application\Context\ApplicationContextMiddleware
Zend\Expressive\Middleware\LazyLoadingMiddleware
Zend\Expressive\Router\Middleware\RouteMiddleware
Zend\Expressive\Middleware\LazyLoadingMiddleware
Zend\Expressive\Router\Middleware\ImplicitHeadMiddleware
Zend\Expressive\Middleware\LazyLoadingMiddleware
Zend\Expressive\Router\Middleware\ImplicitOptionsMiddleware
Zend\Expressive\Middleware\LazyLoadingMiddleware
Zend\Expressive\Router\Middleware\MethodNotAllowedMiddleware
Zend\Expressive\Middleware\LazyLoadingMiddleware
Zend\Expressive\Helper\UrlHelperMiddleware
Zend\Expressive\Middleware\LazyLoadingMiddleware
Zend\Expressive\Router\Middleware\DispatchMiddleware
Zend\Expressive\Middleware\LazyLoadingMiddleware
Amazium\Frontend\UI\Web\Page\Page2
Zend\Expressive\Middleware\LazyLoadingMiddleware
Zend\Stratigility\Middleware\ErrorHandler
Zend\Expressive\Middleware\LazyLoadingMiddleware
Zend\Expressive\Helper\ServerUrlMiddleware
Zend\Expressive\Middleware\LazyLoadingMiddleware
Zend\Expressive\Session\SessionMiddleware
Zend\Expressive\Middleware\LazyLoadingMiddleware
Amazium\Kernel\Application\Context\ApplicationContextMiddleware
Zend\Expressive\Middleware\LazyLoadingMiddleware
Zend\Expressive\Router\Middleware\RouteMiddleware
Zend\Expressive\Middleware\LazyLoadingMiddleware
Zend\Expressive\Router\Middleware\ImplicitHeadMiddleware
Zend\Expressive\Middleware\LazyLoadingMiddleware
Zend\Expressive\Router\Middleware\ImplicitOptionsMiddleware
Zend\Expressive\Middleware\LazyLoadingMiddleware
Zend\Expressive\Router\Middleware\MethodNotAllowedMiddleware
Zend\Expressive\Middleware\LazyLoadingMiddleware
Zend\Expressive\Helper\UrlHelperMiddleware
Zend\Expressive\Middleware\LazyLoadingMiddleware
Zend\Expressive\Router\Middleware\DispatchMiddleware
Zend\Expressive\Middleware\LazyLoadingMiddleware
Amazium\Frontend\UI\Web\Page\Page2
Zend\Expressive\Middleware\LazyLoadingMiddleware
Zend\Stratigility\Middleware\ErrorHandler
Zend\Expressive\Middleware\LazyLoadingMiddleware
Zend\Expressive\Helper\ServerUrlMiddleware
Zend\Expressive\Middleware\LazyLoadingMiddleware
Zend\Expressive\Session\SessionMiddleware
Zend\Expressive\Middleware\LazyLoadingMiddleware
Amazium\Kernel\Application\Context\ApplicationContextMiddleware
Zend\Expressive\Middleware\LazyLoadingMiddleware
Zend\Expressive\Router\Middleware\RouteMiddleware
Zend\Expressive\Middleware\LazyLoadingMiddleware
Zend\Expressive\Router\Middleware\ImplicitHeadMiddleware
Zend\Expressive\Middleware\LazyLoadingMiddleware
Zend\Expressive\Router\Middleware\ImplicitOptionsMiddleware
Zend\Expressive\Middleware\LazyLoadingMiddleware
Zend\Expressive\Router\Middleware\MethodNotAllowedMiddleware
Zend\Expressive\Middleware\LazyLoadingMiddleware
Zend\Expressive\Helper\UrlHelperMiddleware
Zend\Expressive\Middleware\LazyLoadingMiddleware
Zend\Expressive\Router\Middleware\DispatchMiddleware
Zend\Expressive\Middleware\LazyLoadingMiddleware
Amazium\Frontend\UI\Web\Page\Page2
Zend\Expressive\Middleware\LazyLoadingMiddleware
Zend\Stratigility\Middleware\ErrorHandler
Zend\Expressive\Middleware\LazyLoadingMiddleware
Zend\Expressive\Helper\ServerUrlMiddleware
Zend\Expressive\Middleware\LazyLoadingMiddleware
Zend\Expressive\Session\SessionMiddleware
Zend\Expressive\Middleware\LazyLoadingMiddleware
Amazium\Kernel\Application\Context\ApplicationContextMiddleware
Zend\Expressive\Middleware\LazyLoadingMiddleware
Zend\Expressive\Router\Middleware\RouteMiddleware
Zend\Expressive\Middleware\LazyLoadingMiddleware
Zend\Expressive\Router\Middleware\ImplicitHeadMiddleware
Zend\Expressive\Middleware\LazyLoadingMiddleware
Zend\Expressive\Router\Middleware\ImplicitOptionsMiddleware
Zend\Expressive\Middleware\LazyLoadingMiddleware
Zend\Expressive\Router\Middleware\MethodNotAllowedMiddleware
Zend\Expressive\Middleware\LazyLoadingMiddleware
Zend\Expressive\Helper\UrlHelperMiddleware
Zend\Expressive\Middleware\LazyLoadingMiddleware
Zend\Expressive\Router\Middleware\DispatchMiddleware
Zend\Expressive\Middleware\LazyLoadingMiddleware
Amazium\Frontend\UI\Web\Page\Page2
Zend\Expressive\Middleware\LazyLoadingMiddleware
Zend\Stratigility\Middleware\ErrorHandler
Zend\Expressive\Middleware\LazyLoadingMiddleware
Zend\Expressive\Helper\ServerUrlMiddleware
Zend\Expressive\Middleware\LazyLoadingMiddleware
Zend\Expressive\Session\SessionMiddleware
Zend\Expressive\Middleware\LazyLoadingMiddleware
Amazium\Kernel\Application\Context\ApplicationContextMiddleware
Zend\Expressive\Middleware\LazyLoadingMiddleware
Zend\Expressive\Router\Middleware\RouteMiddleware
Zend\Expressive\Middleware\LazyLoadingMiddleware
Zend\Expressive\Router\Middleware\ImplicitHeadMiddleware
Zend\Expressive\Middleware\LazyLoadingMiddleware
Zend\Expressive\Router\Middleware\ImplicitOptionsMiddleware
Zend\Expressive\Middleware\LazyLoadingMiddleware
Zend\Expressive\Router\Middleware\MethodNotAllowedMiddleware
Zend\Expressive\Middleware\LazyLoadingMiddleware
Zend\Expressive\Helper\UrlHelperMiddleware
Zend\Expressive\Middleware\LazyLoadingMiddleware
Zend\Expressive\Router\Middleware\DispatchMiddleware
Zend\Expressive\Middleware\LazyLoadingMiddleware
Amazium\Frontend\UI\Web\Page\Home
Zend\Expressive\Middleware\LazyLoadingMiddleware
Zend\Stratigility\Middleware\ErrorHandler
Zend\Expressive\Middleware\LazyLoadingMiddleware
Zend\Expressive\Helper\ServerUrlMiddleware
Zend\Expressive\Middleware\LazyLoadingMiddleware
Zend\Expressive\Session\SessionMiddleware
Zend\Expressive\Middleware\LazyLoadingMiddleware
Amazium\Kernel\Application\Context\ApplicationContextMiddleware
Zend\Expressive\Middleware\LazyLoadingMiddleware
Zend\Expressive\Router\Middleware\RouteMiddleware
Zend\Expressive\Middleware\LazyLoadingMiddleware
Zend\Expressive\Router\Middleware\ImplicitHeadMiddleware
Zend\Expressive\Middleware\LazyLoadingMiddleware
Zend\Expressive\Router\Middleware\ImplicitOptionsMiddleware
Zend\Expressive\Middleware\LazyLoadingMiddleware
Zend\Expressive\Router\Middleware\MethodNotAllowedMiddleware
Zend\Expressive\Middleware\LazyLoadingMiddleware
Zend\Expressive\Helper\UrlHelperMiddleware
Zend\Expressive\Middleware\LazyLoadingMiddleware
Zend\Expressive\Router\Middleware\DispatchMiddleware
Zend\Expressive\Middleware\LazyLoadingMiddleware
Amazium\Frontend\UI\Web\Page\Home
Zend\Expressive\Middleware\LazyLoadingMiddleware
Zend\Stratigility\Middleware\ErrorHandler
Zend\Expressive\Middleware\LazyLoadingMiddleware
Zend\Expressive\Helper\ServerUrlMiddleware
Zend\Expressive\Middleware\LazyLoadingMiddleware
Zend\Expressive\Session\SessionMiddleware
Zend\Expressive\Middleware\LazyLoadingMiddleware
Amazium\Kernel\Application\Context\ApplicationContextMiddleware
Zend\Expressive\Middleware\LazyLoadingMiddleware
Zend\Expressive\Router\Middleware\RouteMiddleware
Zend\Expressive\Middleware\LazyLoadingMiddleware
Zend\Expressive\Router\Middleware\ImplicitHeadMiddleware
Zend\Expressive\Middleware\LazyLoadingMiddleware
Zend\Expressive\Router\Middleware\ImplicitOptionsMiddleware
Zend\Expressive\Middleware\LazyLoadingMiddleware
Zend\Expressive\Router\Middleware\MethodNotAllowedMiddleware
Zend\Expressive\Middleware\LazyLoadingMiddleware
Zend\Expressive\Helper\UrlHelperMiddleware
Zend\Expressive\Middleware\LazyLoadingMiddleware
Zend\Expressive\Router\Middleware\DispatchMiddleware
Zend\Expressive\Middleware\LazyLoadingMiddleware
Zend\Expressive\Handler\NotFoundHandler
Zend\Expressive\Middleware\LazyLoadingMiddleware
Zend\Stratigility\Middleware\ErrorHandler
Zend\Expressive\Middleware\LazyLoadingMiddleware
Zend\Expressive\Helper\ServerUrlMiddleware
Zend\Expressive\Middleware\LazyLoadingMiddleware
Zend\Expressive\Session\SessionMiddleware
Zend\Expressive\Middleware\LazyLoadingMiddleware
Amazium\Kernel\Application\Context\ApplicationContextMiddleware
Zend\Expressive\Middleware\LazyLoadingMiddleware
Zend\Expressive\Router\Middleware\RouteMiddleware
Zend\Expressive\Middleware\LazyLoadingMiddleware
Zend\Expressive\Router\Middleware\ImplicitHeadMiddleware
Zend\Expressive\Middleware\LazyLoadingMiddleware
Zend\Expressive\Router\Middleware\ImplicitOptionsMiddleware
Zend\Expressive\Middleware\LazyLoadingMiddleware
Zend\Expressive\Router\Middleware\MethodNotAllowedMiddleware
Zend\Expressive\Middleware\LazyLoadingMiddleware
Zend\Expressive\Helper\UrlHelperMiddleware
Zend\Expressive\Middleware\LazyLoadingMiddleware
Zend\Expressive\Router\Middleware\DispatchMiddleware
Zend\Expressive\Middleware\LazyLoadingMiddleware
Zend\Expressive\Handler\NotFoundHandler
Zend\Expressive\Middleware\LazyLoadingMiddleware
Zend\Stratigility\Middleware\ErrorHandler
Zend\Expressive\Middleware\LazyLoadingMiddleware
Zend\Expressive\Helper\ServerUrlMiddleware
Zend\Expressive\Middleware\LazyLoadingMiddleware
Zend\Expressive\Session\SessionMiddleware
Zend\Expressive\Middleware\LazyLoadingMiddleware
Amazium\Kernel\Application\Context\ApplicationContextMiddleware
Zend\Expressive\Middleware\LazyLoadingMiddleware
Zend\Expressive\Router\Middleware\RouteMiddleware
Zend\Expressive\Middleware\LazyLoadingMiddleware
Zend\Expressive\Router\Middleware\ImplicitHeadMiddleware
Zend\Expressive\Middleware\LazyLoadingMiddleware
Zend\Expressive\Router\Middleware\ImplicitOptionsMiddleware
Zend\Expressive\Middleware\LazyLoadingMiddleware
Zend\Expressive\Router\Middleware\MethodNotAllowedMiddleware
Zend\Expressive\Middleware\LazyLoadingMiddleware
Zend\Expressive\Helper\UrlHelperMiddleware
Zend\Expressive\Middleware\LazyLoadingMiddleware
Zend\Expressive\Router\Middleware\DispatchMiddleware
Zend\Expressive\Middleware\LazyLoadingMiddleware
Zend\Expressive\Handler\NotFoundHandler
Zend\Expressive\Middleware\LazyLoadingMiddleware
Zend\Stratigility\Middleware\ErrorHandler
Zend\Expressive\Middleware\LazyLoadingMiddleware
Zend\Expressive\Helper\ServerUrlMiddleware
Zend\Expressive\Middleware\LazyLoadingMiddleware
Zend\Expressive\Session\SessionMiddleware
Zend\Expressive\Middleware\LazyLoadingMiddleware
Amazium\Kernel\Application\Context\ApplicationContextMiddleware
Zend\Expressive\Middleware\LazyLoadingMiddleware
Zend\Expressive\Router\Middleware\RouteMiddleware
Zend\Expressive\Middleware\LazyLoadingMiddleware
Zend\Expressive\Router\Middleware\ImplicitHeadMiddleware
Zend\Expressive\Middleware\LazyLoadingMiddleware
Zend\Expressive\Router\Middleware\ImplicitOptionsMiddleware
Zend\Expressive\Middleware\LazyLoadingMiddleware
Zend\Expressive\Router\Middleware\MethodNotAllowedMiddleware
Zend\Expressive\Middleware\LazyLoadingMiddleware
Zend\Expressive\Helper\UrlHelperMiddleware
Zend\Expressive\Middleware\LazyLoadingMiddleware
Zend\Expressive\Router\Middleware\DispatchMiddleware
Zend\Expressive\Middleware\LazyLoadingMiddleware
Amazium\Frontend\UI\Web\Page\Page2
Zend\Expressive\Middleware\LazyLoadingMiddleware
Zend\Stratigility\Middleware\ErrorHandler
Zend\Expressive\Middleware\LazyLoadingMiddleware
Zend\Expressive\Helper\ServerUrlMiddleware
Zend\Expressive\Middleware\LazyLoadingMiddleware
Zend\Expressive\Session\SessionMiddleware
Zend\Expressive\Middleware\LazyLoadingMiddleware
Amazium\Kernel\Application\Context\ApplicationContextMiddleware
Zend\Expressive\Middleware\LazyLoadingMiddleware
Zend\Expressive\Router\Middleware\RouteMiddleware
Zend\Expressive\Middleware\LazyLoadingMiddleware
Zend\Expressive\Router\Middleware\ImplicitHeadMiddleware
Zend\Expressive\Middleware\LazyLoadingMiddleware
Zend\Expressive\Router\Middleware\ImplicitOptionsMiddleware
Zend\Expressive\Middleware\LazyLoadingMiddleware
Zend\Expressive\Router\Middleware\MethodNotAllowedMiddleware
Zend\Expressive\Middleware\LazyLoadingMiddleware
Zend\Expressive\Helper\UrlHelperMiddleware
Zend\Expressive\Middleware\LazyLoadingMiddleware
Zend\Expressive\Router\Middleware\DispatchMiddleware
Zend\Expressive\Middleware\LazyLoadingMiddleware
Amazium\Frontend\UI\Web\Page\Page2
Zend\Expressive\Middleware\LazyLoadingMiddleware
Zend\Stratigility\Middleware\ErrorHandler
Zend\Expressive\Middleware\LazyLoadingMiddleware
Zend\Expressive\Helper\ServerUrlMiddleware
Zend\Expressive\Middleware\LazyLoadingMiddleware
Zend\Expressive\Session\SessionMiddleware
Zend\Expressive\Middleware\LazyLoadingMiddleware
Amazium\Kernel\Application\Context\ApplicationContextMiddleware
Zend\Expressive\Middleware\LazyLoadingMiddleware
Zend\Expressive\Router\Middleware\RouteMiddleware
Zend\Expressive\Middleware\LazyLoadingMiddleware
Zend\Expressive\Router\Middleware\ImplicitHeadMiddleware
Zend\Expressive\Middleware\LazyLoadingMiddleware
Zend\Expressive\Router\Middleware\ImplicitOptionsMiddleware
Zend\Expressive\Middleware\LazyLoadingMiddleware
Zend\Expressive\Router\Middleware\MethodNotAllowedMiddleware
Zend\Expressive\Middleware\LazyLoadingMiddleware
Zend\Expressive\Helper\UrlHelperMiddleware
Zend\Expressive\Middleware\LazyLoadingMiddleware
Zend\Expressive\Router\Middleware\DispatchMiddleware
Zend\Expressive\Middleware\LazyLoadingMiddleware
Amazium\Frontend\UI\Web\Page\Page2
Zend\Expressive\Middleware\LazyLoadingMiddleware
Zend\Stratigility\Middleware\ErrorHandler
Zend\Expressive\Middleware\LazyLoadingMiddleware
Zend\Expressive\Helper\ServerUrlMiddleware
Zend\Expressive\Middleware\LazyLoadingMiddleware
Zend\Expressive\Session\SessionMiddleware
Zend\Expressive\Middleware\LazyLoadingMiddleware
Amazium\Kernel\Application\Context\ApplicationContextMiddleware
Zend\Expressive\Middleware\LazyLoadingMiddleware
Zend\Expressive\Router\Middleware\RouteMiddleware
Zend\Expressive\Middleware\LazyLoadingMiddleware
Zend\Expressive\Router\Middleware\ImplicitHeadMiddleware
Zend\Expressive\Middleware\LazyLoadingMiddleware
Zend\Expressive\Router\Middleware\ImplicitOptionsMiddleware
Zend\Expressive\Middleware\LazyLoadingMiddleware
Zend\Expressive\Router\Middleware\MethodNotAllowedMiddleware
Zend\Expressive\Middleware\LazyLoadingMiddleware
Zend\Expressive\Helper\UrlHelperMiddleware
Zend\Expressive\Middleware\LazyLoadingMiddleware
Zend\Expressive\Router\Middleware\DispatchMiddleware
Zend\Expressive\Middleware\LazyLoadingMiddleware
Amazium\Frontend\UI\Web\Page\Page2
Zend\Expressive\Middleware\LazyLoadingMiddleware
Zend\Stratigility\Middleware\ErrorHandler
Zend\Expressive\Middleware\LazyLoadingMiddleware
Zend\Expressive\Helper\ServerUrlMiddleware
Zend\Expressive\Middleware\LazyLoadingMiddleware
Zend\Expressive\Session\SessionMiddleware
Zend\Expressive\Middleware\LazyLoadingMiddleware
Amazium\Kernel\Application\Context\ApplicationContextMiddleware
Zend\Expressive\Middleware\LazyLoadingMiddleware
Zend\Expressive\Router\Middleware\RouteMiddleware
Zend\Expressive\Middleware\LazyLoadingMiddleware
Zend\Expressive\Router\Middleware\ImplicitHeadMiddleware
Zend\Expressive\Middleware\LazyLoadingMiddleware
Zend\Expressive\Router\Middleware\ImplicitOptionsMiddleware
Zend\Expressive\Middleware\LazyLoadingMiddleware
Zend\Expressive\Router\Middleware\MethodNotAllowedMiddleware
Zend\Expressive\Middleware\LazyLoadingMiddleware
Zend\Expressive\Helper\UrlHelperMiddleware
Zend\Expressive\Middleware\LazyLoadingMiddleware
Zend\Expressive\Router\Middleware\DispatchMiddleware
Zend\Expressive\Middleware\LazyLoadingMiddleware
Amazium\Frontend\UI\Web\Page\Page2
Zend\Expressive\Middleware\LazyLoadingMiddleware
Zend\Stratigility\Middleware\ErrorHandler
Zend\Expressive\Middleware\LazyLoadingMiddleware
Zend\Expressive\Helper\ServerUrlMiddleware
Zend\Expressive\Middleware\LazyLoadingMiddleware
Zend\Expressive\Session\SessionMiddleware
Zend\Expressive\Middleware\LazyLoadingMiddleware
Amazium\Kernel\Application\Context\ApplicationContextMiddleware
Zend\Expressive\Middleware\LazyLoadingMiddleware
Zend\Expressive\Router\Middleware\RouteMiddleware
Zend\Expressive\Middleware\LazyLoadingMiddleware
Zend\Expressive\Router\Middleware\ImplicitHeadMiddleware
Zend\Expressive\Middleware\LazyLoadingMiddleware
Zend\Expressive\Router\Middleware\ImplicitOptionsMiddleware
Zend\Expressive\Middleware\LazyLoadingMiddleware
Zend\Expressive\Router\Middleware\MethodNotAllowedMiddleware
Zend\Expressive\Middleware\LazyLoadingMiddleware
Zend\Expressive\Helper\UrlHelperMiddleware
Zend\Expressive\Middleware\LazyLoadingMiddleware
Zend\Expressive\Router\Middleware\DispatchMiddleware
Zend\Expressive\Middleware\LazyLoadingMiddleware
Amazium\Frontend\UI\Web\Page\Page2
Zend\Expressive\Middleware\LazyLoadingMiddleware
Zend\Stratigility\Middleware\ErrorHandler
Zend\Expressive\Middleware\LazyLoadingMiddleware
Zend\Expressive\Helper\ServerUrlMiddleware
Zend\Expressive\Middleware\LazyLoadingMiddleware
Zend\Expressive\Session\SessionMiddleware
Zend\Expressive\Middleware\LazyLoadingMiddleware
Amazium\Kernel\Application\Context\ApplicationContextMiddleware
Zend\Expressive\Middleware\LazyLoadingMiddleware
Zend\Expressive\Router\Middleware\RouteMiddleware
Zend\Expressive\Middleware\LazyLoadingMiddleware
Zend\Expressive\Router\Middleware\ImplicitHeadMiddleware
Zend\Expressive\Middleware\LazyLoadingMiddleware
Zend\Expressive\Router\Middleware\ImplicitOptionsMiddleware
Zend\Expressive\Middleware\LazyLoadingMiddleware
Zend\Expressive\Router\Middleware\MethodNotAllowedMiddleware
Zend\Expressive\Middleware\LazyLoadingMiddleware
Zend\Expressive\Helper\UrlHelperMiddleware
Zend\Expressive\Middleware\LazyLoadingMiddleware
Zend\Expressive\Router\Middleware\DispatchMiddleware
Zend\Expressive\Middleware\LazyLoadingMiddleware
Amazium\Frontend\UI\Web\Page\Page2
Zend\Expressive\Middleware\LazyLoadingMiddleware
Zend\Stratigility\Middleware\ErrorHandler
Zend\Expressive\Middleware\LazyLoadingMiddleware
Zend\Expressive\Helper\ServerUrlMiddleware
Zend\Expressive\Middleware\LazyLoadingMiddleware
Zend\Expressive\Session\SessionMiddleware
Zend\Expressive\Middleware\LazyLoadingMiddleware
Amazium\Kernel\Application\Context\ApplicationContextMiddleware
Zend\Expressive\Middleware\LazyLoadingMiddleware
Zend\Expressive\Router\Middleware\RouteMiddleware
Zend\Expressive\Middleware\LazyLoadingMiddleware
Zend\Expressive\Router\Middleware\ImplicitHeadMiddleware
Zend\Expressive\Middleware\LazyLoadingMiddleware
Zend\Expressive\Router\Middleware\ImplicitOptionsMiddleware
Zend\Expressive\Middleware\LazyLoadingMiddleware
Zend\Expressive\Router\Middleware\MethodNotAllowedMiddleware
Zend\Expressive\Middleware\LazyLoadingMiddleware
Zend\Expressive\Helper\UrlHelperMiddleware
Zend\Expressive\Middleware\LazyLoadingMiddleware
Zend\Expressive\Router\Middleware\DispatchMiddleware
Zend\Expressive\Middleware\LazyLoadingMiddleware
Amazium\Frontend\UI\Web\Page\Page2
Zend\Expressive\Middleware\LazyLoadingMiddleware
Zend\Stratigility\Middleware\ErrorHandler
Zend\Expressive\Middleware\LazyLoadingMiddleware
Zend\Expressive\Helper\ServerUrlMiddleware
Zend\Expressive\Middleware\LazyLoadingMiddleware
Zend\Expressive\Session\SessionMiddleware
Zend\Expressive\Middleware\LazyLoadingMiddleware
Amazium\Kernel\Application\Context\ApplicationContextMiddleware
Zend\Expressive\Middleware\LazyLoadingMiddleware
Zend\Expressive\Router\Middleware\RouteMiddleware
Zend\Expressive\Middleware\LazyLoadingMiddleware
Zend\Expressive\Router\Middleware\ImplicitHeadMiddleware
Zend\Expressive\Middleware\LazyLoadingMiddleware
Zend\Expressive\Router\Middleware\ImplicitOptionsMiddleware
Zend\Expressive\Middleware\LazyLoadingMiddleware
Zend\Expressive\Router\Middleware\MethodNotAllowedMiddleware
Zend\Expressive\Middleware\LazyLoadingMiddleware
Zend\Expressive\Helper\UrlHelperMiddleware
Zend\Expressive\Middleware\LazyLoadingMiddleware
Zend\Expressive\Router\Middleware\DispatchMiddleware
Zend\Expressive\Middleware\LazyLoadingMiddleware
Amazium\Frontend\UI\Web\Page\Page2
Zend\Expressive\Middleware\LazyLoadingMiddleware
Zend\Stratigility\Middleware\ErrorHandler
Zend\Expressive\Middleware\LazyLoadingMiddleware
Zend\Expressive\Helper\ServerUrlMiddleware
Zend\Expressive\Middleware\LazyLoadingMiddleware
Zend\Expressive\Session\SessionMiddleware
Zend\Expressive\Middleware\LazyLoadingMiddleware
Amazium\Kernel\Application\Context\ApplicationContextMiddleware
Zend\Expressive\Middleware\LazyLoadingMiddleware
Zend\Expressive\Router\Middleware\RouteMiddleware
Zend\Expressive\Middleware\LazyLoadingMiddleware
Zend\Expressive\Router\Middleware\ImplicitHeadMiddleware
Zend\Expressive\Middleware\LazyLoadingMiddleware
Zend\Expressive\Router\Middleware\ImplicitOptionsMiddleware
Zend\Expressive\Middleware\LazyLoadingMiddleware
Zend\Expressive\Router\Middleware\MethodNotAllowedMiddleware
Zend\Expressive\Middleware\LazyLoadingMiddleware
Zend\Expressive\Helper\UrlHelperMiddleware
Zend\Expressive\Middleware\LazyLoadingMiddleware
Zend\Expressive\Router\Middleware\DispatchMiddleware
Zend\Expressive\Middleware\LazyLoadingMiddleware
Amazium\Frontend\UI\Web\Page\Page2
Zend\Expressive\Middleware\LazyLoadingMiddleware
Zend\Stratigility\Middleware\ErrorHandler
Zend\Expressive\Middleware\LazyLoadingMiddleware
Zend\Expressive\Helper\ServerUrlMiddleware
Zend\Expressive\Middleware\LazyLoadingMiddleware
Zend\Expressive\Session\SessionMiddleware
Zend\Expressive\Middleware\LazyLoadingMiddleware
Amazium\Kernel\Application\Context\ApplicationContextMiddleware
Zend\Expressive\Middleware\LazyLoadingMiddleware
Zend\Expressive\Router\Middleware\RouteMiddleware
Zend\Expressive\Middleware\LazyLoadingMiddleware
Zend\Expressive\Router\Middleware\ImplicitHeadMiddleware
Zend\Expressive\Middleware\LazyLoadingMiddleware
Zend\Expressive\Router\Middleware\ImplicitOptionsMiddleware
Zend\Expressive\Middleware\LazyLoadingMiddleware
Zend\Expressive\Router\Middleware\MethodNotAllowedMiddleware
Zend\Expressive\Middleware\LazyLoadingMiddleware
Zend\Expressive\Helper\UrlHelperMiddleware
Zend\Expressive\Middleware\LazyLoadingMiddleware
Zend\Expressive\Router\Middleware\DispatchMiddleware
Zend\Expressive\Middleware\LazyLoadingMiddleware
Amazium\Frontend\UI\Web\Page\Page2
Zend\Expressive\Middleware\LazyLoadingMiddleware
Zend\Stratigility\Middleware\ErrorHandler
Zend\Expressive\Middleware\LazyLoadingMiddleware
Zend\Expressive\Helper\ServerUrlMiddleware
Zend\Expressive\Middleware\LazyLoadingMiddleware
Zend\Expressive\Session\SessionMiddleware
Zend\Expressive\Middleware\LazyLoadingMiddleware
Amazium\Kernel\Application\Context\ApplicationContextMiddleware
Zend\Expressive\Middleware\LazyLoadingMiddleware
Zend\Expressive\Router\Middleware\RouteMiddleware
Zend\Expressive\Middleware\LazyLoadingMiddleware
Zend\Expressive\Router\Middleware\ImplicitHeadMiddleware
Zend\Expressive\Middleware\LazyLoadingMiddleware
Zend\Expressive\Router\Middleware\ImplicitOptionsMiddleware
Zend\Expressive\Middleware\LazyLoadingMiddleware
Zend\Expressive\Router\Middleware\MethodNotAllowedMiddleware
Zend\Expressive\Middleware\LazyLoadingMiddleware
Zend\Expressive\Helper\UrlHelperMiddleware
Zend\Expressive\Middleware\LazyLoadingMiddleware
Zend\Expressive\Router\Middleware\DispatchMiddleware
Zend\Expressive\Middleware\LazyLoadingMiddleware
Amazium\Frontend\UI\Web\Page\Page2
Zend\Expressive\Middleware\LazyLoadingMiddleware
Zend\Stratigility\Middleware\ErrorHandler
Zend\Expressive\Middleware\LazyLoadingMiddleware
Zend\Expressive\Helper\ServerUrlMiddleware
Zend\Expressive\Middleware\LazyLoadingMiddleware
Zend\Expressive\Session\SessionMiddleware
Zend\Expressive\Middleware\LazyLoadingMiddleware
Amazium\Kernel\Application\Context\ApplicationContextMiddleware
Zend\Expressive\Middleware\LazyLoadingMiddleware
Zend\Expressive\Router\Middleware\RouteMiddleware
Zend\Expressive\Middleware\LazyLoadingMiddleware
Zend\Expressive\Router\Middleware\ImplicitHeadMiddleware
Zend\Expressive\Middleware\LazyLoadingMiddleware
Zend\Expressive\Router\Middleware\ImplicitOptionsMiddleware
Zend\Expressive\Middleware\LazyLoadingMiddleware
Zend\Expressive\Router\Middleware\MethodNotAllowedMiddleware
Zend\Expressive\Middleware\LazyLoadingMiddleware
Zend\Expressive\Helper\UrlHelperMiddleware
Zend\Expressive\Middleware\LazyLoadingMiddleware
Zend\Expressive\Router\Middleware\DispatchMiddleware
Zend\Expressive\Middleware\LazyLoadingMiddleware
Amazium\Frontend\UI\Web\Page\Page2
Zend\Expressive\Middleware\LazyLoadingMiddleware
Zend\Stratigility\Middleware\ErrorHandler
Zend\Expressive\Middleware\LazyLoadingMiddleware
Zend\Expressive\Helper\ServerUrlMiddleware
Zend\Expressive\Middleware\LazyLoadingMiddleware
Zend\Expressive\Session\SessionMiddleware
Zend\Expressive\Middleware\LazyLoadingMiddleware
Amazium\Kernel\Application\Context\ApplicationContextMiddleware
Zend\Expressive\Middleware\LazyLoadingMiddleware
Zend\Expressive\Router\Middleware\RouteMiddleware
Zend\Expressive\Middleware\LazyLoadingMiddleware
Zend\Expressive\Router\Middleware\ImplicitHeadMiddleware
Zend\Expressive\Middleware\LazyLoadingMiddleware
Zend\Expressive\Router\Middleware\ImplicitOptionsMiddleware
Zend\Expressive\Middleware\LazyLoadingMiddleware
Zend\Expressive\Router\Middleware\MethodNotAllowedMiddleware
Zend\Expressive\Middleware\LazyLoadingMiddleware
Zend\Expressive\Helper\UrlHelperMiddleware
Zend\Expressive\Middleware\LazyLoadingMiddleware
Zend\Expressive\Router\Middleware\DispatchMiddleware
Zend\Expressive\Middleware\LazyLoadingMiddleware
Amazium\Frontend\UI\Web\Page\Page2
Zend\Expressive\Middleware\LazyLoadingMiddleware
Zend\Stratigility\Middleware\ErrorHandler
Zend\Expressive\Middleware\LazyLoadingMiddleware
Zend\Expressive\Helper\ServerUrlMiddleware
Zend\Expressive\Middleware\LazyLoadingMiddleware
Zend\Expressive\Session\SessionMiddleware
Zend\Expressive\Middleware\LazyLoadingMiddleware
Amazium\Kernel\Application\Context\ApplicationContextMiddleware
Zend\Expressive\Middleware\LazyLoadingMiddleware
Zend\Expressive\Router\Middleware\RouteMiddleware
Zend\Expressive\Middleware\LazyLoadingMiddleware
Zend\Expressive\Router\Middleware\ImplicitHeadMiddleware
Zend\Expressive\Middleware\LazyLoadingMiddleware
Zend\Expressive\Router\Middleware\ImplicitOptionsMiddleware
Zend\Expressive\Middleware\LazyLoadingMiddleware
Zend\Expressive\Router\Middleware\MethodNotAllowedMiddleware
Zend\Expressive\Middleware\LazyLoadingMiddleware
Zend\Expressive\Helper\UrlHelperMiddleware
Zend\Expressive\Middleware\LazyLoadingMiddleware
Zend\Expressive\Router\Middleware\DispatchMiddleware
Zend\Expressive\Middleware\LazyLoadingMiddleware
Amazium\Frontend\UI\Web\Page\Page2
Zend\Expressive\Middleware\LazyLoadingMiddleware
Zend\Stratigility\Middleware\ErrorHandler
Zend\Expressive\Middleware\LazyLoadingMiddleware
Zend\Expressive\Helper\ServerUrlMiddleware
Zend\Expressive\Middleware\LazyLoadingMiddleware
Zend\Expressive\Session\SessionMiddleware
Zend\Expressive\Middleware\LazyLoadingMiddleware
Amazium\Kernel\Application\Context\ApplicationContextMiddleware
Zend\Expressive\Middleware\LazyLoadingMiddleware
Zend\Expressive\Router\Middleware\RouteMiddleware
Zend\Expressive\Middleware\LazyLoadingMiddleware
Zend\Expressive\Router\Middleware\ImplicitHeadMiddleware
Zend\Expressive\Middleware\LazyLoadingMiddleware
Zend\Expressive\Router\Middleware\ImplicitOptionsMiddleware
Zend\Expressive\Middleware\LazyLoadingMiddleware
Zend\Expressive\Router\Middleware\MethodNotAllowedMiddleware
Zend\Expressive\Middleware\LazyLoadingMiddleware
Zend\Expressive\Helper\UrlHelperMiddleware
Zend\Expressive\Middleware\LazyLoadingMiddleware
Zend\Expressive\Router\Middleware\DispatchMiddleware
Zend\Expressive\Middleware\LazyLoadingMiddleware
Amazium\Frontend\UI\Web\Page\Page2
Zend\Expressive\Middleware\LazyLoadingMiddleware
Zend\Stratigility\Middleware\ErrorHandler
Zend\Expressive\Middleware\LazyLoadingMiddleware
Zend\Expressive\Helper\ServerUrlMiddleware
Zend\Expressive\Middleware\LazyLoadingMiddleware
Zend\Expressive\Session\SessionMiddleware
Zend\Expressive\Middleware\LazyLoadingMiddleware
Amazium\Kernel\Application\Context\ApplicationContextMiddleware
Zend\Expressive\Middleware\LazyLoadingMiddleware
Zend\Expressive\Router\Middleware\RouteMiddleware
Zend\Expressive\Middleware\LazyLoadingMiddleware
Zend\Expressive\Router\Middleware\ImplicitHeadMiddleware
Zend\Expressive\Middleware\LazyLoadingMiddleware
Zend\Expressive\Router\Middleware\ImplicitOptionsMiddleware
Zend\Expressive\Middleware\LazyLoadingMiddleware
Zend\Expressive\Router\Middleware\MethodNotAllowedMiddleware
Zend\Expressive\Middleware\LazyLoadingMiddleware
Zend\Expressive\Helper\UrlHelperMiddleware
Zend\Expressive\Middleware\LazyLoadingMiddleware
Zend\Expressive\Router\Middleware\DispatchMiddleware
Zend\Expressive\Middleware\LazyLoadingMiddleware
Amazium\Frontend\UI\Web\Page\Page2
Zend\Expressive\Middleware\LazyLoadingMiddleware
Zend\Stratigility\Middleware\ErrorHandler
Zend\Expressive\Middleware\LazyLoadingMiddleware
Zend\Expressive\Helper\ServerUrlMiddleware
Zend\Expressive\Middleware\LazyLoadingMiddleware
Zend\Expressive\Session\SessionMiddleware
Zend\Expressive\Middleware\LazyLoadingMiddleware
Amazium\Kernel\Application\Context\ApplicationContextMiddleware
Zend\Expressive\Middleware\LazyLoadingMiddleware
Zend\Expressive\Router\Middleware\RouteMiddleware
Zend\Expressive\Middleware\LazyLoadingMiddleware
Zend\Expressive\Router\Middleware\ImplicitHeadMiddleware
Zend\Expressive\Middleware\LazyLoadingMiddleware
Zend\Expressive\Router\Middleware\ImplicitOptionsMiddleware
Zend\Expressive\Middleware\LazyLoadingMiddleware
Zend\Expressive\Router\Middleware\MethodNotAllowedMiddleware
Zend\Expressive\Middleware\LazyLoadingMiddleware
Zend\Expressive\Helper\UrlHelperMiddleware
Zend\Expressive\Middleware\LazyLoadingMiddleware
Zend\Expressive\Router\Middleware\DispatchMiddleware
Zend\Expressive\Middleware\LazyLoadingMiddleware
Amazium\Frontend\UI\Web\Page\Page2
Zend\Expressive\Middleware\LazyLoadingMiddleware
Zend\Stratigility\Middleware\ErrorHandler
Zend\Expressive\Middleware\LazyLoadingMiddleware
Zend\Expressive\Helper\ServerUrlMiddleware
Zend\Expressive\Middleware\LazyLoadingMiddleware
Zend\Expressive\Session\SessionMiddleware
Zend\Expressive\Middleware\LazyLoadingMiddleware
Amazium\Kernel\Application\Context\ApplicationContextMiddleware
Zend\Expressive\Middleware\LazyLoadingMiddleware
Zend\Expressive\Router\Middleware\RouteMiddleware
Zend\Expressive\Middleware\LazyLoadingMiddleware
Zend\Expressive\Router\Middleware\ImplicitHeadMiddleware
Zend\Expressive\Middleware\LazyLoadingMiddleware
Zend\Expressive\Router\Middleware\ImplicitOptionsMiddleware
Zend\Expressive\Middleware\LazyLoadingMiddleware
Zend\Expressive\Router\Middleware\MethodNotAllowedMiddleware
Zend\Expressive\Middleware\LazyLoadingMiddleware
Zend\Expressive\Helper\UrlHelperMiddleware
Zend\Expressive\Middleware\LazyLoadingMiddleware
Zend\Expressive\Router\Middleware\DispatchMiddleware
Zend\Expressive\Middleware\LazyLoadingMiddleware
Amazium\Frontend\UI\Web\Page\Page2
Zend\Expressive\Middleware\LazyLoadingMiddleware
Zend\Stratigility\Middleware\ErrorHandler
Zend\Expressive\Middleware\LazyLoadingMiddleware
Zend\Expressive\Helper\ServerUrlMiddleware
Zend\Expressive\Middleware\LazyLoadingMiddleware
Zend\Expressive\Session\SessionMiddleware
Zend\Expressive\Middleware\LazyLoadingMiddleware
Amazium\Kernel\Application\Context\ApplicationContextMiddleware
Zend\Expressive\Middleware\LazyLoadingMiddleware
Zend\Expressive\Router\Middleware\RouteMiddleware
Zend\Expressive\Middleware\LazyLoadingMiddleware
Zend\Expressive\Router\Middleware\ImplicitHeadMiddleware
Zend\Expressive\Middleware\LazyLoadingMiddleware
Zend\Expressive\Router\Middleware\ImplicitOptionsMiddleware
Zend\Expressive\Middleware\LazyLoadingMiddleware
Zend\Expressive\Router\Middleware\MethodNotAllowedMiddleware
Zend\Expressive\Middleware\LazyLoadingMiddleware
Zend\Expressive\Helper\UrlHelperMiddleware
Zend\Expressive\Middleware\LazyLoadingMiddleware
Zend\Expressive\Router\Middleware\DispatchMiddleware
Zend\Expressive\Middleware\LazyLoadingMiddleware
Amazium\Frontend\UI\Web\Page\Page2
Zend\Expressive\Middleware\LazyLoadingMiddleware
Zend\Stratigility\Middleware\ErrorHandler
Zend\Expressive\Middleware\LazyLoadingMiddleware
Zend\Expressive\Helper\ServerUrlMiddleware
Zend\Expressive\Middleware\LazyLoadingMiddleware
Zend\Expressive\Session\SessionMiddleware
Zend\Expressive\Middleware\LazyLoadingMiddleware
Amazium\Kernel\Application\Context\ApplicationContextMiddleware
Zend\Expressive\Middleware\LazyLoadingMiddleware
Zend\Expressive\Router\Middleware\RouteMiddleware
Zend\Expressive\Middleware\LazyLoadingMiddleware
Zend\Expressive\Router\Middleware\ImplicitHeadMiddleware
Zend\Expressive\Middleware\LazyLoadingMiddleware
Zend\Expressive\Router\Middleware\ImplicitOptionsMiddleware
Zend\Expressive\Middleware\LazyLoadingMiddleware
Zend\Expressive\Router\Middleware\MethodNotAllowedMiddleware
Zend\Expressive\Middleware\LazyLoadingMiddleware
Zend\Expressive\Helper\UrlHelperMiddleware
Zend\Expressive\Middleware\LazyLoadingMiddleware
Zend\Expressive\Router\Middleware\DispatchMiddleware
Zend\Expressive\Middleware\LazyLoadingMiddleware
Amazium\Frontend\UI\Web\Page\Page2
Zend\Expressive\Middleware\LazyLoadingMiddleware
Zend\Stratigility\Middleware\ErrorHandler
Zend\Expressive\Middleware\LazyLoadingMiddleware
Zend\Expressive\Helper\ServerUrlMiddleware
Zend\Expressive\Middleware\LazyLoadingMiddleware
Zend\Expressive\Session\SessionMiddleware
Zend\Expressive\Middleware\LazyLoadingMiddleware
Amazium\Kernel\Application\Context\ApplicationContextMiddleware
Zend\Expressive\Middleware\LazyLoadingMiddleware
Zend\Expressive\Router\Middleware\RouteMiddleware
Zend\Expressive\Middleware\LazyLoadingMiddleware
Zend\Expressive\Router\Middleware\ImplicitHeadMiddleware
Zend\Expressive\Middleware\LazyLoadingMiddleware
Zend\Expressive\Router\Middleware\ImplicitOptionsMiddleware
Zend\Expressive\Middleware\LazyLoadingMiddleware
Zend\Expressive\Router\Middleware\MethodNotAllowedMiddleware
Zend\Expressive\Middleware\LazyLoadingMiddleware
Zend\Expressive\Helper\UrlHelperMiddleware
Zend\Expressive\Middleware\LazyLoadingMiddleware
Zend\Expressive\Router\Middleware\DispatchMiddleware
Zend\Expressive\Middleware\LazyLoadingMiddleware
Amazium\Frontend\UI\Web\Page\Page2
Zend\Expressive\Middleware\LazyLoadingMiddleware
Zend\Stratigility\Middleware\ErrorHandler
Zend\Expressive\Middleware\LazyLoadingMiddleware
Zend\Expressive\Helper\ServerUrlMiddleware
Zend\Expressive\Middleware\LazyLoadingMiddleware
Zend\Expressive\Session\SessionMiddleware
Zend\Expressive\Middleware\LazyLoadingMiddleware
Amazium\Kernel\Application\Context\ApplicationContextMiddleware
Zend\Expressive\Middleware\LazyLoadingMiddleware
Zend\Expressive\Router\Middleware\RouteMiddleware
Zend\Expressive\Middleware\LazyLoadingMiddleware
Zend\Expressive\Router\Middleware\ImplicitHeadMiddleware
Zend\Expressive\Middleware\LazyLoadingMiddleware
Zend\Expressive\Router\Middleware\ImplicitOptionsMiddleware
Zend\Expressive\Middleware\LazyLoadingMiddleware
Zend\Expressive\Router\Middleware\MethodNotAllowedMiddleware
Zend\Expressive\Middleware\LazyLoadingMiddleware
Zend\Expressive\Helper\UrlHelperMiddleware
Zend\Expressive\Middleware\LazyLoadingMiddleware
Zend\Expressive\Router\Middleware\DispatchMiddleware
Zend\Expressive\Middleware\LazyLoadingMiddleware
Amazium\Frontend\UI\Web\Page\Page2
Zend\Expressive\Middleware\LazyLoadingMiddleware
Zend\Stratigility\Middleware\ErrorHandler
Zend\Expressive\Middleware\LazyLoadingMiddleware
Zend\Expressive\Helper\ServerUrlMiddleware
Zend\Expressive\Middleware\LazyLoadingMiddleware
Zend\Expressive\Session\SessionMiddleware
Zend\Expressive\Middleware\LazyLoadingMiddleware
Amazium\Kernel\Application\Context\ApplicationContextMiddleware
Zend\Expressive\Middleware\LazyLoadingMiddleware
Zend\Expressive\Router\Middleware\RouteMiddleware
Zend\Expressive\Middleware\LazyLoadingMiddleware
Zend\Expressive\Router\Middleware\ImplicitHeadMiddleware
Zend\Expressive\Middleware\LazyLoadingMiddleware
Zend\Expressive\Router\Middleware\ImplicitOptionsMiddleware
Zend\Expressive\Middleware\LazyLoadingMiddleware
Zend\Expressive\Router\Middleware\MethodNotAllowedMiddleware
Zend\Expressive\Middleware\LazyLoadingMiddleware
Zend\Expressive\Helper\UrlHelperMiddleware
Zend\Expressive\Middleware\LazyLoadingMiddleware
Zend\Expressive\Router\Middleware\DispatchMiddleware
Zend\Expressive\Middleware\LazyLoadingMiddleware
Amazium\Frontend\UI\Web\Page\Page2
Zend\Expressive\Middleware\LazyLoadingMiddleware
Zend\Stratigility\Middleware\ErrorHandler
Zend\Expressive\Middleware\LazyLoadingMiddleware
Zend\Expressive\Helper\ServerUrlMiddleware
Zend\Expressive\Middleware\LazyLoadingMiddleware
Zend\Expressive\Session\SessionMiddleware
Zend\Expressive\Middleware\LazyLoadingMiddleware
Amazium\Kernel\Application\Context\ApplicationContextMiddleware
Zend\Expressive\Middleware\LazyLoadingMiddleware
Zend\Expressive\Router\Middleware\RouteMiddleware
Zend\Expressive\Middleware\LazyLoadingMiddleware
Zend\Expressive\Router\Middleware\ImplicitHeadMiddleware
Zend\Expressive\Middleware\LazyLoadingMiddleware
Zend\Expressive\Router\Middleware\ImplicitOptionsMiddleware
Zend\Expressive\Middleware\LazyLoadingMiddleware
Zend\Expressive\Router\Middleware\MethodNotAllowedMiddleware
Zend\Expressive\Middleware\LazyLoadingMiddleware
Zend\Expressive\Helper\UrlHelperMiddleware
Zend\Expressive\Middleware\LazyLoadingMiddleware
Zend\Expressive\Router\Middleware\DispatchMiddleware
Zend\Expressive\Middleware\LazyLoadingMiddleware
Amazium\Frontend\UI\Web\Page\Page2
Zend\Expressive\Middleware\LazyLoadingMiddleware
Zend\Stratigility\Middleware\ErrorHandler
Zend\Expressive\Middleware\LazyLoadingMiddleware
Zend\Expressive\Helper\ServerUrlMiddleware
Zend\Expressive\Middleware\LazyLoadingMiddleware
Zend\Expressive\Session\SessionMiddleware
Zend\Expressive\Middleware\LazyLoadingMiddleware
Amazium\Kernel\Application\Context\ApplicationContextMiddleware
Zend\Expressive\Middleware\LazyLoadingMiddleware
Zend\Expressive\Router\Middleware\RouteMiddleware
Zend\Expressive\Middleware\LazyLoadingMiddleware
Zend\Expressive\Router\Middleware\ImplicitHeadMiddleware
Zend\Expressive\Middleware\LazyLoadingMiddleware
Zend\Expressive\Router\Middleware\ImplicitOptionsMiddleware
Zend\Expressive\Middleware\LazyLoadingMiddleware
Zend\Expressive\Router\Middleware\MethodNotAllowedMiddleware
Zend\Expressive\Middleware\LazyLoadingMiddleware
Zend\Expressive\Helper\UrlHelperMiddleware
Zend\Expressive\Middleware\LazyLoadingMiddleware
Zend\Expressive\Router\Middleware\DispatchMiddleware
Zend\Expressive\Middleware\LazyLoadingMiddleware
Amazium\Frontend\UI\Web\Page\Page2
Zend\Expressive\Middleware\LazyLoadingMiddleware
Zend\Stratigility\Middleware\ErrorHandler
Zend\Expressive\Middleware\LazyLoadingMiddleware
Zend\Expressive\Helper\ServerUrlMiddleware
Zend\Expressive\Middleware\LazyLoadingMiddleware
Zend\Expressive\Session\SessionMiddleware
Zend\Expressive\Middleware\LazyLoadingMiddleware
Amazium\Kernel\Application\Context\ApplicationContextMiddleware
Zend\Expressive\Middleware\LazyLoadingMiddleware
Zend\Expressive\Router\Middleware\RouteMiddleware
Zend\Expressive\Middleware\LazyLoadingMiddleware
Zend\Expressive\Router\Middleware\ImplicitHeadMiddleware
Zend\Expressive\Middleware\LazyLoadingMiddleware
Zend\Expressive\Router\Middleware\ImplicitOptionsMiddleware
Zend\Expressive\Middleware\LazyLoadingMiddleware
Zend\Expressive\Router\Middleware\MethodNotAllowedMiddleware
Zend\Expressive\Middleware\LazyLoadingMiddleware
Zend\Expressive\Helper\UrlHelperMiddleware
Zend\Expressive\Middleware\LazyLoadingMiddleware
Zend\Expressive\Router\Middleware\DispatchMiddleware
Zend\Expressive\Middleware\LazyLoadingMiddleware
Amazium\Frontend\UI\Web\Page\Page2
Zend\Expressive\Middleware\LazyLoadingMiddleware
Zend\Stratigility\Middleware\ErrorHandler
Zend\Expressive\Middleware\LazyLoadingMiddleware
Zend\Expressive\Helper\ServerUrlMiddleware
Zend\Expressive\Middleware\LazyLoadingMiddleware
Zend\Expressive\Session\SessionMiddleware
Zend\Expressive\Middleware\LazyLoadingMiddleware
Amazium\Kernel\Application\Context\ApplicationContextMiddleware
Zend\Expressive\Middleware\LazyLoadingMiddleware
Zend\Expressive\Router\Middleware\RouteMiddleware
Zend\Expressive\Middleware\LazyLoadingMiddleware
Zend\Expressive\Router\Middleware\ImplicitHeadMiddleware
Zend\Expressive\Middleware\LazyLoadingMiddleware
Zend\Expressive\Router\Middleware\ImplicitOptionsMiddleware
Zend\Expressive\Middleware\LazyLoadingMiddleware
Zend\Expressive\Router\Middleware\MethodNotAllowedMiddleware
Zend\Expressive\Middleware\LazyLoadingMiddleware
Zend\Expressive\Helper\UrlHelperMiddleware
Zend\Expressive\Middleware\LazyLoadingMiddleware
Zend\Expressive\Router\Middleware\DispatchMiddleware
Zend\Expressive\Middleware\LazyLoadingMiddleware
Amazium\Frontend\UI\Web\Page\Page2
Zend\Expressive\Middleware\LazyLoadingMiddleware
Zend\Stratigility\Middleware\ErrorHandler
Zend\Expressive\Middleware\LazyLoadingMiddleware
Zend\Expressive\Helper\ServerUrlMiddleware
Zend\Expressive\Middleware\LazyLoadingMiddleware
Zend\Expressive\Session\SessionMiddleware
Zend\Expressive\Middleware\LazyLoadingMiddleware
Amazium\Kernel\Application\Context\ApplicationContextMiddleware
Zend\Expressive\Middleware\LazyLoadingMiddleware
Zend\Expressive\Router\Middleware\RouteMiddleware
Zend\Expressive\Middleware\LazyLoadingMiddleware
Zend\Expressive\Router\Middleware\ImplicitHeadMiddleware
Zend\Expressive\Middleware\LazyLoadingMiddleware
Zend\Expressive\Router\Middleware\ImplicitOptionsMiddleware
Zend\Expressive\Middleware\LazyLoadingMiddleware
Zend\Expressive\Router\Middleware\MethodNotAllowedMiddleware
Zend\Expressive\Middleware\LazyLoadingMiddleware
Zend\Expressive\Helper\UrlHelperMiddleware
Zend\Expressive\Middleware\LazyLoadingMiddleware
Zend\Expressive\Router\Middleware\DispatchMiddleware
Zend\Expressive\Middleware\LazyLoadingMiddleware
Amazium\Frontend\UI\Web\Page\Page2
Zend\Expressive\Middleware\LazyLoadingMiddleware
Zend\Stratigility\Middleware\ErrorHandler
Zend\Expressive\Middleware\LazyLoadingMiddleware
Zend\Expressive\Helper\ServerUrlMiddleware
Zend\Expressive\Middleware\LazyLoadingMiddleware
Zend\Expressive\Session\SessionMiddleware
Zend\Expressive\Middleware\LazyLoadingMiddleware
Amazium\Kernel\Application\Context\ApplicationContextMiddleware
Zend\Expressive\Middleware\LazyLoadingMiddleware
Zend\Expressive\Router\Middleware\RouteMiddleware
Zend\Expressive\Middleware\LazyLoadingMiddleware
Zend\Expressive\Router\Middleware\ImplicitHeadMiddleware
Zend\Expressive\Middleware\LazyLoadingMiddleware
Zend\Expressive\Router\Middleware\ImplicitOptionsMiddleware
Zend\Expressive\Middleware\LazyLoadingMiddleware
Zend\Expressive\Router\Middleware\MethodNotAllowedMiddleware
Zend\Expressive\Middleware\LazyLoadingMiddleware
Zend\Expressive\Helper\UrlHelperMiddleware
Zend\Expressive\Middleware\LazyLoadingMiddleware
Zend\Expressive\Router\Middleware\DispatchMiddleware
Zend\Expressive\Middleware\LazyLoadingMiddleware
Amazium\Frontend\UI\Web\Page\Page2
Zend\Expressive\Middleware\LazyLoadingMiddleware
Zend\Stratigility\Middleware\ErrorHandler
Zend\Expressive\Middleware\LazyLoadingMiddleware
Zend\Expressive\Helper\ServerUrlMiddleware
Zend\Expressive\Middleware\LazyLoadingMiddleware
Zend\Expressive\Session\SessionMiddleware
Zend\Expressive\Middleware\LazyLoadingMiddleware
Amazium\Kernel\Application\Context\ApplicationContextMiddleware
Zend\Expressive\Middleware\LazyLoadingMiddleware
Zend\Expressive\Router\Middleware\RouteMiddleware
Zend\Expressive\Middleware\LazyLoadingMiddleware
Zend\Expressive\Router\Middleware\ImplicitHeadMiddleware
Zend\Expressive\Middleware\LazyLoadingMiddleware
Zend\Expressive\Router\Middleware\ImplicitOptionsMiddleware
Zend\Expressive\Middleware\LazyLoadingMiddleware
Zend\Expressive\Router\Middleware\MethodNotAllowedMiddleware
Zend\Expressive\Middleware\LazyLoadingMiddleware
Zend\Expressive\Helper\UrlHelperMiddleware
Zend\Expressive\Middleware\LazyLoadingMiddleware
Zend\Expressive\Router\Middleware\DispatchMiddleware
Zend\Expressive\Middleware\LazyLoadingMiddleware
Amazium\Frontend\UI\Web\Page\Page2
Zend\Expressive\Middleware\LazyLoadingMiddleware
Zend\Stratigility\Middleware\ErrorHandler
Zend\Expressive\Middleware\LazyLoadingMiddleware
Zend\Expressive\Helper\ServerUrlMiddleware
Zend\Expressive\Middleware\LazyLoadingMiddleware
Zend\Expressive\Session\SessionMiddleware
Zend\Expressive\Middleware\LazyLoadingMiddleware
Amazium\Kernel\Application\Context\ApplicationContextMiddleware
Zend\Expressive\Middleware\LazyLoadingMiddleware
Zend\Expressive\Router\Middleware\RouteMiddleware
Zend\Expressive\Middleware\LazyLoadingMiddleware
Zend\Expressive\Router\Middleware\ImplicitHeadMiddleware
Zend\Expressive\Middleware\LazyLoadingMiddleware
Zend\Expressive\Router\Middleware\ImplicitOptionsMiddleware
Zend\Expressive\Middleware\LazyLoadingMiddleware
Zend\Expressive\Router\Middleware\MethodNotAllowedMiddleware
Zend\Expressive\Middleware\LazyLoadingMiddleware
Zend\Expressive\Helper\UrlHelperMiddleware
Zend\Expressive\Middleware\LazyLoadingMiddleware
Zend\Expressive\Router\Middleware\DispatchMiddleware
Zend\Expressive\Middleware\LazyLoadingMiddleware
Amazium\Frontend\UI\Web\Page\Page2
Zend\Expressive\Middleware\LazyLoadingMiddleware
Zend\Stratigility\Middleware\ErrorHandler
Zend\Expressive\Middleware\LazyLoadingMiddleware
Zend\Expressive\Helper\ServerUrlMiddleware
Zend\Expressive\Middleware\LazyLoadingMiddleware
Zend\Expressive\Session\SessionMiddleware
Zend\Expressive\Middleware\LazyLoadingMiddleware
Amazium\Kernel\Application\Context\ApplicationContextMiddleware
Zend\Expressive\Middleware\LazyLoadingMiddleware
Zend\Expressive\Router\Middleware\RouteMiddleware
Zend\Expressive\Middleware\LazyLoadingMiddleware
Zend\Expressive\Router\Middleware\ImplicitHeadMiddleware
Zend\Expressive\Middleware\LazyLoadingMiddleware
Zend\Expressive\Router\Middleware\ImplicitOptionsMiddleware
Zend\Expressive\Middleware\LazyLoadingMiddleware
Zend\Expressive\Router\Middleware\MethodNotAllowedMiddleware
Zend\Expressive\Middleware\LazyLoadingMiddleware
Zend\Expressive\Helper\UrlHelperMiddleware
Zend\Expressive\Middleware\LazyLoadingMiddleware
Zend\Expressive\Router\Middleware\DispatchMiddleware
Zend\Expressive\Middleware\LazyLoadingMiddleware
Amazium\Frontend\UI\Web\Page\Page2
Zend\Expressive\Middleware\LazyLoadingMiddleware
Zend\Stratigility\Middleware\ErrorHandler
Zend\Expressive\Middleware\LazyLoadingMiddleware
Zend\Expressive\Helper\ServerUrlMiddleware
Zend\Expressive\Middleware\LazyLoadingMiddleware
Zend\Expressive\Session\SessionMiddleware
Zend\Expressive\Middleware\LazyLoadingMiddleware
Amazium\Kernel\Application\Context\ApplicationContextMiddleware
Zend\Expressive\Middleware\LazyLoadingMiddleware
Zend\Expressive\Router\Middleware\RouteMiddleware
Zend\Expressive\Middleware\LazyLoadingMiddleware
Zend\Expressive\Router\Middleware\ImplicitHeadMiddleware
Zend\Expressive\Middleware\LazyLoadingMiddleware
Zend\Expressive\Router\Middleware\ImplicitOptionsMiddleware
Zend\Expressive\Middleware\LazyLoadingMiddleware
Zend\Expressive\Router\Middleware\MethodNotAllowedMiddleware
Zend\Expressive\Middleware\LazyLoadingMiddleware
Zend\Stratigility\Middleware\ErrorHandler
Zend\Expressive\Middleware\LazyLoadingMiddleware
Zend\Expressive\Helper\ServerUrlMiddleware
Zend\Expressive\Middleware\LazyLoadingMiddleware
Zend\Expressive\Session\SessionMiddleware
Zend\Expressive\Middleware\LazyLoadingMiddleware
Amazium\Kernel\Application\Context\ApplicationContextMiddleware
Zend\Expressive\Middleware\LazyLoadingMiddleware
Zend\Expressive\Router\Middleware\RouteMiddleware
Zend\Expressive\Middleware\LazyLoadingMiddleware
Zend\Expressive\Router\Middleware\ImplicitHeadMiddleware
Zend\Expressive\Middleware\LazyLoadingMiddleware
Zend\Expressive\Router\Middleware\ImplicitOptionsMiddleware
Zend\Expressive\Middleware\LazyLoadingMiddleware
Zend\Expressive\Router\Middleware\MethodNotAllowedMiddleware
Zend\Expressive\Middleware\LazyLoadingMiddleware
Zend\Expressive\Helper\UrlHelperMiddleware
Zend\Expressive\Middleware\LazyLoadingMiddleware
Zend\Expressive\Router\Middleware\DispatchMiddleware
Zend\Expressive\Middleware\LazyLoadingMiddleware
Amazium\Frontend\UI\Web\Page\Page2
Zend\Expressive\Middleware\LazyLoadingMiddleware
Zend\Stratigility\Middleware\ErrorHandler
Zend\Expressive\Middleware\LazyLoadingMiddleware
Zend\Expressive\Helper\ServerUrlMiddleware
Zend\Expressive\Middleware\LazyLoadingMiddleware
Zend\Expressive\Session\SessionMiddleware
Zend\Expressive\Middleware\LazyLoadingMiddleware
Amazium\Kernel\Application\Context\ApplicationContextMiddleware
Zend\Expressive\Middleware\LazyLoadingMiddleware
Zend\Expressive\Router\Middleware\RouteMiddleware
Zend\Expressive\Middleware\LazyLoadingMiddleware
Zend\Expressive\Router\Middleware\ImplicitHeadMiddleware
Zend\Expressive\Middleware\LazyLoadingMiddleware
Zend\Expressive\Router\Middleware\ImplicitOptionsMiddleware
Zend\Expressive\Middleware\LazyLoadingMiddleware
Zend\Expressive\Router\Middleware\MethodNotAllowedMiddleware
Zend\Expressive\Middleware\LazyLoadingMiddleware
Zend\Expressive\Helper\UrlHelperMiddleware
Zend\Expressive\Middleware\LazyLoadingMiddleware
Zend\Expressive\Router\Middleware\DispatchMiddleware
Zend\Expressive\Middleware\LazyLoadingMiddleware
Amazium\Frontend\UI\Web\Page\Page2
Zend\Expressive\Middleware\LazyLoadingMiddleware
Zend\Stratigility\Middleware\ErrorHandler
Zend\Expressive\Middleware\LazyLoadingMiddleware
Zend\Expressive\Helper\ServerUrlMiddleware
Zend\Expressive\Middleware\LazyLoadingMiddleware
Zend\Expressive\Session\SessionMiddleware
Zend\Expressive\Middleware\LazyLoadingMiddleware
Amazium\Kernel\Application\Context\ApplicationContextMiddleware
Zend\Expressive\Middleware\LazyLoadingMiddleware
Zend\Expressive\Router\Middleware\RouteMiddleware
Zend\Expressive\Middleware\LazyLoadingMiddleware
Zend\Expressive\Router\Middleware\ImplicitHeadMiddleware
Zend\Expressive\Middleware\LazyLoadingMiddleware
Zend\Expressive\Router\Middleware\ImplicitOptionsMiddleware
Zend\Expressive\Middleware\LazyLoadingMiddleware
Zend\Expressive\Router\Middleware\MethodNotAllowedMiddleware
Zend\Expressive\Middleware\LazyLoadingMiddleware
Zend\Expressive\Helper\UrlHelperMiddleware
Zend\Expressive\Middleware\LazyLoadingMiddleware
Zend\Expressive\Router\Middleware\DispatchMiddleware
Zend\Expressive\Middleware\LazyLoadingMiddleware
Amazium\Frontend\UI\Web\Page\Page2
Zend\Expressive\Middleware\LazyLoadingMiddleware
Zend\Stratigility\Middleware\ErrorHandler
Zend\Expressive\Middleware\LazyLoadingMiddleware
Zend\Expressive\Helper\ServerUrlMiddleware
Zend\Expressive\Middleware\LazyLoadingMiddleware
Zend\Expressive\Session\SessionMiddleware
Zend\Expressive\Middleware\LazyLoadingMiddleware
Amazium\Kernel\Application\Context\ApplicationContextMiddleware
Zend\Expressive\Middleware\LazyLoadingMiddleware
Zend\Expressive\Router\Middleware\RouteMiddleware
Zend\Expressive\Middleware\LazyLoadingMiddleware
Zend\Expressive\Router\Middleware\ImplicitHeadMiddleware
Zend\Expressive\Middleware\LazyLoadingMiddleware
Zend\Expressive\Router\Middleware\ImplicitOptionsMiddleware
Zend\Expressive\Middleware\LazyLoadingMiddleware
Zend\Expressive\Router\Middleware\MethodNotAllowedMiddleware
Zend\Expressive\Middleware\LazyLoadingMiddleware
Zend\Expressive\Helper\UrlHelperMiddleware
Zend\Expressive\Middleware\LazyLoadingMiddleware
Zend\Expressive\Router\Middleware\DispatchMiddleware
Zend\Expressive\Middleware\LazyLoadingMiddleware
Amazium\Frontend\UI\Web\Page\Page2
Zend\Expressive\Middleware\LazyLoadingMiddleware
Zend\Stratigility\Middleware\ErrorHandler
Zend\Expressive\Middleware\LazyLoadingMiddleware
Zend\Expressive\Helper\ServerUrlMiddleware
Zend\Expressive\Middleware\LazyLoadingMiddleware
Zend\Expressive\Session\SessionMiddleware
Zend\Expressive\Middleware\LazyLoadingMiddleware
Amazium\Kernel\Application\Context\ApplicationContextMiddleware
Zend\Expressive\Middleware\LazyLoadingMiddleware
Zend\Expressive\Router\Middleware\RouteMiddleware
Zend\Expressive\Middleware\LazyLoadingMiddleware
Zend\Expressive\Router\Middleware\ImplicitHeadMiddleware
Zend\Expressive\Middleware\LazyLoadingMiddleware
Zend\Expressive\Router\Middleware\ImplicitOptionsMiddleware
Zend\Expressive\Middleware\LazyLoadingMiddleware
Zend\Expressive\Router\Middleware\MethodNotAllowedMiddleware
Zend\Expressive\Middleware\LazyLoadingMiddleware
Zend\Expressive\Helper\UrlHelperMiddleware
Zend\Expressive\Middleware\LazyLoadingMiddleware
Zend\Expressive\Router\Middleware\DispatchMiddleware
Zend\Expressive\Middleware\LazyLoadingMiddleware
Amazium\Frontend\UI\Web\Page\Page2
Zend\Expressive\Middleware\LazyLoadingMiddleware
Zend\Stratigility\Middleware\ErrorHandler
Zend\Expressive\Middleware\LazyLoadingMiddleware
Zend\Expressive\Helper\ServerUrlMiddleware
Zend\Expressive\Middleware\LazyLoadingMiddleware
Zend\Expressive\Session\SessionMiddleware
Zend\Expressive\Middleware\LazyLoadingMiddleware
Amazium\Kernel\Application\Context\ApplicationContextMiddleware
Zend\Expressive\Middleware\LazyLoadingMiddleware
Zend\Expressive\Router\Middleware\RouteMiddleware
Zend\Expressive\Middleware\LazyLoadingMiddleware
Zend\Expressive\Router\Middleware\ImplicitHeadMiddleware
Zend\Expressive\Middleware\LazyLoadingMiddleware
Zend\Expressive\Router\Middleware\ImplicitOptionsMiddleware
Zend\Expressive\Middleware\LazyLoadingMiddleware
Zend\Expressive\Router\Middleware\MethodNotAllowedMiddleware
Zend\Expressive\Middleware\LazyLoadingMiddleware
Zend\Expressive\Helper\UrlHelperMiddleware
Zend\Expressive\Middleware\LazyLoadingMiddleware
Zend\Expressive\Router\Middleware\DispatchMiddleware
Zend\Expressive\Middleware\LazyLoadingMiddleware
Amazium\Frontend\UI\Web\Page\Page2
Zend\Expressive\Middleware\LazyLoadingMiddleware
Zend\Stratigility\Middleware\ErrorHandler
Zend\Expressive\Middleware\LazyLoadingMiddleware
Zend\Expressive\Helper\ServerUrlMiddleware
Zend\Expressive\Middleware\LazyLoadingMiddleware
Zend\Expressive\Session\SessionMiddleware
Zend\Expressive\Middleware\LazyLoadingMiddleware
Amazium\Kernel\Application\Context\ApplicationContextMiddleware
Zend\Expressive\Middleware\LazyLoadingMiddleware
Zend\Expressive\Router\Middleware\RouteMiddleware
Zend\Expressive\Middleware\LazyLoadingMiddleware
Zend\Expressive\Router\Middleware\ImplicitHeadMiddleware
Zend\Expressive\Middleware\LazyLoadingMiddleware
Zend\Expressive\Router\Middleware\ImplicitOptionsMiddleware
Zend\Expressive\Middleware\LazyLoadingMiddleware
Zend\Expressive\Router\Middleware\MethodNotAllowedMiddleware
Zend\Expressive\Middleware\LazyLoadingMiddleware
Zend\Expressive\Helper\UrlHelperMiddleware
Zend\Expressive\Middleware\LazyLoadingMiddleware
Zend\Expressive\Router\Middleware\DispatchMiddleware
Zend\Expressive\Middleware\LazyLoadingMiddleware
Amazium\Frontend\UI\Web\Page\Page2
Zend\Expressive\Middleware\LazyLoadingMiddleware
Zend\Stratigility\Middleware\ErrorHandler
Zend\Expressive\Middleware\LazyLoadingMiddleware
Zend\Expressive\Helper\ServerUrlMiddleware
Zend\Expressive\Middleware\LazyLoadingMiddleware
Zend\Expressive\Session\SessionMiddleware
Zend\Expressive\Middleware\LazyLoadingMiddleware
Amazium\Kernel\Application\Context\ApplicationContextMiddleware
Zend\Expressive\Middleware\LazyLoadingMiddleware
Zend\Expressive\Router\Middleware\RouteMiddleware
Zend\Expressive\Middleware\LazyLoadingMiddleware
Zend\Expressive\Router\Middleware\ImplicitHeadMiddleware
Zend\Expressive\Middleware\LazyLoadingMiddleware
Zend\Expressive\Router\Middleware\ImplicitOptionsMiddleware
Zend\Expressive\Middleware\LazyLoadingMiddleware
Zend\Expressive\Router\Middleware\MethodNotAllowedMiddleware
Zend\Expressive\Middleware\LazyLoadingMiddleware
Zend\Expressive\Helper\UrlHelperMiddleware
Zend\Expressive\Middleware\LazyLoadingMiddleware
Zend\Expressive\Router\Middleware\DispatchMiddleware
Zend\Expressive\Middleware\LazyLoadingMiddleware
Amazium\Frontend\UI\Web\Page\Page2
Zend\Expressive\Middleware\LazyLoadingMiddleware
Zend\Stratigility\Middleware\ErrorHandler
Zend\Expressive\Middleware\LazyLoadingMiddleware
Zend\Expressive\Helper\ServerUrlMiddleware
Zend\Expressive\Middleware\LazyLoadingMiddleware
Zend\Expressive\Session\SessionMiddleware
Zend\Expressive\Middleware\LazyLoadingMiddleware
Amazium\Kernel\Application\Context\ApplicationContextMiddleware
Zend\Expressive\Middleware\LazyLoadingMiddleware
Zend\Expressive\Router\Middleware\RouteMiddleware
Zend\Expressive\Middleware\LazyLoadingMiddleware
Zend\Expressive\Router\Middleware\ImplicitHeadMiddleware
Zend\Expressive\Middleware\LazyLoadingMiddleware
Zend\Expressive\Router\Middleware\ImplicitOptionsMiddleware
Zend\Expressive\Middleware\LazyLoadingMiddleware
Zend\Expressive\Router\Middleware\MethodNotAllowedMiddleware
Zend\Expressive\Middleware\LazyLoadingMiddleware
Zend\Expressive\Helper\UrlHelperMiddleware
Zend\Expressive\Middleware\LazyLoadingMiddleware
Zend\Expressive\Router\Middleware\DispatchMiddleware
Zend\Expressive\Middleware\LazyLoadingMiddleware
Amazium\Frontend\UI\Web\Page\Page2
Zend\Expressive\Middleware\LazyLoadingMiddleware
Zend\Stratigility\Middleware\ErrorHandler
Zend\Expressive\Middleware\LazyLoadingMiddleware
Zend\Expressive\Helper\ServerUrlMiddleware
Zend\Expressive\Middleware\LazyLoadingMiddleware
Zend\Expressive\Session\SessionMiddleware
Zend\Expressive\Middleware\LazyLoadingMiddleware
Amazium\Kernel\Application\Context\ApplicationContextMiddleware
Zend\Expressive\Middleware\LazyLoadingMiddleware
Zend\Expressive\Router\Middleware\RouteMiddleware
Zend\Expressive\Middleware\LazyLoadingMiddleware
Zend\Expressive\Router\Middleware\ImplicitHeadMiddleware
Zend\Expressive\Middleware\LazyLoadingMiddleware
Zend\Expressive\Router\Middleware\ImplicitOptionsMiddleware
Zend\Expressive\Middleware\LazyLoadingMiddleware
Zend\Expressive\Router\Middleware\MethodNotAllowedMiddleware
Zend\Expressive\Middleware\LazyLoadingMiddleware
Zend\Expressive\Helper\UrlHelperMiddleware
Zend\Expressive\Middleware\LazyLoadingMiddleware
Zend\Expressive\Router\Middleware\DispatchMiddleware
Zend\Expressive\Middleware\LazyLoadingMiddleware
Amazium\Frontend\UI\Web\Page\Page2
Zend\Expressive\Middleware\LazyLoadingMiddleware
Zend\Stratigility\Middleware\ErrorHandler
Zend\Expressive\Middleware\LazyLoadingMiddleware
Zend\Expressive\Helper\ServerUrlMiddleware
Zend\Expressive\Middleware\LazyLoadingMiddleware
Zend\Expressive\Session\SessionMiddleware
Zend\Expressive\Middleware\LazyLoadingMiddleware
Amazium\Kernel\Application\Context\ApplicationContextMiddleware
Zend\Expressive\Middleware\LazyLoadingMiddleware
Zend\Expressive\Router\Middleware\RouteMiddleware
Zend\Expressive\Middleware\LazyLoadingMiddleware
Zend\Expressive\Router\Middleware\ImplicitHeadMiddleware
Zend\Expressive\Middleware\LazyLoadingMiddleware
Zend\Expressive\Router\Middleware\ImplicitOptionsMiddleware
Zend\Expressive\Middleware\LazyLoadingMiddleware
Zend\Expressive\Router\Middleware\MethodNotAllowedMiddleware
Zend\Expressive\Middleware\LazyLoadingMiddleware
Zend\Expressive\Helper\UrlHelperMiddleware
Zend\Expressive\Middleware\LazyLoadingMiddleware
Zend\Expressive\Router\Middleware\DispatchMiddleware
Zend\Expressive\Middleware\LazyLoadingMiddleware
Amazium\Frontend\UI\Web\Page\Page2
Zend\Expressive\Middleware\LazyLoadingMiddleware
Zend\Stratigility\Middleware\ErrorHandler
Zend\Expressive\Middleware\LazyLoadingMiddleware
Zend\Expressive\Helper\ServerUrlMiddleware
Zend\Expressive\Middleware\LazyLoadingMiddleware
Zend\Expressive\Session\SessionMiddleware
Zend\Expressive\Middleware\LazyLoadingMiddleware
Amazium\Kernel\Application\Context\ApplicationContextMiddleware
Zend\Expressive\Middleware\LazyLoadingMiddleware
Zend\Expressive\Router\Middleware\RouteMiddleware
Zend\Expressive\Middleware\LazyLoadingMiddleware
Zend\Expressive\Router\Middleware\ImplicitHeadMiddleware
Zend\Expressive\Middleware\LazyLoadingMiddleware
Zend\Expressive\Router\Middleware\ImplicitOptionsMiddleware
Zend\Expressive\Middleware\LazyLoadingMiddleware
Zend\Expressive\Router\Middleware\MethodNotAllowedMiddleware
Zend\Expressive\Middleware\LazyLoadingMiddleware
Zend\Expressive\Helper\UrlHelperMiddleware
Zend\Expressive\Middleware\LazyLoadingMiddleware
Zend\Expressive\Router\Middleware\DispatchMiddleware
Zend\Expressive\Middleware\LazyLoadingMiddleware
Amazium\Frontend\UI\Web\Page\Page2
Zend\Expressive\Middleware\LazyLoadingMiddleware
Zend\Stratigility\Middleware\ErrorHandler
Zend\Expressive\Middleware\LazyLoadingMiddleware
Zend\Expressive\Helper\ServerUrlMiddleware
Zend\Expressive\Middleware\LazyLoadingMiddleware
Zend\Expressive\Session\SessionMiddleware
Zend\Expressive\Middleware\LazyLoadingMiddleware
Amazium\Kernel\Application\Context\ApplicationContextMiddleware
Zend\Expressive\Middleware\LazyLoadingMiddleware
Zend\Expressive\Router\Middleware\RouteMiddleware
Zend\Expressive\Middleware\LazyLoadingMiddleware
Zend\Expressive\Router\Middleware\ImplicitHeadMiddleware
Zend\Expressive\Middleware\LazyLoadingMiddleware
Zend\Expressive\Router\Middleware\ImplicitOptionsMiddleware
Zend\Expressive\Middleware\LazyLoadingMiddleware
Zend\Expressive\Router\Middleware\MethodNotAllowedMiddleware
Zend\Expressive\Middleware\LazyLoadingMiddleware
Zend\Expressive\Helper\UrlHelperMiddleware
Zend\Expressive\Middleware\LazyLoadingMiddleware
Zend\Expressive\Router\Middleware\DispatchMiddleware
Zend\Expressive\Middleware\LazyLoadingMiddleware
Amazium\Frontend\UI\Web\Page\Page2
Zend\Expressive\Middleware\LazyLoadingMiddleware
Zend\Stratigility\Middleware\ErrorHandler
Zend\Expressive\Middleware\LazyLoadingMiddleware
Zend\Expressive\Helper\ServerUrlMiddleware
Zend\Expressive\Middleware\LazyLoadingMiddleware
Zend\Expressive\Session\SessionMiddleware
Zend\Expressive\Middleware\LazyLoadingMiddleware
Amazium\Kernel\Application\Context\ApplicationContextMiddleware
Zend\Expressive\Middleware\LazyLoadingMiddleware
Zend\Expressive\Router\Middleware\RouteMiddleware
Zend\Expressive\Middleware\LazyLoadingMiddleware
Zend\Expressive\Router\Middleware\ImplicitHeadMiddleware
Zend\Expressive\Middleware\LazyLoadingMiddleware
Zend\Expressive\Router\Middleware\ImplicitOptionsMiddleware
Zend\Expressive\Middleware\LazyLoadingMiddleware
Zend\Expressive\Router\Middleware\MethodNotAllowedMiddleware
Zend\Expressive\Middleware\LazyLoadingMiddleware
Zend\Expressive\Helper\UrlHelperMiddleware
Zend\Expressive\Middleware\LazyLoadingMiddleware
Zend\Expressive\Router\Middleware\DispatchMiddleware
Zend\Expressive\Middleware\LazyLoadingMiddleware
Amazium\Frontend\UI\Web\Page\Page2
Zend\Expressive\Middleware\LazyLoadingMiddleware
Zend\Stratigility\Middleware\ErrorHandler
Zend\Expressive\Middleware\LazyLoadingMiddleware
Zend\Expressive\Helper\ServerUrlMiddleware
Zend\Expressive\Middleware\LazyLoadingMiddleware
Zend\Expressive\Session\SessionMiddleware
Zend\Expressive\Middleware\LazyLoadingMiddleware
Amazium\Kernel\Application\Context\ApplicationContextMiddleware
Zend\Expressive\Middleware\LazyLoadingMiddleware
Zend\Expressive\Router\Middleware\RouteMiddleware
Zend\Expressive\Middleware\LazyLoadingMiddleware
Zend\Expressive\Router\Middleware\ImplicitHeadMiddleware
Zend\Expressive\Middleware\LazyLoadingMiddleware
Zend\Expressive\Router\Middleware\ImplicitOptionsMiddleware
Zend\Expressive\Middleware\LazyLoadingMiddleware
Zend\Expressive\Router\Middleware\MethodNotAllowedMiddleware
Zend\Expressive\Middleware\LazyLoadingMiddleware
Zend\Expressive\Helper\UrlHelperMiddleware
Zend\Expressive\Middleware\LazyLoadingMiddleware
Zend\Expressive\Router\Middleware\DispatchMiddleware
Zend\Expressive\Middleware\LazyLoadingMiddleware
Amazium\Frontend\UI\Web\Page\Page2
Zend\Expressive\Middleware\LazyLoadingMiddleware
Zend\Stratigility\Middleware\ErrorHandler
Zend\Expressive\Middleware\LazyLoadingMiddleware
Zend\Expressive\Helper\ServerUrlMiddleware
Zend\Expressive\Middleware\LazyLoadingMiddleware
Zend\Expressive\Session\SessionMiddleware
Zend\Expressive\Middleware\LazyLoadingMiddleware
Amazium\Kernel\Application\Context\ApplicationContextMiddleware
Zend\Expressive\Middleware\LazyLoadingMiddleware
Zend\Expressive\Router\Middleware\RouteMiddleware
Zend\Expressive\Middleware\LazyLoadingMiddleware
Zend\Expressive\Router\Middleware\ImplicitHeadMiddleware
Zend\Expressive\Middleware\LazyLoadingMiddleware
Zend\Expressive\Router\Middleware\ImplicitOptionsMiddleware
Zend\Expressive\Middleware\LazyLoadingMiddleware
Zend\Expressive\Router\Middleware\MethodNotAllowedMiddleware
Zend\Expressive\Middleware\LazyLoadingMiddleware
Zend\Expressive\Helper\UrlHelperMiddleware
Zend\Expressive\Middleware\LazyLoadingMiddleware
Zend\Expressive\Router\Middleware\DispatchMiddleware
Zend\Expressive\Middleware\LazyLoadingMiddleware
Amazium\Frontend\UI\Web\Page\Page2
Zend\Expressive\Middleware\LazyLoadingMiddleware
Zend\Stratigility\Middleware\ErrorHandler
Zend\Expressive\Middleware\LazyLoadingMiddleware
Zend\Expressive\Helper\ServerUrlMiddleware
Zend\Expressive\Middleware\LazyLoadingMiddleware
Zend\Expressive\Session\SessionMiddleware
Zend\Expressive\Middleware\LazyLoadingMiddleware
Amazium\Kernel\Application\Context\ApplicationContextMiddleware
Zend\Expressive\Middleware\LazyLoadingMiddleware
Zend\Expressive\Router\Middleware\RouteMiddleware
Zend\Expressive\Middleware\LazyLoadingMiddleware
Zend\Expressive\Router\Middleware\ImplicitHeadMiddleware
Zend\Expressive\Middleware\LazyLoadingMiddleware
Zend\Expressive\Router\Middleware\ImplicitOptionsMiddleware
Zend\Expressive\Middleware\LazyLoadingMiddleware
Zend\Expressive\Router\Middleware\MethodNotAllowedMiddleware
Zend\Expressive\Middleware\LazyLoadingMiddleware
Zend\Expressive\Helper\UrlHelperMiddleware
Zend\Expressive\Middleware\LazyLoadingMiddleware
Zend\Expressive\Router\Middleware\DispatchMiddleware
Zend\Expressive\Middleware\LazyLoadingMiddleware
Amazium\Frontend\UI\Web\Page\Page2
Zend\Expressive\Middleware\LazyLoadingMiddleware
Zend\Stratigility\Middleware\ErrorHandler
Zend\Expressive\Middleware\LazyLoadingMiddleware
Zend\Expressive\Helper\ServerUrlMiddleware
Zend\Expressive\Middleware\LazyLoadingMiddleware
Zend\Expressive\Session\SessionMiddleware
Zend\Expressive\Middleware\LazyLoadingMiddleware
Amazium\Kernel\Application\Context\ApplicationContextMiddleware
Zend\Expressive\Middleware\LazyLoadingMiddleware
Zend\Expressive\Router\Middleware\RouteMiddleware
Zend\Expressive\Middleware\LazyLoadingMiddleware
Zend\Expressive\Router\Middleware\ImplicitHeadMiddleware
Zend\Expressive\Middleware\LazyLoadingMiddleware
Zend\Expressive\Router\Middleware\ImplicitOptionsMiddleware
Zend\Expressive\Middleware\LazyLoadingMiddleware
Zend\Expressive\Router\Middleware\MethodNotAllowedMiddleware
Zend\Expressive\Middleware\LazyLoadingMiddleware
Zend\Expressive\Helper\UrlHelperMiddleware
Zend\Expressive\Middleware\LazyLoadingMiddleware
Zend\Expressive\Router\Middleware\DispatchMiddleware
Zend\Expressive\Middleware\LazyLoadingMiddleware
Amazium\Frontend\UI\Web\Page\Page2
Zend\Expressive\Middleware\LazyLoadingMiddleware
Zend\Stratigility\Middleware\ErrorHandler
Zend\Expressive\Middleware\LazyLoadingMiddleware
Zend\Expressive\Helper\ServerUrlMiddleware
Zend\Expressive\Middleware\LazyLoadingMiddleware
Zend\Expressive\Session\SessionMiddleware
Zend\Expressive\Middleware\LazyLoadingMiddleware
Amazium\Kernel\Application\Context\ApplicationContextMiddleware
Zend\Expressive\Middleware\LazyLoadingMiddleware
Zend\Expressive\Router\Middleware\RouteMiddleware
Zend\Expressive\Middleware\LazyLoadingMiddleware
Zend\Expressive\Router\Middleware\ImplicitHeadMiddleware
Zend\Expressive\Middleware\LazyLoadingMiddleware
Zend\Expressive\Router\Middleware\ImplicitOptionsMiddleware
Zend\Expressive\Middleware\LazyLoadingMiddleware
Zend\Expressive\Router\Middleware\MethodNotAllowedMiddleware
Zend\Expressive\Middleware\LazyLoadingMiddleware
Zend\Expressive\Helper\UrlHelperMiddleware
Zend\Expressive\Middleware\LazyLoadingMiddleware
Zend\Expressive\Router\Middleware\DispatchMiddleware
Zend\Expressive\Middleware\LazyLoadingMiddleware
Amazium\Frontend\UI\Web\Page\Page2
Zend\Expressive\Middleware\LazyLoadingMiddleware
Zend\Stratigility\Middleware\ErrorHandler
Zend\Expressive\Middleware\LazyLoadingMiddleware
Zend\Expressive\Helper\ServerUrlMiddleware
Zend\Expressive\Middleware\LazyLoadingMiddleware
Zend\Expressive\Session\SessionMiddleware
Zend\Expressive\Middleware\LazyLoadingMiddleware
Amazium\Kernel\Application\Context\ApplicationContextMiddleware
Zend\Expressive\Middleware\LazyLoadingMiddleware
Zend\Expressive\Router\Middleware\RouteMiddleware
Zend\Expressive\Middleware\LazyLoadingMiddleware
Zend\Expressive\Router\Middleware\ImplicitHeadMiddleware
Zend\Expressive\Middleware\LazyLoadingMiddleware
Zend\Expressive\Router\Middleware\ImplicitOptionsMiddleware
Zend\Expressive\Middleware\LazyLoadingMiddleware
Zend\Expressive\Router\Middleware\MethodNotAllowedMiddleware
Zend\Expressive\Middleware\LazyLoadingMiddleware
Zend\Expressive\Helper\UrlHelperMiddleware
Zend\Expressive\Middleware\LazyLoadingMiddleware
Zend\Expressive\Router\Middleware\DispatchMiddleware
Zend\Expressive\Middleware\LazyLoadingMiddleware
Amazium\Frontend\UI\Web\Page\Page2
Zend\Expressive\Middleware\LazyLoadingMiddleware
Zend\Stratigility\Middleware\ErrorHandler
Zend\Expressive\Middleware\LazyLoadingMiddleware
Zend\Expressive\Helper\ServerUrlMiddleware
Zend\Expressive\Middleware\LazyLoadingMiddleware
Zend\Expressive\Session\SessionMiddleware
Zend\Expressive\Middleware\LazyLoadingMiddleware
Amazium\Kernel\Application\Context\ApplicationContextMiddleware
Zend\Expressive\Middleware\LazyLoadingMiddleware
Zend\Expressive\Router\Middleware\RouteMiddleware
Zend\Expressive\Middleware\LazyLoadingMiddleware
Zend\Expressive\Router\Middleware\ImplicitHeadMiddleware
Zend\Expressive\Middleware\LazyLoadingMiddleware
Zend\Expressive\Router\Middleware\ImplicitOptionsMiddleware
Zend\Expressive\Middleware\LazyLoadingMiddleware
Zend\Expressive\Router\Middleware\MethodNotAllowedMiddleware
Zend\Expressive\Middleware\LazyLoadingMiddleware
Zend\Expressive\Helper\UrlHelperMiddleware
Zend\Expressive\Middleware\LazyLoadingMiddleware
Zend\Expressive\Router\Middleware\DispatchMiddleware
Zend\Expressive\Middleware\LazyLoadingMiddleware
Amazium\Frontend\UI\Web\Page\Page2
Zend\Expressive\Middleware\LazyLoadingMiddleware
Zend\Stratigility\Middleware\ErrorHandler
Zend\Expressive\Middleware\LazyLoadingMiddleware
Zend\Expressive\Helper\ServerUrlMiddleware
Zend\Expressive\Middleware\LazyLoadingMiddleware
Zend\Expressive\Session\SessionMiddleware
Zend\Expressive\Middleware\LazyLoadingMiddleware
Amazium\Kernel\Application\Context\ApplicationContextMiddleware
Zend\Expressive\Middleware\LazyLoadingMiddleware
Zend\Expressive\Router\Middleware\RouteMiddleware
Zend\Expressive\Middleware\LazyLoadingMiddleware
Zend\Expressive\Router\Middleware\ImplicitHeadMiddleware
Zend\Expressive\Middleware\LazyLoadingMiddleware
Zend\Expressive\Router\Middleware\ImplicitOptionsMiddleware
Zend\Expressive\Middleware\LazyLoadingMiddleware
Zend\Expressive\Router\Middleware\MethodNotAllowedMiddleware
Zend\Expressive\Middleware\LazyLoadingMiddleware
Zend\Expressive\Helper\UrlHelperMiddleware
Zend\Expressive\Middleware\LazyLoadingMiddleware
Zend\Expressive\Router\Middleware\DispatchMiddleware
Zend\Expressive\Middleware\LazyLoadingMiddleware
Amazium\Frontend\UI\Web\Page\Page2
Zend\Expressive\Middleware\LazyLoadingMiddleware
Zend\Stratigility\Middleware\ErrorHandler
Zend\Expressive\Middleware\LazyLoadingMiddleware
Zend\Expressive\Helper\ServerUrlMiddleware
Zend\Expressive\Middleware\LazyLoadingMiddleware
Zend\Expressive\Session\SessionMiddleware
Zend\Expressive\Middleware\LazyLoadingMiddleware
Amazium\Kernel\Application\Context\ApplicationContextMiddleware
Zend\Expressive\Middleware\LazyLoadingMiddleware
Zend\Expressive\Router\Middleware\RouteMiddleware
Zend\Expressive\Middleware\LazyLoadingMiddleware
Zend\Expressive\Router\Middleware\ImplicitHeadMiddleware
Zend\Expressive\Middleware\LazyLoadingMiddleware
Zend\Expressive\Router\Middleware\ImplicitOptionsMiddleware
Zend\Expressive\Middleware\LazyLoadingMiddleware
Zend\Expressive\Router\Middleware\MethodNotAllowedMiddleware
Zend\Expressive\Middleware\LazyLoadingMiddleware
Zend\Expressive\Helper\UrlHelperMiddleware
Zend\Expressive\Middleware\LazyLoadingMiddleware
Zend\Expressive\Router\Middleware\DispatchMiddleware
Zend\Expressive\Middleware\LazyLoadingMiddleware
Amazium\Frontend\UI\Web\Page\Page2
Zend\Expressive\Middleware\LazyLoadingMiddleware
Zend\Stratigility\Middleware\ErrorHandler
Zend\Expressive\Middleware\LazyLoadingMiddleware
Zend\Expressive\Helper\ServerUrlMiddleware
Zend\Expressive\Middleware\LazyLoadingMiddleware
Zend\Expressive\Session\SessionMiddleware
Zend\Expressive\Middleware\LazyLoadingMiddleware
Amazium\Kernel\Application\Context\ApplicationContextMiddleware
Zend\Expressive\Middleware\LazyLoadingMiddleware
Zend\Expressive\Router\Middleware\RouteMiddleware
Zend\Expressive\Middleware\LazyLoadingMiddleware
Zend\Expressive\Router\Middleware\ImplicitHeadMiddleware
Zend\Expressive\Middleware\LazyLoadingMiddleware
Zend\Expressive\Router\Middleware\ImplicitOptionsMiddleware
Zend\Expressive\Middleware\LazyLoadingMiddleware
Zend\Expressive\Router\Middleware\MethodNotAllowedMiddleware
Zend\Expressive\Middleware\LazyLoadingMiddleware
Zend\Expressive\Helper\UrlHelperMiddleware
Zend\Expressive\Middleware\LazyLoadingMiddleware
Zend\Expressive\Router\Middleware\DispatchMiddleware
Zend\Expressive\Middleware\LazyLoadingMiddleware
Amazium\Frontend\UI\Web\Page\Page2
Zend\Expressive\Middleware\LazyLoadingMiddleware
Zend\Stratigility\Middleware\ErrorHandler
Zend\Expressive\Middleware\LazyLoadingMiddleware
Zend\Expressive\Helper\ServerUrlMiddleware
Zend\Expressive\Middleware\LazyLoadingMiddleware
Zend\Expressive\Session\SessionMiddleware
Zend\Expressive\Middleware\LazyLoadingMiddleware
Amazium\Kernel\Application\Context\ApplicationContextMiddleware
Zend\Expressive\Middleware\LazyLoadingMiddleware
Zend\Expressive\Router\Middleware\RouteMiddleware
Zend\Expressive\Middleware\LazyLoadingMiddleware
Zend\Expressive\Router\Middleware\ImplicitHeadMiddleware
Zend\Expressive\Middleware\LazyLoadingMiddleware
Zend\Expressive\Router\Middleware\ImplicitOptionsMiddleware
Zend\Expressive\Middleware\LazyLoadingMiddleware
Zend\Expressive\Router\Middleware\MethodNotAllowedMiddleware
Zend\Expressive\Middleware\LazyLoadingMiddleware
Zend\Expressive\Helper\UrlHelperMiddleware
Zend\Expressive\Middleware\LazyLoadingMiddleware
Zend\Expressive\Router\Middleware\DispatchMiddleware
Zend\Expressive\Middleware\LazyLoadingMiddleware
Amazium\Frontend\UI\Web\Page\Page2
Zend\Expressive\Middleware\LazyLoadingMiddleware
Zend\Stratigility\Middleware\ErrorHandler
Zend\Expressive\Middleware\LazyLoadingMiddleware
Zend\Expressive\Helper\ServerUrlMiddleware
Zend\Expressive\Middleware\LazyLoadingMiddleware
Zend\Expressive\Session\SessionMiddleware
Zend\Expressive\Middleware\LazyLoadingMiddleware
Amazium\Kernel\Application\Context\ApplicationContextMiddleware
Zend\Expressive\Middleware\LazyLoadingMiddleware
Zend\Expressive\Router\Middleware\RouteMiddleware
Zend\Expressive\Middleware\LazyLoadingMiddleware
Zend\Expressive\Router\Middleware\ImplicitHeadMiddleware
Zend\Expressive\Middleware\LazyLoadingMiddleware
Zend\Expressive\Router\Middleware\ImplicitOptionsMiddleware
Zend\Expressive\Middleware\LazyLoadingMiddleware
Zend\Expressive\Router\Middleware\MethodNotAllowedMiddleware
Zend\Expressive\Middleware\LazyLoadingMiddleware
Zend\Expressive\Helper\UrlHelperMiddleware
Zend\Expressive\Middleware\LazyLoadingMiddleware
Zend\Expressive\Router\Middleware\DispatchMiddleware
Zend\Expressive\Middleware\LazyLoadingMiddleware
Amazium\Frontend\UI\Web\Page\Page2
Zend\Expressive\Middleware\LazyLoadingMiddleware
Zend\Stratigility\Middleware\ErrorHandler
Zend\Expressive\Middleware\LazyLoadingMiddleware
Zend\Expressive\Helper\ServerUrlMiddleware
Zend\Expressive\Middleware\LazyLoadingMiddleware
Zend\Expressive\Session\SessionMiddleware
Zend\Expressive\Middleware\LazyLoadingMiddleware
Amazium\Kernel\Application\Context\ApplicationContextMiddleware
Zend\Expressive\Middleware\LazyLoadingMiddleware
Zend\Expressive\Router\Middleware\RouteMiddleware
Zend\Expressive\Middleware\LazyLoadingMiddleware
Zend\Expressive\Router\Middleware\ImplicitHeadMiddleware
Zend\Expressive\Middleware\LazyLoadingMiddleware
Zend\Expressive\Router\Middleware\ImplicitOptionsMiddleware
Zend\Expressive\Middleware\LazyLoadingMiddleware
Zend\Expressive\Router\Middleware\MethodNotAllowedMiddleware
Zend\Expressive\Middleware\LazyLoadingMiddleware
Zend\Expressive\Helper\UrlHelperMiddleware
Zend\Expressive\Middleware\LazyLoadingMiddleware
Zend\Expressive\Router\Middleware\DispatchMiddleware
Zend\Expressive\Middleware\LazyLoadingMiddleware
Amazium\Frontend\UI\Web\Page\Page2
Zend\Expressive\Middleware\LazyLoadingMiddleware
Zend\Stratigility\Middleware\ErrorHandler
Zend\Expressive\Middleware\LazyLoadingMiddleware
Zend\Expressive\Helper\ServerUrlMiddleware
Zend\Expressive\Middleware\LazyLoadingMiddleware
Zend\Expressive\Session\SessionMiddleware
Zend\Expressive\Middleware\LazyLoadingMiddleware
Amazium\Kernel\Application\Context\ApplicationContextMiddleware
Zend\Expressive\Middleware\LazyLoadingMiddleware
Zend\Expressive\Router\Middleware\RouteMiddleware
Zend\Expressive\Middleware\LazyLoadingMiddleware
Zend\Expressive\Router\Middleware\ImplicitHeadMiddleware
Zend\Expressive\Middleware\LazyLoadingMiddleware
Zend\Expressive\Router\Middleware\ImplicitOptionsMiddleware
Zend\Expressive\Middleware\LazyLoadingMiddleware
Zend\Expressive\Router\Middleware\MethodNotAllowedMiddleware
Zend\Expressive\Middleware\LazyLoadingMiddleware
Zend\Expressive\Helper\UrlHelperMiddleware
Zend\Expressive\Middleware\LazyLoadingMiddleware
Zend\Expressive\Router\Middleware\DispatchMiddleware
Zend\Expressive\Middleware\LazyLoadingMiddleware
Amazium\Frontend\UI\Web\Page\Page2
Zend\Expressive\Middleware\LazyLoadingMiddleware
Zend\Stratigility\Middleware\ErrorHandler
Zend\Expressive\Middleware\LazyLoadingMiddleware
Zend\Expressive\Helper\ServerUrlMiddleware
Zend\Expressive\Middleware\LazyLoadingMiddleware
Zend\Expressive\Session\SessionMiddleware
Zend\Expressive\Middleware\LazyLoadingMiddleware
Amazium\Kernel\Application\Context\ApplicationContextMiddleware
Zend\Expressive\Middleware\LazyLoadingMiddleware
Zend\Expressive\Router\Middleware\RouteMiddleware
Zend\Expressive\Middleware\LazyLoadingMiddleware
Zend\Expressive\Router\Middleware\ImplicitHeadMiddleware
Zend\Expressive\Middleware\LazyLoadingMiddleware
Zend\Expressive\Router\Middleware\ImplicitOptionsMiddleware
Zend\Expressive\Middleware\LazyLoadingMiddleware
Zend\Expressive\Router\Middleware\MethodNotAllowedMiddleware
Zend\Expressive\Middleware\LazyLoadingMiddleware
Zend\Expressive\Helper\UrlHelperMiddleware
Zend\Expressive\Middleware\LazyLoadingMiddleware
Zend\Expressive\Router\Middleware\DispatchMiddleware
Zend\Expressive\Middleware\LazyLoadingMiddleware
Amazium\Frontend\UI\Web\Page\Page2
Zend\Expressive\Middleware\LazyLoadingMiddleware
Zend\Stratigility\Middleware\ErrorHandler
Zend\Expressive\Middleware\LazyLoadingMiddleware
Zend\Expressive\Helper\ServerUrlMiddleware
Zend\Expressive\Middleware\LazyLoadingMiddleware
Zend\Expressive\Session\SessionMiddleware
Zend\Expressive\Middleware\LazyLoadingMiddleware
Amazium\Kernel\Application\Context\ApplicationContextMiddleware
Zend\Expressive\Middleware\LazyLoadingMiddleware
Zend\Expressive\Router\Middleware\RouteMiddleware
Zend\Expressive\Middleware\LazyLoadingMiddleware
Zend\Expressive\Router\Middleware\ImplicitHeadMiddleware
Zend\Expressive\Middleware\LazyLoadingMiddleware
Zend\Expressive\Router\Middleware\ImplicitOptionsMiddleware
Zend\Expressive\Middleware\LazyLoadingMiddleware
Zend\Expressive\Router\Middleware\MethodNotAllowedMiddleware
Zend\Expressive\Middleware\LazyLoadingMiddleware
Zend\Expressive\Helper\UrlHelperMiddleware
Zend\Expressive\Middleware\LazyLoadingMiddleware
Zend\Expressive\Router\Middleware\DispatchMiddleware
Zend\Expressive\Middleware\LazyLoadingMiddleware
Amazium\Frontend\UI\Web\Page\Page2
Zend\Expressive\Middleware\LazyLoadingMiddleware
Zend\Stratigility\Middleware\ErrorHandler
Zend\Expressive\Middleware\LazyLoadingMiddleware
Zend\Expressive\Helper\ServerUrlMiddleware
Zend\Expressive\Middleware\LazyLoadingMiddleware
Zend\Expressive\Session\SessionMiddleware
Zend\Expressive\Middleware\LazyLoadingMiddleware
Amazium\Kernel\Application\Context\ApplicationContextMiddleware
Zend\Expressive\Middleware\LazyLoadingMiddleware
Zend\Expressive\Router\Middleware\RouteMiddleware
Zend\Expressive\Middleware\LazyLoadingMiddleware
Zend\Expressive\Router\Middleware\ImplicitHeadMiddleware
Zend\Expressive\Middleware\LazyLoadingMiddleware
Zend\Expressive\Router\Middleware\ImplicitOptionsMiddleware
Zend\Expressive\Middleware\LazyLoadingMiddleware
Zend\Expressive\Router\Middleware\MethodNotAllowedMiddleware
Zend\Expressive\Middleware\LazyLoadingMiddleware
Zend\Expressive\Helper\UrlHelperMiddleware
Zend\Expressive\Middleware\LazyLoadingMiddleware
Zend\Expressive\Router\Middleware\DispatchMiddleware
Zend\Expressive\Middleware\LazyLoadingMiddleware
Amazium\Frontend\UI\Web\Page\Page2
Zend\Expressive\Middleware\LazyLoadingMiddleware
Zend\Stratigility\Middleware\ErrorHandler
Zend\Expressive\Middleware\LazyLoadingMiddleware
Zend\Expressive\Helper\ServerUrlMiddleware
Zend\Expressive\Middleware\LazyLoadingMiddleware
Zend\Expressive\Session\SessionMiddleware
Zend\Expressive\Middleware\LazyLoadingMiddleware
Amazium\Kernel\Application\Context\ApplicationContextMiddleware
Zend\Expressive\Middleware\LazyLoadingMiddleware
Zend\Expressive\Router\Middleware\RouteMiddleware
Zend\Expressive\Middleware\LazyLoadingMiddleware
Zend\Expressive\Router\Middleware\ImplicitHeadMiddleware
Zend\Expressive\Middleware\LazyLoadingMiddleware
Zend\Expressive\Router\Middleware\ImplicitOptionsMiddleware
Zend\Expressive\Middleware\LazyLoadingMiddleware
Zend\Expressive\Router\Middleware\MethodNotAllowedMiddleware
Zend\Expressive\Middleware\LazyLoadingMiddleware
Zend\Expressive\Helper\UrlHelperMiddleware
Zend\Expressive\Middleware\LazyLoadingMiddleware
Zend\Expressive\Router\Middleware\DispatchMiddleware
Zend\Expressive\Middleware\LazyLoadingMiddleware
Amazium\Frontend\UI\Web\Page\Page2
Zend\Expressive\Middleware\LazyLoadingMiddleware
Zend\Stratigility\Middleware\ErrorHandler
Zend\Expressive\Middleware\LazyLoadingMiddleware
Zend\Expressive\Helper\ServerUrlMiddleware
Zend\Expressive\Middleware\LazyLoadingMiddleware
Zend\Expressive\Session\SessionMiddleware
Zend\Expressive\Middleware\LazyLoadingMiddleware
Amazium\Kernel\Application\Context\ApplicationContextMiddleware
Zend\Expressive\Middleware\LazyLoadingMiddleware
Zend\Expressive\Router\Middleware\RouteMiddleware
Zend\Expressive\Middleware\LazyLoadingMiddleware
Zend\Expressive\Router\Middleware\ImplicitHeadMiddleware
Zend\Expressive\Middleware\LazyLoadingMiddleware
Zend\Expressive\Router\Middleware\ImplicitOptionsMiddleware
Zend\Expressive\Middleware\LazyLoadingMiddleware
Zend\Expressive\Router\Middleware\MethodNotAllowedMiddleware
Zend\Expressive\Middleware\LazyLoadingMiddleware
Zend\Expressive\Helper\UrlHelperMiddleware
Zend\Expressive\Middleware\LazyLoadingMiddleware
Zend\Expressive\Router\Middleware\DispatchMiddleware
Zend\Expressive\Middleware\LazyLoadingMiddleware
Amazium\Frontend\UI\Web\Page\Page2
Zend\Expressive\Middleware\LazyLoadingMiddleware
Zend\Stratigility\Middleware\ErrorHandler
Zend\Expressive\Middleware\LazyLoadingMiddleware
Zend\Expressive\Helper\ServerUrlMiddleware
Zend\Expressive\Middleware\LazyLoadingMiddleware
Zend\Expressive\Session\SessionMiddleware
Zend\Expressive\Middleware\LazyLoadingMiddleware
Amazium\Kernel\Application\Context\ApplicationContextMiddleware
Zend\Expressive\Middleware\LazyLoadingMiddleware
Zend\Expressive\Router\Middleware\RouteMiddleware
Zend\Expressive\Middleware\LazyLoadingMiddleware
Zend\Expressive\Router\Middleware\ImplicitHeadMiddleware
Zend\Expressive\Middleware\LazyLoadingMiddleware
Zend\Expressive\Router\Middleware\ImplicitOptionsMiddleware
Zend\Expressive\Middleware\LazyLoadingMiddleware
Zend\Expressive\Router\Middleware\MethodNotAllowedMiddleware
Zend\Expressive\Middleware\LazyLoadingMiddleware
Zend\Expressive\Helper\UrlHelperMiddleware
Zend\Expressive\Middleware\LazyLoadingMiddleware
Zend\Expressive\Router\Middleware\DispatchMiddleware
Zend\Expressive\Middleware\LazyLoadingMiddleware
Amazium\Frontend\UI\Web\Page\Page2
Zend\Expressive\Middleware\LazyLoadingMiddleware
Zend\Stratigility\Middleware\ErrorHandler
Zend\Expressive\Middleware\LazyLoadingMiddleware
Zend\Expressive\Helper\ServerUrlMiddleware
Zend\Expressive\Middleware\LazyLoadingMiddleware
Zend\Expressive\Session\SessionMiddleware
Zend\Expressive\Middleware\LazyLoadingMiddleware
Amazium\Kernel\Application\Context\ApplicationContextMiddleware
Zend\Expressive\Middleware\LazyLoadingMiddleware
Zend\Expressive\Router\Middleware\RouteMiddleware
Zend\Expressive\Middleware\LazyLoadingMiddleware
Zend\Expressive\Router\Middleware\ImplicitHeadMiddleware
Zend\Expressive\Middleware\LazyLoadingMiddleware
Zend\Expressive\Router\Middleware\ImplicitOptionsMiddleware
Zend\Expressive\Middleware\LazyLoadingMiddleware
Zend\Expressive\Router\Middleware\MethodNotAllowedMiddleware
Zend\Expressive\Middleware\LazyLoadingMiddleware
Zend\Expressive\Helper\UrlHelperMiddleware
Zend\Expressive\Middleware\LazyLoadingMiddleware
Zend\Expressive\Router\Middleware\DispatchMiddleware
Zend\Expressive\Middleware\LazyLoadingMiddleware
Amazium\Frontend\UI\Web\Page\Page2
Zend\Expressive\Middleware\LazyLoadingMiddleware
Zend\Stratigility\Middleware\ErrorHandler
Zend\Expressive\Middleware\LazyLoadingMiddleware
Zend\Expressive\Helper\ServerUrlMiddleware
Zend\Expressive\Middleware\LazyLoadingMiddleware
Zend\Expressive\Session\SessionMiddleware
Zend\Expressive\Middleware\LazyLoadingMiddleware
Amazium\Kernel\Application\Context\ApplicationContextMiddleware
Zend\Expressive\Middleware\LazyLoadingMiddleware
Zend\Expressive\Router\Middleware\RouteMiddleware
Zend\Expressive\Middleware\LazyLoadingMiddleware
Zend\Expressive\Router\Middleware\ImplicitHeadMiddleware
Zend\Expressive\Middleware\LazyLoadingMiddleware
Zend\Expressive\Router\Middleware\ImplicitOptionsMiddleware
Zend\Expressive\Middleware\LazyLoadingMiddleware
Zend\Expressive\Router\Middleware\MethodNotAllowedMiddleware
Zend\Expressive\Middleware\LazyLoadingMiddleware
Zend\Expressive\Helper\UrlHelperMiddleware
Zend\Expressive\Middleware\LazyLoadingMiddleware
Zend\Expressive\Router\Middleware\DispatchMiddleware
Zend\Expressive\Middleware\LazyLoadingMiddleware
Amazium\Frontend\UI\Web\Page\Page2
Zend\Expressive\Middleware\LazyLoadingMiddleware
Zend\Stratigility\Middleware\ErrorHandler
Zend\Expressive\Middleware\LazyLoadingMiddleware
Zend\Expressive\Helper\ServerUrlMiddleware
Zend\Expressive\Middleware\LazyLoadingMiddleware
Zend\Expressive\Session\SessionMiddleware
Zend\Expressive\Middleware\LazyLoadingMiddleware
Amazium\Kernel\Application\Context\ApplicationContextMiddleware
Zend\Expressive\Middleware\LazyLoadingMiddleware
Zend\Expressive\Router\Middleware\RouteMiddleware
Zend\Expressive\Middleware\LazyLoadingMiddleware
Zend\Expressive\Router\Middleware\ImplicitHeadMiddleware
Zend\Expressive\Middleware\LazyLoadingMiddleware
Zend\Expressive\Router\Middleware\ImplicitOptionsMiddleware
Zend\Expressive\Middleware\LazyLoadingMiddleware
Zend\Expressive\Router\Middleware\MethodNotAllowedMiddleware
Zend\Expressive\Middleware\LazyLoadingMiddleware
Zend\Expressive\Helper\UrlHelperMiddleware
Zend\Expressive\Middleware\LazyLoadingMiddleware
Zend\Expressive\Router\Middleware\DispatchMiddleware
Zend\Expressive\Middleware\LazyLoadingMiddleware
Amazium\Frontend\UI\Web\Page\Page2
Zend\Expressive\Middleware\LazyLoadingMiddleware
Zend\Stratigility\Middleware\ErrorHandler
Zend\Expressive\Middleware\LazyLoadingMiddleware
Zend\Expressive\Helper\ServerUrlMiddleware
Zend\Expressive\Middleware\LazyLoadingMiddleware
Zend\Expressive\Session\SessionMiddleware
Zend\Expressive\Middleware\LazyLoadingMiddleware
Amazium\Kernel\Application\Context\ApplicationContextMiddleware
Zend\Expressive\Middleware\LazyLoadingMiddleware
Zend\Expressive\Router\Middleware\RouteMiddleware
Zend\Expressive\Middleware\LazyLoadingMiddleware
Zend\Expressive\Router\Middleware\ImplicitHeadMiddleware
Zend\Expressive\Middleware\LazyLoadingMiddleware
Zend\Expressive\Router\Middleware\ImplicitOptionsMiddleware
Zend\Expressive\Middleware\LazyLoadingMiddleware
Zend\Expressive\Router\Middleware\MethodNotAllowedMiddleware
Zend\Expressive\Middleware\LazyLoadingMiddleware
Zend\Expressive\Helper\UrlHelperMiddleware
Zend\Expressive\Middleware\LazyLoadingMiddleware
Zend\Expressive\Router\Middleware\DispatchMiddleware
Zend\Expressive\Middleware\LazyLoadingMiddleware
Amazium\Frontend\UI\Web\Page\Page2
Zend\Expressive\Middleware\LazyLoadingMiddleware
Zend\Stratigility\Middleware\ErrorHandler
Zend\Expressive\Middleware\LazyLoadingMiddleware
Zend\Expressive\Helper\ServerUrlMiddleware
Zend\Expressive\Middleware\LazyLoadingMiddleware
Zend\Expressive\Session\SessionMiddleware
Zend\Expressive\Middleware\LazyLoadingMiddleware
Amazium\Kernel\Application\Context\ApplicationContextMiddleware
Zend\Expressive\Middleware\LazyLoadingMiddleware
Zend\Expressive\Router\Middleware\RouteMiddleware
Zend\Expressive\Middleware\LazyLoadingMiddleware
Zend\Expressive\Router\Middleware\ImplicitHeadMiddleware
Zend\Expressive\Middleware\LazyLoadingMiddleware
Zend\Expressive\Router\Middleware\ImplicitOptionsMiddleware
Zend\Expressive\Middleware\LazyLoadingMiddleware
Zend\Expressive\Router\Middleware\MethodNotAllowedMiddleware
Zend\Expressive\Middleware\LazyLoadingMiddleware
Zend\Expressive\Helper\UrlHelperMiddleware
Zend\Expressive\Middleware\LazyLoadingMiddleware
Zend\Expressive\Router\Middleware\DispatchMiddleware
Zend\Expressive\Middleware\LazyLoadingMiddleware
Amazium\Frontend\UI\Web\Page\Page2
Zend\Expressive\Middleware\LazyLoadingMiddleware
Zend\Stratigility\Middleware\ErrorHandler
Zend\Expressive\Middleware\LazyLoadingMiddleware
Zend\Expressive\Helper\ServerUrlMiddleware
Zend\Expressive\Middleware\LazyLoadingMiddleware
Zend\Expressive\Session\SessionMiddleware
Zend\Expressive\Middleware\LazyLoadingMiddleware
Amazium\Kernel\Application\Context\ApplicationContextMiddleware
Zend\Expressive\Middleware\LazyLoadingMiddleware
Zend\Expressive\Router\Middleware\RouteMiddleware
Zend\Expressive\Middleware\LazyLoadingMiddleware
Zend\Expressive\Router\Middleware\ImplicitHeadMiddleware
Zend\Expressive\Middleware\LazyLoadingMiddleware
Zend\Expressive\Router\Middleware\ImplicitOptionsMiddleware
Zend\Expressive\Middleware\LazyLoadingMiddleware
Zend\Expressive\Router\Middleware\MethodNotAllowedMiddleware
Zend\Expressive\Middleware\LazyLoadingMiddleware
Zend\Expressive\Helper\UrlHelperMiddleware
Zend\Expressive\Middleware\LazyLoadingMiddleware
Zend\Expressive\Router\Middleware\DispatchMiddleware
Zend\Expressive\Middleware\LazyLoadingMiddleware
Amazium\Frontend\UI\Web\Page\Page2
Zend\Expressive\Middleware\LazyLoadingMiddleware
Zend\Stratigility\Middleware\ErrorHandler
Zend\Expressive\Middleware\LazyLoadingMiddleware
Zend\Expressive\Helper\ServerUrlMiddleware
Zend\Expressive\Middleware\LazyLoadingMiddleware
Zend\Expressive\Session\SessionMiddleware
Zend\Expressive\Middleware\LazyLoadingMiddleware
Amazium\Kernel\Application\Context\ApplicationContextMiddleware
Zend\Expressive\Middleware\LazyLoadingMiddleware
Zend\Expressive\Router\Middleware\RouteMiddleware
Zend\Expressive\Middleware\LazyLoadingMiddleware
Zend\Expressive\Router\Middleware\ImplicitHeadMiddleware
Zend\Expressive\Middleware\LazyLoadingMiddleware
Zend\Expressive\Router\Middleware\ImplicitOptionsMiddleware
Zend\Expressive\Middleware\LazyLoadingMiddleware
Zend\Expressive\Router\Middleware\MethodNotAllowedMiddleware
Zend\Expressive\Middleware\LazyLoadingMiddleware
Zend\Expressive\Helper\UrlHelperMiddleware
Zend\Expressive\Middleware\LazyLoadingMiddleware
Zend\Expressive\Router\Middleware\DispatchMiddleware
Zend\Expressive\Middleware\LazyLoadingMiddleware
Zend\Expressive\Handler\NotFoundHandler
Zend\Expressive\Middleware\LazyLoadingMiddleware
Zend\Stratigility\Middleware\ErrorHandler
Zend\Expressive\Middleware\LazyLoadingMiddleware
Zend\Expressive\Helper\ServerUrlMiddleware
Zend\Expressive\Middleware\LazyLoadingMiddleware
Zend\Expressive\Session\SessionMiddleware
Zend\Expressive\Middleware\LazyLoadingMiddleware
Amazium\Kernel\Application\Context\ApplicationContextMiddleware
Zend\Expressive\Middleware\LazyLoadingMiddleware
Zend\Expressive\Router\Middleware\RouteMiddleware
Zend\Expressive\Middleware\LazyLoadingMiddleware
Zend\Expressive\Router\Middleware\ImplicitHeadMiddleware
Zend\Expressive\Middleware\LazyLoadingMiddleware
Zend\Expressive\Router\Middleware\ImplicitOptionsMiddleware
Zend\Expressive\Middleware\LazyLoadingMiddleware
Zend\Expressive\Router\Middleware\MethodNotAllowedMiddleware
Zend\Expressive\Middleware\LazyLoadingMiddleware
Zend\Expressive\Helper\UrlHelperMiddleware
Zend\Expressive\Middleware\LazyLoadingMiddleware
Zend\Expressive\Router\Middleware\DispatchMiddleware
Zend\Expressive\Middleware\LazyLoadingMiddleware
Amazium\Frontend\UI\Web\Page\Page2
Zend\Expressive\Middleware\LazyLoadingMiddleware
Zend\Stratigility\Middleware\ErrorHandler
Zend\Expressive\Middleware\LazyLoadingMiddleware
Zend\Expressive\Helper\ServerUrlMiddleware
Zend\Expressive\Middleware\LazyLoadingMiddleware
Zend\Expressive\Session\SessionMiddleware
Zend\Expressive\Middleware\LazyLoadingMiddleware
Amazium\Kernel\Application\Context\ApplicationContextMiddleware
Zend\Expressive\Middleware\LazyLoadingMiddleware
Zend\Expressive\Router\Middleware\RouteMiddleware
Zend\Expressive\Middleware\LazyLoadingMiddleware
Zend\Expressive\Router\Middleware\ImplicitHeadMiddleware
Zend\Expressive\Middleware\LazyLoadingMiddleware
Zend\Expressive\Router\Middleware\ImplicitOptionsMiddleware
Zend\Expressive\Middleware\LazyLoadingMiddleware
Zend\Expressive\Router\Middleware\MethodNotAllowedMiddleware
Zend\Expressive\Middleware\LazyLoadingMiddleware
Zend\Expressive\Helper\UrlHelperMiddleware
Zend\Expressive\Middleware\LazyLoadingMiddleware
Zend\Expressive\Router\Middleware\DispatchMiddleware
Zend\Expressive\Middleware\LazyLoadingMiddleware
Amazium\Frontend\UI\Web\Page\Page2
Zend\Expressive\Middleware\LazyLoadingMiddleware
Zend\Stratigility\Middleware\ErrorHandler
Zend\Expressive\Middleware\LazyLoadingMiddleware
Zend\Expressive\Helper\ServerUrlMiddleware
Zend\Expressive\Middleware\LazyLoadingMiddleware
Zend\Expressive\Session\SessionMiddleware
Zend\Expressive\Middleware\LazyLoadingMiddleware
Amazium\Kernel\Application\Context\ApplicationContextMiddleware
Zend\Expressive\Middleware\LazyLoadingMiddleware
Zend\Expressive\Router\Middleware\RouteMiddleware
Zend\Expressive\Middleware\LazyLoadingMiddleware
Zend\Expressive\Router\Middleware\ImplicitHeadMiddleware
Zend\Expressive\Middleware\LazyLoadingMiddleware
Zend\Expressive\Router\Middleware\ImplicitOptionsMiddleware
Zend\Expressive\Middleware\LazyLoadingMiddleware
Zend\Expressive\Router\Middleware\MethodNotAllowedMiddleware
Zend\Expressive\Middleware\LazyLoadingMiddleware
Zend\Expressive\Helper\UrlHelperMiddleware
Zend\Expressive\Middleware\LazyLoadingMiddleware
Zend\Expressive\Router\Middleware\DispatchMiddleware
Zend\Expressive\Middleware\LazyLoadingMiddleware
Amazium\Frontend\UI\Web\Page\Page2
Zend\Expressive\Middleware\LazyLoadingMiddleware
Zend\Stratigility\Middleware\ErrorHandler
Zend\Expressive\Middleware\LazyLoadingMiddleware
Zend\Expressive\Helper\ServerUrlMiddleware
Zend\Expressive\Middleware\LazyLoadingMiddleware
Zend\Expressive\Session\SessionMiddleware
Zend\Expressive\Middleware\LazyLoadingMiddleware
Amazium\Kernel\Application\Context\ApplicationContextMiddleware
Zend\Expressive\Middleware\LazyLoadingMiddleware
Zend\Expressive\Router\Middleware\RouteMiddleware
Zend\Expressive\Middleware\LazyLoadingMiddleware
Zend\Expressive\Router\Middleware\ImplicitHeadMiddleware
Zend\Expressive\Middleware\LazyLoadingMiddleware
Zend\Expressive\Router\Middleware\ImplicitOptionsMiddleware
Zend\Expressive\Middleware\LazyLoadingMiddleware
Zend\Expressive\Router\Middleware\MethodNotAllowedMiddleware
Zend\Expressive\Middleware\LazyLoadingMiddleware
Zend\Expressive\Helper\UrlHelperMiddleware
Zend\Expressive\Middleware\LazyLoadingMiddleware
Zend\Expressive\Router\Middleware\DispatchMiddleware
Zend\Expressive\Middleware\LazyLoadingMiddleware
Amazium\Frontend\UI\Web\Page\Page2
Zend\Expressive\Middleware\LazyLoadingMiddleware
Zend\Stratigility\Middleware\ErrorHandler
Zend\Expressive\Middleware\LazyLoadingMiddleware
Zend\Expressive\Helper\ServerUrlMiddleware
Zend\Expressive\Middleware\LazyLoadingMiddleware
Zend\Expressive\Session\SessionMiddleware
Zend\Expressive\Middleware\LazyLoadingMiddleware
Amazium\Kernel\Application\Context\ApplicationContextMiddleware
Zend\Expressive\Middleware\LazyLoadingMiddleware
Zend\Expressive\Router\Middleware\RouteMiddleware
Zend\Expressive\Middleware\LazyLoadingMiddleware
Zend\Expressive\Router\Middleware\ImplicitHeadMiddleware
Zend\Expressive\Middleware\LazyLoadingMiddleware
Zend\Expressive\Router\Middleware\ImplicitOptionsMiddleware
Zend\Expressive\Middleware\LazyLoadingMiddleware
Zend\Expressive\Router\Middleware\MethodNotAllowedMiddleware
Zend\Expressive\Middleware\LazyLoadingMiddleware
Zend\Expressive\Helper\UrlHelperMiddleware
Zend\Expressive\Middleware\LazyLoadingMiddleware
Zend\Expressive\Router\Middleware\DispatchMiddleware
Zend\Expressive\Middleware\LazyLoadingMiddleware
Amazium\Frontend\UI\Web\Page\Page3
Zend\Expressive\Middleware\LazyLoadingMiddleware
Zend\Stratigility\Middleware\ErrorHandler
Zend\Expressive\Middleware\LazyLoadingMiddleware
Zend\Expressive\Helper\ServerUrlMiddleware
Zend\Expressive\Middleware\LazyLoadingMiddleware
Zend\Expressive\Session\SessionMiddleware
Zend\Expressive\Middleware\LazyLoadingMiddleware
Amazium\Kernel\Application\Context\ApplicationContextMiddleware
Zend\Expressive\Middleware\LazyLoadingMiddleware
Zend\Expressive\Router\Middleware\RouteMiddleware
Zend\Expressive\Middleware\LazyLoadingMiddleware
Zend\Expressive\Router\Middleware\ImplicitHeadMiddleware
Zend\Expressive\Middleware\LazyLoadingMiddleware
Zend\Expressive\Router\Middleware\ImplicitOptionsMiddleware
Zend\Expressive\Middleware\LazyLoadingMiddleware
Zend\Expressive\Router\Middleware\MethodNotAllowedMiddleware
Zend\Expressive\Middleware\LazyLoadingMiddleware
Zend\Expressive\Helper\UrlHelperMiddleware
Zend\Expressive\Middleware\LazyLoadingMiddleware
Zend\Expressive\Router\Middleware\DispatchMiddleware
Zend\Expressive\Middleware\LazyLoadingMiddleware
Amazium\Frontend\UI\Web\Page\Page2
Zend\Expressive\Middleware\LazyLoadingMiddleware
Zend\Stratigility\Middleware\ErrorHandler
Zend\Expressive\Middleware\LazyLoadingMiddleware
Zend\Expressive\Helper\ServerUrlMiddleware
Zend\Expressive\Middleware\LazyLoadingMiddleware
Zend\Expressive\Session\SessionMiddleware
Zend\Expressive\Middleware\LazyLoadingMiddleware
Amazium\Kernel\Application\Context\ApplicationContextMiddleware
Zend\Expressive\Middleware\LazyLoadingMiddleware
Zend\Expressive\Router\Middleware\RouteMiddleware
Zend\Expressive\Middleware\LazyLoadingMiddleware
Zend\Expressive\Router\Middleware\ImplicitHeadMiddleware
Zend\Expressive\Middleware\LazyLoadingMiddleware
Zend\Expressive\Router\Middleware\ImplicitOptionsMiddleware
Zend\Expressive\Middleware\LazyLoadingMiddleware
Zend\Expressive\Router\Middleware\MethodNotAllowedMiddleware
Zend\Expressive\Middleware\LazyLoadingMiddleware
Zend\Expressive\Helper\UrlHelperMiddleware
Zend\Expressive\Middleware\LazyLoadingMiddleware
Zend\Expressive\Router\Middleware\DispatchMiddleware
Zend\Expressive\Middleware\LazyLoadingMiddleware
Amazium\Frontend\UI\Web\Page\Page2
Zend\Expressive\Middleware\LazyLoadingMiddleware
Zend\Stratigility\Middleware\ErrorHandler
Zend\Expressive\Middleware\LazyLoadingMiddleware
Zend\Expressive\Helper\ServerUrlMiddleware
Zend\Expressive\Middleware\LazyLoadingMiddleware
Zend\Expressive\Session\SessionMiddleware
Zend\Expressive\Middleware\LazyLoadingMiddleware
Amazium\Kernel\Application\Context\ApplicationContextMiddleware
Zend\Expressive\Middleware\LazyLoadingMiddleware
Zend\Expressive\Router\Middleware\RouteMiddleware
Zend\Expressive\Middleware\LazyLoadingMiddleware
Zend\Expressive\Router\Middleware\ImplicitHeadMiddleware
Zend\Expressive\Middleware\LazyLoadingMiddleware
Zend\Expressive\Router\Middleware\ImplicitOptionsMiddleware
Zend\Expressive\Middleware\LazyLoadingMiddleware
Zend\Expressive\Router\Middleware\MethodNotAllowedMiddleware
Zend\Expressive\Middleware\LazyLoadingMiddleware
Zend\Expressive\Helper\UrlHelperMiddleware
Zend\Expressive\Middleware\LazyLoadingMiddleware
Zend\Expressive\Router\Middleware\DispatchMiddleware
Zend\Expressive\Middleware\LazyLoadingMiddleware
Amazium\Frontend\UI\Web\Page\Page2
Zend\Expressive\Middleware\LazyLoadingMiddleware
Zend\Stratigility\Middleware\ErrorHandler
Zend\Expressive\Middleware\LazyLoadingMiddleware
Zend\Expressive\Helper\ServerUrlMiddleware
Zend\Expressive\Middleware\LazyLoadingMiddleware
Zend\Expressive\Session\SessionMiddleware
Zend\Expressive\Middleware\LazyLoadingMiddleware
Amazium\Kernel\Application\Context\ApplicationContextMiddleware
Zend\Expressive\Middleware\LazyLoadingMiddleware
Zend\Expressive\Router\Middleware\RouteMiddleware
Zend\Expressive\Middleware\LazyLoadingMiddleware
Zend\Expressive\Router\Middleware\ImplicitHeadMiddleware
Zend\Expressive\Middleware\LazyLoadingMiddleware
Zend\Expressive\Router\Middleware\ImplicitOptionsMiddleware
Zend\Expressive\Middleware\LazyLoadingMiddleware
Zend\Expressive\Router\Middleware\MethodNotAllowedMiddleware
Zend\Expressive\Middleware\LazyLoadingMiddleware
Zend\Expressive\Helper\UrlHelperMiddleware
Zend\Expressive\Middleware\LazyLoadingMiddleware
Zend\Expressive\Router\Middleware\DispatchMiddleware
Zend\Expressive\Middleware\LazyLoadingMiddleware
Amazium\Frontend\UI\Web\Page\Page2
Zend\Expressive\Middleware\LazyLoadingMiddleware
Zend\Stratigility\Middleware\ErrorHandler
Zend\Expressive\Middleware\LazyLoadingMiddleware
Zend\Expressive\Helper\ServerUrlMiddleware
Zend\Expressive\Middleware\LazyLoadingMiddleware
Zend\Expressive\Session\SessionMiddleware
Zend\Expressive\Middleware\LazyLoadingMiddleware
Amazium\Kernel\Application\Context\ApplicationContextMiddleware
Zend\Expressive\Middleware\LazyLoadingMiddleware
Zend\Expressive\Router\Middleware\RouteMiddleware
Zend\Expressive\Middleware\LazyLoadingMiddleware
Zend\Expressive\Router\Middleware\ImplicitHeadMiddleware
Zend\Expressive\Middleware\LazyLoadingMiddleware
Zend\Expressive\Router\Middleware\ImplicitOptionsMiddleware
Zend\Expressive\Middleware\LazyLoadingMiddleware
Zend\Expressive\Router\Middleware\MethodNotAllowedMiddleware
Zend\Expressive\Middleware\LazyLoadingMiddleware
Zend\Expressive\Helper\UrlHelperMiddleware
Zend\Expressive\Middleware\LazyLoadingMiddleware
Zend\Expressive\Router\Middleware\DispatchMiddleware
Zend\Expressive\Middleware\LazyLoadingMiddleware
Amazium\Frontend\UI\Web\Page\Page2
Zend\Expressive\Middleware\LazyLoadingMiddleware
Zend\Stratigility\Middleware\ErrorHandler
Zend\Expressive\Middleware\LazyLoadingMiddleware
Zend\Expressive\Helper\ServerUrlMiddleware
Zend\Expressive\Middleware\LazyLoadingMiddleware
Zend\Expressive\Session\SessionMiddleware
Zend\Expressive\Middleware\LazyLoadingMiddleware
Amazium\Kernel\Application\Context\ApplicationContextMiddleware
Zend\Expressive\Middleware\LazyLoadingMiddleware
Zend\Expressive\Router\Middleware\RouteMiddleware
Zend\Expressive\Middleware\LazyLoadingMiddleware
Zend\Expressive\Router\Middleware\ImplicitHeadMiddleware
Zend\Expressive\Middleware\LazyLoadingMiddleware
Zend\Expressive\Router\Middleware\ImplicitOptionsMiddleware
Zend\Expressive\Middleware\LazyLoadingMiddleware
Zend\Expressive\Router\Middleware\MethodNotAllowedMiddleware
Zend\Expressive\Middleware\LazyLoadingMiddleware
Zend\Expressive\Helper\UrlHelperMiddleware
Zend\Expressive\Middleware\LazyLoadingMiddleware
Zend\Expressive\Router\Middleware\DispatchMiddleware
Zend\Expressive\Middleware\LazyLoadingMiddleware
Amazium\Frontend\UI\Web\Page\Page2
Zend\Expressive\Middleware\LazyLoadingMiddleware
Zend\Stratigility\Middleware\ErrorHandler
Zend\Expressive\Middleware\LazyLoadingMiddleware
Zend\Expressive\Helper\ServerUrlMiddleware
Zend\Expressive\Middleware\LazyLoadingMiddleware
Zend\Expressive\Session\SessionMiddleware
Zend\Expressive\Middleware\LazyLoadingMiddleware
Amazium\Kernel\Application\Context\ApplicationContextMiddleware
Zend\Expressive\Middleware\LazyLoadingMiddleware
Zend\Expressive\Router\Middleware\RouteMiddleware
Zend\Expressive\Middleware\LazyLoadingMiddleware
Zend\Expressive\Router\Middleware\ImplicitHeadMiddleware
Zend\Expressive\Middleware\LazyLoadingMiddleware
Zend\Expressive\Router\Middleware\ImplicitOptionsMiddleware
Zend\Expressive\Middleware\LazyLoadingMiddleware
Zend\Expressive\Router\Middleware\MethodNotAllowedMiddleware
Zend\Expressive\Middleware\LazyLoadingMiddleware
Zend\Expressive\Helper\UrlHelperMiddleware
Zend\Expressive\Middleware\LazyLoadingMiddleware
Zend\Expressive\Router\Middleware\DispatchMiddleware
Zend\Expressive\Middleware\LazyLoadingMiddleware
Amazium\Frontend\UI\Web\Page\Page2
Zend\Expressive\Middleware\LazyLoadingMiddleware
Zend\Stratigility\Middleware\ErrorHandler
Zend\Expressive\Middleware\LazyLoadingMiddleware
Zend\Expressive\Helper\ServerUrlMiddleware
Zend\Expressive\Middleware\LazyLoadingMiddleware
Zend\Expressive\Session\SessionMiddleware
Zend\Expressive\Middleware\LazyLoadingMiddleware
Amazium\Kernel\Application\Context\ApplicationContextMiddleware
Zend\Expressive\Middleware\LazyLoadingMiddleware
Zend\Expressive\Router\Middleware\RouteMiddleware
Zend\Expressive\Middleware\LazyLoadingMiddleware
Zend\Expressive\Router\Middleware\ImplicitHeadMiddleware
Zend\Expressive\Middleware\LazyLoadingMiddleware
Zend\Expressive\Router\Middleware\ImplicitOptionsMiddleware
Zend\Expressive\Middleware\LazyLoadingMiddleware
Zend\Expressive\Router\Middleware\MethodNotAllowedMiddleware
Zend\Expressive\Middleware\LazyLoadingMiddleware
Zend\Expressive\Helper\UrlHelperMiddleware
Zend\Expressive\Middleware\LazyLoadingMiddleware
Zend\Expressive\Router\Middleware\DispatchMiddleware
Zend\Expressive\Middleware\LazyLoadingMiddleware
Amazium\Frontend\UI\Web\Page\Page3
Zend\Expressive\Middleware\LazyLoadingMiddleware
Zend\Stratigility\Middleware\ErrorHandler
Zend\Expressive\Middleware\LazyLoadingMiddleware
Zend\Expressive\Helper\ServerUrlMiddleware
Zend\Expressive\Middleware\LazyLoadingMiddleware
Zend\Expressive\Session\SessionMiddleware
Zend\Expressive\Middleware\LazyLoadingMiddleware
Amazium\Kernel\Application\Context\ApplicationContextMiddleware
Zend\Expressive\Middleware\LazyLoadingMiddleware
Zend\Expressive\Router\Middleware\RouteMiddleware
Zend\Expressive\Middleware\LazyLoadingMiddleware
Zend\Expressive\Router\Middleware\ImplicitHeadMiddleware
Zend\Expressive\Middleware\LazyLoadingMiddleware
Zend\Expressive\Router\Middleware\ImplicitOptionsMiddleware
Zend\Expressive\Middleware\LazyLoadingMiddleware
Zend\Expressive\Router\Middleware\MethodNotAllowedMiddleware
Zend\Expressive\Middleware\LazyLoadingMiddleware
Zend\Expressive\Helper\UrlHelperMiddleware
Zend\Expressive\Middleware\LazyLoadingMiddleware
Zend\Expressive\Router\Middleware\DispatchMiddleware
Zend\Expressive\Middleware\LazyLoadingMiddleware
Amazium\Frontend\UI\Web\Page\Page2
Zend\Expressive\Middleware\LazyLoadingMiddleware
Zend\Stratigility\Middleware\ErrorHandler
Zend\Expressive\Middleware\LazyLoadingMiddleware
Zend\Expressive\Helper\ServerUrlMiddleware
Zend\Expressive\Middleware\LazyLoadingMiddleware
Zend\Expressive\Session\SessionMiddleware
Zend\Expressive\Middleware\LazyLoadingMiddleware
Amazium\Kernel\Application\Context\ApplicationContextMiddleware
Zend\Expressive\Middleware\LazyLoadingMiddleware
Zend\Expressive\Router\Middleware\RouteMiddleware
Zend\Expressive\Middleware\LazyLoadingMiddleware
Zend\Expressive\Router\Middleware\ImplicitHeadMiddleware
Zend\Expressive\Middleware\LazyLoadingMiddleware
Zend\Expressive\Router\Middleware\ImplicitOptionsMiddleware
Zend\Expressive\Middleware\LazyLoadingMiddleware
Zend\Expressive\Router\Middleware\MethodNotAllowedMiddleware
Zend\Expressive\Middleware\LazyLoadingMiddleware
Zend\Expressive\Helper\UrlHelperMiddleware
Zend\Expressive\Middleware\LazyLoadingMiddleware
Zend\Expressive\Router\Middleware\DispatchMiddleware
Zend\Expressive\Middleware\LazyLoadingMiddleware
Amazium\Frontend\UI\Web\Page\Page2
Zend\Expressive\Middleware\LazyLoadingMiddleware
Zend\Stratigility\Middleware\ErrorHandler
Zend\Expressive\Middleware\LazyLoadingMiddleware
Zend\Expressive\Helper\ServerUrlMiddleware
Zend\Expressive\Middleware\LazyLoadingMiddleware
Zend\Expressive\Session\SessionMiddleware
Zend\Expressive\Middleware\LazyLoadingMiddleware
Amazium\Kernel\Application\Context\ApplicationContextMiddleware
Zend\Expressive\Middleware\LazyLoadingMiddleware
Zend\Expressive\Router\Middleware\RouteMiddleware
Zend\Expressive\Middleware\LazyLoadingMiddleware
Zend\Expressive\Router\Middleware\ImplicitHeadMiddleware
Zend\Expressive\Middleware\LazyLoadingMiddleware
Zend\Expressive\Router\Middleware\ImplicitOptionsMiddleware
Zend\Expressive\Middleware\LazyLoadingMiddleware
Zend\Expressive\Router\Middleware\MethodNotAllowedMiddleware
Zend\Expressive\Middleware\LazyLoadingMiddleware
Zend\Expressive\Helper\UrlHelperMiddleware
Zend\Expressive\Middleware\LazyLoadingMiddleware
Zend\Expressive\Router\Middleware\DispatchMiddleware
Zend\Expressive\Middleware\LazyLoadingMiddleware
Amazium\Frontend\UI\Web\Page\Page2
Zend\Expressive\Middleware\LazyLoadingMiddleware
Zend\Stratigility\Middleware\ErrorHandler
Zend\Expressive\Middleware\LazyLoadingMiddleware
Zend\Expressive\Helper\ServerUrlMiddleware
Zend\Expressive\Middleware\LazyLoadingMiddleware
Zend\Expressive\Session\SessionMiddleware
Zend\Expressive\Middleware\LazyLoadingMiddleware
Amazium\Kernel\Application\Context\ApplicationContextMiddleware
Zend\Expressive\Middleware\LazyLoadingMiddleware
Zend\Expressive\Router\Middleware\RouteMiddleware
Zend\Expressive\Middleware\LazyLoadingMiddleware
Zend\Expressive\Router\Middleware\ImplicitHeadMiddleware
Zend\Expressive\Middleware\LazyLoadingMiddleware
Zend\Expressive\Router\Middleware\ImplicitOptionsMiddleware
Zend\Expressive\Middleware\LazyLoadingMiddleware
Zend\Expressive\Router\Middleware\MethodNotAllowedMiddleware
Zend\Expressive\Middleware\LazyLoadingMiddleware
Zend\Expressive\Helper\UrlHelperMiddleware
Zend\Expressive\Middleware\LazyLoadingMiddleware
Zend\Expressive\Router\Middleware\DispatchMiddleware
Zend\Expressive\Middleware\LazyLoadingMiddleware
Amazium\Frontend\UI\Web\Page\Page3
Zend\Expressive\Middleware\LazyLoadingMiddleware
Zend\Stratigility\Middleware\ErrorHandler
Zend\Expressive\Middleware\LazyLoadingMiddleware
Zend\Expressive\Helper\ServerUrlMiddleware
Zend\Expressive\Middleware\LazyLoadingMiddleware
Zend\Expressive\Session\SessionMiddleware
Zend\Expressive\Middleware\LazyLoadingMiddleware
Amazium\Kernel\Application\Context\ApplicationContextMiddleware
Zend\Expressive\Middleware\LazyLoadingMiddleware
Zend\Expressive\Router\Middleware\RouteMiddleware
Zend\Expressive\Middleware\LazyLoadingMiddleware
Zend\Expressive\Router\Middleware\ImplicitHeadMiddleware
Zend\Expressive\Middleware\LazyLoadingMiddleware
Zend\Expressive\Router\Middleware\ImplicitOptionsMiddleware
Zend\Expressive\Middleware\LazyLoadingMiddleware
Zend\Expressive\Router\Middleware\MethodNotAllowedMiddleware
Zend\Expressive\Middleware\LazyLoadingMiddleware
Zend\Expressive\Helper\UrlHelperMiddleware
Zend\Expressive\Middleware\LazyLoadingMiddleware
Zend\Expressive\Router\Middleware\DispatchMiddleware
Zend\Expressive\Middleware\LazyLoadingMiddleware
Amazium\Frontend\UI\Web\Page\Page2
Zend\Expressive\Middleware\LazyLoadingMiddleware
Zend\Stratigility\Middleware\ErrorHandler
Zend\Expressive\Middleware\LazyLoadingMiddleware
Zend\Expressive\Helper\ServerUrlMiddleware
Zend\Expressive\Middleware\LazyLoadingMiddleware
Zend\Expressive\Session\SessionMiddleware
Zend\Expressive\Middleware\LazyLoadingMiddleware
Amazium\Kernel\Application\Context\ApplicationContextMiddleware
Zend\Expressive\Middleware\LazyLoadingMiddleware
Zend\Expressive\Router\Middleware\RouteMiddleware
Zend\Expressive\Middleware\LazyLoadingMiddleware
Zend\Expressive\Router\Middleware\ImplicitHeadMiddleware
Zend\Expressive\Middleware\LazyLoadingMiddleware
Zend\Expressive\Router\Middleware\ImplicitOptionsMiddleware
Zend\Expressive\Middleware\LazyLoadingMiddleware
Zend\Expressive\Router\Middleware\MethodNotAllowedMiddleware
Zend\Expressive\Middleware\LazyLoadingMiddleware
Zend\Expressive\Helper\UrlHelperMiddleware
Zend\Expressive\Middleware\LazyLoadingMiddleware
Zend\Expressive\Router\Middleware\DispatchMiddleware
Zend\Expressive\Middleware\LazyLoadingMiddleware
Amazium\Frontend\UI\Web\Page\Page2
Zend\Expressive\Middleware\LazyLoadingMiddleware
Zend\Stratigility\Middleware\ErrorHandler
Zend\Expressive\Middleware\LazyLoadingMiddleware
Zend\Expressive\Helper\ServerUrlMiddleware
Zend\Expressive\Middleware\LazyLoadingMiddleware
Zend\Expressive\Session\SessionMiddleware
Zend\Expressive\Middleware\LazyLoadingMiddleware
Amazium\Kernel\Application\Context\ApplicationContextMiddleware
Zend\Expressive\Middleware\LazyLoadingMiddleware
Zend\Expressive\Router\Middleware\RouteMiddleware
Zend\Expressive\Middleware\LazyLoadingMiddleware
Zend\Expressive\Router\Middleware\ImplicitHeadMiddleware
Zend\Expressive\Middleware\LazyLoadingMiddleware
Zend\Expressive\Router\Middleware\ImplicitOptionsMiddleware
Zend\Expressive\Middleware\LazyLoadingMiddleware
Zend\Expressive\Router\Middleware\MethodNotAllowedMiddleware
Zend\Expressive\Middleware\LazyLoadingMiddleware
Zend\Expressive\Helper\UrlHelperMiddleware
Zend\Expressive\Middleware\LazyLoadingMiddleware
Zend\Expressive\Router\Middleware\DispatchMiddleware
Zend\Expressive\Middleware\LazyLoadingMiddleware
Amazium\Frontend\UI\Web\Page\Page2
Zend\Expressive\Middleware\LazyLoadingMiddleware
Zend\Stratigility\Middleware\ErrorHandler
Zend\Expressive\Middleware\LazyLoadingMiddleware
Zend\Expressive\Helper\ServerUrlMiddleware
Zend\Expressive\Middleware\LazyLoadingMiddleware
Zend\Expressive\Session\SessionMiddleware
Zend\Expressive\Middleware\LazyLoadingMiddleware
Amazium\Kernel\Application\Context\ApplicationContextMiddleware
Zend\Expressive\Middleware\LazyLoadingMiddleware
Zend\Expressive\Router\Middleware\RouteMiddleware
Zend\Expressive\Middleware\LazyLoadingMiddleware
Zend\Expressive\Router\Middleware\ImplicitHeadMiddleware
Zend\Expressive\Middleware\LazyLoadingMiddleware
Zend\Expressive\Router\Middleware\ImplicitOptionsMiddleware
Zend\Expressive\Middleware\LazyLoadingMiddleware
Zend\Expressive\Router\Middleware\MethodNotAllowedMiddleware
Zend\Expressive\Middleware\LazyLoadingMiddleware
Zend\Expressive\Helper\UrlHelperMiddleware
Zend\Expressive\Middleware\LazyLoadingMiddleware
Zend\Expressive\Router\Middleware\DispatchMiddleware
Zend\Expressive\Middleware\LazyLoadingMiddleware
Amazium\Frontend\UI\Web\Page\Page3
Zend\Expressive\Middleware\LazyLoadingMiddleware
Zend\Stratigility\Middleware\ErrorHandler
Zend\Expressive\Middleware\LazyLoadingMiddleware
Zend\Expressive\Helper\ServerUrlMiddleware
Zend\Expressive\Middleware\LazyLoadingMiddleware
Zend\Expressive\Session\SessionMiddleware
Zend\Expressive\Middleware\LazyLoadingMiddleware
Amazium\Kernel\Application\Context\ApplicationContextMiddleware
Zend\Expressive\Middleware\LazyLoadingMiddleware
Zend\Expressive\Router\Middleware\RouteMiddleware
Zend\Expressive\Middleware\LazyLoadingMiddleware
Zend\Expressive\Router\Middleware\ImplicitHeadMiddleware
Zend\Expressive\Middleware\LazyLoadingMiddleware
Zend\Expressive\Router\Middleware\ImplicitOptionsMiddleware
Zend\Expressive\Middleware\LazyLoadingMiddleware
Zend\Expressive\Router\Middleware\MethodNotAllowedMiddleware
Zend\Expressive\Middleware\LazyLoadingMiddleware
Zend\Expressive\Helper\UrlHelperMiddleware
Zend\Expressive\Middleware\LazyLoadingMiddleware
Zend\Expressive\Router\Middleware\DispatchMiddleware
Zend\Expressive\Middleware\LazyLoadingMiddleware
Amazium\Frontend\UI\Web\Page\Page3
Zend\Expressive\Middleware\LazyLoadingMiddleware
Zend\Stratigility\Middleware\ErrorHandler
Zend\Expressive\Middleware\LazyLoadingMiddleware
Zend\Expressive\Helper\ServerUrlMiddleware
Zend\Expressive\Middleware\LazyLoadingMiddleware
Zend\Expressive\Session\SessionMiddleware
Zend\Expressive\Middleware\LazyLoadingMiddleware
Amazium\Kernel\Application\Context\ApplicationContextMiddleware
Zend\Expressive\Middleware\LazyLoadingMiddleware
Zend\Expressive\Router\Middleware\RouteMiddleware
Zend\Expressive\Middleware\LazyLoadingMiddleware
Zend\Expressive\Router\Middleware\ImplicitHeadMiddleware
Zend\Expressive\Middleware\LazyLoadingMiddleware
Zend\Expressive\Router\Middleware\ImplicitOptionsMiddleware
Zend\Expressive\Middleware\LazyLoadingMiddleware
Zend\Expressive\Router\Middleware\MethodNotAllowedMiddleware
Zend\Expressive\Middleware\LazyLoadingMiddleware
Zend\Expressive\Helper\UrlHelperMiddleware
Zend\Expressive\Middleware\LazyLoadingMiddleware
Zend\Expressive\Router\Middleware\DispatchMiddleware
Zend\Expressive\Middleware\LazyLoadingMiddleware
Amazium\Frontend\UI\Web\Page\Page3
Zend\Expressive\Middleware\LazyLoadingMiddleware
Zend\Stratigility\Middleware\ErrorHandler
Zend\Expressive\Middleware\LazyLoadingMiddleware
Zend\Expressive\Helper\ServerUrlMiddleware
Zend\Expressive\Middleware\LazyLoadingMiddleware
Zend\Expressive\Session\SessionMiddleware
Zend\Expressive\Middleware\LazyLoadingMiddleware
Amazium\Kernel\Application\Context\ApplicationContextMiddleware
Zend\Expressive\Middleware\LazyLoadingMiddleware
Zend\Expressive\Router\Middleware\RouteMiddleware
Zend\Expressive\Middleware\LazyLoadingMiddleware
Zend\Expressive\Router\Middleware\ImplicitHeadMiddleware
Zend\Expressive\Middleware\LazyLoadingMiddleware
Zend\Expressive\Router\Middleware\ImplicitOptionsMiddleware
Zend\Expressive\Middleware\LazyLoadingMiddleware
Zend\Expressive\Router\Middleware\MethodNotAllowedMiddleware
Zend\Expressive\Middleware\LazyLoadingMiddleware
Zend\Expressive\Helper\UrlHelperMiddleware
Zend\Expressive\Middleware\LazyLoadingMiddleware
Zend\Expressive\Router\Middleware\DispatchMiddleware
Zend\Expressive\Middleware\LazyLoadingMiddleware
Amazium\Frontend\UI\Web\Page\Page3
Zend\Expressive\Middleware\LazyLoadingMiddleware
Zend\Stratigility\Middleware\ErrorHandler
Zend\Expressive\Middleware\LazyLoadingMiddleware
Zend\Expressive\Helper\ServerUrlMiddleware
Zend\Expressive\Middleware\LazyLoadingMiddleware
Zend\Expressive\Session\SessionMiddleware
Zend\Expressive\Middleware\LazyLoadingMiddleware
Amazium\Kernel\Application\Context\ApplicationContextMiddleware
Zend\Expressive\Middleware\LazyLoadingMiddleware
Zend\Expressive\Router\Middleware\RouteMiddleware
Zend\Expressive\Middleware\LazyLoadingMiddleware
Zend\Expressive\Router\Middleware\ImplicitHeadMiddleware
Zend\Expressive\Middleware\LazyLoadingMiddleware
Zend\Expressive\Router\Middleware\ImplicitOptionsMiddleware
Zend\Expressive\Middleware\LazyLoadingMiddleware
Zend\Expressive\Router\Middleware\MethodNotAllowedMiddleware
Zend\Expressive\Middleware\LazyLoadingMiddleware
Zend\Expressive\Helper\UrlHelperMiddleware
Zend\Expressive\Middleware\LazyLoadingMiddleware
Zend\Expressive\Router\Middleware\DispatchMiddleware
Zend\Expressive\Middleware\LazyLoadingMiddleware
Amazium\Frontend\UI\Web\Page\Page3
Zend\Expressive\Middleware\LazyLoadingMiddleware
Zend\Stratigility\Middleware\ErrorHandler
Zend\Expressive\Middleware\LazyLoadingMiddleware
Zend\Expressive\Helper\ServerUrlMiddleware
Zend\Expressive\Middleware\LazyLoadingMiddleware
Zend\Expressive\Session\SessionMiddleware
Zend\Expressive\Middleware\LazyLoadingMiddleware
Amazium\Kernel\Application\Context\ApplicationContextMiddleware
Zend\Expressive\Middleware\LazyLoadingMiddleware
Zend\Expressive\Router\Middleware\RouteMiddleware
Zend\Expressive\Middleware\LazyLoadingMiddleware
Zend\Expressive\Router\Middleware\ImplicitHeadMiddleware
Zend\Expressive\Middleware\LazyLoadingMiddleware
Zend\Expressive\Router\Middleware\ImplicitOptionsMiddleware
Zend\Expressive\Middleware\LazyLoadingMiddleware
Zend\Expressive\Router\Middleware\MethodNotAllowedMiddleware
Zend\Expressive\Middleware\LazyLoadingMiddleware
Zend\Expressive\Helper\UrlHelperMiddleware
Zend\Expressive\Middleware\LazyLoadingMiddleware
Zend\Expressive\Router\Middleware\DispatchMiddleware
Zend\Expressive\Middleware\LazyLoadingMiddleware
Amazium\Frontend\UI\Web\Page\Page3
Zend\Expressive\Middleware\LazyLoadingMiddleware
Zend\Stratigility\Middleware\ErrorHandler
Zend\Expressive\Middleware\LazyLoadingMiddleware
Zend\Expressive\Helper\ServerUrlMiddleware
Zend\Expressive\Middleware\LazyLoadingMiddleware
Zend\Expressive\Session\SessionMiddleware
Zend\Expressive\Middleware\LazyLoadingMiddleware
Amazium\Kernel\Application\Context\ApplicationContextMiddleware
Zend\Expressive\Middleware\LazyLoadingMiddleware
Zend\Expressive\Router\Middleware\RouteMiddleware
Zend\Expressive\Middleware\LazyLoadingMiddleware
Zend\Expressive\Router\Middleware\ImplicitHeadMiddleware
Zend\Expressive\Middleware\LazyLoadingMiddleware
Zend\Expressive\Router\Middleware\ImplicitOptionsMiddleware
Zend\Expressive\Middleware\LazyLoadingMiddleware
Zend\Expressive\Router\Middleware\MethodNotAllowedMiddleware
Zend\Expressive\Middleware\LazyLoadingMiddleware
Zend\Expressive\Helper\UrlHelperMiddleware
Zend\Expressive\Middleware\LazyLoadingMiddleware
Zend\Expressive\Router\Middleware\DispatchMiddleware
Zend\Expressive\Middleware\LazyLoadingMiddleware
Amazium\Frontend\UI\Web\Page\Page3
Zend\Expressive\Middleware\LazyLoadingMiddleware
Zend\Stratigility\Middleware\ErrorHandler
Zend\Expressive\Middleware\LazyLoadingMiddleware
Zend\Expressive\Helper\ServerUrlMiddleware
Zend\Expressive\Middleware\LazyLoadingMiddleware
Zend\Expressive\Session\SessionMiddleware
Zend\Expressive\Middleware\LazyLoadingMiddleware
Amazium\Kernel\Application\Context\ApplicationContextMiddleware
Zend\Expressive\Middleware\LazyLoadingMiddleware
Zend\Expressive\Router\Middleware\RouteMiddleware
Zend\Expressive\Middleware\LazyLoadingMiddleware
Zend\Expressive\Router\Middleware\ImplicitHeadMiddleware
Zend\Expressive\Middleware\LazyLoadingMiddleware
Zend\Expressive\Router\Middleware\ImplicitOptionsMiddleware
Zend\Expressive\Middleware\LazyLoadingMiddleware
Zend\Expressive\Router\Middleware\MethodNotAllowedMiddleware
Zend\Expressive\Middleware\LazyLoadingMiddleware
Zend\Expressive\Helper\UrlHelperMiddleware
Zend\Expressive\Middleware\LazyLoadingMiddleware
Zend\Expressive\Router\Middleware\DispatchMiddleware
Zend\Expressive\Middleware\LazyLoadingMiddleware
Amazium\Frontend\UI\Web\Page\Page3
Zend\Expressive\Middleware\LazyLoadingMiddleware
Zend\Stratigility\Middleware\ErrorHandler
Zend\Expressive\Middleware\LazyLoadingMiddleware
Zend\Expressive\Helper\ServerUrlMiddleware
Zend\Expressive\Middleware\LazyLoadingMiddleware
Zend\Expressive\Session\SessionMiddleware
Zend\Expressive\Middleware\LazyLoadingMiddleware
Amazium\Kernel\Application\Context\ApplicationContextMiddleware
Zend\Expressive\Middleware\LazyLoadingMiddleware
Zend\Expressive\Router\Middleware\RouteMiddleware
Zend\Expressive\Middleware\LazyLoadingMiddleware
Zend\Expressive\Router\Middleware\ImplicitHeadMiddleware
Zend\Expressive\Middleware\LazyLoadingMiddleware
Zend\Expressive\Router\Middleware\ImplicitOptionsMiddleware
Zend\Expressive\Middleware\LazyLoadingMiddleware
Zend\Expressive\Router\Middleware\MethodNotAllowedMiddleware
Zend\Expressive\Middleware\LazyLoadingMiddleware
Zend\Expressive\Helper\UrlHelperMiddleware
Zend\Expressive\Middleware\LazyLoadingMiddleware
Zend\Expressive\Router\Middleware\DispatchMiddleware
Zend\Expressive\Middleware\LazyLoadingMiddleware
Amazium\Frontend\UI\Web\Page\Page3
Zend\Expressive\Middleware\LazyLoadingMiddleware
Zend\Stratigility\Middleware\ErrorHandler
Zend\Expressive\Middleware\LazyLoadingMiddleware
Zend\Expressive\Helper\ServerUrlMiddleware
Zend\Expressive\Middleware\LazyLoadingMiddleware
Zend\Expressive\Session\SessionMiddleware
Zend\Expressive\Middleware\LazyLoadingMiddleware
Amazium\Kernel\Application\Context\ApplicationContextMiddleware
Zend\Expressive\Middleware\LazyLoadingMiddleware
Zend\Expressive\Router\Middleware\RouteMiddleware
Zend\Expressive\Middleware\LazyLoadingMiddleware
Zend\Expressive\Router\Middleware\ImplicitHeadMiddleware
Zend\Expressive\Middleware\LazyLoadingMiddleware
Zend\Expressive\Router\Middleware\ImplicitOptionsMiddleware
Zend\Expressive\Middleware\LazyLoadingMiddleware
Zend\Expressive\Router\Middleware\MethodNotAllowedMiddleware
Zend\Expressive\Middleware\LazyLoadingMiddleware
Zend\Expressive\Helper\UrlHelperMiddleware
Zend\Expressive\Middleware\LazyLoadingMiddleware
Zend\Expressive\Router\Middleware\DispatchMiddleware
Zend\Expressive\Middleware\LazyLoadingMiddleware
Amazium\Frontend\UI\Web\Page\Page3
Zend\Expressive\Middleware\LazyLoadingMiddleware
Zend\Stratigility\Middleware\ErrorHandler
Zend\Expressive\Middleware\LazyLoadingMiddleware
Zend\Expressive\Helper\ServerUrlMiddleware
Zend\Expressive\Middleware\LazyLoadingMiddleware
Zend\Expressive\Session\SessionMiddleware
Zend\Expressive\Middleware\LazyLoadingMiddleware
Amazium\Kernel\Application\Context\ApplicationContextMiddleware
Zend\Expressive\Middleware\LazyLoadingMiddleware
Zend\Expressive\Router\Middleware\RouteMiddleware
Zend\Expressive\Middleware\LazyLoadingMiddleware
Zend\Expressive\Router\Middleware\ImplicitHeadMiddleware
Zend\Expressive\Middleware\LazyLoadingMiddleware
Zend\Expressive\Router\Middleware\ImplicitOptionsMiddleware
Zend\Expressive\Middleware\LazyLoadingMiddleware
Zend\Expressive\Router\Middleware\MethodNotAllowedMiddleware
Zend\Expressive\Middleware\LazyLoadingMiddleware
Zend\Expressive\Helper\UrlHelperMiddleware
Zend\Expressive\Middleware\LazyLoadingMiddleware
Zend\Expressive\Router\Middleware\DispatchMiddleware
Zend\Expressive\Middleware\LazyLoadingMiddleware
Amazium\Frontend\UI\Web\Page\Page3
Zend\Expressive\Middleware\LazyLoadingMiddleware
Zend\Stratigility\Middleware\ErrorHandler
Zend\Expressive\Middleware\LazyLoadingMiddleware
Zend\Expressive\Helper\ServerUrlMiddleware
Zend\Expressive\Middleware\LazyLoadingMiddleware
Zend\Expressive\Session\SessionMiddleware
Zend\Expressive\Middleware\LazyLoadingMiddleware
Amazium\Kernel\Application\Context\ApplicationContextMiddleware
Zend\Expressive\Middleware\LazyLoadingMiddleware
Zend\Expressive\Router\Middleware\RouteMiddleware
Zend\Expressive\Middleware\LazyLoadingMiddleware
Zend\Expressive\Router\Middleware\ImplicitHeadMiddleware
Zend\Expressive\Middleware\LazyLoadingMiddleware
Zend\Expressive\Router\Middleware\ImplicitOptionsMiddleware
Zend\Expressive\Middleware\LazyLoadingMiddleware
Zend\Expressive\Router\Middleware\MethodNotAllowedMiddleware
Zend\Expressive\Middleware\LazyLoadingMiddleware
Zend\Expressive\Helper\UrlHelperMiddleware
Zend\Expressive\Middleware\LazyLoadingMiddleware
Zend\Expressive\Router\Middleware\DispatchMiddleware
Zend\Expressive\Middleware\LazyLoadingMiddleware
Amazium\Frontend\UI\Web\Page\Page3
Zend\Expressive\Middleware\LazyLoadingMiddleware
Zend\Stratigility\Middleware\ErrorHandler
Zend\Expressive\Middleware\LazyLoadingMiddleware
Zend\Expressive\Helper\ServerUrlMiddleware
Zend\Expressive\Middleware\LazyLoadingMiddleware
Zend\Expressive\Session\SessionMiddleware
Zend\Expressive\Middleware\LazyLoadingMiddleware
Amazium\Kernel\Application\Context\ApplicationContextMiddleware
Zend\Expressive\Middleware\LazyLoadingMiddleware
Zend\Expressive\Router\Middleware\RouteMiddleware
Zend\Expressive\Middleware\LazyLoadingMiddleware
Zend\Expressive\Router\Middleware\ImplicitHeadMiddleware
Zend\Expressive\Middleware\LazyLoadingMiddleware
Zend\Expressive\Router\Middleware\ImplicitOptionsMiddleware
Zend\Expressive\Middleware\LazyLoadingMiddleware
Zend\Expressive\Router\Middleware\MethodNotAllowedMiddleware
Zend\Expressive\Middleware\LazyLoadingMiddleware
Zend\Expressive\Helper\UrlHelperMiddleware
Zend\Expressive\Middleware\LazyLoadingMiddleware
Zend\Expressive\Router\Middleware\DispatchMiddleware
Zend\Expressive\Middleware\LazyLoadingMiddleware
Amazium\Frontend\UI\Web\Page\Page3
Zend\Expressive\Middleware\LazyLoadingMiddleware
Zend\Stratigility\Middleware\ErrorHandler
Zend\Expressive\Middleware\LazyLoadingMiddleware
Zend\Expressive\Helper\ServerUrlMiddleware
Zend\Expressive\Middleware\LazyLoadingMiddleware
Zend\Expressive\Session\SessionMiddleware
Zend\Expressive\Middleware\LazyLoadingMiddleware
Amazium\Kernel\Application\Context\ApplicationContextMiddleware
Zend\Expressive\Middleware\LazyLoadingMiddleware
Zend\Expressive\Router\Middleware\RouteMiddleware
Zend\Expressive\Middleware\LazyLoadingMiddleware
Zend\Expressive\Router\Middleware\ImplicitHeadMiddleware
Zend\Expressive\Middleware\LazyLoadingMiddleware
Zend\Expressive\Router\Middleware\ImplicitOptionsMiddleware
Zend\Expressive\Middleware\LazyLoadingMiddleware
Zend\Expressive\Router\Middleware\MethodNotAllowedMiddleware
Zend\Expressive\Middleware\LazyLoadingMiddleware
Zend\Expressive\Helper\UrlHelperMiddleware
Zend\Expressive\Middleware\LazyLoadingMiddleware
Zend\Expressive\Router\Middleware\DispatchMiddleware
Zend\Expressive\Middleware\LazyLoadingMiddleware
Amazium\Frontend\UI\Web\Page\Page3
Zend\Expressive\Middleware\LazyLoadingMiddleware
Zend\Stratigility\Middleware\ErrorHandler
Zend\Expressive\Middleware\LazyLoadingMiddleware
Zend\Expressive\Helper\ServerUrlMiddleware
Zend\Expressive\Middleware\LazyLoadingMiddleware
Zend\Expressive\Session\SessionMiddleware
Zend\Expressive\Middleware\LazyLoadingMiddleware
Amazium\Kernel\Application\Context\ApplicationContextMiddleware
Zend\Expressive\Middleware\LazyLoadingMiddleware
Zend\Expressive\Router\Middleware\RouteMiddleware
Zend\Expressive\Middleware\LazyLoadingMiddleware
Zend\Expressive\Router\Middleware\ImplicitHeadMiddleware
Zend\Expressive\Middleware\LazyLoadingMiddleware
Zend\Expressive\Router\Middleware\ImplicitOptionsMiddleware
Zend\Expressive\Middleware\LazyLoadingMiddleware
Zend\Expressive\Router\Middleware\MethodNotAllowedMiddleware
Zend\Expressive\Middleware\LazyLoadingMiddleware
Zend\Expressive\Helper\UrlHelperMiddleware
Zend\Expressive\Middleware\LazyLoadingMiddleware
Zend\Expressive\Router\Middleware\DispatchMiddleware
Zend\Expressive\Middleware\LazyLoadingMiddleware
Amazium\Frontend\UI\Web\Page\Page3
Zend\Expressive\Middleware\LazyLoadingMiddleware
Zend\Stratigility\Middleware\ErrorHandler
Zend\Expressive\Middleware\LazyLoadingMiddleware
Zend\Expressive\Helper\ServerUrlMiddleware
Zend\Expressive\Middleware\LazyLoadingMiddleware
Zend\Expressive\Session\SessionMiddleware
Zend\Expressive\Middleware\LazyLoadingMiddleware
Amazium\Kernel\Application\Context\ApplicationContextMiddleware
Zend\Expressive\Middleware\LazyLoadingMiddleware
Zend\Expressive\Router\Middleware\RouteMiddleware
Zend\Expressive\Middleware\LazyLoadingMiddleware
Zend\Expressive\Router\Middleware\ImplicitHeadMiddleware
Zend\Expressive\Middleware\LazyLoadingMiddleware
Zend\Expressive\Router\Middleware\ImplicitOptionsMiddleware
Zend\Expressive\Middleware\LazyLoadingMiddleware
Zend\Expressive\Router\Middleware\MethodNotAllowedMiddleware
Zend\Expressive\Middleware\LazyLoadingMiddleware
Zend\Expressive\Helper\UrlHelperMiddleware
Zend\Expressive\Middleware\LazyLoadingMiddleware
Zend\Expressive\Router\Middleware\DispatchMiddleware
Zend\Expressive\Middleware\LazyLoadingMiddleware
Amazium\Frontend\UI\Web\Page\Page3
Zend\Expressive\Middleware\LazyLoadingMiddleware
Zend\Stratigility\Middleware\ErrorHandler
Zend\Expressive\Middleware\LazyLoadingMiddleware
Zend\Expressive\Helper\ServerUrlMiddleware
Zend\Expressive\Middleware\LazyLoadingMiddleware
Zend\Expressive\Session\SessionMiddleware
Zend\Expressive\Middleware\LazyLoadingMiddleware
Amazium\Kernel\Application\Context\ApplicationContextMiddleware
Zend\Expressive\Middleware\LazyLoadingMiddleware
Zend\Expressive\Router\Middleware\RouteMiddleware
Zend\Expressive\Middleware\LazyLoadingMiddleware
Zend\Expressive\Router\Middleware\ImplicitHeadMiddleware
Zend\Expressive\Middleware\LazyLoadingMiddleware
Zend\Expressive\Router\Middleware\ImplicitOptionsMiddleware
Zend\Expressive\Middleware\LazyLoadingMiddleware
Zend\Expressive\Router\Middleware\MethodNotAllowedMiddleware
Zend\Expressive\Middleware\LazyLoadingMiddleware
Zend\Expressive\Helper\UrlHelperMiddleware
Zend\Expressive\Middleware\LazyLoadingMiddleware
Zend\Expressive\Router\Middleware\DispatchMiddleware
Zend\Expressive\Middleware\LazyLoadingMiddleware
Amazium\Frontend\UI\Web\Page\Page3
Zend\Expressive\Middleware\LazyLoadingMiddleware
Zend\Stratigility\Middleware\ErrorHandler
Zend\Expressive\Middleware\LazyLoadingMiddleware
Zend\Expressive\Helper\ServerUrlMiddleware
Zend\Expressive\Middleware\LazyLoadingMiddleware
Zend\Expressive\Session\SessionMiddleware
Zend\Expressive\Middleware\LazyLoadingMiddleware
Amazium\Kernel\Application\Context\ApplicationContextMiddleware
Zend\Expressive\Middleware\LazyLoadingMiddleware
Zend\Expressive\Router\Middleware\RouteMiddleware
Zend\Expressive\Middleware\LazyLoadingMiddleware
Zend\Expressive\Router\Middleware\ImplicitHeadMiddleware
Zend\Expressive\Middleware\LazyLoadingMiddleware
Zend\Expressive\Router\Middleware\ImplicitOptionsMiddleware
Zend\Expressive\Middleware\LazyLoadingMiddleware
Zend\Expressive\Router\Middleware\MethodNotAllowedMiddleware
Zend\Expressive\Middleware\LazyLoadingMiddleware
Zend\Expressive\Helper\UrlHelperMiddleware
Zend\Expressive\Middleware\LazyLoadingMiddleware
Zend\Expressive\Router\Middleware\DispatchMiddleware
Zend\Expressive\Middleware\LazyLoadingMiddleware
Amazium\Frontend\UI\Web\Page\Page3
Zend\Expressive\Middleware\LazyLoadingMiddleware
Zend\Stratigility\Middleware\ErrorHandler
Zend\Expressive\Middleware\LazyLoadingMiddleware
Zend\Expressive\Helper\ServerUrlMiddleware
Zend\Expressive\Middleware\LazyLoadingMiddleware
Zend\Expressive\Session\SessionMiddleware
Zend\Expressive\Middleware\LazyLoadingMiddleware
Amazium\Kernel\Application\Context\ApplicationContextMiddleware
Zend\Expressive\Middleware\LazyLoadingMiddleware
Zend\Expressive\Router\Middleware\RouteMiddleware
Zend\Expressive\Middleware\LazyLoadingMiddleware
Zend\Expressive\Router\Middleware\ImplicitHeadMiddleware
Zend\Expressive\Middleware\LazyLoadingMiddleware
Zend\Expressive\Router\Middleware\ImplicitOptionsMiddleware
Zend\Expressive\Middleware\LazyLoadingMiddleware
Zend\Expressive\Router\Middleware\MethodNotAllowedMiddleware
Zend\Expressive\Middleware\LazyLoadingMiddleware
Zend\Expressive\Helper\UrlHelperMiddleware
Zend\Expressive\Middleware\LazyLoadingMiddleware
Zend\Expressive\Router\Middleware\DispatchMiddleware
Zend\Expressive\Middleware\LazyLoadingMiddleware
Amazium\Frontend\UI\Web\Page\Page3
Zend\Expressive\Middleware\LazyLoadingMiddleware
Zend\Stratigility\Middleware\ErrorHandler
Zend\Expressive\Middleware\LazyLoadingMiddleware
Zend\Expressive\Helper\ServerUrlMiddleware
Zend\Expressive\Middleware\LazyLoadingMiddleware
Zend\Expressive\Session\SessionMiddleware
Zend\Expressive\Middleware\LazyLoadingMiddleware
Amazium\Kernel\Application\Context\ApplicationContextMiddleware
Zend\Expressive\Middleware\LazyLoadingMiddleware
Zend\Expressive\Router\Middleware\RouteMiddleware
Zend\Expressive\Middleware\LazyLoadingMiddleware
Zend\Expressive\Router\Middleware\ImplicitHeadMiddleware
Zend\Expressive\Middleware\LazyLoadingMiddleware
Zend\Expressive\Router\Middleware\ImplicitOptionsMiddleware
Zend\Expressive\Middleware\LazyLoadingMiddleware
Zend\Expressive\Router\Middleware\MethodNotAllowedMiddleware
Zend\Expressive\Middleware\LazyLoadingMiddleware
Zend\Expressive\Helper\UrlHelperMiddleware
Zend\Expressive\Middleware\LazyLoadingMiddleware
Zend\Expressive\Router\Middleware\DispatchMiddleware
Zend\Expressive\Middleware\LazyLoadingMiddleware
Amazium\Frontend\UI\Web\Page\Page3
Zend\Expressive\Middleware\LazyLoadingMiddleware
Zend\Stratigility\Middleware\ErrorHandler
Zend\Expressive\Middleware\LazyLoadingMiddleware
Zend\Expressive\Helper\ServerUrlMiddleware
Zend\Expressive\Middleware\LazyLoadingMiddleware
Zend\Expressive\Session\SessionMiddleware
Zend\Expressive\Middleware\LazyLoadingMiddleware
Amazium\Kernel\Application\Context\ApplicationContextMiddleware
Zend\Expressive\Middleware\LazyLoadingMiddleware
Zend\Expressive\Router\Middleware\RouteMiddleware
Zend\Expressive\Middleware\LazyLoadingMiddleware
Zend\Expressive\Router\Middleware\ImplicitHeadMiddleware
Zend\Expressive\Middleware\LazyLoadingMiddleware
Zend\Expressive\Router\Middleware\ImplicitOptionsMiddleware
Zend\Expressive\Middleware\LazyLoadingMiddleware
Zend\Expressive\Router\Middleware\MethodNotAllowedMiddleware
Zend\Expressive\Middleware\LazyLoadingMiddleware
Zend\Expressive\Helper\UrlHelperMiddleware
Zend\Expressive\Middleware\LazyLoadingMiddleware
Zend\Expressive\Router\Middleware\DispatchMiddleware
Zend\Expressive\Middleware\LazyLoadingMiddleware
Amazium\Frontend\UI\Web\Page\Page3
Zend\Expressive\Middleware\LazyLoadingMiddleware
Zend\Stratigility\Middleware\ErrorHandler
Zend\Expressive\Middleware\LazyLoadingMiddleware
Zend\Expressive\Helper\ServerUrlMiddleware
Zend\Expressive\Middleware\LazyLoadingMiddleware
Zend\Expressive\Session\SessionMiddleware
Zend\Expressive\Middleware\LazyLoadingMiddleware
Amazium\Kernel\Application\Context\ApplicationContextMiddleware
Zend\Expressive\Middleware\LazyLoadingMiddleware
Zend\Expressive\Router\Middleware\RouteMiddleware
Zend\Expressive\Middleware\LazyLoadingMiddleware
Zend\Expressive\Router\Middleware\ImplicitHeadMiddleware
Zend\Expressive\Middleware\LazyLoadingMiddleware
Zend\Expressive\Router\Middleware\ImplicitOptionsMiddleware
Zend\Expressive\Middleware\LazyLoadingMiddleware
Zend\Expressive\Router\Middleware\MethodNotAllowedMiddleware
Zend\Expressive\Middleware\LazyLoadingMiddleware
Zend\Expressive\Helper\UrlHelperMiddleware
Zend\Expressive\Middleware\LazyLoadingMiddleware
Zend\Expressive\Router\Middleware\DispatchMiddleware
Zend\Expressive\Middleware\LazyLoadingMiddleware
Amazium\Frontend\UI\Web\Page\Page3
Zend\Expressive\Middleware\LazyLoadingMiddleware
Zend\Stratigility\Middleware\ErrorHandler
Zend\Expressive\Middleware\LazyLoadingMiddleware
Zend\Expressive\Helper\ServerUrlMiddleware
Zend\Expressive\Middleware\LazyLoadingMiddleware
Zend\Expressive\Session\SessionMiddleware
Zend\Expressive\Middleware\LazyLoadingMiddleware
Amazium\Kernel\Application\Context\ApplicationContextMiddleware
Zend\Expressive\Middleware\LazyLoadingMiddleware
Zend\Expressive\Router\Middleware\RouteMiddleware
Zend\Expressive\Middleware\LazyLoadingMiddleware
Zend\Expressive\Router\Middleware\ImplicitHeadMiddleware
Zend\Expressive\Middleware\LazyLoadingMiddleware
Zend\Expressive\Router\Middleware\ImplicitOptionsMiddleware
Zend\Expressive\Middleware\LazyLoadingMiddleware
Zend\Expressive\Router\Middleware\MethodNotAllowedMiddleware
Zend\Expressive\Middleware\LazyLoadingMiddleware
Zend\Expressive\Helper\UrlHelperMiddleware
Zend\Expressive\Middleware\LazyLoadingMiddleware
Zend\Expressive\Router\Middleware\DispatchMiddleware
Zend\Expressive\Middleware\LazyLoadingMiddleware
Amazium\Frontend\UI\Web\Page\Page3
Zend\Expressive\Middleware\LazyLoadingMiddleware
Zend\Stratigility\Middleware\ErrorHandler
Zend\Expressive\Middleware\LazyLoadingMiddleware
Zend\Expressive\Helper\ServerUrlMiddleware
Zend\Expressive\Middleware\LazyLoadingMiddleware
Zend\Expressive\Session\SessionMiddleware
Zend\Expressive\Middleware\LazyLoadingMiddleware
Amazium\Kernel\Application\Context\ApplicationContextMiddleware
Zend\Expressive\Middleware\LazyLoadingMiddleware
Zend\Expressive\Router\Middleware\RouteMiddleware
Zend\Expressive\Middleware\LazyLoadingMiddleware
Zend\Expressive\Router\Middleware\ImplicitHeadMiddleware
Zend\Expressive\Middleware\LazyLoadingMiddleware
Zend\Expressive\Router\Middleware\ImplicitOptionsMiddleware
Zend\Expressive\Middleware\LazyLoadingMiddleware
Zend\Expressive\Router\Middleware\MethodNotAllowedMiddleware
Zend\Expressive\Middleware\LazyLoadingMiddleware
Zend\Expressive\Helper\UrlHelperMiddleware
Zend\Expressive\Middleware\LazyLoadingMiddleware
Zend\Expressive\Router\Middleware\DispatchMiddleware
Zend\Expressive\Middleware\LazyLoadingMiddleware
Amazium\Frontend\UI\Web\Page\Page3
Zend\Expressive\Middleware\LazyLoadingMiddleware
Zend\Stratigility\Middleware\ErrorHandler
Zend\Expressive\Middleware\LazyLoadingMiddleware
Zend\Expressive\Helper\ServerUrlMiddleware
Zend\Expressive\Middleware\LazyLoadingMiddleware
Zend\Expressive\Session\SessionMiddleware
Zend\Expressive\Middleware\LazyLoadingMiddleware
Amazium\Kernel\Application\Context\ApplicationContextMiddleware
Zend\Expressive\Middleware\LazyLoadingMiddleware
Zend\Expressive\Router\Middleware\RouteMiddleware
Zend\Expressive\Middleware\LazyLoadingMiddleware
Zend\Expressive\Router\Middleware\ImplicitHeadMiddleware
Zend\Expressive\Middleware\LazyLoadingMiddleware
Zend\Expressive\Router\Middleware\ImplicitOptionsMiddleware
Zend\Expressive\Middleware\LazyLoadingMiddleware
Zend\Expressive\Router\Middleware\MethodNotAllowedMiddleware
Zend\Expressive\Middleware\LazyLoadingMiddleware
Zend\Expressive\Helper\UrlHelperMiddleware
Zend\Expressive\Middleware\LazyLoadingMiddleware
Zend\Expressive\Router\Middleware\DispatchMiddleware
Zend\Expressive\Middleware\LazyLoadingMiddleware
Amazium\Frontend\UI\Web\Page\Page3
Zend\Expressive\Middleware\LazyLoadingMiddleware
Zend\Stratigility\Middleware\ErrorHandler
Zend\Expressive\Middleware\LazyLoadingMiddleware
Zend\Expressive\Helper\ServerUrlMiddleware
Zend\Expressive\Middleware\LazyLoadingMiddleware
Zend\Expressive\Session\SessionMiddleware
Zend\Expressive\Middleware\LazyLoadingMiddleware
Amazium\Kernel\Application\Context\ApplicationContextMiddleware
Zend\Expressive\Middleware\LazyLoadingMiddleware
Zend\Expressive\Router\Middleware\RouteMiddleware
Zend\Expressive\Middleware\LazyLoadingMiddleware
Zend\Expressive\Router\Middleware\ImplicitHeadMiddleware
Zend\Expressive\Middleware\LazyLoadingMiddleware
Zend\Expressive\Router\Middleware\ImplicitOptionsMiddleware
Zend\Expressive\Middleware\LazyLoadingMiddleware
Zend\Expressive\Router\Middleware\MethodNotAllowedMiddleware
Zend\Expressive\Middleware\LazyLoadingMiddleware
Zend\Expressive\Helper\UrlHelperMiddleware
Zend\Expressive\Middleware\LazyLoadingMiddleware
Zend\Expressive\Router\Middleware\DispatchMiddleware
Zend\Expressive\Middleware\LazyLoadingMiddleware
Amazium\Frontend\UI\Web\Page\Page3
Zend\Expressive\Middleware\LazyLoadingMiddleware
Zend\Stratigility\Middleware\ErrorHandler
Zend\Expressive\Middleware\LazyLoadingMiddleware
Zend\Expressive\Helper\ServerUrlMiddleware
Zend\Expressive\Middleware\LazyLoadingMiddleware
Zend\Expressive\Session\SessionMiddleware
Zend\Expressive\Middleware\LazyLoadingMiddleware
Amazium\Kernel\Application\Context\ApplicationContextMiddleware
Zend\Expressive\Middleware\LazyLoadingMiddleware
Zend\Expressive\Router\Middleware\RouteMiddleware
Zend\Expressive\Middleware\LazyLoadingMiddleware
Zend\Expressive\Router\Middleware\ImplicitHeadMiddleware
Zend\Expressive\Middleware\LazyLoadingMiddleware
Zend\Expressive\Router\Middleware\ImplicitOptionsMiddleware
Zend\Expressive\Middleware\LazyLoadingMiddleware
Zend\Expressive\Router\Middleware\MethodNotAllowedMiddleware
Zend\Expressive\Middleware\LazyLoadingMiddleware
Zend\Expressive\Helper\UrlHelperMiddleware
Zend\Expressive\Middleware\LazyLoadingMiddleware
Zend\Expressive\Router\Middleware\DispatchMiddleware
Zend\Expressive\Middleware\LazyLoadingMiddleware
Amazium\Frontend\UI\Web\Page\Page3
Zend\Expressive\Middleware\LazyLoadingMiddleware
Zend\Stratigility\Middleware\ErrorHandler
Zend\Expressive\Middleware\LazyLoadingMiddleware
Zend\Expressive\Helper\ServerUrlMiddleware
Zend\Expressive\Middleware\LazyLoadingMiddleware
Zend\Expressive\Session\SessionMiddleware
Zend\Expressive\Middleware\LazyLoadingMiddleware
Amazium\Kernel\Application\Context\ApplicationContextMiddleware
Zend\Expressive\Middleware\LazyLoadingMiddleware
Zend\Expressive\Router\Middleware\RouteMiddleware
Zend\Expressive\Middleware\LazyLoadingMiddleware
Zend\Expressive\Router\Middleware\ImplicitHeadMiddleware
Zend\Expressive\Middleware\LazyLoadingMiddleware
Zend\Expressive\Router\Middleware\ImplicitOptionsMiddleware
Zend\Expressive\Middleware\LazyLoadingMiddleware
Zend\Expressive\Router\Middleware\MethodNotAllowedMiddleware
Zend\Expressive\Middleware\LazyLoadingMiddleware
Zend\Expressive\Helper\UrlHelperMiddleware
Zend\Expressive\Middleware\LazyLoadingMiddleware
Zend\Expressive\Router\Middleware\DispatchMiddleware
Zend\Expressive\Middleware\LazyLoadingMiddleware
Amazium\Frontend\UI\Web\Page\Page3
Zend\Expressive\Middleware\LazyLoadingMiddleware
Zend\Stratigility\Middleware\ErrorHandler
Zend\Expressive\Middleware\LazyLoadingMiddleware
Zend\Expressive\Helper\ServerUrlMiddleware
Zend\Expressive\Middleware\LazyLoadingMiddleware
Zend\Expressive\Session\SessionMiddleware
Zend\Expressive\Middleware\LazyLoadingMiddleware
Amazium\Kernel\Application\Context\ApplicationContextMiddleware
Zend\Expressive\Middleware\LazyLoadingMiddleware
Zend\Expressive\Router\Middleware\RouteMiddleware
Zend\Expressive\Middleware\LazyLoadingMiddleware
Zend\Expressive\Router\Middleware\ImplicitHeadMiddleware
Zend\Expressive\Middleware\LazyLoadingMiddleware
Zend\Expressive\Router\Middleware\ImplicitOptionsMiddleware
Zend\Expressive\Middleware\LazyLoadingMiddleware
Zend\Expressive\Router\Middleware\MethodNotAllowedMiddleware
Zend\Expressive\Middleware\LazyLoadingMiddleware
Zend\Expressive\Helper\UrlHelperMiddleware
Zend\Expressive\Middleware\LazyLoadingMiddleware
Zend\Expressive\Router\Middleware\DispatchMiddleware
Zend\Expressive\Middleware\LazyLoadingMiddleware
Amazium\Frontend\UI\Web\Page\Page3
Zend\Expressive\Middleware\LazyLoadingMiddleware
Zend\Stratigility\Middleware\ErrorHandler
Zend\Expressive\Middleware\LazyLoadingMiddleware
Zend\Expressive\Helper\ServerUrlMiddleware
Zend\Expressive\Middleware\LazyLoadingMiddleware
Zend\Expressive\Session\SessionMiddleware
Zend\Expressive\Middleware\LazyLoadingMiddleware
Amazium\Kernel\Application\Context\ApplicationContextMiddleware
Zend\Expressive\Middleware\LazyLoadingMiddleware
Zend\Expressive\Router\Middleware\RouteMiddleware
Zend\Expressive\Middleware\LazyLoadingMiddleware
Zend\Expressive\Router\Middleware\ImplicitHeadMiddleware
Zend\Expressive\Middleware\LazyLoadingMiddleware
Zend\Expressive\Router\Middleware\ImplicitOptionsMiddleware
Zend\Expressive\Middleware\LazyLoadingMiddleware
Zend\Expressive\Router\Middleware\MethodNotAllowedMiddleware
Zend\Expressive\Middleware\LazyLoadingMiddleware
Zend\Expressive\Helper\UrlHelperMiddleware
Zend\Expressive\Middleware\LazyLoadingMiddleware
Zend\Expressive\Router\Middleware\DispatchMiddleware
Zend\Expressive\Middleware\LazyLoadingMiddleware
Amazium\Frontend\UI\Web\Page\Page3
Zend\Expressive\Middleware\LazyLoadingMiddleware
Zend\Stratigility\Middleware\ErrorHandler
Zend\Expressive\Middleware\LazyLoadingMiddleware
Zend\Expressive\Helper\ServerUrlMiddleware
Zend\Expressive\Middleware\LazyLoadingMiddleware
Zend\Expressive\Session\SessionMiddleware
Zend\Expressive\Middleware\LazyLoadingMiddleware
Amazium\Kernel\Application\Context\ApplicationContextMiddleware
Zend\Expressive\Middleware\LazyLoadingMiddleware
Zend\Expressive\Router\Middleware\RouteMiddleware
Zend\Expressive\Middleware\LazyLoadingMiddleware
Zend\Expressive\Router\Middleware\ImplicitHeadMiddleware
Zend\Expressive\Middleware\LazyLoadingMiddleware
Zend\Expressive\Router\Middleware\ImplicitOptionsMiddleware
Zend\Expressive\Middleware\LazyLoadingMiddleware
Zend\Expressive\Router\Middleware\MethodNotAllowedMiddleware
Zend\Expressive\Middleware\LazyLoadingMiddleware
Zend\Expressive\Helper\UrlHelperMiddleware
Zend\Expressive\Middleware\LazyLoadingMiddleware
Zend\Expressive\Router\Middleware\DispatchMiddleware
Zend\Expressive\Middleware\LazyLoadingMiddleware
Amazium\Frontend\UI\Web\Page\Page3
Zend\Expressive\Middleware\LazyLoadingMiddleware
Zend\Stratigility\Middleware\ErrorHandler
Zend\Expressive\Middleware\LazyLoadingMiddleware
Zend\Expressive\Helper\ServerUrlMiddleware
Zend\Expressive\Middleware\LazyLoadingMiddleware
Zend\Expressive\Session\SessionMiddleware
Zend\Expressive\Middleware\LazyLoadingMiddleware
Amazium\Kernel\Application\Context\ApplicationContextMiddleware
Zend\Expressive\Middleware\LazyLoadingMiddleware
Zend\Expressive\Router\Middleware\RouteMiddleware
Zend\Expressive\Middleware\LazyLoadingMiddleware
Zend\Expressive\Router\Middleware\ImplicitHeadMiddleware
Zend\Expressive\Middleware\LazyLoadingMiddleware
Zend\Expressive\Router\Middleware\ImplicitOptionsMiddleware
Zend\Expressive\Middleware\LazyLoadingMiddleware
Zend\Expressive\Router\Middleware\MethodNotAllowedMiddleware
Zend\Expressive\Middleware\LazyLoadingMiddleware
Zend\Expressive\Helper\UrlHelperMiddleware
Zend\Expressive\Middleware\LazyLoadingMiddleware
Zend\Expressive\Router\Middleware\DispatchMiddleware
Zend\Expressive\Middleware\LazyLoadingMiddleware
Amazium\Frontend\UI\Web\Page\Page3
Zend\Expressive\Middleware\LazyLoadingMiddleware
Zend\Stratigility\Middleware\ErrorHandler
Zend\Expressive\Middleware\LazyLoadingMiddleware
Zend\Expressive\Helper\ServerUrlMiddleware
Zend\Expressive\Middleware\LazyLoadingMiddleware
Zend\Expressive\Session\SessionMiddleware
Zend\Expressive\Middleware\LazyLoadingMiddleware
Amazium\Kernel\Application\Context\ApplicationContextMiddleware
Zend\Expressive\Middleware\LazyLoadingMiddleware
Zend\Expressive\Router\Middleware\RouteMiddleware
Zend\Expressive\Middleware\LazyLoadingMiddleware
Zend\Expressive\Router\Middleware\ImplicitHeadMiddleware
Zend\Expressive\Middleware\LazyLoadingMiddleware
Zend\Expressive\Router\Middleware\ImplicitOptionsMiddleware
Zend\Expressive\Middleware\LazyLoadingMiddleware
Zend\Expressive\Router\Middleware\MethodNotAllowedMiddleware
Zend\Expressive\Middleware\LazyLoadingMiddleware
Zend\Stratigility\Middleware\ErrorHandler
Zend\Expressive\Middleware\LazyLoadingMiddleware
Zend\Expressive\Helper\ServerUrlMiddleware
Zend\Expressive\Middleware\LazyLoadingMiddleware
Zend\Expressive\Session\SessionMiddleware
Zend\Expressive\Middleware\LazyLoadingMiddleware
Amazium\Kernel\Application\Context\ApplicationContextMiddleware
Zend\Expressive\Middleware\LazyLoadingMiddleware
Zend\Expressive\Router\Middleware\RouteMiddleware
Zend\Expressive\Middleware\LazyLoadingMiddleware
Zend\Expressive\Router\Middleware\ImplicitHeadMiddleware
Zend\Expressive\Middleware\LazyLoadingMiddleware
Zend\Expressive\Router\Middleware\ImplicitOptionsMiddleware
Zend\Expressive\Middleware\LazyLoadingMiddleware
Zend\Expressive\Router\Middleware\MethodNotAllowedMiddleware
Zend\Expressive\Middleware\LazyLoadingMiddleware
Zend\Expressive\Helper\UrlHelperMiddleware
Zend\Expressive\Middleware\LazyLoadingMiddleware
Zend\Expressive\Router\Middleware\DispatchMiddleware
Zend\Expressive\Middleware\LazyLoadingMiddleware
Amazium\Frontend\UI\Web\Page\Page3
Zend\Expressive\Middleware\LazyLoadingMiddleware
Zend\Stratigility\Middleware\ErrorHandler
Zend\Expressive\Middleware\LazyLoadingMiddleware
Zend\Expressive\Helper\ServerUrlMiddleware
Zend\Expressive\Middleware\LazyLoadingMiddleware
Zend\Expressive\Session\SessionMiddleware
Zend\Expressive\Middleware\LazyLoadingMiddleware
Amazium\Kernel\Application\Context\ApplicationContextMiddleware
Zend\Expressive\Middleware\LazyLoadingMiddleware
Zend\Expressive\Router\Middleware\RouteMiddleware
Zend\Expressive\Middleware\LazyLoadingMiddleware
Zend\Expressive\Router\Middleware\ImplicitHeadMiddleware
Zend\Expressive\Middleware\LazyLoadingMiddleware
Zend\Expressive\Router\Middleware\ImplicitOptionsMiddleware
Zend\Expressive\Middleware\LazyLoadingMiddleware
Zend\Expressive\Router\Middleware\MethodNotAllowedMiddleware
Zend\Expressive\Middleware\LazyLoadingMiddleware
Zend\Expressive\Helper\UrlHelperMiddleware
Zend\Expressive\Middleware\LazyLoadingMiddleware
Zend\Expressive\Router\Middleware\DispatchMiddleware
Zend\Expressive\Middleware\LazyLoadingMiddleware
Amazium\Frontend\UI\Web\Page\Page3
Zend\Expressive\Middleware\LazyLoadingMiddleware
Zend\Stratigility\Middleware\ErrorHandler
Zend\Expressive\Middleware\LazyLoadingMiddleware
Zend\Expressive\Helper\ServerUrlMiddleware
Zend\Expressive\Middleware\LazyLoadingMiddleware
Zend\Expressive\Session\SessionMiddleware
Zend\Expressive\Middleware\LazyLoadingMiddleware
Amazium\Kernel\Application\Context\ApplicationContextMiddleware
Zend\Expressive\Middleware\LazyLoadingMiddleware
Zend\Expressive\Router\Middleware\RouteMiddleware
Zend\Expressive\Middleware\LazyLoadingMiddleware
Zend\Expressive\Router\Middleware\ImplicitHeadMiddleware
Zend\Expressive\Middleware\LazyLoadingMiddleware
Zend\Expressive\Router\Middleware\ImplicitOptionsMiddleware
Zend\Expressive\Middleware\LazyLoadingMiddleware
Zend\Expressive\Router\Middleware\MethodNotAllowedMiddleware
Zend\Expressive\Middleware\LazyLoadingMiddleware
Zend\Expressive\Helper\UrlHelperMiddleware
Zend\Expressive\Middleware\LazyLoadingMiddleware
Zend\Expressive\Router\Middleware\DispatchMiddleware
Zend\Expressive\Middleware\LazyLoadingMiddleware
Amazium\Frontend\UI\Web\Page\Page3
Zend\Expressive\Middleware\LazyLoadingMiddleware
Zend\Stratigility\Middleware\ErrorHandler
Zend\Expressive\Middleware\LazyLoadingMiddleware
Zend\Expressive\Helper\ServerUrlMiddleware
Zend\Expressive\Middleware\LazyLoadingMiddleware
Zend\Expressive\Session\SessionMiddleware
Zend\Expressive\Middleware\LazyLoadingMiddleware
Amazium\Kernel\Application\Context\ApplicationContextMiddleware
Zend\Expressive\Middleware\LazyLoadingMiddleware
Zend\Expressive\Router\Middleware\RouteMiddleware
Zend\Expressive\Middleware\LazyLoadingMiddleware
Zend\Expressive\Router\Middleware\ImplicitHeadMiddleware
Zend\Expressive\Middleware\LazyLoadingMiddleware
Zend\Expressive\Router\Middleware\ImplicitOptionsMiddleware
Zend\Expressive\Middleware\LazyLoadingMiddleware
Zend\Expressive\Router\Middleware\MethodNotAllowedMiddleware
Zend\Expressive\Middleware\LazyLoadingMiddleware
Zend\Expressive\Helper\UrlHelperMiddleware
Zend\Expressive\Middleware\LazyLoadingMiddleware
Zend\Expressive\Router\Middleware\DispatchMiddleware
Zend\Expressive\Middleware\LazyLoadingMiddleware
Amazium\Frontend\UI\Web\Page\Page2
Zend\Expressive\Middleware\LazyLoadingMiddleware
Zend\Stratigility\Middleware\ErrorHandler
Zend\Expressive\Middleware\LazyLoadingMiddleware
Zend\Expressive\Helper\ServerUrlMiddleware
Zend\Expressive\Middleware\LazyLoadingMiddleware
Zend\Expressive\Session\SessionMiddleware
Zend\Expressive\Middleware\LazyLoadingMiddleware
Amazium\Kernel\Application\Context\ApplicationContextMiddleware
Zend\Expressive\Middleware\LazyLoadingMiddleware
Zend\Expressive\Router\Middleware\RouteMiddleware
Zend\Expressive\Middleware\LazyLoadingMiddleware
Zend\Expressive\Router\Middleware\ImplicitHeadMiddleware
Zend\Expressive\Middleware\LazyLoadingMiddleware
Zend\Expressive\Router\Middleware\ImplicitOptionsMiddleware
Zend\Expressive\Middleware\LazyLoadingMiddleware
Zend\Expressive\Router\Middleware\MethodNotAllowedMiddleware
Zend\Expressive\Middleware\LazyLoadingMiddleware
Zend\Expressive\Helper\UrlHelperMiddleware
Zend\Expressive\Middleware\LazyLoadingMiddleware
Zend\Expressive\Router\Middleware\DispatchMiddleware
Zend\Expressive\Middleware\LazyLoadingMiddleware
Amazium\Frontend\UI\Web\Page\Page2
Zend\Expressive\Middleware\LazyLoadingMiddleware
Zend\Stratigility\Middleware\ErrorHandler
Zend\Expressive\Middleware\LazyLoadingMiddleware
Zend\Expressive\Helper\ServerUrlMiddleware
Zend\Expressive\Middleware\LazyLoadingMiddleware
Zend\Expressive\Session\SessionMiddleware
Zend\Expressive\Middleware\LazyLoadingMiddleware
Amazium\Kernel\Application\Context\ApplicationContextMiddleware
Zend\Expressive\Middleware\LazyLoadingMiddleware
Zend\Expressive\Router\Middleware\RouteMiddleware
Zend\Expressive\Middleware\LazyLoadingMiddleware
Zend\Expressive\Router\Middleware\ImplicitHeadMiddleware
Zend\Expressive\Middleware\LazyLoadingMiddleware
Zend\Expressive\Router\Middleware\ImplicitOptionsMiddleware
Zend\Expressive\Middleware\LazyLoadingMiddleware
Zend\Expressive\Router\Middleware\MethodNotAllowedMiddleware
Zend\Expressive\Middleware\LazyLoadingMiddleware
Zend\Expressive\Helper\UrlHelperMiddleware
Zend\Expressive\Middleware\LazyLoadingMiddleware
Zend\Expressive\Router\Middleware\DispatchMiddleware
Zend\Expressive\Middleware\LazyLoadingMiddleware
Amazium\Frontend\UI\Web\Page\Page2
Zend\Expressive\Middleware\LazyLoadingMiddleware
Zend\Stratigility\Middleware\ErrorHandler
Zend\Expressive\Middleware\LazyLoadingMiddleware
Zend\Expressive\Helper\ServerUrlMiddleware
Zend\Expressive\Middleware\LazyLoadingMiddleware
Zend\Expressive\Session\SessionMiddleware
Zend\Expressive\Middleware\LazyLoadingMiddleware
Amazium\Kernel\Application\Context\ApplicationContextMiddleware
Zend\Expressive\Middleware\LazyLoadingMiddleware
Zend\Expressive\Router\Middleware\RouteMiddleware
Zend\Expressive\Middleware\LazyLoadingMiddleware
Zend\Expressive\Router\Middleware\ImplicitHeadMiddleware
Zend\Expressive\Middleware\LazyLoadingMiddleware
Zend\Expressive\Router\Middleware\ImplicitOptionsMiddleware
Zend\Expressive\Middleware\LazyLoadingMiddleware
Zend\Expressive\Router\Middleware\MethodNotAllowedMiddleware
Zend\Expressive\Middleware\LazyLoadingMiddleware
Zend\Expressive\Helper\UrlHelperMiddleware
Zend\Expressive\Middleware\LazyLoadingMiddleware
Zend\Expressive\Router\Middleware\DispatchMiddleware
Zend\Expressive\Middleware\LazyLoadingMiddleware
Amazium\Frontend\UI\Web\Page\Page2
Zend\Expressive\Middleware\LazyLoadingMiddleware
Zend\Stratigility\Middleware\ErrorHandler
Zend\Expressive\Middleware\LazyLoadingMiddleware
Zend\Expressive\Helper\ServerUrlMiddleware
Zend\Expressive\Middleware\LazyLoadingMiddleware
Zend\Expressive\Session\SessionMiddleware
Zend\Expressive\Middleware\LazyLoadingMiddleware
Amazium\Kernel\Application\Context\ApplicationContextMiddleware
Zend\Expressive\Middleware\LazyLoadingMiddleware
Zend\Expressive\Router\Middleware\RouteMiddleware
Zend\Expressive\Middleware\LazyLoadingMiddleware
Zend\Expressive\Router\Middleware\ImplicitHeadMiddleware
Zend\Expressive\Middleware\LazyLoadingMiddleware
Zend\Expressive\Router\Middleware\ImplicitOptionsMiddleware
Zend\Expressive\Middleware\LazyLoadingMiddleware
Zend\Expressive\Router\Middleware\MethodNotAllowedMiddleware
Zend\Expressive\Middleware\LazyLoadingMiddleware
Zend\Expressive\Helper\UrlHelperMiddleware
Zend\Expressive\Middleware\LazyLoadingMiddleware
Zend\Expressive\Router\Middleware\DispatchMiddleware
Zend\Expressive\Middleware\LazyLoadingMiddleware
Amazium\Frontend\UI\Web\Page\Page3
Zend\Expressive\Middleware\LazyLoadingMiddleware
Zend\Stratigility\Middleware\ErrorHandler
Zend\Expressive\Middleware\LazyLoadingMiddleware
Zend\Expressive\Helper\ServerUrlMiddleware
Zend\Expressive\Middleware\LazyLoadingMiddleware
Zend\Expressive\Session\SessionMiddleware
Zend\Expressive\Middleware\LazyLoadingMiddleware
Amazium\Kernel\Application\Context\ApplicationContextMiddleware
Zend\Expressive\Middleware\LazyLoadingMiddleware
Zend\Expressive\Router\Middleware\RouteMiddleware
Zend\Expressive\Middleware\LazyLoadingMiddleware
Zend\Expressive\Router\Middleware\ImplicitHeadMiddleware
Zend\Expressive\Middleware\LazyLoadingMiddleware
Zend\Expressive\Router\Middleware\ImplicitOptionsMiddleware
Zend\Expressive\Middleware\LazyLoadingMiddleware
Zend\Expressive\Router\Middleware\MethodNotAllowedMiddleware
Zend\Expressive\Middleware\LazyLoadingMiddleware
Zend\Expressive\Helper\UrlHelperMiddleware
Zend\Expressive\Middleware\LazyLoadingMiddleware
Zend\Expressive\Router\Middleware\DispatchMiddleware
Zend\Expressive\Middleware\LazyLoadingMiddleware
Amazium\Frontend\UI\Web\Page\Page3
Zend\Expressive\Middleware\LazyLoadingMiddleware
Zend\Stratigility\Middleware\ErrorHandler
Zend\Expressive\Middleware\LazyLoadingMiddleware
Zend\Expressive\Helper\ServerUrlMiddleware
Zend\Expressive\Middleware\LazyLoadingMiddleware
Zend\Expressive\Session\SessionMiddleware
Zend\Expressive\Middleware\LazyLoadingMiddleware
Amazium\Kernel\Application\Context\ApplicationContextMiddleware
Zend\Expressive\Middleware\LazyLoadingMiddleware
Zend\Expressive\Router\Middleware\RouteMiddleware
Zend\Expressive\Middleware\LazyLoadingMiddleware
Zend\Expressive\Router\Middleware\ImplicitHeadMiddleware
Zend\Expressive\Middleware\LazyLoadingMiddleware
Zend\Expressive\Router\Middleware\ImplicitOptionsMiddleware
Zend\Expressive\Middleware\LazyLoadingMiddleware
Zend\Expressive\Router\Middleware\MethodNotAllowedMiddleware
Zend\Expressive\Middleware\LazyLoadingMiddleware
Zend\Expressive\Helper\UrlHelperMiddleware
Zend\Expressive\Middleware\LazyLoadingMiddleware
Zend\Expressive\Router\Middleware\DispatchMiddleware
Zend\Expressive\Middleware\LazyLoadingMiddleware
Amazium\Frontend\UI\Web\Page\Page3
Zend\Expressive\Middleware\LazyLoadingMiddleware
Zend\Stratigility\Middleware\ErrorHandler
Zend\Expressive\Middleware\LazyLoadingMiddleware
Zend\Expressive\Helper\ServerUrlMiddleware
Zend\Expressive\Middleware\LazyLoadingMiddleware
Zend\Expressive\Session\SessionMiddleware
Zend\Expressive\Middleware\LazyLoadingMiddleware
Amazium\Kernel\Application\Context\ApplicationContextMiddleware
Zend\Expressive\Middleware\LazyLoadingMiddleware
Zend\Expressive\Router\Middleware\RouteMiddleware
Zend\Expressive\Middleware\LazyLoadingMiddleware
Zend\Expressive\Router\Middleware\ImplicitHeadMiddleware
Zend\Expressive\Middleware\LazyLoadingMiddleware
Zend\Expressive\Router\Middleware\ImplicitOptionsMiddleware
Zend\Expressive\Middleware\LazyLoadingMiddleware
Zend\Expressive\Router\Middleware\MethodNotAllowedMiddleware
Zend\Expressive\Middleware\LazyLoadingMiddleware
Zend\Expressive\Helper\UrlHelperMiddleware
Zend\Expressive\Middleware\LazyLoadingMiddleware
Zend\Expressive\Router\Middleware\DispatchMiddleware
Zend\Expressive\Middleware\LazyLoadingMiddleware
Amazium\Frontend\UI\Web\Page\Page3
Zend\Expressive\Middleware\LazyLoadingMiddleware
Zend\Stratigility\Middleware\ErrorHandler
Zend\Expressive\Middleware\LazyLoadingMiddleware
Zend\Expressive\Helper\ServerUrlMiddleware
Zend\Expressive\Middleware\LazyLoadingMiddleware
Zend\Expressive\Session\SessionMiddleware
Zend\Expressive\Middleware\LazyLoadingMiddleware
Amazium\Kernel\Application\Context\ApplicationContextMiddleware
Zend\Expressive\Middleware\LazyLoadingMiddleware
Zend\Expressive\Router\Middleware\RouteMiddleware
Zend\Expressive\Middleware\LazyLoadingMiddleware
Zend\Expressive\Router\Middleware\ImplicitHeadMiddleware
Zend\Expressive\Middleware\LazyLoadingMiddleware
Zend\Expressive\Router\Middleware\ImplicitOptionsMiddleware
Zend\Expressive\Middleware\LazyLoadingMiddleware
Zend\Expressive\Router\Middleware\MethodNotAllowedMiddleware
Zend\Expressive\Middleware\LazyLoadingMiddleware
Zend\Expressive\Helper\UrlHelperMiddleware
Zend\Expressive\Middleware\LazyLoadingMiddleware
Zend\Expressive\Router\Middleware\DispatchMiddleware
Zend\Expressive\Middleware\LazyLoadingMiddleware
Amazium\Frontend\UI\Web\Page\Page3
Zend\Expressive\Middleware\LazyLoadingMiddleware
Zend\Stratigility\Middleware\ErrorHandler
Zend\Expressive\Middleware\LazyLoadingMiddleware
Zend\Expressive\Helper\ServerUrlMiddleware
Zend\Expressive\Middleware\LazyLoadingMiddleware
Zend\Expressive\Session\SessionMiddleware
Zend\Expressive\Middleware\LazyLoadingMiddleware
Amazium\Kernel\Application\Context\ApplicationContextMiddleware
Zend\Expressive\Middleware\LazyLoadingMiddleware
Zend\Expressive\Router\Middleware\RouteMiddleware
Zend\Expressive\Middleware\LazyLoadingMiddleware
Zend\Expressive\Router\Middleware\ImplicitHeadMiddleware
Zend\Expressive\Middleware\LazyLoadingMiddleware
Zend\Expressive\Router\Middleware\ImplicitOptionsMiddleware
Zend\Expressive\Middleware\LazyLoadingMiddleware
Zend\Expressive\Router\Middleware\MethodNotAllowedMiddleware
Zend\Expressive\Middleware\LazyLoadingMiddleware
Zend\Expressive\Helper\UrlHelperMiddleware
Zend\Expressive\Middleware\LazyLoadingMiddleware
Zend\Expressive\Router\Middleware\DispatchMiddleware
Zend\Expressive\Middleware\LazyLoadingMiddleware
Amazium\Frontend\UI\Web\Page\Page1
Zend\Expressive\Middleware\LazyLoadingMiddleware
Zend\Stratigility\Middleware\ErrorHandler
Zend\Expressive\Middleware\LazyLoadingMiddleware
Zend\Expressive\Helper\ServerUrlMiddleware
Zend\Expressive\Middleware\LazyLoadingMiddleware
Zend\Expressive\Session\SessionMiddleware
Zend\Expressive\Middleware\LazyLoadingMiddleware
Amazium\Kernel\Application\Context\ApplicationContextMiddleware
Zend\Expressive\Middleware\LazyLoadingMiddleware
Zend\Expressive\Router\Middleware\RouteMiddleware
Zend\Expressive\Middleware\LazyLoadingMiddleware
Zend\Expressive\Router\Middleware\ImplicitHeadMiddleware
Zend\Expressive\Middleware\LazyLoadingMiddleware
Zend\Expressive\Router\Middleware\ImplicitOptionsMiddleware
Zend\Expressive\Middleware\LazyLoadingMiddleware
Zend\Expressive\Router\Middleware\MethodNotAllowedMiddleware
Zend\Expressive\Middleware\LazyLoadingMiddleware
Zend\Expressive\Helper\UrlHelperMiddleware
Zend\Expressive\Middleware\LazyLoadingMiddleware
Zend\Expressive\Router\Middleware\DispatchMiddleware
Zend\Expressive\Middleware\LazyLoadingMiddleware
Amazium\Frontend\UI\Web\Page\Page3
Zend\Expressive\Middleware\LazyLoadingMiddleware
Zend\Stratigility\Middleware\ErrorHandler
Zend\Expressive\Middleware\LazyLoadingMiddleware
Zend\Expressive\Helper\ServerUrlMiddleware
Zend\Expressive\Middleware\LazyLoadingMiddleware
Zend\Expressive\Session\SessionMiddleware
Zend\Expressive\Middleware\LazyLoadingMiddleware
Amazium\Kernel\Application\Context\ApplicationContextMiddleware
Zend\Expressive\Middleware\LazyLoadingMiddleware
Zend\Expressive\Router\Middleware\RouteMiddleware
Zend\Expressive\Middleware\LazyLoadingMiddleware
Zend\Expressive\Router\Middleware\ImplicitHeadMiddleware
Zend\Expressive\Middleware\LazyLoadingMiddleware
Zend\Expressive\Router\Middleware\ImplicitOptionsMiddleware
Zend\Expressive\Middleware\LazyLoadingMiddleware
Zend\Expressive\Router\Middleware\MethodNotAllowedMiddleware
Zend\Expressive\Middleware\LazyLoadingMiddleware
Zend\Expressive\Helper\UrlHelperMiddleware
Zend\Expressive\Middleware\LazyLoadingMiddleware
Zend\Expressive\Router\Middleware\DispatchMiddleware
Zend\Expressive\Middleware\LazyLoadingMiddleware
Amazium\Frontend\UI\Web\Page\Page3
Zend\Expressive\Middleware\LazyLoadingMiddleware
Zend\Stratigility\Middleware\ErrorHandler
Zend\Expressive\Middleware\LazyLoadingMiddleware
Zend\Expressive\Helper\ServerUrlMiddleware
Zend\Expressive\Middleware\LazyLoadingMiddleware
Zend\Expressive\Session\SessionMiddleware
Zend\Expressive\Middleware\LazyLoadingMiddleware
Amazium\Kernel\Application\Context\ApplicationContextMiddleware
Zend\Expressive\Middleware\LazyLoadingMiddleware
Zend\Expressive\Router\Middleware\RouteMiddleware
Zend\Expressive\Middleware\LazyLoadingMiddleware
Zend\Expressive\Router\Middleware\ImplicitHeadMiddleware
Zend\Expressive\Middleware\LazyLoadingMiddleware
Zend\Expressive\Router\Middleware\ImplicitOptionsMiddleware
Zend\Expressive\Middleware\LazyLoadingMiddleware
Zend\Expressive\Router\Middleware\MethodNotAllowedMiddleware
Zend\Expressive\Middleware\LazyLoadingMiddleware
Zend\Expressive\Helper\UrlHelperMiddleware
Zend\Expressive\Middleware\LazyLoadingMiddleware
Zend\Expressive\Router\Middleware\DispatchMiddleware
Zend\Expressive\Middleware\LazyLoadingMiddleware
Amazium\Frontend\UI\Web\Page\Page1
Zend\Expressive\Middleware\LazyLoadingMiddleware
Zend\Stratigility\Middleware\ErrorHandler
Zend\Expressive\Middleware\LazyLoadingMiddleware
Zend\Expressive\Helper\ServerUrlMiddleware
Zend\Expressive\Middleware\LazyLoadingMiddleware
Zend\Expressive\Session\SessionMiddleware
Zend\Expressive\Middleware\LazyLoadingMiddleware
Amazium\Kernel\Application\Context\ApplicationContextMiddleware
Zend\Expressive\Middleware\LazyLoadingMiddleware
Zend\Expressive\Router\Middleware\RouteMiddleware
Zend\Expressive\Middleware\LazyLoadingMiddleware
Zend\Expressive\Router\Middleware\ImplicitHeadMiddleware
Zend\Expressive\Middleware\LazyLoadingMiddleware
Zend\Expressive\Router\Middleware\ImplicitOptionsMiddleware
Zend\Expressive\Middleware\LazyLoadingMiddleware
Zend\Expressive\Router\Middleware\MethodNotAllowedMiddleware
Zend\Expressive\Middleware\LazyLoadingMiddleware
Zend\Expressive\Helper\UrlHelperMiddleware
Zend\Expressive\Middleware\LazyLoadingMiddleware
Zend\Expressive\Router\Middleware\DispatchMiddleware
Zend\Expressive\Middleware\LazyLoadingMiddleware
Amazium\Frontend\UI\Web\Page\Page3
Zend\Expressive\Middleware\LazyLoadingMiddleware
Zend\Stratigility\Middleware\ErrorHandler
Zend\Expressive\Middleware\LazyLoadingMiddleware
Zend\Expressive\Helper\ServerUrlMiddleware
Zend\Expressive\Middleware\LazyLoadingMiddleware
Zend\Expressive\Session\SessionMiddleware
Zend\Expressive\Middleware\LazyLoadingMiddleware
Amazium\Kernel\Application\Context\ApplicationContextMiddleware
Zend\Expressive\Middleware\LazyLoadingMiddleware
Zend\Expressive\Router\Middleware\RouteMiddleware
Zend\Expressive\Middleware\LazyLoadingMiddleware
Zend\Expressive\Router\Middleware\ImplicitHeadMiddleware
Zend\Expressive\Middleware\LazyLoadingMiddleware
Zend\Expressive\Router\Middleware\ImplicitOptionsMiddleware
Zend\Expressive\Middleware\LazyLoadingMiddleware
Zend\Expressive\Router\Middleware\MethodNotAllowedMiddleware
Zend\Expressive\Middleware\LazyLoadingMiddleware
Zend\Expressive\Helper\UrlHelperMiddleware
Zend\Expressive\Middleware\LazyLoadingMiddleware
Zend\Expressive\Router\Middleware\DispatchMiddleware
Zend\Expressive\Middleware\LazyLoadingMiddleware
Amazium\SampleApp\UI\Web\Page\Address\Index
Zend\Expressive\Middleware\LazyLoadingMiddleware
Zend\Stratigility\Middleware\ErrorHandler
Zend\Expressive\Middleware\LazyLoadingMiddleware
Zend\Expressive\Helper\ServerUrlMiddleware
Zend\Expressive\Middleware\LazyLoadingMiddleware
Zend\Expressive\Session\SessionMiddleware
Zend\Expressive\Middleware\LazyLoadingMiddleware
Amazium\Kernel\Application\Context\ApplicationContextMiddleware
Zend\Expressive\Middleware\LazyLoadingMiddleware
Zend\Expressive\Router\Middleware\RouteMiddleware
Zend\Expressive\Middleware\LazyLoadingMiddleware
Zend\Expressive\Router\Middleware\ImplicitHeadMiddleware
Zend\Expressive\Middleware\LazyLoadingMiddleware
Zend\Expressive\Router\Middleware\ImplicitOptionsMiddleware
Zend\Expressive\Middleware\LazyLoadingMiddleware
Zend\Expressive\Router\Middleware\MethodNotAllowedMiddleware
Zend\Expressive\Middleware\LazyLoadingMiddleware
Zend\Expressive\Helper\UrlHelperMiddleware
Zend\Expressive\Middleware\LazyLoadingMiddleware
Zend\Expressive\Router\Middleware\DispatchMiddleware
Zend\Expressive\Middleware\LazyLoadingMiddleware
Amazium\SampleApp\UI\Web\Page\Address\Index
Zend\Expressive\Middleware\LazyLoadingMiddleware
Zend\Stratigility\Middleware\ErrorHandler
Zend\Expressive\Middleware\LazyLoadingMiddleware
Zend\Expressive\Helper\ServerUrlMiddleware
Zend\Expressive\Middleware\LazyLoadingMiddleware
Zend\Expressive\Session\SessionMiddleware
Zend\Expressive\Middleware\LazyLoadingMiddleware
Amazium\Kernel\Application\Context\ApplicationContextMiddleware
Zend\Expressive\Middleware\LazyLoadingMiddleware
Zend\Expressive\Router\Middleware\RouteMiddleware
Zend\Expressive\Middleware\LazyLoadingMiddleware
Zend\Expressive\Router\Middleware\ImplicitHeadMiddleware
Zend\Expressive\Middleware\LazyLoadingMiddleware
Zend\Expressive\Router\Middleware\ImplicitOptionsMiddleware
Zend\Expressive\Middleware\LazyLoadingMiddleware
Zend\Expressive\Router\Middleware\MethodNotAllowedMiddleware
Zend\Expressive\Middleware\LazyLoadingMiddleware
Zend\Expressive\Helper\UrlHelperMiddleware
Zend\Expressive\Middleware\LazyLoadingMiddleware
Zend\Expressive\Router\Middleware\DispatchMiddleware
Zend\Expressive\Middleware\LazyLoadingMiddleware
Amazium\SampleApp\UI\Web\Page\Address\Show
Zend\Expressive\Middleware\LazyLoadingMiddleware
Zend\Stratigility\Middleware\ErrorHandler
Zend\Expressive\Middleware\LazyLoadingMiddleware
Zend\Expressive\Helper\ServerUrlMiddleware
Zend\Expressive\Middleware\LazyLoadingMiddleware
Zend\Expressive\Session\SessionMiddleware
Zend\Expressive\Middleware\LazyLoadingMiddleware
Amazium\Kernel\Application\Context\ApplicationContextMiddleware
Zend\Expressive\Middleware\LazyLoadingMiddleware
Zend\Expressive\Router\Middleware\RouteMiddleware
Zend\Expressive\Middleware\LazyLoadingMiddleware
Zend\Expressive\Router\Middleware\ImplicitHeadMiddleware
Zend\Expressive\Middleware\LazyLoadingMiddleware
Zend\Expressive\Router\Middleware\ImplicitOptionsMiddleware
Zend\Expressive\Middleware\LazyLoadingMiddleware
Zend\Expressive\Router\Middleware\MethodNotAllowedMiddleware
Zend\Expressive\Middleware\LazyLoadingMiddleware
Zend\Expressive\Helper\UrlHelperMiddleware
Zend\Expressive\Middleware\LazyLoadingMiddleware
Zend\Expressive\Router\Middleware\DispatchMiddleware
Zend\Expressive\Middleware\LazyLoadingMiddleware
Amazium\SampleApp\UI\Web\Page\Address\Show
Zend\Expressive\Middleware\LazyLoadingMiddleware
Zend\Stratigility\Middleware\ErrorHandler
Zend\Expressive\Middleware\LazyLoadingMiddleware
Zend\Expressive\Helper\ServerUrlMiddleware
Zend\Expressive\Middleware\LazyLoadingMiddleware
Zend\Expressive\Session\SessionMiddleware
Zend\Expressive\Middleware\LazyLoadingMiddleware
Amazium\Kernel\Application\Context\ApplicationContextMiddleware
Zend\Expressive\Middleware\LazyLoadingMiddleware
Zend\Expressive\Router\Middleware\RouteMiddleware
Zend\Expressive\Middleware\LazyLoadingMiddleware
Zend\Expressive\Router\Middleware\ImplicitHeadMiddleware
Zend\Expressive\Middleware\LazyLoadingMiddleware
Zend\Expressive\Router\Middleware\ImplicitOptionsMiddleware
Zend\Expressive\Middleware\LazyLoadingMiddleware
Zend\Expressive\Router\Middleware\MethodNotAllowedMiddleware
Zend\Expressive\Middleware\LazyLoadingMiddleware
Zend\Expressive\Helper\UrlHelperMiddleware
Zend\Expressive\Middleware\LazyLoadingMiddleware
Zend\Expressive\Router\Middleware\DispatchMiddleware
Zend\Expressive\Middleware\LazyLoadingMiddleware
Amazium\SampleApp\UI\Web\Page\Address\Create
Zend\Expressive\Middleware\LazyLoadingMiddleware
Zend\Stratigility\Middleware\ErrorHandler
Zend\Expressive\Middleware\LazyLoadingMiddleware
Zend\Expressive\Helper\ServerUrlMiddleware
Zend\Expressive\Middleware\LazyLoadingMiddleware
Zend\Expressive\Session\SessionMiddleware
Zend\Expressive\Middleware\LazyLoadingMiddleware
Amazium\Kernel\Application\Context\ApplicationContextMiddleware
Zend\Expressive\Middleware\LazyLoadingMiddleware
Zend\Expressive\Router\Middleware\RouteMiddleware
Zend\Expressive\Middleware\LazyLoadingMiddleware
Zend\Expressive\Router\Middleware\ImplicitHeadMiddleware
Zend\Expressive\Middleware\LazyLoadingMiddleware
Zend\Expressive\Router\Middleware\ImplicitOptionsMiddleware
Zend\Expressive\Middleware\LazyLoadingMiddleware
Zend\Expressive\Router\Middleware\MethodNotAllowedMiddleware
Zend\Expressive\Middleware\LazyLoadingMiddleware
Zend\Expressive\Helper\UrlHelperMiddleware
Zend\Expressive\Middleware\LazyLoadingMiddleware
Zend\Expressive\Router\Middleware\DispatchMiddleware
Zend\Expressive\Middleware\LazyLoadingMiddleware
Amazium\SampleApp\UI\Web\Page\Address\Create
Zend\Expressive\Middleware\LazyLoadingMiddleware
Zend\Stratigility\Middleware\ErrorHandler
Zend\Expressive\Middleware\LazyLoadingMiddleware
Zend\Expressive\Helper\ServerUrlMiddleware
Zend\Expressive\Middleware\LazyLoadingMiddleware
Zend\Expressive\Session\SessionMiddleware
Zend\Expressive\Middleware\LazyLoadingMiddleware
Amazium\Kernel\Application\Context\ApplicationContextMiddleware
Zend\Expressive\Middleware\LazyLoadingMiddleware
Zend\Expressive\Router\Middleware\RouteMiddleware
Zend\Expressive\Middleware\LazyLoadingMiddleware
Zend\Expressive\Router\Middleware\ImplicitHeadMiddleware
Zend\Expressive\Middleware\LazyLoadingMiddleware
Zend\Expressive\Router\Middleware\ImplicitOptionsMiddleware
Zend\Expressive\Middleware\LazyLoadingMiddleware
Zend\Expressive\Router\Middleware\MethodNotAllowedMiddleware
Zend\Expressive\Middleware\LazyLoadingMiddleware
Zend\Expressive\Helper\UrlHelperMiddleware
Zend\Expressive\Middleware\LazyLoadingMiddleware
Zend\Expressive\Router\Middleware\DispatchMiddleware
Zend\Expressive\Middleware\LazyLoadingMiddleware
Amazium\SampleApp\UI\Web\Page\Address\Create
Zend\Expressive\Middleware\LazyLoadingMiddleware
Zend\Stratigility\Middleware\ErrorHandler
Zend\Expressive\Middleware\LazyLoadingMiddleware
Zend\Expressive\Helper\ServerUrlMiddleware
Zend\Expressive\Middleware\LazyLoadingMiddleware
Zend\Expressive\Session\SessionMiddleware
Zend\Expressive\Middleware\LazyLoadingMiddleware
Amazium\Kernel\Application\Context\ApplicationContextMiddleware
Zend\Expressive\Middleware\LazyLoadingMiddleware
Zend\Expressive\Router\Middleware\RouteMiddleware
Zend\Expressive\Middleware\LazyLoadingMiddleware
Zend\Expressive\Router\Middleware\ImplicitHeadMiddleware
Zend\Expressive\Middleware\LazyLoadingMiddleware
Zend\Expressive\Router\Middleware\ImplicitOptionsMiddleware
Zend\Expressive\Middleware\LazyLoadingMiddleware
Zend\Expressive\Router\Middleware\MethodNotAllowedMiddleware
Zend\Expressive\Middleware\LazyLoadingMiddleware
Zend\Expressive\Helper\UrlHelperMiddleware
Zend\Expressive\Middleware\LazyLoadingMiddleware
Zend\Expressive\Router\Middleware\DispatchMiddleware
Zend\Expressive\Middleware\LazyLoadingMiddleware
Amazium\SampleApp\UI\Web\Page\Address\Index
Zend\Expressive\Middleware\LazyLoadingMiddleware
Zend\Stratigility\Middleware\ErrorHandler
Zend\Expressive\Middleware\LazyLoadingMiddleware
Zend\Expressive\Helper\ServerUrlMiddleware
Zend\Expressive\Middleware\LazyLoadingMiddleware
Zend\Expressive\Session\SessionMiddleware
Zend\Expressive\Middleware\LazyLoadingMiddleware
Amazium\Kernel\Application\Context\ApplicationContextMiddleware
Zend\Expressive\Middleware\LazyLoadingMiddleware
Zend\Expressive\Router\Middleware\RouteMiddleware
Zend\Expressive\Middleware\LazyLoadingMiddleware
Zend\Expressive\Router\Middleware\ImplicitHeadMiddleware
Zend\Expressive\Middleware\LazyLoadingMiddleware
Zend\Expressive\Router\Middleware\ImplicitOptionsMiddleware
Zend\Expressive\Middleware\LazyLoadingMiddleware
Zend\Expressive\Router\Middleware\MethodNotAllowedMiddleware
Zend\Expressive\Middleware\LazyLoadingMiddleware
Zend\Expressive\Helper\UrlHelperMiddleware
Zend\Expressive\Middleware\LazyLoadingMiddleware
Zend\Expressive\Router\Middleware\DispatchMiddleware
Zend\Expressive\Middleware\LazyLoadingMiddleware
Amazium\SampleApp\UI\Web\Page\Address\Create
Zend\Expressive\Middleware\LazyLoadingMiddleware
Zend\Stratigility\Middleware\ErrorHandler
Zend\Expressive\Middleware\LazyLoadingMiddleware
Zend\Expressive\Helper\ServerUrlMiddleware
Zend\Expressive\Middleware\LazyLoadingMiddleware
Zend\Expressive\Session\SessionMiddleware
Zend\Expressive\Middleware\LazyLoadingMiddleware
Amazium\Kernel\Application\Context\ApplicationContextMiddleware
Zend\Expressive\Middleware\LazyLoadingMiddleware
Zend\Expressive\Router\Middleware\RouteMiddleware
Zend\Expressive\Middleware\LazyLoadingMiddleware
Zend\Expressive\Router\Middleware\ImplicitHeadMiddleware
Zend\Expressive\Middleware\LazyLoadingMiddleware
Zend\Expressive\Router\Middleware\ImplicitOptionsMiddleware
Zend\Expressive\Middleware\LazyLoadingMiddleware
Zend\Expressive\Router\Middleware\MethodNotAllowedMiddleware
Zend\Expressive\Middleware\LazyLoadingMiddleware
Zend\Expressive\Helper\UrlHelperMiddleware
Zend\Expressive\Middleware\LazyLoadingMiddleware
Zend\Expressive\Router\Middleware\DispatchMiddleware
Zend\Expressive\Middleware\LazyLoadingMiddleware
Amazium\SampleApp\UI\Web\Page\Address\Store
Zend\Expressive\Middleware\LazyLoadingMiddleware
Zend\Stratigility\Middleware\ErrorHandler
Zend\Expressive\Middleware\LazyLoadingMiddleware
Zend\Expressive\Helper\ServerUrlMiddleware
Zend\Expressive\Middleware\LazyLoadingMiddleware
Zend\Expressive\Session\SessionMiddleware
Zend\Expressive\Middleware\LazyLoadingMiddleware
Amazium\Kernel\Application\Context\ApplicationContextMiddleware
Zend\Expressive\Middleware\LazyLoadingMiddleware
Zend\Expressive\Router\Middleware\RouteMiddleware
Zend\Expressive\Middleware\LazyLoadingMiddleware
Zend\Expressive\Router\Middleware\ImplicitHeadMiddleware
Zend\Expressive\Middleware\LazyLoadingMiddleware
Zend\Expressive\Router\Middleware\ImplicitOptionsMiddleware
Zend\Expressive\Middleware\LazyLoadingMiddleware
Zend\Expressive\Router\Middleware\MethodNotAllowedMiddleware
Zend\Expressive\Middleware\LazyLoadingMiddleware
Zend\Expressive\Helper\UrlHelperMiddleware
Zend\Expressive\Middleware\LazyLoadingMiddleware
Zend\Expressive\Router\Middleware\DispatchMiddleware
Zend\Expressive\Middleware\LazyLoadingMiddleware
Zend\Expressive\Handler\NotFoundHandler
Zend\Expressive\Middleware\LazyLoadingMiddleware
Zend\Stratigility\Middleware\ErrorHandler
Zend\Expressive\Middleware\LazyLoadingMiddleware
Zend\Expressive\Helper\ServerUrlMiddleware
Zend\Expressive\Middleware\LazyLoadingMiddleware
Zend\Expressive\Session\SessionMiddleware
Zend\Expressive\Middleware\LazyLoadingMiddleware
Amazium\Kernel\Application\Context\ApplicationContextMiddleware
Zend\Expressive\Middleware\LazyLoadingMiddleware
Zend\Expressive\Router\Middleware\RouteMiddleware
Zend\Expressive\Middleware\LazyLoadingMiddleware
Zend\Expressive\Router\Middleware\ImplicitHeadMiddleware
Zend\Expressive\Middleware\LazyLoadingMiddleware
Zend\Expressive\Router\Middleware\ImplicitOptionsMiddleware
Zend\Expressive\Middleware\LazyLoadingMiddleware
Zend\Expressive\Router\Middleware\MethodNotAllowedMiddleware
Zend\Expressive\Middleware\LazyLoadingMiddleware
Zend\Expressive\Helper\UrlHelperMiddleware
Zend\Expressive\Middleware\LazyLoadingMiddleware
Zend\Expressive\Router\Middleware\DispatchMiddleware
Zend\Expressive\Middleware\LazyLoadingMiddleware
Amazium\SampleApp\UI\Web\Page\Address\Show
Zend\Expressive\Middleware\LazyLoadingMiddleware
Zend\Stratigility\Middleware\ErrorHandler
Zend\Expressive\Middleware\LazyLoadingMiddleware
Zend\Expressive\Helper\ServerUrlMiddleware
Zend\Expressive\Middleware\LazyLoadingMiddleware
Zend\Expressive\Session\SessionMiddleware
Zend\Expressive\Middleware\LazyLoadingMiddleware
Amazium\Kernel\Application\Context\ApplicationContextMiddleware
Zend\Expressive\Middleware\LazyLoadingMiddleware
Zend\Expressive\Router\Middleware\RouteMiddleware
Zend\Expressive\Middleware\LazyLoadingMiddleware
Zend\Expressive\Router\Middleware\ImplicitHeadMiddleware
Zend\Expressive\Middleware\LazyLoadingMiddleware
Zend\Expressive\Router\Middleware\ImplicitOptionsMiddleware
Zend\Expressive\Middleware\LazyLoadingMiddleware
Zend\Expressive\Router\Middleware\MethodNotAllowedMiddleware
Zend\Expressive\Middleware\LazyLoadingMiddleware
Zend\Expressive\Helper\UrlHelperMiddleware
Zend\Expressive\Middleware\LazyLoadingMiddleware
Zend\Expressive\Router\Middleware\DispatchMiddleware
Zend\Expressive\Middleware\LazyLoadingMiddleware
Zend\Expressive\Handler\NotFoundHandler
Zend\Expressive\Middleware\LazyLoadingMiddleware
Zend\Stratigility\Middleware\ErrorHandler
Zend\Expressive\Middleware\LazyLoadingMiddleware
Zend\Expressive\Helper\ServerUrlMiddleware
Zend\Expressive\Middleware\LazyLoadingMiddleware
Zend\Expressive\Session\SessionMiddleware
Zend\Expressive\Middleware\LazyLoadingMiddleware
Amazium\Kernel\Application\Context\ApplicationContextMiddleware
Zend\Expressive\Middleware\LazyLoadingMiddleware
Zend\Expressive\Router\Middleware\RouteMiddleware
Zend\Expressive\Middleware\LazyLoadingMiddleware
Zend\Expressive\Router\Middleware\ImplicitHeadMiddleware
Zend\Expressive\Middleware\LazyLoadingMiddleware
Zend\Expressive\Router\Middleware\ImplicitOptionsMiddleware
Zend\Expressive\Middleware\LazyLoadingMiddleware
Zend\Expressive\Router\Middleware\MethodNotAllowedMiddleware
Zend\Expressive\Middleware\LazyLoadingMiddleware
Zend\Expressive\Helper\UrlHelperMiddleware
Zend\Expressive\Middleware\LazyLoadingMiddleware
Zend\Expressive\Router\Middleware\DispatchMiddleware
Zend\Expressive\Middleware\LazyLoadingMiddleware
Amazium\SampleApp\UI\Web\Page\Address\Create
Zend\Expressive\Middleware\LazyLoadingMiddleware
Zend\Stratigility\Middleware\ErrorHandler
Zend\Expressive\Middleware\LazyLoadingMiddleware
Zend\Expressive\Helper\ServerUrlMiddleware
Zend\Expressive\Middleware\LazyLoadingMiddleware
Zend\Expressive\Session\SessionMiddleware
Zend\Expressive\Middleware\LazyLoadingMiddleware
Amazium\Kernel\Application\Context\ApplicationContextMiddleware
Zend\Expressive\Middleware\LazyLoadingMiddleware
Zend\Expressive\Router\Middleware\RouteMiddleware
Zend\Expressive\Middleware\LazyLoadingMiddleware
Zend\Expressive\Router\Middleware\ImplicitHeadMiddleware
Zend\Expressive\Middleware\LazyLoadingMiddleware
Zend\Expressive\Router\Middleware\ImplicitOptionsMiddleware
Zend\Expressive\Middleware\LazyLoadingMiddleware
Zend\Expressive\Router\Middleware\MethodNotAllowedMiddleware
Zend\Expressive\Middleware\LazyLoadingMiddleware
Zend\Expressive\Helper\UrlHelperMiddleware
Zend\Expressive\Middleware\LazyLoadingMiddleware
Zend\Expressive\Router\Middleware\DispatchMiddleware
Zend\Expressive\Middleware\LazyLoadingMiddleware
Amazium\SampleApp\UI\Web\Page\Address\Store
Zend\Expressive\Middleware\LazyLoadingMiddleware
Amazium\SampleApp\UI\Web\Page\Address\Create
Zend\Expressive\Middleware\LazyLoadingMiddleware
Zend\Stratigility\Middleware\ErrorHandler
Zend\Expressive\Middleware\LazyLoadingMiddleware
Zend\Expressive\Helper\ServerUrlMiddleware
Zend\Expressive\Middleware\LazyLoadingMiddleware
Zend\Expressive\Session\SessionMiddleware
Zend\Expressive\Middleware\LazyLoadingMiddleware
Amazium\Kernel\Application\Context\ApplicationContextMiddleware
Zend\Expressive\Middleware\LazyLoadingMiddleware
Zend\Expressive\Router\Middleware\RouteMiddleware
Zend\Expressive\Middleware\LazyLoadingMiddleware
Zend\Expressive\Router\Middleware\ImplicitHeadMiddleware
Zend\Expressive\Middleware\LazyLoadingMiddleware
Zend\Expressive\Router\Middleware\ImplicitOptionsMiddleware
Zend\Expressive\Middleware\LazyLoadingMiddleware
Zend\Expressive\Router\Middleware\MethodNotAllowedMiddleware
Zend\Expressive\Middleware\LazyLoadingMiddleware
Zend\Expressive\Helper\UrlHelperMiddleware
Zend\Expressive\Middleware\LazyLoadingMiddleware
Zend\Expressive\Router\Middleware\DispatchMiddleware
Zend\Expressive\Middleware\LazyLoadingMiddleware
Amazium\SampleApp\UI\Web\Page\Address\Store
Zend\Expressive\Middleware\LazyLoadingMiddleware
Amazium\SampleApp\UI\Web\Page\Address\Create
Zend\Expressive\Middleware\LazyLoadingMiddleware
Zend\Stratigility\Middleware\ErrorHandler
Zend\Expressive\Middleware\LazyLoadingMiddleware
Zend\Expressive\Helper\ServerUrlMiddleware
Zend\Expressive\Middleware\LazyLoadingMiddleware
Zend\Expressive\Session\SessionMiddleware
Zend\Expressive\Middleware\LazyLoadingMiddleware
Amazium\Kernel\Application\Context\ApplicationContextMiddleware
Zend\Expressive\Middleware\LazyLoadingMiddleware
Zend\Expressive\Router\Middleware\RouteMiddleware
Zend\Expressive\Middleware\LazyLoadingMiddleware
Zend\Expressive\Router\Middleware\ImplicitHeadMiddleware
Zend\Expressive\Middleware\LazyLoadingMiddleware
Zend\Expressive\Router\Middleware\ImplicitOptionsMiddleware
Zend\Expressive\Middleware\LazyLoadingMiddleware
Zend\Expressive\Router\Middleware\MethodNotAllowedMiddleware
Zend\Expressive\Middleware\LazyLoadingMiddleware
Zend\Expressive\Helper\UrlHelperMiddleware
Zend\Expressive\Middleware\LazyLoadingMiddleware
Zend\Expressive\Router\Middleware\DispatchMiddleware
Zend\Expressive\Middleware\LazyLoadingMiddleware
Amazium\SampleApp\UI\Web\Page\Address\Store
Zend\Expressive\Middleware\LazyLoadingMiddleware
Zend\Stratigility\Middleware\ErrorHandler
Zend\Expressive\Middleware\LazyLoadingMiddleware
Zend\Expressive\Helper\ServerUrlMiddleware
Zend\Expressive\Middleware\LazyLoadingMiddleware
Zend\Expressive\Session\SessionMiddleware
Zend\Expressive\Middleware\LazyLoadingMiddleware
Amazium\Kernel\Application\Context\ApplicationContextMiddleware
Zend\Expressive\Middleware\LazyLoadingMiddleware
Zend\Expressive\Router\Middleware\RouteMiddleware
Zend\Expressive\Middleware\LazyLoadingMiddleware
Zend\Expressive\Router\Middleware\ImplicitHeadMiddleware
Zend\Expressive\Middleware\LazyLoadingMiddleware
Zend\Expressive\Router\Middleware\ImplicitOptionsMiddleware
Zend\Expressive\Middleware\LazyLoadingMiddleware
Zend\Expressive\Router\Middleware\MethodNotAllowedMiddleware
Zend\Expressive\Middleware\LazyLoadingMiddleware
Zend\Expressive\Helper\UrlHelperMiddleware
Zend\Expressive\Middleware\LazyLoadingMiddleware
Zend\Expressive\Router\Middleware\DispatchMiddleware
Zend\Expressive\Middleware\LazyLoadingMiddleware
Amazium\SampleApp\UI\Web\Page\Address\Show
Zend\Expressive\Middleware\LazyLoadingMiddleware
Zend\Stratigility\Middleware\ErrorHandler
Zend\Expressive\Middleware\LazyLoadingMiddleware
Zend\Expressive\Helper\ServerUrlMiddleware
Zend\Expressive\Middleware\LazyLoadingMiddleware
Zend\Expressive\Session\SessionMiddleware
Zend\Expressive\Middleware\LazyLoadingMiddleware
Amazium\Kernel\Application\Context\ApplicationContextMiddleware
Zend\Expressive\Middleware\LazyLoadingMiddleware
Zend\Expressive\Router\Middleware\RouteMiddleware
Zend\Expressive\Middleware\LazyLoadingMiddleware
Zend\Expressive\Router\Middleware\ImplicitHeadMiddleware
Zend\Expressive\Middleware\LazyLoadingMiddleware
Zend\Expressive\Router\Middleware\ImplicitOptionsMiddleware
Zend\Expressive\Middleware\LazyLoadingMiddleware
Zend\Expressive\Router\Middleware\MethodNotAllowedMiddleware
Zend\Expressive\Middleware\LazyLoadingMiddleware
Zend\Expressive\Helper\UrlHelperMiddleware
Zend\Expressive\Middleware\LazyLoadingMiddleware
Zend\Expressive\Router\Middleware\DispatchMiddleware
Zend\Expressive\Middleware\LazyLoadingMiddleware
Amazium\SampleApp\UI\Web\Page\Address\Index
Zend\Expressive\Middleware\LazyLoadingMiddleware
Zend\Stratigility\Middleware\ErrorHandler
Zend\Expressive\Middleware\LazyLoadingMiddleware
Zend\Expressive\Helper\ServerUrlMiddleware
Zend\Expressive\Middleware\LazyLoadingMiddleware
Zend\Expressive\Session\SessionMiddleware
Zend\Expressive\Middleware\LazyLoadingMiddleware
Amazium\Kernel\Application\Context\ApplicationContextMiddleware
Zend\Expressive\Middleware\LazyLoadingMiddleware
Zend\Expressive\Router\Middleware\RouteMiddleware
Zend\Expressive\Middleware\LazyLoadingMiddleware
Zend\Expressive\Router\Middleware\ImplicitHeadMiddleware
Zend\Expressive\Middleware\LazyLoadingMiddleware
Zend\Expressive\Router\Middleware\ImplicitOptionsMiddleware
Zend\Expressive\Middleware\LazyLoadingMiddleware
Zend\Expressive\Router\Middleware\MethodNotAllowedMiddleware
Zend\Expressive\Middleware\LazyLoadingMiddleware
Zend\Expressive\Helper\UrlHelperMiddleware
Zend\Expressive\Middleware\LazyLoadingMiddleware
Zend\Expressive\Router\Middleware\DispatchMiddleware
Zend\Expressive\Middleware\LazyLoadingMiddleware
Amazium\SampleApp\UI\Web\Page\Address\Create
Zend\Expressive\Middleware\LazyLoadingMiddleware
Zend\Stratigility\Middleware\ErrorHandler
Zend\Expressive\Middleware\LazyLoadingMiddleware
Zend\Expressive\Helper\ServerUrlMiddleware
Zend\Expressive\Middleware\LazyLoadingMiddleware
Zend\Expressive\Session\SessionMiddleware
Zend\Expressive\Middleware\LazyLoadingMiddleware
Amazium\Kernel\Application\Context\ApplicationContextMiddleware
Zend\Expressive\Middleware\LazyLoadingMiddleware
Zend\Expressive\Router\Middleware\RouteMiddleware
Zend\Expressive\Middleware\LazyLoadingMiddleware
Zend\Expressive\Router\Middleware\ImplicitHeadMiddleware
Zend\Expressive\Middleware\LazyLoadingMiddleware
Zend\Expressive\Router\Middleware\ImplicitOptionsMiddleware
Zend\Expressive\Middleware\LazyLoadingMiddleware
Zend\Expressive\Router\Middleware\MethodNotAllowedMiddleware
Zend\Expressive\Middleware\LazyLoadingMiddleware
Zend\Expressive\Helper\UrlHelperMiddleware
Zend\Expressive\Middleware\LazyLoadingMiddleware
Zend\Expressive\Router\Middleware\DispatchMiddleware
Zend\Expressive\Middleware\LazyLoadingMiddleware
Amazium\SampleApp\UI\Web\Page\Address\Store
Zend\Expressive\Middleware\LazyLoadingMiddleware
Amazium\SampleApp\UI\Web\Page\Address\Create
Zend\Expressive\Middleware\LazyLoadingMiddleware
Zend\Stratigility\Middleware\ErrorHandler
Zend\Expressive\Middleware\LazyLoadingMiddleware
Zend\Expressive\Helper\ServerUrlMiddleware
Zend\Expressive\Middleware\LazyLoadingMiddleware
Zend\Expressive\Session\SessionMiddleware
Zend\Expressive\Middleware\LazyLoadingMiddleware
Amazium\Kernel\Application\Context\ApplicationContextMiddleware
Zend\Expressive\Middleware\LazyLoadingMiddleware
Zend\Expressive\Router\Middleware\RouteMiddleware
Zend\Expressive\Middleware\LazyLoadingMiddleware
Zend\Expressive\Router\Middleware\ImplicitHeadMiddleware
Zend\Expressive\Middleware\LazyLoadingMiddleware
Zend\Expressive\Router\Middleware\ImplicitOptionsMiddleware
Zend\Expressive\Middleware\LazyLoadingMiddleware
Zend\Expressive\Router\Middleware\MethodNotAllowedMiddleware
Zend\Expressive\Middleware\LazyLoadingMiddleware
Zend\Expressive\Helper\UrlHelperMiddleware
Zend\Expressive\Middleware\LazyLoadingMiddleware
Zend\Expressive\Router\Middleware\DispatchMiddleware
Zend\Expressive\Middleware\LazyLoadingMiddleware
Amazium\SampleApp\UI\Web\Page\Address\Edit
Zend\Expressive\Middleware\LazyLoadingMiddleware
Zend\Stratigility\Middleware\ErrorHandler
Zend\Expressive\Middleware\LazyLoadingMiddleware
Zend\Expressive\Helper\ServerUrlMiddleware
Zend\Expressive\Middleware\LazyLoadingMiddleware
Zend\Expressive\Session\SessionMiddleware
Zend\Expressive\Middleware\LazyLoadingMiddleware
Amazium\Kernel\Application\Context\ApplicationContextMiddleware
Zend\Expressive\Middleware\LazyLoadingMiddleware
Zend\Expressive\Router\Middleware\RouteMiddleware
Zend\Expressive\Middleware\LazyLoadingMiddleware
Zend\Expressive\Router\Middleware\ImplicitHeadMiddleware
Zend\Expressive\Middleware\LazyLoadingMiddleware
Zend\Expressive\Router\Middleware\ImplicitOptionsMiddleware
Zend\Expressive\Middleware\LazyLoadingMiddleware
Zend\Expressive\Router\Middleware\MethodNotAllowedMiddleware
Zend\Expressive\Middleware\LazyLoadingMiddleware
Zend\Expressive\Helper\UrlHelperMiddleware
Zend\Expressive\Middleware\LazyLoadingMiddleware
Zend\Expressive\Router\Middleware\DispatchMiddleware
Zend\Expressive\Middleware\LazyLoadingMiddleware
Amazium\SampleApp\UI\Web\Page\Address\Edit
Zend\Expressive\Middleware\LazyLoadingMiddleware
Zend\Stratigility\Middleware\ErrorHandler
Zend\Expressive\Middleware\LazyLoadingMiddleware
Zend\Expressive\Helper\ServerUrlMiddleware
Zend\Expressive\Middleware\LazyLoadingMiddleware
Zend\Expressive\Session\SessionMiddleware
Zend\Expressive\Middleware\LazyLoadingMiddleware
Amazium\Kernel\Application\Context\ApplicationContextMiddleware
Zend\Expressive\Middleware\LazyLoadingMiddleware
Zend\Expressive\Router\Middleware\RouteMiddleware
Zend\Expressive\Middleware\LazyLoadingMiddleware
Zend\Expressive\Router\Middleware\ImplicitHeadMiddleware
Zend\Expressive\Middleware\LazyLoadingMiddleware
Zend\Expressive\Router\Middleware\ImplicitOptionsMiddleware
Zend\Expressive\Middleware\LazyLoadingMiddleware
Zend\Expressive\Router\Middleware\MethodNotAllowedMiddleware
Zend\Expressive\Middleware\LazyLoadingMiddleware
Zend\Expressive\Helper\UrlHelperMiddleware
Zend\Expressive\Middleware\LazyLoadingMiddleware
Zend\Expressive\Router\Middleware\DispatchMiddleware
Zend\Expressive\Middleware\LazyLoadingMiddleware
Amazium\SampleApp\UI\Web\Page\Address\Edit
Zend\Expressive\Middleware\LazyLoadingMiddleware
Zend\Stratigility\Middleware\ErrorHandler
Zend\Expressive\Middleware\LazyLoadingMiddleware
Zend\Expressive\Helper\ServerUrlMiddleware
Zend\Expressive\Middleware\LazyLoadingMiddleware
Zend\Expressive\Session\SessionMiddleware
Zend\Expressive\Middleware\LazyLoadingMiddleware
Amazium\Kernel\Application\Context\ApplicationContextMiddleware
Zend\Expressive\Middleware\LazyLoadingMiddleware
Zend\Expressive\Router\Middleware\RouteMiddleware
Zend\Expressive\Middleware\LazyLoadingMiddleware
Zend\Expressive\Router\Middleware\ImplicitHeadMiddleware
Zend\Expressive\Middleware\LazyLoadingMiddleware
Zend\Expressive\Router\Middleware\ImplicitOptionsMiddleware
Zend\Expressive\Middleware\LazyLoadingMiddleware
Zend\Expressive\Router\Middleware\MethodNotAllowedMiddleware
Zend\Expressive\Middleware\LazyLoadingMiddleware
Zend\Expressive\Helper\UrlHelperMiddleware
Zend\Expressive\Middleware\LazyLoadingMiddleware
Zend\Expressive\Router\Middleware\DispatchMiddleware
Zend\Expressive\Middleware\LazyLoadingMiddleware
Amazium\SampleApp\UI\Web\Page\Address\Edit
Zend\Expressive\Middleware\LazyLoadingMiddleware
Zend\Stratigility\Middleware\ErrorHandler
Zend\Expressive\Middleware\LazyLoadingMiddleware
Zend\Expressive\Helper\ServerUrlMiddleware
Zend\Expressive\Middleware\LazyLoadingMiddleware
Zend\Expressive\Session\SessionMiddleware
Zend\Expressive\Middleware\LazyLoadingMiddleware
Amazium\Kernel\Application\Context\ApplicationContextMiddleware
Zend\Expressive\Middleware\LazyLoadingMiddleware
Zend\Expressive\Router\Middleware\RouteMiddleware
Zend\Expressive\Middleware\LazyLoadingMiddleware
Zend\Expressive\Router\Middleware\ImplicitHeadMiddleware
Zend\Expressive\Middleware\LazyLoadingMiddleware
Zend\Expressive\Router\Middleware\ImplicitOptionsMiddleware
Zend\Expressive\Middleware\LazyLoadingMiddleware
Zend\Expressive\Router\Middleware\MethodNotAllowedMiddleware
Zend\Expressive\Middleware\LazyLoadingMiddleware
Zend\Expressive\Helper\UrlHelperMiddleware
Zend\Expressive\Middleware\LazyLoadingMiddleware
Zend\Expressive\Router\Middleware\DispatchMiddleware
Zend\Expressive\Middleware\LazyLoadingMiddleware
Amazium\SampleApp\UI\Web\Page\Address\Edit
Zend\Expressive\Middleware\LazyLoadingMiddleware
Zend\Stratigility\Middleware\ErrorHandler
Zend\Expressive\Middleware\LazyLoadingMiddleware
Zend\Expressive\Helper\ServerUrlMiddleware
Zend\Expressive\Middleware\LazyLoadingMiddleware
Zend\Expressive\Session\SessionMiddleware
Zend\Expressive\Middleware\LazyLoadingMiddleware
Amazium\Kernel\Application\Context\ApplicationContextMiddleware
Zend\Expressive\Middleware\LazyLoadingMiddleware
Zend\Expressive\Router\Middleware\RouteMiddleware
Zend\Expressive\Middleware\LazyLoadingMiddleware
Zend\Expressive\Router\Middleware\ImplicitHeadMiddleware
Zend\Expressive\Middleware\LazyLoadingMiddleware
Zend\Expressive\Router\Middleware\ImplicitOptionsMiddleware
Zend\Expressive\Middleware\LazyLoadingMiddleware
Zend\Expressive\Router\Middleware\MethodNotAllowedMiddleware
Zend\Expressive\Middleware\LazyLoadingMiddleware
Zend\Expressive\Helper\UrlHelperMiddleware
Zend\Expressive\Middleware\LazyLoadingMiddleware
Zend\Expressive\Router\Middleware\DispatchMiddleware
Zend\Expressive\Middleware\LazyLoadingMiddleware
Amazium\SampleApp\UI\Web\Page\Address\Index
Zend\Expressive\Middleware\LazyLoadingMiddleware
Zend\Stratigility\Middleware\ErrorHandler
Zend\Expressive\Middleware\LazyLoadingMiddleware
Zend\Expressive\Helper\ServerUrlMiddleware
Zend\Expressive\Middleware\LazyLoadingMiddleware
Zend\Expressive\Session\SessionMiddleware
Zend\Expressive\Middleware\LazyLoadingMiddleware
Amazium\Kernel\Application\Context\ApplicationContextMiddleware
Zend\Expressive\Middleware\LazyLoadingMiddleware
Zend\Expressive\Router\Middleware\RouteMiddleware
Zend\Expressive\Middleware\LazyLoadingMiddleware
Zend\Expressive\Router\Middleware\ImplicitHeadMiddleware
Zend\Expressive\Middleware\LazyLoadingMiddleware
Zend\Expressive\Router\Middleware\ImplicitOptionsMiddleware
Zend\Expressive\Middleware\LazyLoadingMiddleware
Zend\Expressive\Router\Middleware\MethodNotAllowedMiddleware
Zend\Expressive\Middleware\LazyLoadingMiddleware
Zend\Expressive\Helper\UrlHelperMiddleware
Zend\Expressive\Middleware\LazyLoadingMiddleware
Zend\Expressive\Router\Middleware\DispatchMiddleware
Zend\Expressive\Middleware\LazyLoadingMiddleware
Amazium\SampleApp\UI\Web\Page\Address\Index
Zend\Expressive\Middleware\LazyLoadingMiddleware
Zend\Stratigility\Middleware\ErrorHandler
Zend\Expressive\Middleware\LazyLoadingMiddleware
Zend\Expressive\Helper\ServerUrlMiddleware
Zend\Expressive\Middleware\LazyLoadingMiddleware
Zend\Expressive\Session\SessionMiddleware
Zend\Expressive\Middleware\LazyLoadingMiddleware
Amazium\Kernel\Application\Context\ApplicationContextMiddleware
Zend\Expressive\Middleware\LazyLoadingMiddleware
Zend\Expressive\Router\Middleware\RouteMiddleware
Zend\Expressive\Middleware\LazyLoadingMiddleware
Zend\Expressive\Router\Middleware\ImplicitHeadMiddleware
Zend\Expressive\Middleware\LazyLoadingMiddleware
Zend\Expressive\Router\Middleware\ImplicitOptionsMiddleware
Zend\Expressive\Middleware\LazyLoadingMiddleware
Zend\Expressive\Router\Middleware\MethodNotAllowedMiddleware
Zend\Expressive\Middleware\LazyLoadingMiddleware
Zend\Expressive\Helper\UrlHelperMiddleware
Zend\Expressive\Middleware\LazyLoadingMiddleware
Zend\Expressive\Router\Middleware\DispatchMiddleware
Zend\Expressive\Middleware\LazyLoadingMiddleware
Amazium\SampleApp\UI\Web\Page\Address\Index
Zend\Expressive\Middleware\LazyLoadingMiddleware
Zend\Stratigility\Middleware\ErrorHandler
Zend\Expressive\Middleware\LazyLoadingMiddleware
Zend\Expressive\Helper\ServerUrlMiddleware
Zend\Expressive\Middleware\LazyLoadingMiddleware
Zend\Expressive\Session\SessionMiddleware
Zend\Expressive\Middleware\LazyLoadingMiddleware
Amazium\Kernel\Application\Context\ApplicationContextMiddleware
Zend\Expressive\Middleware\LazyLoadingMiddleware
Zend\Expressive\Router\Middleware\RouteMiddleware
Zend\Expressive\Middleware\LazyLoadingMiddleware
Zend\Expressive\Router\Middleware\ImplicitHeadMiddleware
Zend\Expressive\Middleware\LazyLoadingMiddleware
Zend\Expressive\Router\Middleware\ImplicitOptionsMiddleware
Zend\Expressive\Middleware\LazyLoadingMiddleware
Zend\Expressive\Router\Middleware\MethodNotAllowedMiddleware
Zend\Expressive\Middleware\LazyLoadingMiddleware
Zend\Expressive\Helper\UrlHelperMiddleware
Zend\Expressive\Middleware\LazyLoadingMiddleware
Zend\Expressive\Router\Middleware\DispatchMiddleware
Zend\Expressive\Middleware\LazyLoadingMiddleware
Amazium\SampleApp\UI\Web\Page\Address\Index
Zend\Expressive\Middleware\LazyLoadingMiddleware
Zend\Stratigility\Middleware\ErrorHandler
Zend\Expressive\Middleware\LazyLoadingMiddleware
Zend\Expressive\Helper\ServerUrlMiddleware
Zend\Expressive\Middleware\LazyLoadingMiddleware
Zend\Expressive\Session\SessionMiddleware
Zend\Expressive\Middleware\LazyLoadingMiddleware
Amazium\Kernel\Application\Context\ApplicationContextMiddleware
Zend\Expressive\Middleware\LazyLoadingMiddleware
Zend\Expressive\Router\Middleware\RouteMiddleware
Zend\Expressive\Middleware\LazyLoadingMiddleware
Zend\Expressive\Router\Middleware\ImplicitHeadMiddleware
Zend\Expressive\Middleware\LazyLoadingMiddleware
Zend\Expressive\Router\Middleware\ImplicitOptionsMiddleware
Zend\Expressive\Middleware\LazyLoadingMiddleware
Zend\Expressive\Router\Middleware\MethodNotAllowedMiddleware
Zend\Expressive\Middleware\LazyLoadingMiddleware
Zend\Expressive\Helper\UrlHelperMiddleware
Zend\Expressive\Middleware\LazyLoadingMiddleware
Zend\Expressive\Router\Middleware\DispatchMiddleware
Zend\Expressive\Middleware\LazyLoadingMiddleware
Amazium\SampleApp\UI\Web\Page\Address\Index
Zend\Expressive\Middleware\LazyLoadingMiddleware
Zend\Stratigility\Middleware\ErrorHandler
Zend\Expressive\Middleware\LazyLoadingMiddleware
Zend\Expressive\Helper\ServerUrlMiddleware
Zend\Expressive\Middleware\LazyLoadingMiddleware
Zend\Expressive\Session\SessionMiddleware
Zend\Expressive\Middleware\LazyLoadingMiddleware
Amazium\Kernel\Application\Context\ApplicationContextMiddleware
Zend\Expressive\Middleware\LazyLoadingMiddleware
Zend\Expressive\Router\Middleware\RouteMiddleware
Zend\Expressive\Middleware\LazyLoadingMiddleware
Zend\Expressive\Router\Middleware\ImplicitHeadMiddleware
Zend\Expressive\Middleware\LazyLoadingMiddleware
Zend\Expressive\Router\Middleware\ImplicitOptionsMiddleware
Zend\Expressive\Middleware\LazyLoadingMiddleware
Zend\Expressive\Router\Middleware\MethodNotAllowedMiddleware
Zend\Expressive\Middleware\LazyLoadingMiddleware
Zend\Expressive\Helper\UrlHelperMiddleware
Zend\Expressive\Middleware\LazyLoadingMiddleware
Zend\Expressive\Router\Middleware\DispatchMiddleware
Zend\Expressive\Middleware\LazyLoadingMiddleware
Amazium\SampleApp\UI\Web\Page\Address\Index
Zend\Expressive\Middleware\LazyLoadingMiddleware
Zend\Stratigility\Middleware\ErrorHandler
Zend\Expressive\Middleware\LazyLoadingMiddleware
Zend\Expressive\Helper\ServerUrlMiddleware
Zend\Expressive\Middleware\LazyLoadingMiddleware
Zend\Expressive\Session\SessionMiddleware
Zend\Expressive\Middleware\LazyLoadingMiddleware
Amazium\Kernel\Application\Context\ApplicationContextMiddleware
Zend\Expressive\Middleware\LazyLoadingMiddleware
Zend\Expressive\Router\Middleware\RouteMiddleware
Zend\Expressive\Middleware\LazyLoadingMiddleware
Zend\Expressive\Router\Middleware\ImplicitHeadMiddleware
Zend\Expressive\Middleware\LazyLoadingMiddleware
Zend\Expressive\Router\Middleware\ImplicitOptionsMiddleware
Zend\Expressive\Middleware\LazyLoadingMiddleware
Zend\Expressive\Router\Middleware\MethodNotAllowedMiddleware
Zend\Expressive\Middleware\LazyLoadingMiddleware
Zend\Expressive\Helper\UrlHelperMiddleware
Zend\Expressive\Middleware\LazyLoadingMiddleware
Zend\Expressive\Router\Middleware\DispatchMiddleware
Zend\Expressive\Middleware\LazyLoadingMiddleware
Amazium\SampleApp\UI\Web\Page\Address\Index
Zend\Expressive\Middleware\LazyLoadingMiddleware
Zend\Stratigility\Middleware\ErrorHandler
Zend\Expressive\Middleware\LazyLoadingMiddleware
Zend\Expressive\Helper\ServerUrlMiddleware
Zend\Expressive\Middleware\LazyLoadingMiddleware
Zend\Expressive\Session\SessionMiddleware
Zend\Expressive\Middleware\LazyLoadingMiddleware
Amazium\Kernel\Application\Context\ApplicationContextMiddleware
Zend\Expressive\Middleware\LazyLoadingMiddleware
Zend\Expressive\Router\Middleware\RouteMiddleware
Zend\Expressive\Middleware\LazyLoadingMiddleware
Zend\Expressive\Router\Middleware\ImplicitHeadMiddleware
Zend\Expressive\Middleware\LazyLoadingMiddleware
Zend\Expressive\Router\Middleware\ImplicitOptionsMiddleware
Zend\Expressive\Middleware\LazyLoadingMiddleware
Zend\Expressive\Router\Middleware\MethodNotAllowedMiddleware
Zend\Expressive\Middleware\LazyLoadingMiddleware
Zend\Expressive\Helper\UrlHelperMiddleware
Zend\Expressive\Middleware\LazyLoadingMiddleware
Zend\Expressive\Router\Middleware\DispatchMiddleware
Zend\Expressive\Middleware\LazyLoadingMiddleware
Amazium\SampleApp\UI\Web\Page\Address\Index
Zend\Expressive\Middleware\LazyLoadingMiddleware
Zend\Stratigility\Middleware\ErrorHandler
Zend\Expressive\Middleware\LazyLoadingMiddleware
Zend\Expressive\Helper\ServerUrlMiddleware
Zend\Expressive\Middleware\LazyLoadingMiddleware
Zend\Expressive\Session\SessionMiddleware
Zend\Expressive\Middleware\LazyLoadingMiddleware
Amazium\Kernel\Application\Context\ApplicationContextMiddleware
Zend\Expressive\Middleware\LazyLoadingMiddleware
Zend\Expressive\Router\Middleware\RouteMiddleware
Zend\Expressive\Middleware\LazyLoadingMiddleware
Zend\Expressive\Router\Middleware\ImplicitHeadMiddleware
Zend\Expressive\Middleware\LazyLoadingMiddleware
Zend\Expressive\Router\Middleware\ImplicitOptionsMiddleware
Zend\Expressive\Middleware\LazyLoadingMiddleware
Zend\Expressive\Router\Middleware\MethodNotAllowedMiddleware
Zend\Expressive\Middleware\LazyLoadingMiddleware
Zend\Expressive\Helper\UrlHelperMiddleware
Zend\Expressive\Middleware\LazyLoadingMiddleware
Zend\Expressive\Router\Middleware\DispatchMiddleware
Zend\Expressive\Middleware\LazyLoadingMiddleware
Amazium\SampleApp\UI\Web\Page\Address\Index
Zend\Expressive\Middleware\LazyLoadingMiddleware
Zend\Stratigility\Middleware\ErrorHandler
Zend\Expressive\Middleware\LazyLoadingMiddleware
Zend\Expressive\Helper\ServerUrlMiddleware
Zend\Expressive\Middleware\LazyLoadingMiddleware
Zend\Expressive\Session\SessionMiddleware
Zend\Expressive\Middleware\LazyLoadingMiddleware
Amazium\Kernel\Application\Context\ApplicationContextMiddleware
Zend\Expressive\Middleware\LazyLoadingMiddleware
Zend\Expressive\Router\Middleware\RouteMiddleware
Zend\Expressive\Middleware\LazyLoadingMiddleware
Zend\Expressive\Router\Middleware\ImplicitHeadMiddleware
Zend\Expressive\Middleware\LazyLoadingMiddleware
Zend\Expressive\Router\Middleware\ImplicitOptionsMiddleware
Zend\Expressive\Middleware\LazyLoadingMiddleware
Zend\Expressive\Router\Middleware\MethodNotAllowedMiddleware
Zend\Expressive\Middleware\LazyLoadingMiddleware
Zend\Expressive\Helper\UrlHelperMiddleware
Zend\Expressive\Middleware\LazyLoadingMiddleware
Zend\Expressive\Router\Middleware\DispatchMiddleware
Zend\Expressive\Middleware\LazyLoadingMiddleware
Amazium\SampleApp\UI\Web\Page\Address\Index
Zend\Expressive\Middleware\LazyLoadingMiddleware
Zend\Stratigility\Middleware\ErrorHandler
Zend\Expressive\Middleware\LazyLoadingMiddleware
Zend\Expressive\Helper\ServerUrlMiddleware
Zend\Expressive\Middleware\LazyLoadingMiddleware
Zend\Expressive\Session\SessionMiddleware
Zend\Expressive\Middleware\LazyLoadingMiddleware
Amazium\Kernel\Application\Context\ApplicationContextMiddleware
Zend\Expressive\Middleware\LazyLoadingMiddleware
Zend\Expressive\Router\Middleware\RouteMiddleware
Zend\Expressive\Middleware\LazyLoadingMiddleware
Zend\Expressive\Router\Middleware\ImplicitHeadMiddleware
Zend\Expressive\Middleware\LazyLoadingMiddleware
Zend\Expressive\Router\Middleware\ImplicitOptionsMiddleware
Zend\Expressive\Middleware\LazyLoadingMiddleware
Zend\Expressive\Router\Middleware\MethodNotAllowedMiddleware
Zend\Expressive\Middleware\LazyLoadingMiddleware
Zend\Expressive\Helper\UrlHelperMiddleware
Zend\Expressive\Middleware\LazyLoadingMiddleware
Zend\Expressive\Router\Middleware\DispatchMiddleware
Zend\Expressive\Middleware\LazyLoadingMiddleware
Amazium\SampleApp\UI\Web\Page\Address\Index
Zend\Expressive\Middleware\LazyLoadingMiddleware
Zend\Stratigility\Middleware\ErrorHandler
Zend\Expressive\Middleware\LazyLoadingMiddleware
Zend\Expressive\Helper\ServerUrlMiddleware
Zend\Expressive\Middleware\LazyLoadingMiddleware
Zend\Expressive\Session\SessionMiddleware
Zend\Expressive\Middleware\LazyLoadingMiddleware
Amazium\Kernel\Application\Context\ApplicationContextMiddleware
Zend\Expressive\Middleware\LazyLoadingMiddleware
Zend\Expressive\Router\Middleware\RouteMiddleware
Zend\Expressive\Middleware\LazyLoadingMiddleware
Zend\Expressive\Router\Middleware\ImplicitHeadMiddleware
Zend\Expressive\Middleware\LazyLoadingMiddleware
Zend\Expressive\Router\Middleware\ImplicitOptionsMiddleware
Zend\Expressive\Middleware\LazyLoadingMiddleware
Zend\Expressive\Router\Middleware\MethodNotAllowedMiddleware
Zend\Expressive\Middleware\LazyLoadingMiddleware
Zend\Expressive\Helper\UrlHelperMiddleware
Zend\Expressive\Middleware\LazyLoadingMiddleware
Zend\Expressive\Router\Middleware\DispatchMiddleware
Zend\Expressive\Middleware\LazyLoadingMiddleware
Amazium\SampleApp\UI\Web\Page\Address\Index
Zend\Expressive\Middleware\LazyLoadingMiddleware
Zend\Stratigility\Middleware\ErrorHandler
Zend\Expressive\Middleware\LazyLoadingMiddleware
Zend\Expressive\Helper\ServerUrlMiddleware
Zend\Expressive\Middleware\LazyLoadingMiddleware
Zend\Expressive\Session\SessionMiddleware
Zend\Expressive\Middleware\LazyLoadingMiddleware
Amazium\Kernel\Application\Context\ApplicationContextMiddleware
Zend\Expressive\Middleware\LazyLoadingMiddleware
Zend\Expressive\Router\Middleware\RouteMiddleware
Zend\Expressive\Middleware\LazyLoadingMiddleware
Zend\Expressive\Router\Middleware\ImplicitHeadMiddleware
Zend\Expressive\Middleware\LazyLoadingMiddleware
Zend\Expressive\Router\Middleware\ImplicitOptionsMiddleware
Zend\Expressive\Middleware\LazyLoadingMiddleware
Zend\Expressive\Router\Middleware\MethodNotAllowedMiddleware
Zend\Expressive\Middleware\LazyLoadingMiddleware
Zend\Expressive\Helper\UrlHelperMiddleware
Zend\Expressive\Middleware\LazyLoadingMiddleware
Zend\Expressive\Router\Middleware\DispatchMiddleware
Zend\Expressive\Middleware\LazyLoadingMiddleware
Amazium\SampleApp\UI\Web\Page\Address\Index
Zend\Expressive\Middleware\LazyLoadingMiddleware
Zend\Stratigility\Middleware\ErrorHandler
Zend\Expressive\Middleware\LazyLoadingMiddleware
Zend\Expressive\Helper\ServerUrlMiddleware
Zend\Expressive\Middleware\LazyLoadingMiddleware
Zend\Expressive\Session\SessionMiddleware
Zend\Expressive\Middleware\LazyLoadingMiddleware
Amazium\Kernel\Application\Context\ApplicationContextMiddleware
Zend\Expressive\Middleware\LazyLoadingMiddleware
Zend\Expressive\Router\Middleware\RouteMiddleware
Zend\Expressive\Middleware\LazyLoadingMiddleware
Zend\Expressive\Router\Middleware\ImplicitHeadMiddleware
Zend\Expressive\Middleware\LazyLoadingMiddleware
Zend\Expressive\Router\Middleware\ImplicitOptionsMiddleware
Zend\Expressive\Middleware\LazyLoadingMiddleware
Zend\Expressive\Router\Middleware\MethodNotAllowedMiddleware
Zend\Expressive\Middleware\LazyLoadingMiddleware
Zend\Expressive\Helper\UrlHelperMiddleware
Zend\Expressive\Middleware\LazyLoadingMiddleware
Zend\Expressive\Router\Middleware\DispatchMiddleware
Zend\Expressive\Middleware\LazyLoadingMiddleware
Amazium\SampleApp\UI\Web\Page\Address\Index
Zend\Expressive\Middleware\LazyLoadingMiddleware
Zend\Stratigility\Middleware\ErrorHandler
Zend\Expressive\Middleware\LazyLoadingMiddleware
Zend\Expressive\Helper\ServerUrlMiddleware
Zend\Expressive\Middleware\LazyLoadingMiddleware
Zend\Expressive\Session\SessionMiddleware
Zend\Expressive\Middleware\LazyLoadingMiddleware
Amazium\Kernel\Application\Context\ApplicationContextMiddleware
Zend\Expressive\Middleware\LazyLoadingMiddleware
Zend\Expressive\Router\Middleware\RouteMiddleware
Zend\Expressive\Middleware\LazyLoadingMiddleware
Zend\Expressive\Router\Middleware\ImplicitHeadMiddleware
Zend\Expressive\Middleware\LazyLoadingMiddleware
Zend\Expressive\Router\Middleware\ImplicitOptionsMiddleware
Zend\Expressive\Middleware\LazyLoadingMiddleware
Zend\Expressive\Router\Middleware\MethodNotAllowedMiddleware
Zend\Expressive\Middleware\LazyLoadingMiddleware
Zend\Expressive\Helper\UrlHelperMiddleware
Zend\Expressive\Middleware\LazyLoadingMiddleware
Zend\Expressive\Router\Middleware\DispatchMiddleware
Zend\Expressive\Middleware\LazyLoadingMiddleware
Amazium\SampleApp\UI\Web\Page\Address\Index
Zend\Expressive\Middleware\LazyLoadingMiddleware
Zend\Stratigility\Middleware\ErrorHandler
Zend\Expressive\Middleware\LazyLoadingMiddleware
Zend\Expressive\Helper\ServerUrlMiddleware
Zend\Expressive\Middleware\LazyLoadingMiddleware
Zend\Expressive\Session\SessionMiddleware
Zend\Expressive\Middleware\LazyLoadingMiddleware
Amazium\Kernel\Application\Context\ApplicationContextMiddleware
Zend\Expressive\Middleware\LazyLoadingMiddleware
Zend\Expressive\Router\Middleware\RouteMiddleware
Zend\Expressive\Middleware\LazyLoadingMiddleware
Zend\Expressive\Router\Middleware\ImplicitHeadMiddleware
Zend\Expressive\Middleware\LazyLoadingMiddleware
Zend\Expressive\Router\Middleware\ImplicitOptionsMiddleware
Zend\Expressive\Middleware\LazyLoadingMiddleware
Zend\Expressive\Router\Middleware\MethodNotAllowedMiddleware
Zend\Expressive\Middleware\LazyLoadingMiddleware
Zend\Expressive\Helper\UrlHelperMiddleware
Zend\Expressive\Middleware\LazyLoadingMiddleware
Zend\Expressive\Router\Middleware\DispatchMiddleware
Zend\Expressive\Middleware\LazyLoadingMiddleware
Amazium\SampleApp\UI\Web\Page\Address\Index
Zend\Expressive\Middleware\LazyLoadingMiddleware
Zend\Stratigility\Middleware\ErrorHandler
Zend\Expressive\Middleware\LazyLoadingMiddleware
Zend\Expressive\Helper\ServerUrlMiddleware
Zend\Expressive\Middleware\LazyLoadingMiddleware
Zend\Expressive\Session\SessionMiddleware
Zend\Expressive\Middleware\LazyLoadingMiddleware
Amazium\Kernel\Application\Context\ApplicationContextMiddleware
Zend\Expressive\Middleware\LazyLoadingMiddleware
Zend\Expressive\Router\Middleware\RouteMiddleware
Zend\Expressive\Middleware\LazyLoadingMiddleware
Zend\Expressive\Router\Middleware\ImplicitHeadMiddleware
Zend\Expressive\Middleware\LazyLoadingMiddleware
Zend\Expressive\Router\Middleware\ImplicitOptionsMiddleware
Zend\Expressive\Middleware\LazyLoadingMiddleware
Zend\Expressive\Router\Middleware\MethodNotAllowedMiddleware
Zend\Expressive\Middleware\LazyLoadingMiddleware
Zend\Expressive\Helper\UrlHelperMiddleware
Zend\Expressive\Middleware\LazyLoadingMiddleware
Zend\Expressive\Router\Middleware\DispatchMiddleware
Zend\Expressive\Middleware\LazyLoadingMiddleware
Amazium\SampleApp\UI\Web\Page\Address\Index
Zend\Expressive\Middleware\LazyLoadingMiddleware
Zend\Stratigility\Middleware\ErrorHandler
Zend\Expressive\Middleware\LazyLoadingMiddleware
Zend\Expressive\Helper\ServerUrlMiddleware
Zend\Expressive\Middleware\LazyLoadingMiddleware
Zend\Expressive\Session\SessionMiddleware
Zend\Expressive\Middleware\LazyLoadingMiddleware
Amazium\Kernel\Application\Context\ApplicationContextMiddleware
Zend\Expressive\Middleware\LazyLoadingMiddleware
Zend\Expressive\Router\Middleware\RouteMiddleware
Zend\Expressive\Middleware\LazyLoadingMiddleware
Zend\Expressive\Router\Middleware\ImplicitHeadMiddleware
Zend\Expressive\Middleware\LazyLoadingMiddleware
Zend\Expressive\Router\Middleware\ImplicitOptionsMiddleware
Zend\Expressive\Middleware\LazyLoadingMiddleware
Zend\Expressive\Router\Middleware\MethodNotAllowedMiddleware
Zend\Expressive\Middleware\LazyLoadingMiddleware
Zend\Expressive\Helper\UrlHelperMiddleware
Zend\Expressive\Middleware\LazyLoadingMiddleware
Zend\Expressive\Router\Middleware\DispatchMiddleware
Zend\Expressive\Middleware\LazyLoadingMiddleware
Amazium\SampleApp\UI\Web\Page\Address\Index
Zend\Expressive\Middleware\LazyLoadingMiddleware
Zend\Stratigility\Middleware\ErrorHandler
Zend\Expressive\Middleware\LazyLoadingMiddleware
Zend\Expressive\Helper\ServerUrlMiddleware
Zend\Expressive\Middleware\LazyLoadingMiddleware
Zend\Expressive\Session\SessionMiddleware
Zend\Expressive\Middleware\LazyLoadingMiddleware
Amazium\Kernel\Application\Context\ApplicationContextMiddleware
Zend\Expressive\Middleware\LazyLoadingMiddleware
Zend\Expressive\Router\Middleware\RouteMiddleware
Zend\Expressive\Middleware\LazyLoadingMiddleware
Zend\Expressive\Router\Middleware\ImplicitHeadMiddleware
Zend\Expressive\Middleware\LazyLoadingMiddleware
Zend\Expressive\Router\Middleware\ImplicitOptionsMiddleware
Zend\Expressive\Middleware\LazyLoadingMiddleware
Zend\Expressive\Router\Middleware\MethodNotAllowedMiddleware
Zend\Expressive\Middleware\LazyLoadingMiddleware
Zend\Expressive\Helper\UrlHelperMiddleware
Zend\Expressive\Middleware\LazyLoadingMiddleware
Zend\Expressive\Router\Middleware\DispatchMiddleware
Zend\Expressive\Middleware\LazyLoadingMiddleware
Amazium\SampleApp\UI\Web\Page\Address\Index
Zend\Expressive\Middleware\LazyLoadingMiddleware
Zend\Stratigility\Middleware\ErrorHandler
Zend\Expressive\Middleware\LazyLoadingMiddleware
Zend\Expressive\Helper\ServerUrlMiddleware
Zend\Expressive\Middleware\LazyLoadingMiddleware
Zend\Expressive\Session\SessionMiddleware
Zend\Expressive\Middleware\LazyLoadingMiddleware
Amazium\Kernel\Application\Context\ApplicationContextMiddleware
Zend\Expressive\Middleware\LazyLoadingMiddleware
Zend\Expressive\Router\Middleware\RouteMiddleware
Zend\Expressive\Middleware\LazyLoadingMiddleware
Zend\Expressive\Router\Middleware\ImplicitHeadMiddleware
Zend\Expressive\Middleware\LazyLoadingMiddleware
Zend\Expressive\Router\Middleware\ImplicitOptionsMiddleware
Zend\Expressive\Middleware\LazyLoadingMiddleware
Zend\Expressive\Router\Middleware\MethodNotAllowedMiddleware
Zend\Expressive\Middleware\LazyLoadingMiddleware
Zend\Expressive\Helper\UrlHelperMiddleware
Zend\Expressive\Middleware\LazyLoadingMiddleware
Zend\Expressive\Router\Middleware\DispatchMiddleware
Zend\Expressive\Middleware\LazyLoadingMiddleware
Amazium\SampleApp\UI\Web\Page\Address\Index
Zend\Expressive\Middleware\LazyLoadingMiddleware
Zend\Stratigility\Middleware\ErrorHandler
Zend\Expressive\Middleware\LazyLoadingMiddleware
Zend\Expressive\Helper\ServerUrlMiddleware
Zend\Expressive\Middleware\LazyLoadingMiddleware
Zend\Expressive\Session\SessionMiddleware
Zend\Expressive\Middleware\LazyLoadingMiddleware
Amazium\Kernel\Application\Context\ApplicationContextMiddleware
Zend\Expressive\Middleware\LazyLoadingMiddleware
Zend\Expressive\Router\Middleware\RouteMiddleware
Zend\Expressive\Middleware\LazyLoadingMiddleware
Zend\Expressive\Router\Middleware\ImplicitHeadMiddleware
Zend\Expressive\Middleware\LazyLoadingMiddleware
Zend\Expressive\Router\Middleware\ImplicitOptionsMiddleware
Zend\Expressive\Middleware\LazyLoadingMiddleware
Zend\Expressive\Router\Middleware\MethodNotAllowedMiddleware
Zend\Expressive\Middleware\LazyLoadingMiddleware
Zend\Expressive\Helper\UrlHelperMiddleware
Zend\Expressive\Middleware\LazyLoadingMiddleware
Zend\Expressive\Router\Middleware\DispatchMiddleware
Zend\Expressive\Middleware\LazyLoadingMiddleware
Amazium\SampleApp\UI\Web\Page\Address\Index
Zend\Expressive\Middleware\LazyLoadingMiddleware
Zend\Stratigility\Middleware\ErrorHandler
Zend\Expressive\Middleware\LazyLoadingMiddleware
Zend\Expressive\Helper\ServerUrlMiddleware
Zend\Expressive\Middleware\LazyLoadingMiddleware
Zend\Expressive\Session\SessionMiddleware
Zend\Expressive\Middleware\LazyLoadingMiddleware
Amazium\Kernel\Application\Context\ApplicationContextMiddleware
Zend\Expressive\Middleware\LazyLoadingMiddleware
Zend\Expressive\Router\Middleware\RouteMiddleware
Zend\Expressive\Middleware\LazyLoadingMiddleware
Zend\Expressive\Router\Middleware\ImplicitHeadMiddleware
Zend\Expressive\Middleware\LazyLoadingMiddleware
Zend\Expressive\Router\Middleware\ImplicitOptionsMiddleware
Zend\Expressive\Middleware\LazyLoadingMiddleware
Zend\Expressive\Router\Middleware\MethodNotAllowedMiddleware
Zend\Expressive\Middleware\LazyLoadingMiddleware
Zend\Expressive\Helper\UrlHelperMiddleware
Zend\Expressive\Middleware\LazyLoadingMiddleware
Zend\Expressive\Router\Middleware\DispatchMiddleware
Zend\Expressive\Middleware\LazyLoadingMiddleware
Amazium\SampleApp\UI\Web\Page\Address\Index
Zend\Expressive\Middleware\LazyLoadingMiddleware
Zend\Stratigility\Middleware\ErrorHandler
Zend\Expressive\Middleware\LazyLoadingMiddleware
Zend\Expressive\Helper\ServerUrlMiddleware
Zend\Expressive\Middleware\LazyLoadingMiddleware
Zend\Expressive\Session\SessionMiddleware
Zend\Expressive\Middleware\LazyLoadingMiddleware
Amazium\Kernel\Application\Context\ApplicationContextMiddleware
Zend\Expressive\Middleware\LazyLoadingMiddleware
Zend\Expressive\Router\Middleware\RouteMiddleware
Zend\Expressive\Middleware\LazyLoadingMiddleware
Zend\Expressive\Router\Middleware\ImplicitHeadMiddleware
Zend\Expressive\Middleware\LazyLoadingMiddleware
Zend\Expressive\Router\Middleware\ImplicitOptionsMiddleware
Zend\Expressive\Middleware\LazyLoadingMiddleware
Zend\Expressive\Router\Middleware\MethodNotAllowedMiddleware
Zend\Expressive\Middleware\LazyLoadingMiddleware
Zend\Expressive\Helper\UrlHelperMiddleware
Zend\Expressive\Middleware\LazyLoadingMiddleware
Zend\Expressive\Router\Middleware\DispatchMiddleware
Zend\Expressive\Middleware\LazyLoadingMiddleware
Amazium\SampleApp\UI\Web\Page\Address\Index
Zend\Expressive\Middleware\LazyLoadingMiddleware
Zend\Stratigility\Middleware\ErrorHandler
Zend\Expressive\Middleware\LazyLoadingMiddleware
Zend\Expressive\Helper\ServerUrlMiddleware
Zend\Expressive\Middleware\LazyLoadingMiddleware
Zend\Expressive\Session\SessionMiddleware
Zend\Expressive\Middleware\LazyLoadingMiddleware
Amazium\Kernel\Application\Context\ApplicationContextMiddleware
Zend\Expressive\Middleware\LazyLoadingMiddleware
Zend\Expressive\Router\Middleware\RouteMiddleware
Zend\Expressive\Middleware\LazyLoadingMiddleware
Zend\Expressive\Router\Middleware\ImplicitHeadMiddleware
Zend\Expressive\Middleware\LazyLoadingMiddleware
Zend\Expressive\Router\Middleware\ImplicitOptionsMiddleware
Zend\Expressive\Middleware\LazyLoadingMiddleware
Zend\Expressive\Router\Middleware\MethodNotAllowedMiddleware
Zend\Expressive\Middleware\LazyLoadingMiddleware
Zend\Expressive\Helper\UrlHelperMiddleware
Zend\Expressive\Middleware\LazyLoadingMiddleware
Zend\Expressive\Router\Middleware\DispatchMiddleware
Zend\Expressive\Middleware\LazyLoadingMiddleware
Amazium\SampleApp\UI\Web\Page\Address\Index
Zend\Expressive\Middleware\LazyLoadingMiddleware
Zend\Stratigility\Middleware\ErrorHandler
Zend\Expressive\Middleware\LazyLoadingMiddleware
Zend\Expressive\Helper\ServerUrlMiddleware
Zend\Expressive\Middleware\LazyLoadingMiddleware
Zend\Expressive\Session\SessionMiddleware
Zend\Expressive\Middleware\LazyLoadingMiddleware
Amazium\Kernel\Application\Context\ApplicationContextMiddleware
Zend\Expressive\Middleware\LazyLoadingMiddleware
Zend\Expressive\Router\Middleware\RouteMiddleware
Zend\Expressive\Middleware\LazyLoadingMiddleware
Zend\Expressive\Router\Middleware\ImplicitHeadMiddleware
Zend\Expressive\Middleware\LazyLoadingMiddleware
Zend\Expressive\Router\Middleware\ImplicitOptionsMiddleware
Zend\Expressive\Middleware\LazyLoadingMiddleware
Zend\Expressive\Router\Middleware\MethodNotAllowedMiddleware
Zend\Expressive\Middleware\LazyLoadingMiddleware
Zend\Expressive\Helper\UrlHelperMiddleware
Zend\Expressive\Middleware\LazyLoadingMiddleware
Zend\Expressive\Router\Middleware\DispatchMiddleware
Zend\Expressive\Middleware\LazyLoadingMiddleware
Amazium\SampleApp\UI\Web\Page\Address\Index
Zend\Expressive\Middleware\LazyLoadingMiddleware
Zend\Stratigility\Middleware\ErrorHandler
Zend\Expressive\Middleware\LazyLoadingMiddleware
Zend\Expressive\Helper\ServerUrlMiddleware
Zend\Expressive\Middleware\LazyLoadingMiddleware
Zend\Expressive\Session\SessionMiddleware
Zend\Expressive\Middleware\LazyLoadingMiddleware
Amazium\Kernel\Application\Context\ApplicationContextMiddleware
Zend\Expressive\Middleware\LazyLoadingMiddleware
Zend\Expressive\Router\Middleware\RouteMiddleware
Zend\Expressive\Middleware\LazyLoadingMiddleware
Zend\Expressive\Router\Middleware\ImplicitHeadMiddleware
Zend\Expressive\Middleware\LazyLoadingMiddleware
Zend\Expressive\Router\Middleware\ImplicitOptionsMiddleware
Zend\Expressive\Middleware\LazyLoadingMiddleware
Zend\Expressive\Router\Middleware\MethodNotAllowedMiddleware
Zend\Expressive\Middleware\LazyLoadingMiddleware
Zend\Expressive\Helper\UrlHelperMiddleware
Zend\Expressive\Middleware\LazyLoadingMiddleware
Zend\Expressive\Router\Middleware\DispatchMiddleware
Zend\Expressive\Middleware\LazyLoadingMiddleware
Amazium\SampleApp\UI\Web\Page\Address\Index
Zend\Expressive\Middleware\LazyLoadingMiddleware
Zend\Stratigility\Middleware\ErrorHandler
Zend\Expressive\Middleware\LazyLoadingMiddleware
Zend\Expressive\Helper\ServerUrlMiddleware
Zend\Expressive\Middleware\LazyLoadingMiddleware
Zend\Expressive\Session\SessionMiddleware
Zend\Expressive\Middleware\LazyLoadingMiddleware
Amazium\Kernel\Application\Context\ApplicationContextMiddleware
Zend\Expressive\Middleware\LazyLoadingMiddleware
Zend\Expressive\Router\Middleware\RouteMiddleware
Zend\Expressive\Middleware\LazyLoadingMiddleware
Zend\Expressive\Router\Middleware\ImplicitHeadMiddleware
Zend\Expressive\Middleware\LazyLoadingMiddleware
Zend\Expressive\Router\Middleware\ImplicitOptionsMiddleware
Zend\Expressive\Middleware\LazyLoadingMiddleware
Zend\Expressive\Router\Middleware\MethodNotAllowedMiddleware
Zend\Expressive\Middleware\LazyLoadingMiddleware
Zend\Expressive\Helper\UrlHelperMiddleware
Zend\Expressive\Middleware\LazyLoadingMiddleware
Zend\Expressive\Router\Middleware\DispatchMiddleware
Zend\Expressive\Middleware\LazyLoadingMiddleware
Amazium\SampleApp\UI\Web\Page\Address\Index
Zend\Expressive\Middleware\LazyLoadingMiddleware
Zend\Stratigility\Middleware\ErrorHandler
Zend\Expressive\Middleware\LazyLoadingMiddleware
Zend\Expressive\Helper\ServerUrlMiddleware
Zend\Expressive\Middleware\LazyLoadingMiddleware
Zend\Expressive\Session\SessionMiddleware
Zend\Expressive\Middleware\LazyLoadingMiddleware
Amazium\Kernel\Application\Context\ApplicationContextMiddleware
Zend\Expressive\Middleware\LazyLoadingMiddleware
Zend\Expressive\Router\Middleware\RouteMiddleware
Zend\Expressive\Middleware\LazyLoadingMiddleware
Zend\Expressive\Router\Middleware\ImplicitHeadMiddleware
Zend\Expressive\Middleware\LazyLoadingMiddleware
Zend\Expressive\Router\Middleware\ImplicitOptionsMiddleware
Zend\Expressive\Middleware\LazyLoadingMiddleware
Zend\Expressive\Router\Middleware\MethodNotAllowedMiddleware
Zend\Expressive\Middleware\LazyLoadingMiddleware
Zend\Expressive\Helper\UrlHelperMiddleware
Zend\Expressive\Middleware\LazyLoadingMiddleware
Zend\Expressive\Router\Middleware\DispatchMiddleware
Zend\Expressive\Middleware\LazyLoadingMiddleware
Amazium\SampleApp\UI\Web\Page\Address\Index
Zend\Expressive\Middleware\LazyLoadingMiddleware
Zend\Stratigility\Middleware\ErrorHandler
Zend\Expressive\Middleware\LazyLoadingMiddleware
Zend\Expressive\Helper\ServerUrlMiddleware
Zend\Expressive\Middleware\LazyLoadingMiddleware
Zend\Expressive\Session\SessionMiddleware
Zend\Expressive\Middleware\LazyLoadingMiddleware
Amazium\Kernel\Application\Context\ApplicationContextMiddleware
Zend\Expressive\Middleware\LazyLoadingMiddleware
Zend\Expressive\Router\Middleware\RouteMiddleware
Zend\Expressive\Middleware\LazyLoadingMiddleware
Zend\Expressive\Router\Middleware\ImplicitHeadMiddleware
Zend\Expressive\Middleware\LazyLoadingMiddleware
Zend\Expressive\Router\Middleware\ImplicitOptionsMiddleware
Zend\Expressive\Middleware\LazyLoadingMiddleware
Zend\Expressive\Router\Middleware\MethodNotAllowedMiddleware
Zend\Expressive\Middleware\LazyLoadingMiddleware
Zend\Expressive\Helper\UrlHelperMiddleware
Zend\Expressive\Middleware\LazyLoadingMiddleware
Zend\Expressive\Router\Middleware\DispatchMiddleware
Zend\Expressive\Middleware\LazyLoadingMiddleware
Amazium\Frontend\UI\Web\Page\Home
Zend\Expressive\Middleware\LazyLoadingMiddleware
Zend\Stratigility\Middleware\ErrorHandler
Zend\Expressive\Middleware\LazyLoadingMiddleware
Zend\Expressive\Helper\ServerUrlMiddleware
Zend\Expressive\Middleware\LazyLoadingMiddleware
Zend\Expressive\Session\SessionMiddleware
Zend\Expressive\Middleware\LazyLoadingMiddleware
Amazium\Kernel\Application\Context\ApplicationContextMiddleware
Zend\Expressive\Middleware\LazyLoadingMiddleware
Zend\Expressive\Router\Middleware\RouteMiddleware
Zend\Expressive\Middleware\LazyLoadingMiddleware
Zend\Expressive\Router\Middleware\ImplicitHeadMiddleware
Zend\Expressive\Middleware\LazyLoadingMiddleware
Zend\Expressive\Router\Middleware\ImplicitOptionsMiddleware
Zend\Expressive\Middleware\LazyLoadingMiddleware
Zend\Expressive\Router\Middleware\MethodNotAllowedMiddleware
Zend\Expressive\Middleware\LazyLoadingMiddleware
Zend\Expressive\Helper\UrlHelperMiddleware
Zend\Expressive\Middleware\LazyLoadingMiddleware
Zend\Expressive\Router\Middleware\DispatchMiddleware
Zend\Expressive\Middleware\LazyLoadingMiddleware
Amazium\SampleApp\UI\Web\Page\Address\Index
Zend\Expressive\Middleware\LazyLoadingMiddleware
Zend\Stratigility\Middleware\ErrorHandler
Zend\Expressive\Middleware\LazyLoadingMiddleware
Zend\Expressive\Helper\ServerUrlMiddleware
Zend\Expressive\Middleware\LazyLoadingMiddleware
Zend\Expressive\Session\SessionMiddleware
Zend\Expressive\Middleware\LazyLoadingMiddleware
Amazium\Kernel\Application\Context\ApplicationContextMiddleware
Zend\Expressive\Middleware\LazyLoadingMiddleware
Zend\Expressive\Router\Middleware\RouteMiddleware
Zend\Expressive\Middleware\LazyLoadingMiddleware
Zend\Expressive\Router\Middleware\ImplicitHeadMiddleware
Zend\Expressive\Middleware\LazyLoadingMiddleware
Zend\Expressive\Router\Middleware\ImplicitOptionsMiddleware
Zend\Expressive\Middleware\LazyLoadingMiddleware
Zend\Expressive\Router\Middleware\MethodNotAllowedMiddleware
Zend\Expressive\Middleware\LazyLoadingMiddleware
Zend\Expressive\Helper\UrlHelperMiddleware
Zend\Expressive\Middleware\LazyLoadingMiddleware
Zend\Expressive\Router\Middleware\DispatchMiddleware
Zend\Expressive\Middleware\LazyLoadingMiddleware
Amazium\SampleApp\UI\Web\Page\Address\Index
Zend\Expressive\Middleware\LazyLoadingMiddleware
Zend\Stratigility\Middleware\ErrorHandler
Zend\Expressive\Middleware\LazyLoadingMiddleware
Zend\Expressive\Helper\ServerUrlMiddleware
Zend\Expressive\Middleware\LazyLoadingMiddleware
Zend\Expressive\Session\SessionMiddleware
Zend\Expressive\Middleware\LazyLoadingMiddleware
Amazium\Kernel\Application\Context\ApplicationContextMiddleware
Zend\Expressive\Middleware\LazyLoadingMiddleware
Zend\Expressive\Router\Middleware\RouteMiddleware
Zend\Expressive\Middleware\LazyLoadingMiddleware
Zend\Expressive\Router\Middleware\ImplicitHeadMiddleware
Zend\Expressive\Middleware\LazyLoadingMiddleware
Zend\Expressive\Router\Middleware\ImplicitOptionsMiddleware
Zend\Expressive\Middleware\LazyLoadingMiddleware
Zend\Expressive\Router\Middleware\MethodNotAllowedMiddleware
Zend\Expressive\Middleware\LazyLoadingMiddleware
Zend\Expressive\Helper\UrlHelperMiddleware
Zend\Expressive\Middleware\LazyLoadingMiddleware
Zend\Expressive\Router\Middleware\DispatchMiddleware
Zend\Expressive\Middleware\LazyLoadingMiddleware
Amazium\SampleApp\UI\Web\Page\Address\Index
Zend\Expressive\Middleware\LazyLoadingMiddleware
Zend\Stratigility\Middleware\ErrorHandler
Zend\Expressive\Middleware\LazyLoadingMiddleware
Zend\Expressive\Helper\ServerUrlMiddleware
Zend\Expressive\Middleware\LazyLoadingMiddleware
Zend\Expressive\Session\SessionMiddleware
Zend\Expressive\Middleware\LazyLoadingMiddleware
Amazium\Kernel\Application\Context\ApplicationContextMiddleware
Zend\Expressive\Middleware\LazyLoadingMiddleware
Zend\Expressive\Router\Middleware\RouteMiddleware
Zend\Expressive\Middleware\LazyLoadingMiddleware
Zend\Expressive\Router\Middleware\ImplicitHeadMiddleware
Zend\Expressive\Middleware\LazyLoadingMiddleware
Zend\Expressive\Router\Middleware\ImplicitOptionsMiddleware
Zend\Expressive\Middleware\LazyLoadingMiddleware
Zend\Expressive\Router\Middleware\MethodNotAllowedMiddleware
Zend\Expressive\Middleware\LazyLoadingMiddleware
Zend\Expressive\Helper\UrlHelperMiddleware
Zend\Expressive\Middleware\LazyLoadingMiddleware
Zend\Expressive\Router\Middleware\DispatchMiddleware
Zend\Expressive\Middleware\LazyLoadingMiddleware
Amazium\SampleApp\UI\Web\Page\Address\Show
Zend\Expressive\Middleware\LazyLoadingMiddleware
Zend\Stratigility\Middleware\ErrorHandler
Zend\Expressive\Middleware\LazyLoadingMiddleware
Zend\Expressive\Helper\ServerUrlMiddleware
Zend\Expressive\Middleware\LazyLoadingMiddleware
Zend\Expressive\Session\SessionMiddleware
Zend\Expressive\Middleware\LazyLoadingMiddleware
Amazium\Kernel\Application\Context\ApplicationContextMiddleware
Zend\Expressive\Middleware\LazyLoadingMiddleware
Zend\Expressive\Router\Middleware\RouteMiddleware
Zend\Expressive\Middleware\LazyLoadingMiddleware
Zend\Expressive\Router\Middleware\ImplicitHeadMiddleware
Zend\Expressive\Middleware\LazyLoadingMiddleware
Zend\Expressive\Router\Middleware\ImplicitOptionsMiddleware
Zend\Expressive\Middleware\LazyLoadingMiddleware
Zend\Expressive\Router\Middleware\MethodNotAllowedMiddleware
Zend\Expressive\Middleware\LazyLoadingMiddleware
Zend\Expressive\Helper\UrlHelperMiddleware
Zend\Expressive\Middleware\LazyLoadingMiddleware
Zend\Expressive\Router\Middleware\DispatchMiddleware
Zend\Expressive\Middleware\LazyLoadingMiddleware
Amazium\SampleApp\UI\Web\Page\Address\Index
Zend\Expressive\Middleware\LazyLoadingMiddleware
Zend\Stratigility\Middleware\ErrorHandler
Zend\Expressive\Middleware\LazyLoadingMiddleware
Zend\Expressive\Helper\ServerUrlMiddleware
Zend\Expressive\Middleware\LazyLoadingMiddleware
Zend\Expressive\Session\SessionMiddleware
Zend\Expressive\Middleware\LazyLoadingMiddleware
Amazium\Kernel\Application\Context\ApplicationContextMiddleware
Zend\Expressive\Middleware\LazyLoadingMiddleware
Zend\Expressive\Router\Middleware\RouteMiddleware
Zend\Expressive\Middleware\LazyLoadingMiddleware
Zend\Expressive\Router\Middleware\ImplicitHeadMiddleware
Zend\Expressive\Middleware\LazyLoadingMiddleware
Zend\Expressive\Router\Middleware\ImplicitOptionsMiddleware
Zend\Expressive\Middleware\LazyLoadingMiddleware
Zend\Expressive\Router\Middleware\MethodNotAllowedMiddleware
Zend\Expressive\Middleware\LazyLoadingMiddleware
Zend\Expressive\Helper\UrlHelperMiddleware
Zend\Expressive\Middleware\LazyLoadingMiddleware
Zend\Expressive\Router\Middleware\DispatchMiddleware
Zend\Expressive\Middleware\LazyLoadingMiddleware
Amazium\SampleApp\UI\Web\Page\Address\Edit
Zend\Expressive\Middleware\LazyLoadingMiddleware
Zend\Stratigility\Middleware\ErrorHandler
Zend\Expressive\Middleware\LazyLoadingMiddleware
Zend\Expressive\Helper\ServerUrlMiddleware
Zend\Expressive\Middleware\LazyLoadingMiddleware
Zend\Expressive\Session\SessionMiddleware
Zend\Expressive\Middleware\LazyLoadingMiddleware
Amazium\Kernel\Application\Context\ApplicationContextMiddleware
Zend\Expressive\Middleware\LazyLoadingMiddleware
Zend\Expressive\Router\Middleware\RouteMiddleware
Zend\Expressive\Middleware\LazyLoadingMiddleware
Zend\Expressive\Router\Middleware\ImplicitHeadMiddleware
Zend\Expressive\Middleware\LazyLoadingMiddleware
Zend\Expressive\Router\Middleware\ImplicitOptionsMiddleware
Zend\Expressive\Middleware\LazyLoadingMiddleware
Zend\Expressive\Router\Middleware\MethodNotAllowedMiddleware
Zend\Expressive\Middleware\LazyLoadingMiddleware
Zend\Expressive\Helper\UrlHelperMiddleware
Zend\Expressive\Middleware\LazyLoadingMiddleware
Zend\Expressive\Router\Middleware\DispatchMiddleware
Zend\Expressive\Middleware\LazyLoadingMiddleware
Amazium\SampleApp\UI\Web\Page\Address\Index
Zend\Expressive\Middleware\LazyLoadingMiddleware
Zend\Stratigility\Middleware\ErrorHandler
Zend\Expressive\Middleware\LazyLoadingMiddleware
Zend\Expressive\Helper\ServerUrlMiddleware
Zend\Expressive\Middleware\LazyLoadingMiddleware
Zend\Expressive\Session\SessionMiddleware
Zend\Expressive\Middleware\LazyLoadingMiddleware
Amazium\Kernel\Application\Context\ApplicationContextMiddleware
Zend\Expressive\Middleware\LazyLoadingMiddleware
Zend\Expressive\Router\Middleware\RouteMiddleware
Zend\Expressive\Middleware\LazyLoadingMiddleware
Zend\Expressive\Router\Middleware\ImplicitHeadMiddleware
Zend\Expressive\Middleware\LazyLoadingMiddleware
Zend\Expressive\Router\Middleware\ImplicitOptionsMiddleware
Zend\Expressive\Middleware\LazyLoadingMiddleware
Zend\Expressive\Router\Middleware\MethodNotAllowedMiddleware
Zend\Expressive\Middleware\LazyLoadingMiddleware
Zend\Expressive\Helper\UrlHelperMiddleware
Zend\Expressive\Middleware\LazyLoadingMiddleware
Zend\Expressive\Router\Middleware\DispatchMiddleware
Zend\Expressive\Middleware\LazyLoadingMiddleware
Amazium\SampleApp\UI\Web\Page\Address\Destroy
Zend\Expressive\Middleware\LazyLoadingMiddleware
Amazium\SampleApp\UI\Web\Page\Address\Index
Zend\Expressive\Middleware\LazyLoadingMiddleware
Zend\Stratigility\Middleware\ErrorHandler
Zend\Expressive\Middleware\LazyLoadingMiddleware
Zend\Expressive\Helper\ServerUrlMiddleware
Zend\Expressive\Middleware\LazyLoadingMiddleware
Zend\Expressive\Session\SessionMiddleware
Zend\Expressive\Middleware\LazyLoadingMiddleware
Amazium\Kernel\Application\Context\ApplicationContextMiddleware
Zend\Expressive\Middleware\LazyLoadingMiddleware
Zend\Expressive\Router\Middleware\RouteMiddleware
Zend\Expressive\Middleware\LazyLoadingMiddleware
Zend\Expressive\Router\Middleware\ImplicitHeadMiddleware
Zend\Expressive\Middleware\LazyLoadingMiddleware
Zend\Expressive\Router\Middleware\ImplicitOptionsMiddleware
Zend\Expressive\Middleware\LazyLoadingMiddleware
Zend\Expressive\Router\Middleware\MethodNotAllowedMiddleware
Zend\Expressive\Middleware\LazyLoadingMiddleware
Zend\Expressive\Helper\UrlHelperMiddleware
Zend\Expressive\Middleware\LazyLoadingMiddleware
Zend\Expressive\Router\Middleware\DispatchMiddleware
Zend\Expressive\Middleware\LazyLoadingMiddleware
Amazium\SampleApp\UI\Web\Page\Address\Index
Zend\Expressive\Middleware\LazyLoadingMiddleware
Zend\Stratigility\Middleware\ErrorHandler
Zend\Expressive\Middleware\LazyLoadingMiddleware
Zend\Expressive\Helper\ServerUrlMiddleware
Zend\Expressive\Middleware\LazyLoadingMiddleware
Zend\Expressive\Session\SessionMiddleware
Zend\Expressive\Middleware\LazyLoadingMiddleware
Amazium\Kernel\Application\Context\ApplicationContextMiddleware
Zend\Expressive\Middleware\LazyLoadingMiddleware
Zend\Expressive\Router\Middleware\RouteMiddleware
Zend\Expressive\Middleware\LazyLoadingMiddleware
Zend\Expressive\Router\Middleware\ImplicitHeadMiddleware
Zend\Expressive\Middleware\LazyLoadingMiddleware
Zend\Expressive\Router\Middleware\ImplicitOptionsMiddleware
Zend\Expressive\Middleware\LazyLoadingMiddleware
Zend\Expressive\Router\Middleware\MethodNotAllowedMiddleware
Zend\Expressive\Middleware\LazyLoadingMiddleware
Zend\Expressive\Helper\UrlHelperMiddleware
Zend\Expressive\Middleware\LazyLoadingMiddleware
Zend\Expressive\Router\Middleware\DispatchMiddleware
Zend\Expressive\Middleware\LazyLoadingMiddleware
Amazium\SampleApp\UI\Web\Page\Address\Index
Zend\Expressive\Middleware\LazyLoadingMiddleware
Zend\Stratigility\Middleware\ErrorHandler
Zend\Expressive\Middleware\LazyLoadingMiddleware
Zend\Expressive\Helper\ServerUrlMiddleware
Zend\Expressive\Middleware\LazyLoadingMiddleware
Zend\Expressive\Session\SessionMiddleware
Zend\Expressive\Middleware\LazyLoadingMiddleware
Amazium\Kernel\Application\Context\ApplicationContextMiddleware
Zend\Expressive\Middleware\LazyLoadingMiddleware
Zend\Expressive\Router\Middleware\RouteMiddleware
Zend\Expressive\Middleware\LazyLoadingMiddleware
Zend\Expressive\Router\Middleware\ImplicitHeadMiddleware
Zend\Expressive\Middleware\LazyLoadingMiddleware
Zend\Expressive\Router\Middleware\ImplicitOptionsMiddleware
Zend\Expressive\Middleware\LazyLoadingMiddleware
Zend\Expressive\Router\Middleware\MethodNotAllowedMiddleware
Zend\Expressive\Middleware\LazyLoadingMiddleware
Zend\Expressive\Helper\UrlHelperMiddleware
Zend\Expressive\Middleware\LazyLoadingMiddleware
Zend\Expressive\Router\Middleware\DispatchMiddleware
Zend\Expressive\Middleware\LazyLoadingMiddleware
Amazium\SampleApp\UI\Web\Page\Address\Index
Zend\Expressive\Middleware\LazyLoadingMiddleware
Zend\Stratigility\Middleware\ErrorHandler
Zend\Expressive\Middleware\LazyLoadingMiddleware
Zend\Expressive\Helper\ServerUrlMiddleware
Zend\Expressive\Middleware\LazyLoadingMiddleware
Zend\Expressive\Session\SessionMiddleware
Zend\Expressive\Middleware\LazyLoadingMiddleware
Amazium\Kernel\Application\Context\ApplicationContextMiddleware
Zend\Expressive\Middleware\LazyLoadingMiddleware
Zend\Expressive\Router\Middleware\RouteMiddleware
Zend\Expressive\Middleware\LazyLoadingMiddleware
Zend\Expressive\Router\Middleware\ImplicitHeadMiddleware
Zend\Expressive\Middleware\LazyLoadingMiddleware
Zend\Expressive\Router\Middleware\ImplicitOptionsMiddleware
Zend\Expressive\Middleware\LazyLoadingMiddleware
Zend\Expressive\Router\Middleware\MethodNotAllowedMiddleware
Zend\Expressive\Middleware\LazyLoadingMiddleware
Zend\Expressive\Helper\UrlHelperMiddleware
Zend\Expressive\Middleware\LazyLoadingMiddleware
Zend\Expressive\Router\Middleware\DispatchMiddleware
Zend\Expressive\Middleware\LazyLoadingMiddleware
Amazium\SampleApp\UI\Web\Page\Address\Index
Zend\Expressive\Middleware\LazyLoadingMiddleware
Zend\Stratigility\Middleware\ErrorHandler
Zend\Expressive\Middleware\LazyLoadingMiddleware
Zend\Expressive\Helper\ServerUrlMiddleware
Zend\Expressive\Middleware\LazyLoadingMiddleware
Zend\Expressive\Session\SessionMiddleware
Zend\Expressive\Middleware\LazyLoadingMiddleware
Amazium\Kernel\Application\Context\ApplicationContextMiddleware
Zend\Expressive\Middleware\LazyLoadingMiddleware
Zend\Expressive\Router\Middleware\RouteMiddleware
Zend\Expressive\Middleware\LazyLoadingMiddleware
Zend\Expressive\Router\Middleware\ImplicitHeadMiddleware
Zend\Expressive\Middleware\LazyLoadingMiddleware
Zend\Expressive\Router\Middleware\ImplicitOptionsMiddleware
Zend\Expressive\Middleware\LazyLoadingMiddleware
Zend\Expressive\Router\Middleware\MethodNotAllowedMiddleware
Zend\Expressive\Middleware\LazyLoadingMiddleware
Zend\Expressive\Helper\UrlHelperMiddleware
Zend\Expressive\Middleware\LazyLoadingMiddleware
Zend\Expressive\Router\Middleware\DispatchMiddleware
Zend\Expressive\Middleware\LazyLoadingMiddleware
Amazium\SampleApp\UI\Web\Page\Address\Index
Zend\Expressive\Middleware\LazyLoadingMiddleware
Zend\Stratigility\Middleware\ErrorHandler
Zend\Expressive\Middleware\LazyLoadingMiddleware
Zend\Expressive\Helper\ServerUrlMiddleware
Zend\Expressive\Middleware\LazyLoadingMiddleware
Zend\Expressive\Session\SessionMiddleware
Zend\Expressive\Middleware\LazyLoadingMiddleware
Amazium\Kernel\Application\Context\ApplicationContextMiddleware
Zend\Expressive\Middleware\LazyLoadingMiddleware
Zend\Expressive\Router\Middleware\RouteMiddleware
Zend\Expressive\Middleware\LazyLoadingMiddleware
Zend\Expressive\Router\Middleware\ImplicitHeadMiddleware
Zend\Expressive\Middleware\LazyLoadingMiddleware
Zend\Expressive\Router\Middleware\ImplicitOptionsMiddleware
Zend\Expressive\Middleware\LazyLoadingMiddleware
Zend\Expressive\Router\Middleware\MethodNotAllowedMiddleware
Zend\Expressive\Middleware\LazyLoadingMiddleware
Zend\Expressive\Helper\UrlHelperMiddleware
Zend\Expressive\Middleware\LazyLoadingMiddleware
Zend\Expressive\Router\Middleware\DispatchMiddleware
Zend\Expressive\Middleware\LazyLoadingMiddleware
Amazium\SampleApp\UI\Web\Page\Address\Index
Zend\Expressive\Middleware\LazyLoadingMiddleware
Zend\Stratigility\Middleware\ErrorHandler
Zend\Expressive\Middleware\LazyLoadingMiddleware
Zend\Expressive\Helper\ServerUrlMiddleware
Zend\Expressive\Middleware\LazyLoadingMiddleware
Zend\Expressive\Session\SessionMiddleware
Zend\Expressive\Middleware\LazyLoadingMiddleware
Amazium\Kernel\Application\Context\ApplicationContextMiddleware
Zend\Expressive\Middleware\LazyLoadingMiddleware
Zend\Expressive\Router\Middleware\RouteMiddleware
Zend\Expressive\Middleware\LazyLoadingMiddleware
Zend\Expressive\Router\Middleware\ImplicitHeadMiddleware
Zend\Expressive\Middleware\LazyLoadingMiddleware
Zend\Expressive\Router\Middleware\ImplicitOptionsMiddleware
Zend\Expressive\Middleware\LazyLoadingMiddleware
Zend\Expressive\Router\Middleware\MethodNotAllowedMiddleware
Zend\Expressive\Middleware\LazyLoadingMiddleware
Zend\Expressive\Helper\UrlHelperMiddleware
Zend\Expressive\Middleware\LazyLoadingMiddleware
Zend\Expressive\Router\Middleware\DispatchMiddleware
Zend\Expressive\Middleware\LazyLoadingMiddleware
Amazium\SampleApp\UI\Web\Page\Address\Index
Zend\Expressive\Middleware\LazyLoadingMiddleware
Zend\Stratigility\Middleware\ErrorHandler
Zend\Expressive\Middleware\LazyLoadingMiddleware
Zend\Expressive\Helper\ServerUrlMiddleware
Zend\Expressive\Middleware\LazyLoadingMiddleware
Zend\Expressive\Session\SessionMiddleware
Zend\Expressive\Middleware\LazyLoadingMiddleware
Amazium\Kernel\Application\Context\ApplicationContextMiddleware
Zend\Expressive\Middleware\LazyLoadingMiddleware
Zend\Expressive\Router\Middleware\RouteMiddleware
Zend\Expressive\Middleware\LazyLoadingMiddleware
Zend\Expressive\Router\Middleware\ImplicitHeadMiddleware
Zend\Expressive\Middleware\LazyLoadingMiddleware
Zend\Expressive\Router\Middleware\ImplicitOptionsMiddleware
Zend\Expressive\Middleware\LazyLoadingMiddleware
Zend\Expressive\Router\Middleware\MethodNotAllowedMiddleware
Zend\Expressive\Middleware\LazyLoadingMiddleware
Zend\Expressive\Helper\UrlHelperMiddleware
Zend\Expressive\Middleware\LazyLoadingMiddleware
Zend\Expressive\Router\Middleware\DispatchMiddleware
Zend\Expressive\Middleware\LazyLoadingMiddleware
Amazium\SampleApp\UI\Web\Page\Address\Index
Zend\Expressive\Middleware\LazyLoadingMiddleware
Zend\Stratigility\Middleware\ErrorHandler
Zend\Expressive\Middleware\LazyLoadingMiddleware
Zend\Expressive\Helper\ServerUrlMiddleware
Zend\Expressive\Middleware\LazyLoadingMiddleware
Zend\Expressive\Session\SessionMiddleware
Zend\Expressive\Middleware\LazyLoadingMiddleware
Amazium\Kernel\Application\Context\ApplicationContextMiddleware
Zend\Expressive\Middleware\LazyLoadingMiddleware
Zend\Expressive\Router\Middleware\RouteMiddleware
Zend\Expressive\Middleware\LazyLoadingMiddleware
Zend\Expressive\Router\Middleware\ImplicitHeadMiddleware
Zend\Expressive\Middleware\LazyLoadingMiddleware
Zend\Expressive\Router\Middleware\ImplicitOptionsMiddleware
Zend\Expressive\Middleware\LazyLoadingMiddleware
Zend\Expressive\Router\Middleware\MethodNotAllowedMiddleware
Zend\Expressive\Middleware\LazyLoadingMiddleware
Zend\Expressive\Helper\UrlHelperMiddleware
Zend\Expressive\Middleware\LazyLoadingMiddleware
Zend\Expressive\Router\Middleware\DispatchMiddleware
Zend\Expressive\Middleware\LazyLoadingMiddleware
Amazium\SampleApp\UI\Web\Page\Address\Index
Zend\Expressive\Middleware\LazyLoadingMiddleware
Zend\Stratigility\Middleware\ErrorHandler
Zend\Expressive\Middleware\LazyLoadingMiddleware
Zend\Expressive\Helper\ServerUrlMiddleware
Zend\Expressive\Middleware\LazyLoadingMiddleware
Zend\Expressive\Session\SessionMiddleware
Zend\Expressive\Middleware\LazyLoadingMiddleware
Amazium\Kernel\Application\Context\ApplicationContextMiddleware
Zend\Expressive\Middleware\LazyLoadingMiddleware
Zend\Expressive\Router\Middleware\RouteMiddleware
Zend\Expressive\Middleware\LazyLoadingMiddleware
Zend\Expressive\Router\Middleware\ImplicitHeadMiddleware
Zend\Expressive\Middleware\LazyLoadingMiddleware
Zend\Expressive\Router\Middleware\ImplicitOptionsMiddleware
Zend\Expressive\Middleware\LazyLoadingMiddleware
Zend\Expressive\Router\Middleware\MethodNotAllowedMiddleware
Zend\Expressive\Middleware\LazyLoadingMiddleware
Zend\Expressive\Helper\UrlHelperMiddleware
Zend\Expressive\Middleware\LazyLoadingMiddleware
Zend\Expressive\Router\Middleware\DispatchMiddleware
Zend\Expressive\Middleware\LazyLoadingMiddleware
Amazium\SampleApp\UI\Web\Page\Address\Index
Zend\Expressive\Middleware\LazyLoadingMiddleware
Zend\Stratigility\Middleware\ErrorHandler
Zend\Expressive\Middleware\LazyLoadingMiddleware
Zend\Expressive\Helper\ServerUrlMiddleware
Zend\Expressive\Middleware\LazyLoadingMiddleware
Zend\Expressive\Session\SessionMiddleware
Zend\Expressive\Middleware\LazyLoadingMiddleware
Amazium\Kernel\Application\Context\ApplicationContextMiddleware
Zend\Expressive\Middleware\LazyLoadingMiddleware
Zend\Expressive\Router\Middleware\RouteMiddleware
Zend\Expressive\Middleware\LazyLoadingMiddleware
Zend\Expressive\Router\Middleware\ImplicitHeadMiddleware
Zend\Expressive\Middleware\LazyLoadingMiddleware
Zend\Expressive\Router\Middleware\ImplicitOptionsMiddleware
Zend\Expressive\Middleware\LazyLoadingMiddleware
Zend\Expressive\Router\Middleware\MethodNotAllowedMiddleware
Zend\Expressive\Middleware\LazyLoadingMiddleware
Zend\Expressive\Helper\UrlHelperMiddleware
Zend\Expressive\Middleware\LazyLoadingMiddleware
Zend\Expressive\Router\Middleware\DispatchMiddleware
Zend\Expressive\Middleware\LazyLoadingMiddleware
Amazium\SampleApp\UI\Web\Page\Address\Index
Zend\Expressive\Middleware\LazyLoadingMiddleware
Zend\Stratigility\Middleware\ErrorHandler
Zend\Expressive\Middleware\LazyLoadingMiddleware
Zend\Expressive\Helper\ServerUrlMiddleware
Zend\Expressive\Middleware\LazyLoadingMiddleware
Zend\Expressive\Session\SessionMiddleware
Zend\Expressive\Middleware\LazyLoadingMiddleware
Amazium\Kernel\Application\Context\ApplicationContextMiddleware
Zend\Expressive\Middleware\LazyLoadingMiddleware
Zend\Expressive\Router\Middleware\RouteMiddleware
Zend\Expressive\Middleware\LazyLoadingMiddleware
Zend\Expressive\Router\Middleware\ImplicitHeadMiddleware
Zend\Expressive\Middleware\LazyLoadingMiddleware
Zend\Expressive\Router\Middleware\ImplicitOptionsMiddleware
Zend\Expressive\Middleware\LazyLoadingMiddleware
Zend\Expressive\Router\Middleware\MethodNotAllowedMiddleware
Zend\Expressive\Middleware\LazyLoadingMiddleware
Zend\Expressive\Helper\UrlHelperMiddleware
Zend\Expressive\Middleware\LazyLoadingMiddleware
Zend\Expressive\Router\Middleware\DispatchMiddleware
Zend\Expressive\Middleware\LazyLoadingMiddleware
Amazium\SampleApp\UI\Web\Page\Address\Index
Zend\Expressive\Middleware\LazyLoadingMiddleware
Zend\Stratigility\Middleware\ErrorHandler
Zend\Expressive\Middleware\LazyLoadingMiddleware
Zend\Expressive\Helper\ServerUrlMiddleware
Zend\Expressive\Middleware\LazyLoadingMiddleware
Zend\Expressive\Session\SessionMiddleware
Zend\Expressive\Middleware\LazyLoadingMiddleware
Amazium\Kernel\Application\Context\ApplicationContextMiddleware
Zend\Expressive\Middleware\LazyLoadingMiddleware
Zend\Expressive\Router\Middleware\RouteMiddleware
Zend\Expressive\Middleware\LazyLoadingMiddleware
Zend\Expressive\Router\Middleware\ImplicitHeadMiddleware
Zend\Expressive\Middleware\LazyLoadingMiddleware
Zend\Expressive\Router\Middleware\ImplicitOptionsMiddleware
Zend\Expressive\Middleware\LazyLoadingMiddleware
Zend\Expressive\Router\Middleware\MethodNotAllowedMiddleware
Zend\Expressive\Middleware\LazyLoadingMiddleware
Zend\Expressive\Helper\UrlHelperMiddleware
Zend\Expressive\Middleware\LazyLoadingMiddleware
Zend\Expressive\Router\Middleware\DispatchMiddleware
Zend\Expressive\Middleware\LazyLoadingMiddleware
Amazium\SampleApp\UI\Web\Page\Address\Index
Zend\Expressive\Middleware\LazyLoadingMiddleware
Zend\Stratigility\Middleware\ErrorHandler
Zend\Expressive\Middleware\LazyLoadingMiddleware
Zend\Expressive\Helper\ServerUrlMiddleware
Zend\Expressive\Middleware\LazyLoadingMiddleware
Zend\Expressive\Session\SessionMiddleware
Zend\Expressive\Middleware\LazyLoadingMiddleware
Amazium\Kernel\Application\Context\ApplicationContextMiddleware
Zend\Expressive\Middleware\LazyLoadingMiddleware
Zend\Expressive\Router\Middleware\RouteMiddleware
Zend\Expressive\Middleware\LazyLoadingMiddleware
Zend\Expressive\Router\Middleware\ImplicitHeadMiddleware
Zend\Expressive\Middleware\LazyLoadingMiddleware
Zend\Expressive\Router\Middleware\ImplicitOptionsMiddleware
Zend\Expressive\Middleware\LazyLoadingMiddleware
Zend\Expressive\Router\Middleware\MethodNotAllowedMiddleware
Zend\Expressive\Middleware\LazyLoadingMiddleware
Zend\Expressive\Helper\UrlHelperMiddleware
Zend\Expressive\Middleware\LazyLoadingMiddleware
Zend\Expressive\Router\Middleware\DispatchMiddleware
Zend\Expressive\Middleware\LazyLoadingMiddleware
Amazium\SampleApp\UI\Web\Page\Address\Index
Zend\Expressive\Middleware\LazyLoadingMiddleware
Zend\Stratigility\Middleware\ErrorHandler
Zend\Expressive\Middleware\LazyLoadingMiddleware
Zend\Expressive\Helper\ServerUrlMiddleware
Zend\Expressive\Middleware\LazyLoadingMiddleware
Zend\Expressive\Session\SessionMiddleware
Zend\Expressive\Middleware\LazyLoadingMiddleware
Amazium\Kernel\Application\Context\ApplicationContextMiddleware
Zend\Expressive\Middleware\LazyLoadingMiddleware
Zend\Expressive\Router\Middleware\RouteMiddleware
Zend\Expressive\Middleware\LazyLoadingMiddleware
Zend\Expressive\Router\Middleware\ImplicitHeadMiddleware
Zend\Expressive\Middleware\LazyLoadingMiddleware
Zend\Expressive\Router\Middleware\ImplicitOptionsMiddleware
Zend\Expressive\Middleware\LazyLoadingMiddleware
Zend\Expressive\Router\Middleware\MethodNotAllowedMiddleware
Zend\Expressive\Middleware\LazyLoadingMiddleware
Zend\Expressive\Helper\UrlHelperMiddleware
Zend\Expressive\Middleware\LazyLoadingMiddleware
Zend\Expressive\Router\Middleware\DispatchMiddleware
Zend\Expressive\Middleware\LazyLoadingMiddleware
Amazium\SampleApp\UI\Web\Page\Address\Index
Zend\Expressive\Middleware\LazyLoadingMiddleware
Zend\Stratigility\Middleware\ErrorHandler
Zend\Expressive\Middleware\LazyLoadingMiddleware
Zend\Expressive\Helper\ServerUrlMiddleware
Zend\Expressive\Middleware\LazyLoadingMiddleware
Zend\Expressive\Session\SessionMiddleware
Zend\Expressive\Middleware\LazyLoadingMiddleware
Amazium\Kernel\Application\Context\ApplicationContextMiddleware
Zend\Expressive\Middleware\LazyLoadingMiddleware
Zend\Expressive\Router\Middleware\RouteMiddleware
Zend\Expressive\Middleware\LazyLoadingMiddleware
Zend\Expressive\Router\Middleware\ImplicitHeadMiddleware
Zend\Expressive\Middleware\LazyLoadingMiddleware
Zend\Expressive\Router\Middleware\ImplicitOptionsMiddleware
Zend\Expressive\Middleware\LazyLoadingMiddleware
Zend\Expressive\Router\Middleware\MethodNotAllowedMiddleware
Zend\Expressive\Middleware\LazyLoadingMiddleware
Zend\Expressive\Helper\UrlHelperMiddleware
Zend\Expressive\Middleware\LazyLoadingMiddleware
Zend\Expressive\Router\Middleware\DispatchMiddleware
Zend\Expressive\Middleware\LazyLoadingMiddleware
Amazium\SampleApp\UI\Web\Page\Address\Index
Zend\Expressive\Middleware\LazyLoadingMiddleware
Zend\Stratigility\Middleware\ErrorHandler
Zend\Expressive\Middleware\LazyLoadingMiddleware
Zend\Expressive\Helper\ServerUrlMiddleware
Zend\Expressive\Middleware\LazyLoadingMiddleware
Zend\Expressive\Session\SessionMiddleware
Zend\Expressive\Middleware\LazyLoadingMiddleware
Amazium\Kernel\Application\Context\ApplicationContextMiddleware
Zend\Expressive\Middleware\LazyLoadingMiddleware
Zend\Expressive\Router\Middleware\RouteMiddleware
Zend\Expressive\Middleware\LazyLoadingMiddleware
Zend\Expressive\Router\Middleware\ImplicitHeadMiddleware
Zend\Expressive\Middleware\LazyLoadingMiddleware
Zend\Expressive\Router\Middleware\ImplicitOptionsMiddleware
Zend\Expressive\Middleware\LazyLoadingMiddleware
Zend\Expressive\Router\Middleware\MethodNotAllowedMiddleware
Zend\Expressive\Middleware\LazyLoadingMiddleware
Zend\Expressive\Helper\UrlHelperMiddleware
Zend\Expressive\Middleware\LazyLoadingMiddleware
Zend\Expressive\Router\Middleware\DispatchMiddleware
Zend\Expressive\Middleware\LazyLoadingMiddleware
Amazium\SampleApp\UI\Web\Page\Address\Index
Zend\Expressive\Middleware\LazyLoadingMiddleware
Zend\Stratigility\Middleware\ErrorHandler
Zend\Expressive\Middleware\LazyLoadingMiddleware
Zend\Expressive\Helper\ServerUrlMiddleware
Zend\Expressive\Middleware\LazyLoadingMiddleware
Zend\Expressive\Session\SessionMiddleware
Zend\Expressive\Middleware\LazyLoadingMiddleware
Amazium\Kernel\Application\Context\ApplicationContextMiddleware
Zend\Expressive\Middleware\LazyLoadingMiddleware
Zend\Expressive\Router\Middleware\RouteMiddleware
Zend\Expressive\Middleware\LazyLoadingMiddleware
Zend\Expressive\Router\Middleware\ImplicitHeadMiddleware
Zend\Expressive\Middleware\LazyLoadingMiddleware
Zend\Expressive\Router\Middleware\ImplicitOptionsMiddleware
Zend\Expressive\Middleware\LazyLoadingMiddleware
Zend\Expressive\Router\Middleware\MethodNotAllowedMiddleware
Zend\Expressive\Middleware\LazyLoadingMiddleware
Zend\Expressive\Helper\UrlHelperMiddleware
Zend\Expressive\Middleware\LazyLoadingMiddleware
Zend\Expressive\Router\Middleware\DispatchMiddleware
Zend\Expressive\Middleware\LazyLoadingMiddleware
Amazium\SampleApp\UI\Web\Page\Address\Index
Zend\Expressive\Middleware\LazyLoadingMiddleware
Zend\Stratigility\Middleware\ErrorHandler
Zend\Expressive\Middleware\LazyLoadingMiddleware
Zend\Expressive\Helper\ServerUrlMiddleware
Zend\Expressive\Middleware\LazyLoadingMiddleware
Zend\Expressive\Session\SessionMiddleware
Zend\Expressive\Middleware\LazyLoadingMiddleware
Amazium\Kernel\Application\Context\ApplicationContextMiddleware
Zend\Expressive\Middleware\LazyLoadingMiddleware
Zend\Expressive\Router\Middleware\RouteMiddleware
Zend\Expressive\Middleware\LazyLoadingMiddleware
Zend\Expressive\Router\Middleware\ImplicitHeadMiddleware
Zend\Expressive\Middleware\LazyLoadingMiddleware
Zend\Expressive\Router\Middleware\ImplicitOptionsMiddleware
Zend\Expressive\Middleware\LazyLoadingMiddleware
Zend\Expressive\Router\Middleware\MethodNotAllowedMiddleware
Zend\Expressive\Middleware\LazyLoadingMiddleware
Zend\Expressive\Helper\UrlHelperMiddleware
Zend\Expressive\Middleware\LazyLoadingMiddleware
Zend\Expressive\Router\Middleware\DispatchMiddleware
Zend\Expressive\Middleware\LazyLoadingMiddleware
Amazium\SampleApp\UI\Web\Page\Address\Index
Zend\Expressive\Middleware\LazyLoadingMiddleware
Zend\Stratigility\Middleware\ErrorHandler
Zend\Expressive\Middleware\LazyLoadingMiddleware
Zend\Expressive\Helper\ServerUrlMiddleware
Zend\Expressive\Middleware\LazyLoadingMiddleware
Zend\Expressive\Session\SessionMiddleware
Zend\Expressive\Middleware\LazyLoadingMiddleware
Amazium\Kernel\Application\Context\ApplicationContextMiddleware
Zend\Expressive\Middleware\LazyLoadingMiddleware
Zend\Expressive\Router\Middleware\RouteMiddleware
Zend\Expressive\Middleware\LazyLoadingMiddleware
Zend\Expressive\Router\Middleware\ImplicitHeadMiddleware
Zend\Expressive\Middleware\LazyLoadingMiddleware
Zend\Expressive\Router\Middleware\ImplicitOptionsMiddleware
Zend\Expressive\Middleware\LazyLoadingMiddleware
Zend\Expressive\Router\Middleware\MethodNotAllowedMiddleware
Zend\Expressive\Middleware\LazyLoadingMiddleware
Zend\Expressive\Helper\UrlHelperMiddleware
Zend\Expressive\Middleware\LazyLoadingMiddleware
Zend\Expressive\Router\Middleware\DispatchMiddleware
Zend\Expressive\Middleware\LazyLoadingMiddleware
Amazium\SampleApp\UI\Web\Page\Address\Index
Zend\Expressive\Middleware\LazyLoadingMiddleware
Zend\Stratigility\Middleware\ErrorHandler
Zend\Expressive\Middleware\LazyLoadingMiddleware
Zend\Expressive\Helper\ServerUrlMiddleware
Zend\Expressive\Middleware\LazyLoadingMiddleware
Zend\Expressive\Session\SessionMiddleware
Zend\Expressive\Middleware\LazyLoadingMiddleware
Amazium\Kernel\Application\Context\ApplicationContextMiddleware
Zend\Expressive\Middleware\LazyLoadingMiddleware
Zend\Expressive\Router\Middleware\RouteMiddleware
Zend\Expressive\Middleware\LazyLoadingMiddleware
Zend\Expressive\Router\Middleware\ImplicitHeadMiddleware
Zend\Expressive\Middleware\LazyLoadingMiddleware
Zend\Expressive\Router\Middleware\ImplicitOptionsMiddleware
Zend\Expressive\Middleware\LazyLoadingMiddleware
Zend\Expressive\Router\Middleware\MethodNotAllowedMiddleware
Zend\Expressive\Middleware\LazyLoadingMiddleware
Zend\Expressive\Helper\UrlHelperMiddleware
Zend\Expressive\Middleware\LazyLoadingMiddleware
Zend\Expressive\Router\Middleware\DispatchMiddleware
Zend\Expressive\Middleware\LazyLoadingMiddleware
Amazium\SampleApp\UI\Web\Page\Address\Index
Zend\Expressive\Middleware\LazyLoadingMiddleware
Zend\Stratigility\Middleware\ErrorHandler
Zend\Expressive\Middleware\LazyLoadingMiddleware
Zend\Expressive\Helper\ServerUrlMiddleware
Zend\Expressive\Middleware\LazyLoadingMiddleware
Zend\Expressive\Session\SessionMiddleware
Zend\Expressive\Middleware\LazyLoadingMiddleware
Amazium\Kernel\Application\Context\ApplicationContextMiddleware
Zend\Expressive\Middleware\LazyLoadingMiddleware
Zend\Expressive\Router\Middleware\RouteMiddleware
Zend\Expressive\Middleware\LazyLoadingMiddleware
Zend\Expressive\Router\Middleware\ImplicitHeadMiddleware
Zend\Expressive\Middleware\LazyLoadingMiddleware
Zend\Expressive\Router\Middleware\ImplicitOptionsMiddleware
Zend\Expressive\Middleware\LazyLoadingMiddleware
Zend\Expressive\Router\Middleware\MethodNotAllowedMiddleware
Zend\Expressive\Middleware\LazyLoadingMiddleware
Zend\Expressive\Helper\UrlHelperMiddleware
Zend\Expressive\Middleware\LazyLoadingMiddleware
Zend\Expressive\Router\Middleware\DispatchMiddleware
Zend\Expressive\Middleware\LazyLoadingMiddleware
Amazium\SampleApp\UI\Web\Page\Address\Index
Zend\Expressive\Middleware\LazyLoadingMiddleware
Zend\Stratigility\Middleware\ErrorHandler
Zend\Expressive\Middleware\LazyLoadingMiddleware
Zend\Expressive\Helper\ServerUrlMiddleware
Zend\Expressive\Middleware\LazyLoadingMiddleware
Zend\Expressive\Session\SessionMiddleware
Zend\Expressive\Middleware\LazyLoadingMiddleware
Amazium\Kernel\Application\Context\ApplicationContextMiddleware
Zend\Expressive\Middleware\LazyLoadingMiddleware
Zend\Expressive\Router\Middleware\RouteMiddleware
Zend\Expressive\Middleware\LazyLoadingMiddleware
Zend\Expressive\Router\Middleware\ImplicitHeadMiddleware
Zend\Expressive\Middleware\LazyLoadingMiddleware
Zend\Expressive\Router\Middleware\ImplicitOptionsMiddleware
Zend\Expressive\Middleware\LazyLoadingMiddleware
Zend\Expressive\Router\Middleware\MethodNotAllowedMiddleware
Zend\Expressive\Middleware\LazyLoadingMiddleware
Zend\Expressive\Helper\UrlHelperMiddleware
Zend\Expressive\Middleware\LazyLoadingMiddleware
Zend\Expressive\Router\Middleware\DispatchMiddleware
Zend\Expressive\Middleware\LazyLoadingMiddleware
Amazium\SampleApp\UI\Web\Page\Address\Index
Zend\Expressive\Middleware\LazyLoadingMiddleware
Zend\Stratigility\Middleware\ErrorHandler
Zend\Expressive\Middleware\LazyLoadingMiddleware
Zend\Expressive\Helper\ServerUrlMiddleware
Zend\Expressive\Middleware\LazyLoadingMiddleware
Zend\Expressive\Session\SessionMiddleware
Zend\Expressive\Middleware\LazyLoadingMiddleware
Amazium\Kernel\Application\Context\ApplicationContextMiddleware
Zend\Expressive\Middleware\LazyLoadingMiddleware
Zend\Expressive\Router\Middleware\RouteMiddleware
Zend\Expressive\Middleware\LazyLoadingMiddleware
Zend\Expressive\Router\Middleware\ImplicitHeadMiddleware
Zend\Expressive\Middleware\LazyLoadingMiddleware
Zend\Expressive\Router\Middleware\ImplicitOptionsMiddleware
Zend\Expressive\Middleware\LazyLoadingMiddleware
Zend\Expressive\Router\Middleware\MethodNotAllowedMiddleware
Zend\Expressive\Middleware\LazyLoadingMiddleware
Zend\Expressive\Helper\UrlHelperMiddleware
Zend\Expressive\Middleware\LazyLoadingMiddleware
Zend\Expressive\Router\Middleware\DispatchMiddleware
Zend\Expressive\Middleware\LazyLoadingMiddleware
Amazium\SampleApp\UI\Web\Page\Address\Index
Zend\Expressive\Middleware\LazyLoadingMiddleware
Zend\Stratigility\Middleware\ErrorHandler
Zend\Expressive\Middleware\LazyLoadingMiddleware
Zend\Expressive\Helper\ServerUrlMiddleware
Zend\Expressive\Middleware\LazyLoadingMiddleware
Zend\Expressive\Session\SessionMiddleware
Zend\Expressive\Middleware\LazyLoadingMiddleware
Amazium\Kernel\Application\Context\ApplicationContextMiddleware
Zend\Expressive\Middleware\LazyLoadingMiddleware
Zend\Expressive\Router\Middleware\RouteMiddleware
Zend\Expressive\Middleware\LazyLoadingMiddleware
Zend\Expressive\Router\Middleware\ImplicitHeadMiddleware
Zend\Expressive\Middleware\LazyLoadingMiddleware
Zend\Expressive\Router\Middleware\ImplicitOptionsMiddleware
Zend\Expressive\Middleware\LazyLoadingMiddleware
Zend\Expressive\Router\Middleware\MethodNotAllowedMiddleware
Zend\Expressive\Middleware\LazyLoadingMiddleware
Zend\Expressive\Helper\UrlHelperMiddleware
Zend\Expressive\Middleware\LazyLoadingMiddleware
Zend\Expressive\Router\Middleware\DispatchMiddleware
Zend\Expressive\Middleware\LazyLoadingMiddleware
Amazium\SampleApp\UI\Web\Page\Address\Index
Zend\Expressive\Middleware\LazyLoadingMiddleware
Zend\Stratigility\Middleware\ErrorHandler
Zend\Expressive\Middleware\LazyLoadingMiddleware
Zend\Expressive\Helper\ServerUrlMiddleware
Zend\Expressive\Middleware\LazyLoadingMiddleware
Zend\Expressive\Session\SessionMiddleware
Zend\Expressive\Middleware\LazyLoadingMiddleware
Amazium\Kernel\Application\Context\ApplicationContextMiddleware
Zend\Expressive\Middleware\LazyLoadingMiddleware
Zend\Expressive\Router\Middleware\RouteMiddleware
Zend\Expressive\Middleware\LazyLoadingMiddleware
Zend\Expressive\Router\Middleware\ImplicitHeadMiddleware
Zend\Expressive\Middleware\LazyLoadingMiddleware
Zend\Expressive\Router\Middleware\ImplicitOptionsMiddleware
Zend\Expressive\Middleware\LazyLoadingMiddleware
Zend\Expressive\Router\Middleware\MethodNotAllowedMiddleware
Zend\Expressive\Middleware\LazyLoadingMiddleware
Zend\Expressive\Helper\UrlHelperMiddleware
Zend\Expressive\Middleware\LazyLoadingMiddleware
Zend\Expressive\Router\Middleware\DispatchMiddleware
Zend\Expressive\Middleware\LazyLoadingMiddleware
Amazium\SampleApp\UI\Web\Page\Address\Index
Zend\Expressive\Middleware\LazyLoadingMiddleware
Zend\Stratigility\Middleware\ErrorHandler
Zend\Expressive\Middleware\LazyLoadingMiddleware
Zend\Expressive\Helper\ServerUrlMiddleware
Zend\Expressive\Middleware\LazyLoadingMiddleware
Zend\Expressive\Session\SessionMiddleware
Zend\Expressive\Middleware\LazyLoadingMiddleware
Amazium\Kernel\Application\Context\ApplicationContextMiddleware
Zend\Expressive\Middleware\LazyLoadingMiddleware
Zend\Expressive\Router\Middleware\RouteMiddleware
Zend\Expressive\Middleware\LazyLoadingMiddleware
Zend\Expressive\Router\Middleware\ImplicitHeadMiddleware
Zend\Expressive\Middleware\LazyLoadingMiddleware
Zend\Expressive\Router\Middleware\ImplicitOptionsMiddleware
Zend\Expressive\Middleware\LazyLoadingMiddleware
Zend\Expressive\Router\Middleware\MethodNotAllowedMiddleware
Zend\Expressive\Middleware\LazyLoadingMiddleware
Zend\Expressive\Helper\UrlHelperMiddleware
Zend\Expressive\Middleware\LazyLoadingMiddleware
Zend\Expressive\Router\Middleware\DispatchMiddleware
Zend\Expressive\Middleware\LazyLoadingMiddleware
Amazium\SampleApp\UI\Web\Page\Address\Index
Zend\Expressive\Middleware\LazyLoadingMiddleware
Zend\Stratigility\Middleware\ErrorHandler
Zend\Expressive\Middleware\LazyLoadingMiddleware
Zend\Expressive\Helper\ServerUrlMiddleware
Zend\Expressive\Middleware\LazyLoadingMiddleware
Zend\Expressive\Session\SessionMiddleware
Zend\Expressive\Middleware\LazyLoadingMiddleware
Amazium\Kernel\Application\Context\ApplicationContextMiddleware
Zend\Expressive\Middleware\LazyLoadingMiddleware
Zend\Expressive\Router\Middleware\RouteMiddleware
Zend\Expressive\Middleware\LazyLoadingMiddleware
Zend\Expressive\Router\Middleware\ImplicitHeadMiddleware
Zend\Expressive\Middleware\LazyLoadingMiddleware
Zend\Expressive\Router\Middleware\ImplicitOptionsMiddleware
Zend\Expressive\Middleware\LazyLoadingMiddleware
Zend\Expressive\Router\Middleware\MethodNotAllowedMiddleware
Zend\Expressive\Middleware\LazyLoadingMiddleware
Zend\Expressive\Helper\UrlHelperMiddleware
Zend\Expressive\Middleware\LazyLoadingMiddleware
Zend\Expressive\Router\Middleware\DispatchMiddleware
Zend\Expressive\Middleware\LazyLoadingMiddleware
Amazium\SampleApp\UI\Web\Page\Address\Index
Zend\Expressive\Middleware\LazyLoadingMiddleware
Zend\Stratigility\Middleware\ErrorHandler
Zend\Expressive\Middleware\LazyLoadingMiddleware
Zend\Expressive\Helper\ServerUrlMiddleware
Zend\Expressive\Middleware\LazyLoadingMiddleware
Zend\Expressive\Session\SessionMiddleware
Zend\Expressive\Middleware\LazyLoadingMiddleware
Amazium\Kernel\Application\Context\ApplicationContextMiddleware
Zend\Expressive\Middleware\LazyLoadingMiddleware
Zend\Expressive\Router\Middleware\RouteMiddleware
Zend\Expressive\Middleware\LazyLoadingMiddleware
Zend\Expressive\Router\Middleware\ImplicitHeadMiddleware
Zend\Expressive\Middleware\LazyLoadingMiddleware
Zend\Expressive\Router\Middleware\ImplicitOptionsMiddleware
Zend\Expressive\Middleware\LazyLoadingMiddleware
Zend\Expressive\Router\Middleware\MethodNotAllowedMiddleware
Zend\Expressive\Middleware\LazyLoadingMiddleware
Zend\Expressive\Helper\UrlHelperMiddleware
Zend\Expressive\Middleware\LazyLoadingMiddleware
Zend\Expressive\Router\Middleware\DispatchMiddleware
Zend\Expressive\Middleware\LazyLoadingMiddleware
Amazium\SampleApp\UI\Web\Page\Address\Index
Zend\Expressive\Middleware\LazyLoadingMiddleware
Zend\Stratigility\Middleware\ErrorHandler
Zend\Expressive\Middleware\LazyLoadingMiddleware
Zend\Expressive\Helper\ServerUrlMiddleware
Zend\Expressive\Middleware\LazyLoadingMiddleware
Zend\Expressive\Session\SessionMiddleware
Zend\Expressive\Middleware\LazyLoadingMiddleware
Amazium\Kernel\Application\Context\ApplicationContextMiddleware
Zend\Expressive\Middleware\LazyLoadingMiddleware
Zend\Expressive\Router\Middleware\RouteMiddleware
Zend\Expressive\Middleware\LazyLoadingMiddleware
Zend\Expressive\Router\Middleware\ImplicitHeadMiddleware
Zend\Expressive\Middleware\LazyLoadingMiddleware
Zend\Expressive\Router\Middleware\ImplicitOptionsMiddleware
Zend\Expressive\Middleware\LazyLoadingMiddleware
Zend\Expressive\Router\Middleware\MethodNotAllowedMiddleware
Zend\Expressive\Middleware\LazyLoadingMiddleware
Zend\Expressive\Helper\UrlHelperMiddleware
Zend\Expressive\Middleware\LazyLoadingMiddleware
Zend\Expressive\Router\Middleware\DispatchMiddleware
Zend\Expressive\Middleware\LazyLoadingMiddleware
Amazium\SampleApp\UI\Web\Page\Address\Index
Zend\Expressive\Middleware\LazyLoadingMiddleware
Zend\Stratigility\Middleware\ErrorHandler
Zend\Expressive\Middleware\LazyLoadingMiddleware
Zend\Expressive\Helper\ServerUrlMiddleware
Zend\Expressive\Middleware\LazyLoadingMiddleware
Zend\Expressive\Session\SessionMiddleware
Zend\Expressive\Middleware\LazyLoadingMiddleware
Amazium\Kernel\Application\Context\ApplicationContextMiddleware
Zend\Expressive\Middleware\LazyLoadingMiddleware
Zend\Expressive\Router\Middleware\RouteMiddleware
Zend\Expressive\Middleware\LazyLoadingMiddleware
Zend\Expressive\Router\Middleware\ImplicitHeadMiddleware
Zend\Expressive\Middleware\LazyLoadingMiddleware
Zend\Expressive\Router\Middleware\ImplicitOptionsMiddleware
Zend\Expressive\Middleware\LazyLoadingMiddleware
Zend\Expressive\Router\Middleware\MethodNotAllowedMiddleware
Zend\Expressive\Middleware\LazyLoadingMiddleware
Zend\Expressive\Helper\UrlHelperMiddleware
Zend\Expressive\Middleware\LazyLoadingMiddleware
Zend\Expressive\Router\Middleware\DispatchMiddleware
Zend\Expressive\Middleware\LazyLoadingMiddleware
Amazium\SampleApp\UI\Web\Page\Address\Index
Zend\Expressive\Middleware\LazyLoadingMiddleware
Zend\Stratigility\Middleware\ErrorHandler
Zend\Expressive\Middleware\LazyLoadingMiddleware
Zend\Expressive\Helper\ServerUrlMiddleware
Zend\Expressive\Middleware\LazyLoadingMiddleware
Zend\Expressive\Session\SessionMiddleware
Zend\Expressive\Middleware\LazyLoadingMiddleware
Amazium\Kernel\Application\Context\ApplicationContextMiddleware
Zend\Expressive\Middleware\LazyLoadingMiddleware
Zend\Expressive\Router\Middleware\RouteMiddleware
Zend\Expressive\Middleware\LazyLoadingMiddleware
Zend\Expressive\Router\Middleware\ImplicitHeadMiddleware
Zend\Expressive\Middleware\LazyLoadingMiddleware
Zend\Expressive\Router\Middleware\ImplicitOptionsMiddleware
Zend\Expressive\Middleware\LazyLoadingMiddleware
Zend\Expressive\Router\Middleware\MethodNotAllowedMiddleware
Zend\Expressive\Middleware\LazyLoadingMiddleware
Zend\Expressive\Helper\UrlHelperMiddleware
Zend\Expressive\Middleware\LazyLoadingMiddleware
Zend\Expressive\Router\Middleware\DispatchMiddleware
Zend\Expressive\Middleware\LazyLoadingMiddleware
Amazium\SampleApp\UI\Web\Page\Address\Index
Zend\Expressive\Middleware\LazyLoadingMiddleware
Zend\Stratigility\Middleware\ErrorHandler
Zend\Expressive\Middleware\LazyLoadingMiddleware
Zend\Expressive\Helper\ServerUrlMiddleware
Zend\Expressive\Middleware\LazyLoadingMiddleware
Zend\Expressive\Session\SessionMiddleware
Zend\Expressive\Middleware\LazyLoadingMiddleware
Amazium\Kernel\Application\Context\ApplicationContextMiddleware
Zend\Expressive\Middleware\LazyLoadingMiddleware
Zend\Expressive\Router\Middleware\RouteMiddleware
Zend\Expressive\Middleware\LazyLoadingMiddleware
Zend\Expressive\Router\Middleware\ImplicitHeadMiddleware
Zend\Expressive\Middleware\LazyLoadingMiddleware
Zend\Expressive\Router\Middleware\ImplicitOptionsMiddleware
Zend\Expressive\Middleware\LazyLoadingMiddleware
Zend\Expressive\Router\Middleware\MethodNotAllowedMiddleware
Zend\Expressive\Middleware\LazyLoadingMiddleware
Zend\Expressive\Helper\UrlHelperMiddleware
Zend\Expressive\Middleware\LazyLoadingMiddleware
Zend\Expressive\Router\Middleware\DispatchMiddleware
Zend\Expressive\Middleware\LazyLoadingMiddleware
Amazium\SampleApp\UI\Web\Page\Address\Index
Zend\Expressive\Middleware\LazyLoadingMiddleware
Zend\Stratigility\Middleware\ErrorHandler
Zend\Expressive\Middleware\LazyLoadingMiddleware
Zend\Expressive\Helper\ServerUrlMiddleware
Zend\Expressive\Middleware\LazyLoadingMiddleware
Zend\Expressive\Session\SessionMiddleware
Zend\Expressive\Middleware\LazyLoadingMiddleware
Amazium\Kernel\Application\Context\ApplicationContextMiddleware
Zend\Expressive\Middleware\LazyLoadingMiddleware
Zend\Expressive\Router\Middleware\RouteMiddleware
Zend\Expressive\Middleware\LazyLoadingMiddleware
Zend\Expressive\Router\Middleware\ImplicitHeadMiddleware
Zend\Expressive\Middleware\LazyLoadingMiddleware
Zend\Expressive\Router\Middleware\ImplicitOptionsMiddleware
Zend\Expressive\Middleware\LazyLoadingMiddleware
Zend\Expressive\Router\Middleware\MethodNotAllowedMiddleware
Zend\Expressive\Middleware\LazyLoadingMiddleware
Zend\Expressive\Helper\UrlHelperMiddleware
Zend\Expressive\Middleware\LazyLoadingMiddleware
Zend\Expressive\Router\Middleware\DispatchMiddleware
Zend\Expressive\Middleware\LazyLoadingMiddleware
Amazium\SampleApp\UI\Web\Page\Address\Index
Zend\Expressive\Middleware\LazyLoadingMiddleware
Zend\Stratigility\Middleware\ErrorHandler
Zend\Expressive\Middleware\LazyLoadingMiddleware
Zend\Expressive\Helper\ServerUrlMiddleware
Zend\Expressive\Middleware\LazyLoadingMiddleware
Zend\Expressive\Session\SessionMiddleware
Zend\Expressive\Middleware\LazyLoadingMiddleware
Amazium\Kernel\Application\Context\ApplicationContextMiddleware
Zend\Expressive\Middleware\LazyLoadingMiddleware
Zend\Expressive\Router\Middleware\RouteMiddleware
Zend\Expressive\Middleware\LazyLoadingMiddleware
Zend\Expressive\Router\Middleware\ImplicitHeadMiddleware
Zend\Expressive\Middleware\LazyLoadingMiddleware
Zend\Expressive\Router\Middleware\ImplicitOptionsMiddleware
Zend\Expressive\Middleware\LazyLoadingMiddleware
Zend\Expressive\Router\Middleware\MethodNotAllowedMiddleware
Zend\Expressive\Middleware\LazyLoadingMiddleware
Zend\Expressive\Helper\UrlHelperMiddleware
Zend\Expressive\Middleware\LazyLoadingMiddleware
Zend\Expressive\Router\Middleware\DispatchMiddleware
Zend\Expressive\Middleware\LazyLoadingMiddleware
Amazium\SampleApp\UI\Web\Page\Address\Index
Zend\Expressive\Middleware\LazyLoadingMiddleware
Zend\Stratigility\Middleware\ErrorHandler
Zend\Expressive\Middleware\LazyLoadingMiddleware
Zend\Expressive\Helper\ServerUrlMiddleware
Zend\Expressive\Middleware\LazyLoadingMiddleware
Zend\Expressive\Session\SessionMiddleware
Zend\Expressive\Middleware\LazyLoadingMiddleware
Amazium\Kernel\Application\Context\ApplicationContextMiddleware
Zend\Expressive\Middleware\LazyLoadingMiddleware
Zend\Expressive\Router\Middleware\RouteMiddleware
Zend\Expressive\Middleware\LazyLoadingMiddleware
Zend\Expressive\Router\Middleware\ImplicitHeadMiddleware
Zend\Expressive\Middleware\LazyLoadingMiddleware
Zend\Expressive\Router\Middleware\ImplicitOptionsMiddleware
Zend\Expressive\Middleware\LazyLoadingMiddleware
Zend\Expressive\Router\Middleware\MethodNotAllowedMiddleware
Zend\Expressive\Middleware\LazyLoadingMiddleware
Zend\Expressive\Helper\UrlHelperMiddleware
Zend\Expressive\Middleware\LazyLoadingMiddleware
Zend\Expressive\Router\Middleware\DispatchMiddleware
Zend\Expressive\Middleware\LazyLoadingMiddleware
Amazium\SampleApp\UI\Web\Page\Address\Index
Zend\Expressive\Middleware\LazyLoadingMiddleware
Zend\Stratigility\Middleware\ErrorHandler
Zend\Expressive\Middleware\LazyLoadingMiddleware
Zend\Expressive\Helper\ServerUrlMiddleware
Zend\Expressive\Middleware\LazyLoadingMiddleware
Zend\Expressive\Session\SessionMiddleware
Zend\Expressive\Middleware\LazyLoadingMiddleware
Amazium\Kernel\Application\Context\ApplicationContextMiddleware
Zend\Expressive\Middleware\LazyLoadingMiddleware
Zend\Expressive\Router\Middleware\RouteMiddleware
Zend\Expressive\Middleware\LazyLoadingMiddleware
Zend\Expressive\Router\Middleware\ImplicitHeadMiddleware
Zend\Expressive\Middleware\LazyLoadingMiddleware
Zend\Expressive\Router\Middleware\ImplicitOptionsMiddleware
Zend\Expressive\Middleware\LazyLoadingMiddleware
Zend\Expressive\Router\Middleware\MethodNotAllowedMiddleware
Zend\Expressive\Middleware\LazyLoadingMiddleware
Zend\Expressive\Helper\UrlHelperMiddleware
Zend\Expressive\Middleware\LazyLoadingMiddleware
Zend\Expressive\Router\Middleware\DispatchMiddleware
Zend\Expressive\Middleware\LazyLoadingMiddleware
Amazium\SampleApp\UI\Web\Page\Address\Index
Zend\Expressive\Middleware\LazyLoadingMiddleware
Zend\Stratigility\Middleware\ErrorHandler
Zend\Expressive\Middleware\LazyLoadingMiddleware
Zend\Expressive\Helper\ServerUrlMiddleware
Zend\Expressive\Middleware\LazyLoadingMiddleware
Zend\Expressive\Session\SessionMiddleware
Zend\Expressive\Middleware\LazyLoadingMiddleware
Amazium\Kernel\Application\Context\ApplicationContextMiddleware
Zend\Expressive\Middleware\LazyLoadingMiddleware
Zend\Expressive\Router\Middleware\RouteMiddleware
Zend\Expressive\Middleware\LazyLoadingMiddleware
Zend\Expressive\Router\Middleware\ImplicitHeadMiddleware
Zend\Expressive\Middleware\LazyLoadingMiddleware
Zend\Expressive\Router\Middleware\ImplicitOptionsMiddleware
Zend\Expressive\Middleware\LazyLoadingMiddleware
Zend\Expressive\Router\Middleware\MethodNotAllowedMiddleware
Zend\Expressive\Middleware\LazyLoadingMiddleware
Zend\Expressive\Helper\UrlHelperMiddleware
Zend\Expressive\Middleware\LazyLoadingMiddleware
Zend\Expressive\Router\Middleware\DispatchMiddleware
Zend\Expressive\Middleware\LazyLoadingMiddleware
Amazium\SampleApp\UI\Web\Page\Address\Index
Zend\Expressive\Middleware\LazyLoadingMiddleware
Zend\Stratigility\Middleware\ErrorHandler
Zend\Expressive\Middleware\LazyLoadingMiddleware
Zend\Expressive\Helper\ServerUrlMiddleware
Zend\Expressive\Middleware\LazyLoadingMiddleware
Zend\Expressive\Session\SessionMiddleware
Zend\Expressive\Middleware\LazyLoadingMiddleware
Amazium\Kernel\Application\Context\ApplicationContextMiddleware
Zend\Expressive\Middleware\LazyLoadingMiddleware
Zend\Expressive\Router\Middleware\RouteMiddleware
Zend\Expressive\Middleware\LazyLoadingMiddleware
Zend\Expressive\Router\Middleware\ImplicitHeadMiddleware
Zend\Expressive\Middleware\LazyLoadingMiddleware
Zend\Expressive\Router\Middleware\ImplicitOptionsMiddleware
Zend\Expressive\Middleware\LazyLoadingMiddleware
Zend\Expressive\Router\Middleware\MethodNotAllowedMiddleware
Zend\Expressive\Middleware\LazyLoadingMiddleware
Zend\Expressive\Helper\UrlHelperMiddleware
Zend\Expressive\Middleware\LazyLoadingMiddleware
Zend\Expressive\Router\Middleware\DispatchMiddleware
Zend\Expressive\Middleware\LazyLoadingMiddleware
Amazium\SampleApp\UI\Web\Page\Address\Index
Zend\Expressive\Middleware\LazyLoadingMiddleware
Zend\Stratigility\Middleware\ErrorHandler
Zend\Expressive\Middleware\LazyLoadingMiddleware
Zend\Expressive\Helper\ServerUrlMiddleware
Zend\Expressive\Middleware\LazyLoadingMiddleware
Zend\Expressive\Session\SessionMiddleware
Zend\Expressive\Middleware\LazyLoadingMiddleware
Amazium\Kernel\Application\Context\ApplicationContextMiddleware
Zend\Expressive\Middleware\LazyLoadingMiddleware
Zend\Expressive\Router\Middleware\RouteMiddleware
Zend\Expressive\Middleware\LazyLoadingMiddleware
Zend\Expressive\Router\Middleware\ImplicitHeadMiddleware
Zend\Expressive\Middleware\LazyLoadingMiddleware
Zend\Expressive\Router\Middleware\ImplicitOptionsMiddleware
Zend\Expressive\Middleware\LazyLoadingMiddleware
Zend\Expressive\Router\Middleware\MethodNotAllowedMiddleware
Zend\Expressive\Middleware\LazyLoadingMiddleware
Zend\Expressive\Helper\UrlHelperMiddleware
Zend\Expressive\Middleware\LazyLoadingMiddleware
Zend\Expressive\Router\Middleware\DispatchMiddleware
Zend\Expressive\Middleware\LazyLoadingMiddleware
Amazium\SampleApp\UI\Web\Page\Address\Index
Zend\Expressive\Middleware\LazyLoadingMiddleware
Zend\Stratigility\Middleware\ErrorHandler
Zend\Expressive\Middleware\LazyLoadingMiddleware
Zend\Expressive\Helper\ServerUrlMiddleware
Zend\Expressive\Middleware\LazyLoadingMiddleware
Zend\Expressive\Session\SessionMiddleware
Zend\Expressive\Middleware\LazyLoadingMiddleware
Amazium\Kernel\Application\Context\ApplicationContextMiddleware
Zend\Expressive\Middleware\LazyLoadingMiddleware
Zend\Expressive\Router\Middleware\RouteMiddleware
Zend\Expressive\Middleware\LazyLoadingMiddleware
Zend\Expressive\Router\Middleware\ImplicitHeadMiddleware
Zend\Expressive\Middleware\LazyLoadingMiddleware
Zend\Expressive\Router\Middleware\ImplicitOptionsMiddleware
Zend\Expressive\Middleware\LazyLoadingMiddleware
Zend\Expressive\Router\Middleware\MethodNotAllowedMiddleware
Zend\Expressive\Middleware\LazyLoadingMiddleware
Zend\Expressive\Helper\UrlHelperMiddleware
Zend\Expressive\Middleware\LazyLoadingMiddleware
Zend\Expressive\Router\Middleware\DispatchMiddleware
Zend\Expressive\Middleware\LazyLoadingMiddleware
Amazium\SampleApp\UI\Web\Page\Address\Index
Zend\Expressive\Middleware\LazyLoadingMiddleware
Zend\Stratigility\Middleware\ErrorHandler
Zend\Expressive\Middleware\LazyLoadingMiddleware
Zend\Expressive\Helper\ServerUrlMiddleware
Zend\Expressive\Middleware\LazyLoadingMiddleware
Zend\Expressive\Session\SessionMiddleware
Zend\Expressive\Middleware\LazyLoadingMiddleware
Amazium\Kernel\Application\Context\ApplicationContextMiddleware
Zend\Expressive\Middleware\LazyLoadingMiddleware
Zend\Expressive\Router\Middleware\RouteMiddleware
Zend\Expressive\Middleware\LazyLoadingMiddleware
Zend\Expressive\Router\Middleware\ImplicitHeadMiddleware
Zend\Expressive\Middleware\LazyLoadingMiddleware
Zend\Expressive\Router\Middleware\ImplicitOptionsMiddleware
Zend\Expressive\Middleware\LazyLoadingMiddleware
Zend\Expressive\Router\Middleware\MethodNotAllowedMiddleware
Zend\Expressive\Middleware\LazyLoadingMiddleware
Zend\Expressive\Helper\UrlHelperMiddleware
Zend\Expressive\Middleware\LazyLoadingMiddleware
Zend\Expressive\Router\Middleware\DispatchMiddleware
Zend\Expressive\Middleware\LazyLoadingMiddleware
Amazium\SampleApp\UI\Web\Page\Address\Index
Zend\Expressive\Middleware\LazyLoadingMiddleware
Zend\Stratigility\Middleware\ErrorHandler
Zend\Expressive\Middleware\LazyLoadingMiddleware
Zend\Expressive\Helper\ServerUrlMiddleware
Zend\Expressive\Middleware\LazyLoadingMiddleware
Zend\Expressive\Session\SessionMiddleware
Zend\Expressive\Middleware\LazyLoadingMiddleware
Amazium\Kernel\Application\Context\ApplicationContextMiddleware
Zend\Expressive\Middleware\LazyLoadingMiddleware
Zend\Expressive\Router\Middleware\RouteMiddleware
Zend\Expressive\Middleware\LazyLoadingMiddleware
Zend\Expressive\Router\Middleware\ImplicitHeadMiddleware
Zend\Expressive\Middleware\LazyLoadingMiddleware
Zend\Expressive\Router\Middleware\ImplicitOptionsMiddleware
Zend\Expressive\Middleware\LazyLoadingMiddleware
Zend\Expressive\Router\Middleware\MethodNotAllowedMiddleware
Zend\Expressive\Middleware\LazyLoadingMiddleware
Zend\Expressive\Helper\UrlHelperMiddleware
Zend\Expressive\Middleware\LazyLoadingMiddleware
Zend\Expressive\Router\Middleware\DispatchMiddleware
Zend\Expressive\Middleware\LazyLoadingMiddleware
Amazium\SampleApp\UI\Web\Page\Address\Index
Zend\Expressive\Middleware\LazyLoadingMiddleware
Zend\Stratigility\Middleware\ErrorHandler
Zend\Expressive\Middleware\LazyLoadingMiddleware
Zend\Expressive\Helper\ServerUrlMiddleware
Zend\Expressive\Middleware\LazyLoadingMiddleware
Zend\Expressive\Session\SessionMiddleware
Zend\Expressive\Middleware\LazyLoadingMiddleware
Amazium\Kernel\Application\Context\ApplicationContextMiddleware
Zend\Expressive\Middleware\LazyLoadingMiddleware
Zend\Expressive\Router\Middleware\RouteMiddleware
Zend\Expressive\Middleware\LazyLoadingMiddleware
Zend\Expressive\Router\Middleware\ImplicitHeadMiddleware
Zend\Expressive\Middleware\LazyLoadingMiddleware
Zend\Expressive\Router\Middleware\ImplicitOptionsMiddleware
Zend\Expressive\Middleware\LazyLoadingMiddleware
Zend\Expressive\Router\Middleware\MethodNotAllowedMiddleware
Zend\Expressive\Middleware\LazyLoadingMiddleware
Zend\Expressive\Helper\UrlHelperMiddleware
Zend\Expressive\Middleware\LazyLoadingMiddleware
Zend\Expressive\Router\Middleware\DispatchMiddleware
Zend\Expressive\Middleware\LazyLoadingMiddleware
Amazium\SampleApp\UI\Web\Page\Address\Index
Zend\Expressive\Middleware\LazyLoadingMiddleware
Zend\Stratigility\Middleware\ErrorHandler
Zend\Expressive\Middleware\LazyLoadingMiddleware
Zend\Expressive\Helper\ServerUrlMiddleware
Zend\Expressive\Middleware\LazyLoadingMiddleware
Zend\Expressive\Session\SessionMiddleware
Zend\Expressive\Middleware\LazyLoadingMiddleware
Amazium\Kernel\Application\Context\ApplicationContextMiddleware
Zend\Expressive\Middleware\LazyLoadingMiddleware
Zend\Expressive\Router\Middleware\RouteMiddleware
Zend\Expressive\Middleware\LazyLoadingMiddleware
Zend\Expressive\Router\Middleware\ImplicitHeadMiddleware
Zend\Expressive\Middleware\LazyLoadingMiddleware
Zend\Expressive\Router\Middleware\ImplicitOptionsMiddleware
Zend\Expressive\Middleware\LazyLoadingMiddleware
Zend\Expressive\Router\Middleware\MethodNotAllowedMiddleware
Zend\Expressive\Middleware\LazyLoadingMiddleware
Zend\Expressive\Helper\UrlHelperMiddleware
Zend\Expressive\Middleware\LazyLoadingMiddleware
Zend\Expressive\Router\Middleware\DispatchMiddleware
Zend\Expressive\Middleware\LazyLoadingMiddleware
Amazium\SampleApp\UI\Web\Page\Address\Index
Zend\Expressive\Middleware\LazyLoadingMiddleware
Zend\Stratigility\Middleware\ErrorHandler
Zend\Expressive\Middleware\LazyLoadingMiddleware
Zend\Expressive\Helper\ServerUrlMiddleware
Zend\Expressive\Middleware\LazyLoadingMiddleware
Zend\Expressive\Session\SessionMiddleware
Zend\Expressive\Middleware\LazyLoadingMiddleware
Amazium\Kernel\Application\Context\ApplicationContextMiddleware
Zend\Expressive\Middleware\LazyLoadingMiddleware
Zend\Expressive\Router\Middleware\RouteMiddleware
Zend\Expressive\Middleware\LazyLoadingMiddleware
Zend\Expressive\Router\Middleware\ImplicitHeadMiddleware
Zend\Expressive\Middleware\LazyLoadingMiddleware
Zend\Expressive\Router\Middleware\ImplicitOptionsMiddleware
Zend\Expressive\Middleware\LazyLoadingMiddleware
Zend\Expressive\Router\Middleware\MethodNotAllowedMiddleware
Zend\Expressive\Middleware\LazyLoadingMiddleware
Zend\Expressive\Helper\UrlHelperMiddleware
Zend\Expressive\Middleware\LazyLoadingMiddleware
Zend\Expressive\Router\Middleware\DispatchMiddleware
Zend\Expressive\Middleware\LazyLoadingMiddleware
Amazium\SampleApp\UI\Web\Page\Address\Index
Zend\Expressive\Middleware\LazyLoadingMiddleware
Zend\Stratigility\Middleware\ErrorHandler
Zend\Expressive\Middleware\LazyLoadingMiddleware
Zend\Expressive\Helper\ServerUrlMiddleware
Zend\Expressive\Middleware\LazyLoadingMiddleware
Zend\Expressive\Session\SessionMiddleware
Zend\Expressive\Middleware\LazyLoadingMiddleware
Amazium\Kernel\Application\Context\ApplicationContextMiddleware
Zend\Expressive\Middleware\LazyLoadingMiddleware
Zend\Expressive\Router\Middleware\RouteMiddleware
Zend\Expressive\Middleware\LazyLoadingMiddleware
Zend\Expressive\Router\Middleware\ImplicitHeadMiddleware
Zend\Expressive\Middleware\LazyLoadingMiddleware
Zend\Expressive\Router\Middleware\ImplicitOptionsMiddleware
Zend\Expressive\Middleware\LazyLoadingMiddleware
Zend\Expressive\Router\Middleware\MethodNotAllowedMiddleware
Zend\Expressive\Middleware\LazyLoadingMiddleware
Zend\Expressive\Helper\UrlHelperMiddleware
Zend\Expressive\Middleware\LazyLoadingMiddleware
Zend\Expressive\Router\Middleware\DispatchMiddleware
Zend\Expressive\Middleware\LazyLoadingMiddleware
Amazium\SampleApp\UI\Web\Page\Address\Index
Zend\Expressive\Middleware\LazyLoadingMiddleware
Zend\Stratigility\Middleware\ErrorHandler
Zend\Expressive\Middleware\LazyLoadingMiddleware
Zend\Expressive\Helper\ServerUrlMiddleware
Zend\Expressive\Middleware\LazyLoadingMiddleware
Zend\Expressive\Session\SessionMiddleware
Zend\Expressive\Middleware\LazyLoadingMiddleware
Amazium\Kernel\Application\Context\ApplicationContextMiddleware
Zend\Expressive\Middleware\LazyLoadingMiddleware
Zend\Expressive\Router\Middleware\RouteMiddleware
Zend\Expressive\Middleware\LazyLoadingMiddleware
Zend\Expressive\Router\Middleware\ImplicitHeadMiddleware
Zend\Expressive\Middleware\LazyLoadingMiddleware
Zend\Expressive\Router\Middleware\ImplicitOptionsMiddleware
Zend\Expressive\Middleware\LazyLoadingMiddleware
Zend\Expressive\Router\Middleware\MethodNotAllowedMiddleware
Zend\Expressive\Middleware\LazyLoadingMiddleware
Zend\Expressive\Helper\UrlHelperMiddleware
Zend\Expressive\Middleware\LazyLoadingMiddleware
Zend\Expressive\Router\Middleware\DispatchMiddleware
Zend\Expressive\Middleware\LazyLoadingMiddleware
Amazium\SampleApp\UI\Web\Page\Address\Index
Zend\Expressive\Middleware\LazyLoadingMiddleware
Zend\Stratigility\Middleware\ErrorHandler
Zend\Expressive\Middleware\LazyLoadingMiddleware
Zend\Expressive\Helper\ServerUrlMiddleware
Zend\Expressive\Middleware\LazyLoadingMiddleware
Zend\Expressive\Session\SessionMiddleware
Zend\Expressive\Middleware\LazyLoadingMiddleware
Amazium\Kernel\Application\Context\ApplicationContextMiddleware
Zend\Expressive\Middleware\LazyLoadingMiddleware
Zend\Expressive\Router\Middleware\RouteMiddleware
Zend\Expressive\Middleware\LazyLoadingMiddleware
Zend\Expressive\Router\Middleware\ImplicitHeadMiddleware
Zend\Expressive\Middleware\LazyLoadingMiddleware
Zend\Expressive\Router\Middleware\ImplicitOptionsMiddleware
Zend\Expressive\Middleware\LazyLoadingMiddleware
Zend\Expressive\Router\Middleware\MethodNotAllowedMiddleware
Zend\Expressive\Middleware\LazyLoadingMiddleware
Zend\Expressive\Helper\UrlHelperMiddleware
Zend\Expressive\Middleware\LazyLoadingMiddleware
Zend\Expressive\Router\Middleware\DispatchMiddleware
Zend\Expressive\Middleware\LazyLoadingMiddleware
Amazium\SampleApp\UI\Web\Page\Address\Index
Zend\Expressive\Middleware\LazyLoadingMiddleware
Zend\Stratigility\Middleware\ErrorHandler
Zend\Expressive\Middleware\LazyLoadingMiddleware
Zend\Expressive\Helper\ServerUrlMiddleware
Zend\Expressive\Middleware\LazyLoadingMiddleware
Zend\Expressive\Session\SessionMiddleware
Zend\Expressive\Middleware\LazyLoadingMiddleware
Amazium\Kernel\Application\Context\ApplicationContextMiddleware
Zend\Expressive\Middleware\LazyLoadingMiddleware
Zend\Expressive\Router\Middleware\RouteMiddleware
Zend\Expressive\Middleware\LazyLoadingMiddleware
Zend\Expressive\Router\Middleware\ImplicitHeadMiddleware
Zend\Expressive\Middleware\LazyLoadingMiddleware
Zend\Expressive\Router\Middleware\ImplicitOptionsMiddleware
Zend\Expressive\Middleware\LazyLoadingMiddleware
Zend\Expressive\Router\Middleware\MethodNotAllowedMiddleware
Zend\Expressive\Middleware\LazyLoadingMiddleware
Zend\Expressive\Helper\UrlHelperMiddleware
Zend\Expressive\Middleware\LazyLoadingMiddleware
Zend\Expressive\Router\Middleware\DispatchMiddleware
Zend\Expressive\Middleware\LazyLoadingMiddleware
Amazium\SampleApp\UI\Web\Page\Address\Index
Zend\Expressive\Middleware\LazyLoadingMiddleware
Zend\Stratigility\Middleware\ErrorHandler
Zend\Expressive\Middleware\LazyLoadingMiddleware
Zend\Expressive\Helper\ServerUrlMiddleware
Zend\Expressive\Middleware\LazyLoadingMiddleware
Zend\Expressive\Session\SessionMiddleware
Zend\Expressive\Middleware\LazyLoadingMiddleware
Amazium\Kernel\Application\Context\ApplicationContextMiddleware
Zend\Expressive\Middleware\LazyLoadingMiddleware
Zend\Expressive\Router\Middleware\RouteMiddleware
Zend\Expressive\Middleware\LazyLoadingMiddleware
Zend\Expressive\Router\Middleware\ImplicitHeadMiddleware
Zend\Expressive\Middleware\LazyLoadingMiddleware
Zend\Expressive\Router\Middleware\ImplicitOptionsMiddleware
Zend\Expressive\Middleware\LazyLoadingMiddleware
Zend\Expressive\Router\Middleware\MethodNotAllowedMiddleware
Zend\Expressive\Middleware\LazyLoadingMiddleware
Zend\Expressive\Helper\UrlHelperMiddleware
Zend\Expressive\Middleware\LazyLoadingMiddleware
Zend\Expressive\Router\Middleware\DispatchMiddleware
Zend\Expressive\Middleware\LazyLoadingMiddleware
Amazium\SampleApp\UI\Web\Page\Address\Index
Zend\Expressive\Middleware\LazyLoadingMiddleware
Zend\Stratigility\Middleware\ErrorHandler
Zend\Expressive\Middleware\LazyLoadingMiddleware
Zend\Expressive\Helper\ServerUrlMiddleware
Zend\Expressive\Middleware\LazyLoadingMiddleware
Zend\Expressive\Session\SessionMiddleware
Zend\Expressive\Middleware\LazyLoadingMiddleware
Amazium\Kernel\Application\Context\ApplicationContextMiddleware
Zend\Expressive\Middleware\LazyLoadingMiddleware
Zend\Expressive\Router\Middleware\RouteMiddleware
Zend\Expressive\Middleware\LazyLoadingMiddleware
Zend\Expressive\Router\Middleware\ImplicitHeadMiddleware
Zend\Expressive\Middleware\LazyLoadingMiddleware
Zend\Expressive\Router\Middleware\ImplicitOptionsMiddleware
Zend\Expressive\Middleware\LazyLoadingMiddleware
Zend\Expressive\Router\Middleware\MethodNotAllowedMiddleware
Zend\Expressive\Middleware\LazyLoadingMiddleware
Zend\Expressive\Helper\UrlHelperMiddleware
Zend\Expressive\Middleware\LazyLoadingMiddleware
Zend\Expressive\Router\Middleware\DispatchMiddleware
Zend\Expressive\Middleware\LazyLoadingMiddleware
Amazium\SampleApp\UI\Web\Page\Address\Index
Zend\Expressive\Middleware\LazyLoadingMiddleware
Zend\Stratigility\Middleware\ErrorHandler
Zend\Expressive\Middleware\LazyLoadingMiddleware
Zend\Expressive\Helper\ServerUrlMiddleware
Zend\Expressive\Middleware\LazyLoadingMiddleware
Zend\Expressive\Session\SessionMiddleware
Zend\Expressive\Middleware\LazyLoadingMiddleware
Amazium\Kernel\Application\Context\ApplicationContextMiddleware
Zend\Expressive\Middleware\LazyLoadingMiddleware
Zend\Expressive\Router\Middleware\RouteMiddleware
Zend\Expressive\Middleware\LazyLoadingMiddleware
Zend\Expressive\Router\Middleware\ImplicitHeadMiddleware
Zend\Expressive\Middleware\LazyLoadingMiddleware
Zend\Expressive\Router\Middleware\ImplicitOptionsMiddleware
Zend\Expressive\Middleware\LazyLoadingMiddleware
Zend\Expressive\Router\Middleware\MethodNotAllowedMiddleware
Zend\Expressive\Middleware\LazyLoadingMiddleware
Zend\Expressive\Helper\UrlHelperMiddleware
Zend\Expressive\Middleware\LazyLoadingMiddleware
Zend\Expressive\Router\Middleware\DispatchMiddleware
Zend\Expressive\Middleware\LazyLoadingMiddleware
Amazium\SampleApp\UI\Web\Page\Address\Index
Zend\Expressive\Middleware\LazyLoadingMiddleware
Zend\Stratigility\Middleware\ErrorHandler
Zend\Expressive\Middleware\LazyLoadingMiddleware
Zend\Expressive\Helper\ServerUrlMiddleware
Zend\Expressive\Middleware\LazyLoadingMiddleware
Zend\Expressive\Session\SessionMiddleware
Zend\Expressive\Middleware\LazyLoadingMiddleware
Amazium\Kernel\Application\Context\ApplicationContextMiddleware
Zend\Expressive\Middleware\LazyLoadingMiddleware
Zend\Expressive\Router\Middleware\RouteMiddleware
Zend\Expressive\Middleware\LazyLoadingMiddleware
Zend\Expressive\Router\Middleware\ImplicitHeadMiddleware
Zend\Expressive\Middleware\LazyLoadingMiddleware
Zend\Expressive\Router\Middleware\ImplicitOptionsMiddleware
Zend\Expressive\Middleware\LazyLoadingMiddleware
Zend\Expressive\Router\Middleware\MethodNotAllowedMiddleware
Zend\Expressive\Middleware\LazyLoadingMiddleware
Zend\Expressive\Helper\UrlHelperMiddleware
Zend\Expressive\Middleware\LazyLoadingMiddleware
Zend\Expressive\Router\Middleware\DispatchMiddleware
Zend\Expressive\Middleware\LazyLoadingMiddleware
Amazium\SampleApp\UI\Web\Page\Address\Index
Zend\Expressive\Middleware\LazyLoadingMiddleware
Zend\Stratigility\Middleware\ErrorHandler
Zend\Expressive\Middleware\LazyLoadingMiddleware
Zend\Expressive\Helper\ServerUrlMiddleware
Zend\Expressive\Middleware\LazyLoadingMiddleware
Zend\Expressive\Session\SessionMiddleware
Zend\Expressive\Middleware\LazyLoadingMiddleware
Amazium\Kernel\Application\Context\ApplicationContextMiddleware
Zend\Expressive\Middleware\LazyLoadingMiddleware
Zend\Expressive\Router\Middleware\RouteMiddleware
Zend\Expressive\Middleware\LazyLoadingMiddleware
Zend\Expressive\Router\Middleware\ImplicitHeadMiddleware
Zend\Expressive\Middleware\LazyLoadingMiddleware
Zend\Expressive\Router\Middleware\ImplicitOptionsMiddleware
Zend\Expressive\Middleware\LazyLoadingMiddleware
Zend\Expressive\Router\Middleware\MethodNotAllowedMiddleware
Zend\Expressive\Middleware\LazyLoadingMiddleware
Zend\Expressive\Helper\UrlHelperMiddleware
Zend\Expressive\Middleware\LazyLoadingMiddleware
Zend\Expressive\Router\Middleware\DispatchMiddleware
Zend\Expressive\Middleware\LazyLoadingMiddleware
Amazium\SampleApp\UI\Web\Page\Address\Index
Zend\Expressive\Middleware\LazyLoadingMiddleware
Zend\Stratigility\Middleware\ErrorHandler
Zend\Expressive\Middleware\LazyLoadingMiddleware
Zend\Expressive\Helper\ServerUrlMiddleware
Zend\Expressive\Middleware\LazyLoadingMiddleware
Zend\Expressive\Session\SessionMiddleware
Zend\Expressive\Middleware\LazyLoadingMiddleware
Amazium\Kernel\Application\Context\ApplicationContextMiddleware
Zend\Expressive\Middleware\LazyLoadingMiddleware
Zend\Expressive\Router\Middleware\RouteMiddleware
Zend\Expressive\Middleware\LazyLoadingMiddleware
Zend\Expressive\Router\Middleware\ImplicitHeadMiddleware
Zend\Expressive\Middleware\LazyLoadingMiddleware
Zend\Expressive\Router\Middleware\ImplicitOptionsMiddleware
Zend\Expressive\Middleware\LazyLoadingMiddleware
Zend\Expressive\Router\Middleware\MethodNotAllowedMiddleware
Zend\Expressive\Middleware\LazyLoadingMiddleware
Zend\Expressive\Helper\UrlHelperMiddleware
Zend\Expressive\Middleware\LazyLoadingMiddleware
Zend\Expressive\Router\Middleware\DispatchMiddleware
Zend\Expressive\Middleware\LazyLoadingMiddleware
Amazium\SampleApp\UI\Web\Page\Address\Index
Zend\Expressive\Middleware\LazyLoadingMiddleware
Zend\Stratigility\Middleware\ErrorHandler
Zend\Expressive\Middleware\LazyLoadingMiddleware
Zend\Expressive\Helper\ServerUrlMiddleware
Zend\Expressive\Middleware\LazyLoadingMiddleware
Zend\Expressive\Session\SessionMiddleware
Zend\Expressive\Middleware\LazyLoadingMiddleware
Amazium\Kernel\Application\Context\ApplicationContextMiddleware
Zend\Expressive\Middleware\LazyLoadingMiddleware
Zend\Expressive\Router\Middleware\RouteMiddleware
Zend\Expressive\Middleware\LazyLoadingMiddleware
Zend\Expressive\Router\Middleware\ImplicitHeadMiddleware
Zend\Expressive\Middleware\LazyLoadingMiddleware
Zend\Expressive\Router\Middleware\ImplicitOptionsMiddleware
Zend\Expressive\Middleware\LazyLoadingMiddleware
Zend\Expressive\Router\Middleware\MethodNotAllowedMiddleware
Zend\Expressive\Middleware\LazyLoadingMiddleware
Zend\Expressive\Helper\UrlHelperMiddleware
Zend\Expressive\Middleware\LazyLoadingMiddleware
Zend\Expressive\Router\Middleware\DispatchMiddleware
Zend\Expressive\Middleware\LazyLoadingMiddleware
Amazium\SampleApp\UI\Web\Page\Address\Index
Zend\Expressive\Middleware\LazyLoadingMiddleware
Zend\Stratigility\Middleware\ErrorHandler
Zend\Expressive\Middleware\LazyLoadingMiddleware
Zend\Expressive\Helper\ServerUrlMiddleware
Zend\Expressive\Middleware\LazyLoadingMiddleware
Zend\Expressive\Session\SessionMiddleware
Zend\Expressive\Middleware\LazyLoadingMiddleware
Amazium\Kernel\Application\Context\ApplicationContextMiddleware
Zend\Expressive\Middleware\LazyLoadingMiddleware
Zend\Expressive\Router\Middleware\RouteMiddleware
Zend\Expressive\Middleware\LazyLoadingMiddleware
Zend\Expressive\Router\Middleware\ImplicitHeadMiddleware
Zend\Expressive\Middleware\LazyLoadingMiddleware
Zend\Expressive\Router\Middleware\ImplicitOptionsMiddleware
Zend\Expressive\Middleware\LazyLoadingMiddleware
Zend\Expressive\Router\Middleware\MethodNotAllowedMiddleware
Zend\Expressive\Middleware\LazyLoadingMiddleware
Zend\Expressive\Helper\UrlHelperMiddleware
Zend\Expressive\Middleware\LazyLoadingMiddleware
Zend\Expressive\Router\Middleware\DispatchMiddleware
Zend\Expressive\Middleware\LazyLoadingMiddleware
Amazium\SampleApp\UI\Web\Page\Address\Index
Zend\Expressive\Middleware\LazyLoadingMiddleware
Zend\Stratigility\Middleware\ErrorHandler
Zend\Expressive\Middleware\LazyLoadingMiddleware
Zend\Expressive\Helper\ServerUrlMiddleware
Zend\Expressive\Middleware\LazyLoadingMiddleware
Zend\Expressive\Session\SessionMiddleware
Zend\Expressive\Middleware\LazyLoadingMiddleware
Amazium\Kernel\Application\Context\ApplicationContextMiddleware
Zend\Expressive\Middleware\LazyLoadingMiddleware
Zend\Expressive\Router\Middleware\RouteMiddleware
Zend\Expressive\Middleware\LazyLoadingMiddleware
Zend\Expressive\Router\Middleware\ImplicitHeadMiddleware
Zend\Expressive\Middleware\LazyLoadingMiddleware
Zend\Expressive\Router\Middleware\ImplicitOptionsMiddleware
Zend\Expressive\Middleware\LazyLoadingMiddleware
Zend\Expressive\Router\Middleware\MethodNotAllowedMiddleware
Zend\Expressive\Middleware\LazyLoadingMiddleware
Zend\Expressive\Helper\UrlHelperMiddleware
Zend\Expressive\Middleware\LazyLoadingMiddleware
Zend\Expressive\Router\Middleware\DispatchMiddleware
Zend\Expressive\Middleware\LazyLoadingMiddleware
Amazium\SampleApp\UI\Web\Page\Address\Index
Zend\Expressive\Middleware\LazyLoadingMiddleware
Zend\Stratigility\Middleware\ErrorHandler
Zend\Expressive\Middleware\LazyLoadingMiddleware
Zend\Expressive\Helper\ServerUrlMiddleware
Zend\Expressive\Middleware\LazyLoadingMiddleware
Zend\Expressive\Session\SessionMiddleware
Zend\Expressive\Middleware\LazyLoadingMiddleware
Amazium\Kernel\Application\Context\ApplicationContextMiddleware
Zend\Expressive\Middleware\LazyLoadingMiddleware
Zend\Expressive\Router\Middleware\RouteMiddleware
Zend\Expressive\Middleware\LazyLoadingMiddleware
Zend\Expressive\Router\Middleware\ImplicitHeadMiddleware
Zend\Expressive\Middleware\LazyLoadingMiddleware
Zend\Expressive\Router\Middleware\ImplicitOptionsMiddleware
Zend\Expressive\Middleware\LazyLoadingMiddleware
Zend\Expressive\Router\Middleware\MethodNotAllowedMiddleware
Zend\Expressive\Middleware\LazyLoadingMiddleware
Zend\Expressive\Helper\UrlHelperMiddleware
Zend\Expressive\Middleware\LazyLoadingMiddleware
Zend\Expressive\Router\Middleware\DispatchMiddleware
Zend\Expressive\Middleware\LazyLoadingMiddleware
Amazium\SampleApp\UI\Web\Page\Address\Index
Zend\Expressive\Middleware\LazyLoadingMiddleware
Zend\Stratigility\Middleware\ErrorHandler
Zend\Expressive\Middleware\LazyLoadingMiddleware
Zend\Expressive\Helper\ServerUrlMiddleware
Zend\Expressive\Middleware\LazyLoadingMiddleware
Zend\Expressive\Session\SessionMiddleware
Zend\Expressive\Middleware\LazyLoadingMiddleware
Amazium\Kernel\Application\Context\ApplicationContextMiddleware
Zend\Expressive\Middleware\LazyLoadingMiddleware
Zend\Expressive\Router\Middleware\RouteMiddleware
Zend\Expressive\Middleware\LazyLoadingMiddleware
Zend\Expressive\Router\Middleware\ImplicitHeadMiddleware
Zend\Expressive\Middleware\LazyLoadingMiddleware
Zend\Expressive\Router\Middleware\ImplicitOptionsMiddleware
Zend\Expressive\Middleware\LazyLoadingMiddleware
Zend\Expressive\Router\Middleware\MethodNotAllowedMiddleware
Zend\Expressive\Middleware\LazyLoadingMiddleware
Zend\Expressive\Helper\UrlHelperMiddleware
Zend\Expressive\Middleware\LazyLoadingMiddleware
Zend\Expressive\Router\Middleware\DispatchMiddleware
Zend\Expressive\Middleware\LazyLoadingMiddleware
Amazium\SampleApp\UI\Web\Page\Address\Index
Zend\Expressive\Middleware\LazyLoadingMiddleware
Zend\Stratigility\Middleware\ErrorHandler
Zend\Expressive\Middleware\LazyLoadingMiddleware
Zend\Expressive\Helper\ServerUrlMiddleware
Zend\Expressive\Middleware\LazyLoadingMiddleware
Zend\Expressive\Session\SessionMiddleware
Zend\Expressive\Middleware\LazyLoadingMiddleware
Amazium\Kernel\Application\Context\ApplicationContextMiddleware
Zend\Expressive\Middleware\LazyLoadingMiddleware
Zend\Expressive\Router\Middleware\RouteMiddleware
Zend\Expressive\Middleware\LazyLoadingMiddleware
Zend\Expressive\Router\Middleware\ImplicitHeadMiddleware
Zend\Expressive\Middleware\LazyLoadingMiddleware
Zend\Expressive\Router\Middleware\ImplicitOptionsMiddleware
Zend\Expressive\Middleware\LazyLoadingMiddleware
Zend\Expressive\Router\Middleware\MethodNotAllowedMiddleware
Zend\Expressive\Middleware\LazyLoadingMiddleware
Zend\Expressive\Helper\UrlHelperMiddleware
Zend\Expressive\Middleware\LazyLoadingMiddleware
Zend\Expressive\Router\Middleware\DispatchMiddleware
Zend\Expressive\Middleware\LazyLoadingMiddleware
Amazium\SampleApp\UI\Web\Page\Address\Index
Zend\Expressive\Middleware\LazyLoadingMiddleware
Zend\Stratigility\Middleware\ErrorHandler
Zend\Expressive\Middleware\LazyLoadingMiddleware
Zend\Expressive\Helper\ServerUrlMiddleware
Zend\Expressive\Middleware\LazyLoadingMiddleware
Zend\Expressive\Session\SessionMiddleware
Zend\Expressive\Middleware\LazyLoadingMiddleware
Amazium\Kernel\Application\Context\ApplicationContextMiddleware
Zend\Expressive\Middleware\LazyLoadingMiddleware
Zend\Expressive\Router\Middleware\RouteMiddleware
Zend\Expressive\Middleware\LazyLoadingMiddleware
Zend\Expressive\Router\Middleware\ImplicitHeadMiddleware
Zend\Expressive\Middleware\LazyLoadingMiddleware
Zend\Expressive\Router\Middleware\ImplicitOptionsMiddleware
Zend\Expressive\Middleware\LazyLoadingMiddleware
Zend\Expressive\Router\Middleware\MethodNotAllowedMiddleware
Zend\Expressive\Middleware\LazyLoadingMiddleware
Zend\Expressive\Helper\UrlHelperMiddleware
Zend\Expressive\Middleware\LazyLoadingMiddleware
Zend\Expressive\Router\Middleware\DispatchMiddleware
Zend\Expressive\Middleware\LazyLoadingMiddleware
Amazium\SampleApp\UI\Web\Page\Address\Index
Zend\Expressive\Middleware\LazyLoadingMiddleware
Zend\Stratigility\Middleware\ErrorHandler
Zend\Expressive\Middleware\LazyLoadingMiddleware
Zend\Expressive\Helper\ServerUrlMiddleware
Zend\Expressive\Middleware\LazyLoadingMiddleware
Zend\Expressive\Session\SessionMiddleware
Zend\Expressive\Middleware\LazyLoadingMiddleware
Amazium\Kernel\Application\Context\ApplicationContextMiddleware
Zend\Expressive\Middleware\LazyLoadingMiddleware
Zend\Expressive\Router\Middleware\RouteMiddleware
Zend\Expressive\Middleware\LazyLoadingMiddleware
Zend\Expressive\Router\Middleware\ImplicitHeadMiddleware
Zend\Expressive\Middleware\LazyLoadingMiddleware
Zend\Expressive\Router\Middleware\ImplicitOptionsMiddleware
Zend\Expressive\Middleware\LazyLoadingMiddleware
Zend\Expressive\Router\Middleware\MethodNotAllowedMiddleware
Zend\Expressive\Middleware\LazyLoadingMiddleware
Zend\Expressive\Helper\UrlHelperMiddleware
Zend\Expressive\Middleware\LazyLoadingMiddleware
Zend\Expressive\Router\Middleware\DispatchMiddleware
Zend\Expressive\Middleware\LazyLoadingMiddleware
Amazium\SampleApp\UI\Web\Page\Address\Index
Zend\Expressive\Middleware\LazyLoadingMiddleware
Zend\Stratigility\Middleware\ErrorHandler
Zend\Expressive\Middleware\LazyLoadingMiddleware
Zend\Expressive\Helper\ServerUrlMiddleware
Zend\Expressive\Middleware\LazyLoadingMiddleware
Zend\Expressive\Session\SessionMiddleware
Zend\Expressive\Middleware\LazyLoadingMiddleware
Amazium\Kernel\Application\Context\ApplicationContextMiddleware
Zend\Expressive\Middleware\LazyLoadingMiddleware
Zend\Expressive\Router\Middleware\RouteMiddleware
Zend\Expressive\Middleware\LazyLoadingMiddleware
Zend\Expressive\Router\Middleware\ImplicitHeadMiddleware
Zend\Expressive\Middleware\LazyLoadingMiddleware
Zend\Expressive\Router\Middleware\ImplicitOptionsMiddleware
Zend\Expressive\Middleware\LazyLoadingMiddleware
Zend\Expressive\Router\Middleware\MethodNotAllowedMiddleware
Zend\Expressive\Middleware\LazyLoadingMiddleware
Zend\Expressive\Helper\UrlHelperMiddleware
Zend\Expressive\Middleware\LazyLoadingMiddleware
Zend\Expressive\Router\Middleware\DispatchMiddleware
Zend\Expressive\Middleware\LazyLoadingMiddleware
Amazium\SampleApp\UI\Web\Page\Address\Index
Zend\Expressive\Middleware\LazyLoadingMiddleware
Zend\Stratigility\Middleware\ErrorHandler
Zend\Expressive\Middleware\LazyLoadingMiddleware
Zend\Expressive\Helper\ServerUrlMiddleware
Zend\Expressive\Middleware\LazyLoadingMiddleware
Zend\Expressive\Session\SessionMiddleware
Zend\Expressive\Middleware\LazyLoadingMiddleware
Amazium\Kernel\Application\Context\ApplicationContextMiddleware
Zend\Expressive\Middleware\LazyLoadingMiddleware
Zend\Expressive\Router\Middleware\RouteMiddleware
Zend\Expressive\Middleware\LazyLoadingMiddleware
Zend\Expressive\Router\Middleware\ImplicitHeadMiddleware
Zend\Expressive\Middleware\LazyLoadingMiddleware
Zend\Expressive\Router\Middleware\ImplicitOptionsMiddleware
Zend\Expressive\Middleware\LazyLoadingMiddleware
Zend\Expressive\Router\Middleware\MethodNotAllowedMiddleware
Zend\Expressive\Middleware\LazyLoadingMiddleware
Zend\Expressive\Helper\UrlHelperMiddleware
Zend\Expressive\Middleware\LazyLoadingMiddleware
Zend\Expressive\Router\Middleware\DispatchMiddleware
Zend\Expressive\Middleware\LazyLoadingMiddleware
Amazium\SampleApp\UI\Web\Page\Address\Index
Zend\Expressive\Middleware\LazyLoadingMiddleware
Zend\Stratigility\Middleware\ErrorHandler
Zend\Expressive\Middleware\LazyLoadingMiddleware
Zend\Expressive\Helper\ServerUrlMiddleware
Zend\Expressive\Middleware\LazyLoadingMiddleware
Zend\Expressive\Session\SessionMiddleware
Zend\Expressive\Middleware\LazyLoadingMiddleware
Amazium\Kernel\Application\Context\ApplicationContextMiddleware
Zend\Expressive\Middleware\LazyLoadingMiddleware
Zend\Expressive\Router\Middleware\RouteMiddleware
Zend\Expressive\Middleware\LazyLoadingMiddleware
Zend\Expressive\Router\Middleware\ImplicitHeadMiddleware
Zend\Expressive\Middleware\LazyLoadingMiddleware
Zend\Expressive\Router\Middleware\ImplicitOptionsMiddleware
Zend\Expressive\Middleware\LazyLoadingMiddleware
Zend\Expressive\Router\Middleware\MethodNotAllowedMiddleware
Zend\Expressive\Middleware\LazyLoadingMiddleware
Zend\Expressive\Helper\UrlHelperMiddleware
Zend\Expressive\Middleware\LazyLoadingMiddleware
Zend\Expressive\Router\Middleware\DispatchMiddleware
Zend\Expressive\Middleware\LazyLoadingMiddleware
Amazium\SampleApp\UI\Web\Page\Address\Index
Zend\Expressive\Middleware\LazyLoadingMiddleware
Zend\Stratigility\Middleware\ErrorHandler
Zend\Expressive\Middleware\LazyLoadingMiddleware
Zend\Expressive\Helper\ServerUrlMiddleware
Zend\Expressive\Middleware\LazyLoadingMiddleware
Zend\Expressive\Session\SessionMiddleware
Zend\Expressive\Middleware\LazyLoadingMiddleware
Amazium\Kernel\Application\Context\ApplicationContextMiddleware
Zend\Expressive\Middleware\LazyLoadingMiddleware
Zend\Expressive\Router\Middleware\RouteMiddleware
Zend\Expressive\Middleware\LazyLoadingMiddleware
Zend\Expressive\Router\Middleware\ImplicitHeadMiddleware
Zend\Expressive\Middleware\LazyLoadingMiddleware
Zend\Expressive\Router\Middleware\ImplicitOptionsMiddleware
Zend\Expressive\Middleware\LazyLoadingMiddleware
Zend\Expressive\Router\Middleware\MethodNotAllowedMiddleware
Zend\Expressive\Middleware\LazyLoadingMiddleware
Zend\Expressive\Helper\UrlHelperMiddleware
Zend\Expressive\Middleware\LazyLoadingMiddleware
Zend\Expressive\Router\Middleware\DispatchMiddleware
Zend\Expressive\Middleware\LazyLoadingMiddleware
Amazium\SampleApp\UI\Web\Page\Address\Index
Zend\Expressive\Middleware\LazyLoadingMiddleware
Zend\Stratigility\Middleware\ErrorHandler
Zend\Expressive\Middleware\LazyLoadingMiddleware
Zend\Expressive\Helper\ServerUrlMiddleware
Zend\Expressive\Middleware\LazyLoadingMiddleware
Zend\Expressive\Session\SessionMiddleware
Zend\Expressive\Middleware\LazyLoadingMiddleware
Amazium\Kernel\Application\Context\ApplicationContextMiddleware
Zend\Expressive\Middleware\LazyLoadingMiddleware
Zend\Expressive\Router\Middleware\RouteMiddleware
Zend\Expressive\Middleware\LazyLoadingMiddleware
Zend\Expressive\Router\Middleware\ImplicitHeadMiddleware
Zend\Expressive\Middleware\LazyLoadingMiddleware
Zend\Expressive\Router\Middleware\ImplicitOptionsMiddleware
Zend\Expressive\Middleware\LazyLoadingMiddleware
Zend\Expressive\Router\Middleware\MethodNotAllowedMiddleware
Zend\Expressive\Middleware\LazyLoadingMiddleware
Zend\Expressive\Helper\UrlHelperMiddleware
Zend\Expressive\Middleware\LazyLoadingMiddleware
Zend\Expressive\Router\Middleware\DispatchMiddleware
Zend\Expressive\Middleware\LazyLoadingMiddleware
Amazium\SampleApp\UI\Web\Page\Address\Destroy
Zend\Expressive\Middleware\LazyLoadingMiddleware
Amazium\SampleApp\UI\Web\Page\Address\Index
Zend\Expressive\Middleware\LazyLoadingMiddleware
Zend\Stratigility\Middleware\ErrorHandler
Zend\Expressive\Middleware\LazyLoadingMiddleware
Zend\Expressive\Helper\ServerUrlMiddleware
Zend\Expressive\Middleware\LazyLoadingMiddleware
Zend\Expressive\Session\SessionMiddleware
Zend\Expressive\Middleware\LazyLoadingMiddleware
Amazium\Kernel\Application\Context\ApplicationContextMiddleware
Zend\Expressive\Middleware\LazyLoadingMiddleware
Zend\Expressive\Router\Middleware\RouteMiddleware
Zend\Expressive\Middleware\LazyLoadingMiddleware
Zend\Expressive\Router\Middleware\ImplicitHeadMiddleware
Zend\Expressive\Middleware\LazyLoadingMiddleware
Zend\Expressive\Router\Middleware\ImplicitOptionsMiddleware
Zend\Expressive\Middleware\LazyLoadingMiddleware
Zend\Expressive\Router\Middleware\MethodNotAllowedMiddleware
Zend\Expressive\Middleware\LazyLoadingMiddleware
Zend\Expressive\Helper\UrlHelperMiddleware
Zend\Expressive\Middleware\LazyLoadingMiddleware
Zend\Expressive\Router\Middleware\DispatchMiddleware
Zend\Expressive\Middleware\LazyLoadingMiddleware
Amazium\SampleApp\UI\Web\Page\Address\Destroy
Zend\Expressive\Middleware\LazyLoadingMiddleware
Amazium\SampleApp\UI\Web\Page\Address\Index
Zend\Expressive\Middleware\LazyLoadingMiddleware
Zend\Stratigility\Middleware\ErrorHandler
Zend\Expressive\Middleware\LazyLoadingMiddleware
Zend\Expressive\Helper\ServerUrlMiddleware
Zend\Expressive\Middleware\LazyLoadingMiddleware
Zend\Expressive\Session\SessionMiddleware
Zend\Expressive\Middleware\LazyLoadingMiddleware
Amazium\Kernel\Application\Context\ApplicationContextMiddleware
Zend\Expressive\Middleware\LazyLoadingMiddleware
Zend\Expressive\Router\Middleware\RouteMiddleware
Zend\Expressive\Middleware\LazyLoadingMiddleware
Zend\Expressive\Router\Middleware\ImplicitHeadMiddleware
Zend\Expressive\Middleware\LazyLoadingMiddleware
Zend\Expressive\Router\Middleware\ImplicitOptionsMiddleware
Zend\Expressive\Middleware\LazyLoadingMiddleware
Zend\Expressive\Router\Middleware\MethodNotAllowedMiddleware
Zend\Expressive\Middleware\LazyLoadingMiddleware
Zend\Expressive\Helper\UrlHelperMiddleware
Zend\Expressive\Middleware\LazyLoadingMiddleware
Zend\Expressive\Router\Middleware\DispatchMiddleware
Zend\Expressive\Middleware\LazyLoadingMiddleware
Amazium\SampleApp\UI\Web\Page\Address\Destroy
Zend\Expressive\Middleware\LazyLoadingMiddleware
Amazium\SampleApp\UI\Web\Page\Address\Index
Zend\Expressive\Middleware\LazyLoadingMiddleware
Zend\Stratigility\Middleware\ErrorHandler
Zend\Expressive\Middleware\LazyLoadingMiddleware
Zend\Expressive\Helper\ServerUrlMiddleware
Zend\Expressive\Middleware\LazyLoadingMiddleware
Zend\Expressive\Session\SessionMiddleware
Zend\Expressive\Middleware\LazyLoadingMiddleware
Amazium\Kernel\Application\Context\ApplicationContextMiddleware
Zend\Expressive\Middleware\LazyLoadingMiddleware
Zend\Expressive\Router\Middleware\RouteMiddleware
Zend\Expressive\Middleware\LazyLoadingMiddleware
Zend\Expressive\Router\Middleware\ImplicitHeadMiddleware
Zend\Expressive\Middleware\LazyLoadingMiddleware
Zend\Expressive\Router\Middleware\ImplicitOptionsMiddleware
Zend\Expressive\Middleware\LazyLoadingMiddleware
Zend\Expressive\Router\Middleware\MethodNotAllowedMiddleware
Zend\Expressive\Middleware\LazyLoadingMiddleware
Zend\Expressive\Helper\UrlHelperMiddleware
Zend\Expressive\Middleware\LazyLoadingMiddleware
Zend\Expressive\Router\Middleware\DispatchMiddleware
Zend\Expressive\Middleware\LazyLoadingMiddleware
Amazium\SampleApp\UI\Web\Page\Address\Destroy
Zend\Expressive\Middleware\LazyLoadingMiddleware
Amazium\SampleApp\UI\Web\Page\Address\Index
Zend\Expressive\Middleware\LazyLoadingMiddleware
Zend\Stratigility\Middleware\ErrorHandler
Zend\Expressive\Middleware\LazyLoadingMiddleware
Zend\Expressive\Helper\ServerUrlMiddleware
Zend\Expressive\Middleware\LazyLoadingMiddleware
Zend\Expressive\Session\SessionMiddleware
Zend\Expressive\Middleware\LazyLoadingMiddleware
Amazium\Kernel\Application\Context\ApplicationContextMiddleware
Zend\Expressive\Middleware\LazyLoadingMiddleware
Zend\Expressive\Router\Middleware\RouteMiddleware
Zend\Expressive\Middleware\LazyLoadingMiddleware
Zend\Expressive\Router\Middleware\ImplicitHeadMiddleware
Zend\Expressive\Middleware\LazyLoadingMiddleware
Zend\Expressive\Router\Middleware\ImplicitOptionsMiddleware
Zend\Expressive\Middleware\LazyLoadingMiddleware
Zend\Expressive\Router\Middleware\MethodNotAllowedMiddleware
Zend\Expressive\Middleware\LazyLoadingMiddleware
Zend\Expressive\Helper\UrlHelperMiddleware
Zend\Expressive\Middleware\LazyLoadingMiddleware
Zend\Expressive\Router\Middleware\DispatchMiddleware
Zend\Expressive\Middleware\LazyLoadingMiddleware
Amazium\SampleApp\UI\Web\Page\Address\Activate
Zend\Expressive\Middleware\LazyLoadingMiddleware
Amazium\SampleApp\UI\Web\Page\Address\Index
Zend\Expressive\Middleware\LazyLoadingMiddleware
Zend\Stratigility\Middleware\ErrorHandler
Zend\Expressive\Middleware\LazyLoadingMiddleware
Zend\Expressive\Helper\ServerUrlMiddleware
Zend\Expressive\Middleware\LazyLoadingMiddleware
Zend\Expressive\Session\SessionMiddleware
Zend\Expressive\Middleware\LazyLoadingMiddleware
Amazium\Kernel\Application\Context\ApplicationContextMiddleware
Zend\Expressive\Middleware\LazyLoadingMiddleware
Zend\Expressive\Router\Middleware\RouteMiddleware
Zend\Expressive\Middleware\LazyLoadingMiddleware
Zend\Expressive\Router\Middleware\ImplicitHeadMiddleware
Zend\Expressive\Middleware\LazyLoadingMiddleware
Zend\Expressive\Router\Middleware\ImplicitOptionsMiddleware
Zend\Expressive\Middleware\LazyLoadingMiddleware
Zend\Expressive\Router\Middleware\MethodNotAllowedMiddleware
Zend\Expressive\Middleware\LazyLoadingMiddleware
Zend\Expressive\Helper\UrlHelperMiddleware
Zend\Expressive\Middleware\LazyLoadingMiddleware
Zend\Expressive\Router\Middleware\DispatchMiddleware
Zend\Expressive\Middleware\LazyLoadingMiddleware
Amazium\SampleApp\UI\Web\Page\Address\Activate
Zend\Expressive\Middleware\LazyLoadingMiddleware
Amazium\SampleApp\UI\Web\Page\Address\Index
Zend\Expressive\Middleware\LazyLoadingMiddleware
Zend\Stratigility\Middleware\ErrorHandler
Zend\Expressive\Middleware\LazyLoadingMiddleware
Zend\Expressive\Helper\ServerUrlMiddleware
Zend\Expressive\Middleware\LazyLoadingMiddleware
Zend\Expressive\Session\SessionMiddleware
Zend\Expressive\Middleware\LazyLoadingMiddleware
Amazium\Kernel\Application\Context\ApplicationContextMiddleware
Zend\Expressive\Middleware\LazyLoadingMiddleware
Zend\Expressive\Router\Middleware\RouteMiddleware
Zend\Expressive\Middleware\LazyLoadingMiddleware
Zend\Expressive\Router\Middleware\ImplicitHeadMiddleware
Zend\Expressive\Middleware\LazyLoadingMiddleware
Zend\Expressive\Router\Middleware\ImplicitOptionsMiddleware
Zend\Expressive\Middleware\LazyLoadingMiddleware
Zend\Expressive\Router\Middleware\MethodNotAllowedMiddleware
Zend\Expressive\Middleware\LazyLoadingMiddleware
Zend\Expressive\Helper\UrlHelperMiddleware
Zend\Expressive\Middleware\LazyLoadingMiddleware
Zend\Expressive\Router\Middleware\DispatchMiddleware
Zend\Expressive\Middleware\LazyLoadingMiddleware
Amazium\SampleApp\UI\Web\Page\Address\Activate
Zend\Expressive\Middleware\LazyLoadingMiddleware
Amazium\SampleApp\UI\Web\Page\Address\Index
Zend\Expressive\Middleware\LazyLoadingMiddleware
Zend\Stratigility\Middleware\ErrorHandler
Zend\Expressive\Middleware\LazyLoadingMiddleware
Zend\Expressive\Helper\ServerUrlMiddleware
Zend\Expressive\Middleware\LazyLoadingMiddleware
Zend\Expressive\Session\SessionMiddleware
Zend\Expressive\Middleware\LazyLoadingMiddleware
Amazium\Kernel\Application\Context\ApplicationContextMiddleware
Zend\Expressive\Middleware\LazyLoadingMiddleware
Zend\Expressive\Router\Middleware\RouteMiddleware
Zend\Expressive\Middleware\LazyLoadingMiddleware
Zend\Expressive\Router\Middleware\ImplicitHeadMiddleware
Zend\Expressive\Middleware\LazyLoadingMiddleware
Zend\Expressive\Router\Middleware\ImplicitOptionsMiddleware
Zend\Expressive\Middleware\LazyLoadingMiddleware
Zend\Expressive\Router\Middleware\MethodNotAllowedMiddleware
Zend\Expressive\Middleware\LazyLoadingMiddleware
Zend\Expressive\Helper\UrlHelperMiddleware
Zend\Expressive\Middleware\LazyLoadingMiddleware
Zend\Expressive\Router\Middleware\DispatchMiddleware
Zend\Expressive\Middleware\LazyLoadingMiddleware
Amazium\SampleApp\UI\Web\Page\Address\Destroy
Zend\Expressive\Middleware\LazyLoadingMiddleware
Amazium\SampleApp\UI\Web\Page\Address\Index
Zend\Expressive\Middleware\LazyLoadingMiddleware
Zend\Stratigility\Middleware\ErrorHandler
Zend\Expressive\Middleware\LazyLoadingMiddleware
Zend\Expressive\Helper\ServerUrlMiddleware
Zend\Expressive\Middleware\LazyLoadingMiddleware
Zend\Expressive\Session\SessionMiddleware
Zend\Expressive\Middleware\LazyLoadingMiddleware
Amazium\Kernel\Application\Context\ApplicationContextMiddleware
Zend\Expressive\Middleware\LazyLoadingMiddleware
Zend\Expressive\Router\Middleware\RouteMiddleware
Zend\Expressive\Middleware\LazyLoadingMiddleware
Zend\Expressive\Router\Middleware\ImplicitHeadMiddleware
Zend\Expressive\Middleware\LazyLoadingMiddleware
Zend\Expressive\Router\Middleware\ImplicitOptionsMiddleware
Zend\Expressive\Middleware\LazyLoadingMiddleware
Zend\Expressive\Router\Middleware\MethodNotAllowedMiddleware
Zend\Expressive\Middleware\LazyLoadingMiddleware
Zend\Expressive\Helper\UrlHelperMiddleware
Zend\Expressive\Middleware\LazyLoadingMiddleware
Zend\Expressive\Router\Middleware\DispatchMiddleware
Zend\Expressive\Middleware\LazyLoadingMiddleware
Amazium\SampleApp\UI\Web\Page\Address\Activate
Zend\Expressive\Middleware\LazyLoadingMiddleware
Amazium\SampleApp\UI\Web\Page\Address\Index
Zend\Expressive\Middleware\LazyLoadingMiddleware
Zend\Stratigility\Middleware\ErrorHandler
Zend\Expressive\Middleware\LazyLoadingMiddleware
Zend\Expressive\Helper\ServerUrlMiddleware
Zend\Expressive\Middleware\LazyLoadingMiddleware
Zend\Expressive\Session\SessionMiddleware
Zend\Expressive\Middleware\LazyLoadingMiddleware
Amazium\Kernel\Application\Context\ApplicationContextMiddleware
Zend\Expressive\Middleware\LazyLoadingMiddleware
Zend\Expressive\Router\Middleware\RouteMiddleware
Zend\Expressive\Middleware\LazyLoadingMiddleware
Zend\Expressive\Router\Middleware\ImplicitHeadMiddleware
Zend\Expressive\Middleware\LazyLoadingMiddleware
Zend\Expressive\Router\Middleware\ImplicitOptionsMiddleware
Zend\Expressive\Middleware\LazyLoadingMiddleware
Zend\Expressive\Router\Middleware\MethodNotAllowedMiddleware
Zend\Expressive\Middleware\LazyLoadingMiddleware
Zend\Expressive\Helper\UrlHelperMiddleware
Zend\Expressive\Middleware\LazyLoadingMiddleware
Zend\Expressive\Router\Middleware\DispatchMiddleware
Zend\Expressive\Middleware\LazyLoadingMiddleware
Amazium\SampleApp\UI\Web\Page\Address\Edit
Zend\Expressive\Middleware\LazyLoadingMiddleware
Zend\Stratigility\Middleware\ErrorHandler
Zend\Expressive\Middleware\LazyLoadingMiddleware
Zend\Expressive\Helper\ServerUrlMiddleware
Zend\Expressive\Middleware\LazyLoadingMiddleware
Zend\Expressive\Session\SessionMiddleware
Zend\Expressive\Middleware\LazyLoadingMiddleware
Amazium\Kernel\Application\Context\ApplicationContextMiddleware
Zend\Expressive\Middleware\LazyLoadingMiddleware
Zend\Expressive\Router\Middleware\RouteMiddleware
Zend\Expressive\Middleware\LazyLoadingMiddleware
Zend\Expressive\Router\Middleware\ImplicitHeadMiddleware
Zend\Expressive\Middleware\LazyLoadingMiddleware
Zend\Expressive\Router\Middleware\ImplicitOptionsMiddleware
Zend\Expressive\Middleware\LazyLoadingMiddleware
Zend\Expressive\Router\Middleware\MethodNotAllowedMiddleware
Zend\Expressive\Middleware\LazyLoadingMiddleware
Zend\Expressive\Helper\UrlHelperMiddleware
Zend\Expressive\Middleware\LazyLoadingMiddleware
Zend\Expressive\Router\Middleware\DispatchMiddleware
Zend\Expressive\Middleware\LazyLoadingMiddleware
Amazium\SampleApp\UI\Web\Page\Address\Update
Zend\Expressive\Middleware\LazyLoadingMiddleware
Zend\Stratigility\Middleware\ErrorHandler
Zend\Expressive\Middleware\LazyLoadingMiddleware
Zend\Expressive\Helper\ServerUrlMiddleware
Zend\Expressive\Middleware\LazyLoadingMiddleware
Zend\Expressive\Session\SessionMiddleware
Zend\Expressive\Middleware\LazyLoadingMiddleware
Amazium\Kernel\Application\Context\ApplicationContextMiddleware
Zend\Expressive\Middleware\LazyLoadingMiddleware
Zend\Expressive\Router\Middleware\RouteMiddleware
Zend\Expressive\Middleware\LazyLoadingMiddleware
Zend\Expressive\Router\Middleware\ImplicitHeadMiddleware
Zend\Expressive\Middleware\LazyLoadingMiddleware
Zend\Expressive\Router\Middleware\ImplicitOptionsMiddleware
Zend\Expressive\Middleware\LazyLoadingMiddleware
Zend\Expressive\Router\Middleware\MethodNotAllowedMiddleware
Zend\Expressive\Middleware\LazyLoadingMiddleware
Zend\Expressive\Helper\UrlHelperMiddleware
Zend\Expressive\Middleware\LazyLoadingMiddleware
Zend\Expressive\Router\Middleware\DispatchMiddleware
Zend\Expressive\Middleware\LazyLoadingMiddleware
Amazium\SampleApp\UI\Web\Page\Address\Show
Zend\Expressive\Middleware\LazyLoadingMiddleware
Zend\Stratigility\Middleware\ErrorHandler
Zend\Expressive\Middleware\LazyLoadingMiddleware
Zend\Expressive\Helper\ServerUrlMiddleware
Zend\Expressive\Middleware\LazyLoadingMiddleware
Zend\Expressive\Session\SessionMiddleware
Zend\Expressive\Middleware\LazyLoadingMiddleware
Amazium\Kernel\Application\Context\ApplicationContextMiddleware
Zend\Expressive\Middleware\LazyLoadingMiddleware
Zend\Expressive\Router\Middleware\RouteMiddleware
Zend\Expressive\Middleware\LazyLoadingMiddleware
Zend\Expressive\Router\Middleware\ImplicitHeadMiddleware
Zend\Expressive\Middleware\LazyLoadingMiddleware
Zend\Expressive\Router\Middleware\ImplicitOptionsMiddleware
Zend\Expressive\Middleware\LazyLoadingMiddleware
Zend\Expressive\Router\Middleware\MethodNotAllowedMiddleware
Zend\Expressive\Middleware\LazyLoadingMiddleware
Zend\Expressive\Helper\UrlHelperMiddleware
Zend\Expressive\Middleware\LazyLoadingMiddleware
Zend\Expressive\Router\Middleware\DispatchMiddleware
Zend\Expressive\Middleware\LazyLoadingMiddleware
Amazium\SampleApp\UI\Web\Page\Address\Show
Zend\Expressive\Middleware\LazyLoadingMiddleware
Zend\Stratigility\Middleware\ErrorHandler
Zend\Expressive\Middleware\LazyLoadingMiddleware
Zend\Expressive\Helper\ServerUrlMiddleware
Zend\Expressive\Middleware\LazyLoadingMiddleware
Zend\Expressive\Session\SessionMiddleware
Zend\Expressive\Middleware\LazyLoadingMiddleware
Amazium\Kernel\Application\Context\ApplicationContextMiddleware
Zend\Expressive\Middleware\LazyLoadingMiddleware
Zend\Expressive\Router\Middleware\RouteMiddleware
Zend\Expressive\Middleware\LazyLoadingMiddleware
Zend\Expressive\Router\Middleware\ImplicitHeadMiddleware
Zend\Expressive\Middleware\LazyLoadingMiddleware
Zend\Expressive\Router\Middleware\ImplicitOptionsMiddleware
Zend\Expressive\Middleware\LazyLoadingMiddleware
Zend\Expressive\Router\Middleware\MethodNotAllowedMiddleware
Zend\Expressive\Middleware\LazyLoadingMiddleware
Zend\Expressive\Helper\UrlHelperMiddleware
Zend\Expressive\Middleware\LazyLoadingMiddleware
Zend\Expressive\Router\Middleware\DispatchMiddleware
Zend\Expressive\Middleware\LazyLoadingMiddleware
Amazium\SampleApp\UI\Web\Page\Address\Show
Zend\Expressive\Middleware\LazyLoadingMiddleware
Zend\Stratigility\Middleware\ErrorHandler
Zend\Expressive\Middleware\LazyLoadingMiddleware
Zend\Expressive\Helper\ServerUrlMiddleware
Zend\Expressive\Middleware\LazyLoadingMiddleware
Zend\Expressive\Session\SessionMiddleware
Zend\Expressive\Middleware\LazyLoadingMiddleware
Amazium\Kernel\Application\Context\ApplicationContextMiddleware
Zend\Expressive\Middleware\LazyLoadingMiddleware
Zend\Expressive\Router\Middleware\RouteMiddleware
Zend\Expressive\Middleware\LazyLoadingMiddleware
Zend\Expressive\Router\Middleware\ImplicitHeadMiddleware
Zend\Expressive\Middleware\LazyLoadingMiddleware
Zend\Expressive\Router\Middleware\ImplicitOptionsMiddleware
Zend\Expressive\Middleware\LazyLoadingMiddleware
Zend\Expressive\Router\Middleware\MethodNotAllowedMiddleware
Zend\Expressive\Middleware\LazyLoadingMiddleware
Zend\Expressive\Helper\UrlHelperMiddleware
Zend\Expressive\Middleware\LazyLoadingMiddleware
Zend\Expressive\Router\Middleware\DispatchMiddleware
Zend\Expressive\Middleware\LazyLoadingMiddleware
Amazium\SampleApp\UI\Web\Page\Address\Show
Zend\Expressive\Middleware\LazyLoadingMiddleware
Zend\Stratigility\Middleware\ErrorHandler
Zend\Expressive\Middleware\LazyLoadingMiddleware
Zend\Expressive\Helper\ServerUrlMiddleware
Zend\Expressive\Middleware\LazyLoadingMiddleware
Zend\Expressive\Session\SessionMiddleware
Zend\Expressive\Middleware\LazyLoadingMiddleware
Amazium\Kernel\Application\Context\ApplicationContextMiddleware
Zend\Expressive\Middleware\LazyLoadingMiddleware
Zend\Expressive\Router\Middleware\RouteMiddleware
Zend\Expressive\Middleware\LazyLoadingMiddleware
Zend\Expressive\Router\Middleware\ImplicitHeadMiddleware
Zend\Expressive\Middleware\LazyLoadingMiddleware
Zend\Expressive\Router\Middleware\ImplicitOptionsMiddleware
Zend\Expressive\Middleware\LazyLoadingMiddleware
Zend\Expressive\Router\Middleware\MethodNotAllowedMiddleware
Zend\Expressive\Middleware\LazyLoadingMiddleware
Zend\Expressive\Helper\UrlHelperMiddleware
Zend\Expressive\Middleware\LazyLoadingMiddleware
Zend\Expressive\Router\Middleware\DispatchMiddleware
Zend\Expressive\Middleware\LazyLoadingMiddleware
Amazium\SampleApp\UI\Web\Page\Address\Show
Zend\Expressive\Middleware\LazyLoadingMiddleware
Zend\Stratigility\Middleware\ErrorHandler
Zend\Expressive\Middleware\LazyLoadingMiddleware
Zend\Expressive\Helper\ServerUrlMiddleware
Zend\Expressive\Middleware\LazyLoadingMiddleware
Zend\Expressive\Session\SessionMiddleware
Zend\Expressive\Middleware\LazyLoadingMiddleware
Amazium\Kernel\Application\Context\ApplicationContextMiddleware
Zend\Expressive\Middleware\LazyLoadingMiddleware
Zend\Expressive\Router\Middleware\RouteMiddleware
Zend\Expressive\Middleware\LazyLoadingMiddleware
Zend\Expressive\Router\Middleware\ImplicitHeadMiddleware
Zend\Expressive\Middleware\LazyLoadingMiddleware
Zend\Expressive\Router\Middleware\ImplicitOptionsMiddleware
Zend\Expressive\Middleware\LazyLoadingMiddleware
Zend\Expressive\Router\Middleware\MethodNotAllowedMiddleware
Zend\Expressive\Middleware\LazyLoadingMiddleware
Zend\Expressive\Helper\UrlHelperMiddleware
Zend\Expressive\Middleware\LazyLoadingMiddleware
Zend\Expressive\Router\Middleware\DispatchMiddleware
Zend\Expressive\Middleware\LazyLoadingMiddleware
Amazium\SampleApp\UI\Web\Page\Address\Show
Zend\Expressive\Middleware\LazyLoadingMiddleware
Zend\Stratigility\Middleware\ErrorHandler
Zend\Expressive\Middleware\LazyLoadingMiddleware
Zend\Expressive\Helper\ServerUrlMiddleware
Zend\Expressive\Middleware\LazyLoadingMiddleware
Zend\Expressive\Session\SessionMiddleware
Zend\Expressive\Middleware\LazyLoadingMiddleware
Amazium\Kernel\Application\Context\ApplicationContextMiddleware
Zend\Expressive\Middleware\LazyLoadingMiddleware
Zend\Expressive\Router\Middleware\RouteMiddleware
Zend\Expressive\Middleware\LazyLoadingMiddleware
Zend\Expressive\Router\Middleware\ImplicitHeadMiddleware
Zend\Expressive\Middleware\LazyLoadingMiddleware
Zend\Expressive\Router\Middleware\ImplicitOptionsMiddleware
Zend\Expressive\Middleware\LazyLoadingMiddleware
Zend\Expressive\Router\Middleware\MethodNotAllowedMiddleware
Zend\Expressive\Middleware\LazyLoadingMiddleware
Zend\Expressive\Helper\UrlHelperMiddleware
Zend\Expressive\Middleware\LazyLoadingMiddleware
Zend\Expressive\Router\Middleware\DispatchMiddleware
Zend\Expressive\Middleware\LazyLoadingMiddleware
Amazium\SampleApp\UI\Web\Page\Address\Show
Zend\Expressive\Middleware\LazyLoadingMiddleware
Zend\Stratigility\Middleware\ErrorHandler
Zend\Expressive\Middleware\LazyLoadingMiddleware
Zend\Expressive\Helper\ServerUrlMiddleware
Zend\Expressive\Middleware\LazyLoadingMiddleware
Zend\Expressive\Session\SessionMiddleware
Zend\Expressive\Middleware\LazyLoadingMiddleware
Amazium\Kernel\Application\Context\ApplicationContextMiddleware
Zend\Expressive\Middleware\LazyLoadingMiddleware
Zend\Expressive\Router\Middleware\RouteMiddleware
Zend\Expressive\Middleware\LazyLoadingMiddleware
Zend\Expressive\Router\Middleware\ImplicitHeadMiddleware
Zend\Expressive\Middleware\LazyLoadingMiddleware
Zend\Expressive\Router\Middleware\ImplicitOptionsMiddleware
Zend\Expressive\Middleware\LazyLoadingMiddleware
Zend\Expressive\Router\Middleware\MethodNotAllowedMiddleware
Zend\Expressive\Middleware\LazyLoadingMiddleware
Zend\Expressive\Helper\UrlHelperMiddleware
Zend\Expressive\Middleware\LazyLoadingMiddleware
Zend\Expressive\Router\Middleware\DispatchMiddleware
Zend\Expressive\Middleware\LazyLoadingMiddleware
Amazium\SampleApp\UI\Web\Page\Address\Show
Zend\Expressive\Middleware\LazyLoadingMiddleware
Zend\Stratigility\Middleware\ErrorHandler
Zend\Expressive\Middleware\LazyLoadingMiddleware
Zend\Expressive\Helper\ServerUrlMiddleware
Zend\Expressive\Middleware\LazyLoadingMiddleware
Zend\Expressive\Session\SessionMiddleware
Zend\Expressive\Middleware\LazyLoadingMiddleware
Amazium\Kernel\Application\Context\ApplicationContextMiddleware
Zend\Expressive\Middleware\LazyLoadingMiddleware
Zend\Expressive\Router\Middleware\RouteMiddleware
Zend\Expressive\Middleware\LazyLoadingMiddleware
Zend\Expressive\Router\Middleware\ImplicitHeadMiddleware
Zend\Expressive\Middleware\LazyLoadingMiddleware
Zend\Expressive\Router\Middleware\ImplicitOptionsMiddleware
Zend\Expressive\Middleware\LazyLoadingMiddleware
Zend\Expressive\Router\Middleware\MethodNotAllowedMiddleware
Zend\Expressive\Middleware\LazyLoadingMiddleware
Zend\Expressive\Helper\UrlHelperMiddleware
Zend\Expressive\Middleware\LazyLoadingMiddleware
Zend\Expressive\Router\Middleware\DispatchMiddleware
Zend\Expressive\Middleware\LazyLoadingMiddleware
Amazium\SampleApp\UI\Web\Page\Address\Show
Zend\Expressive\Middleware\LazyLoadingMiddleware
Zend\Stratigility\Middleware\ErrorHandler
Zend\Expressive\Middleware\LazyLoadingMiddleware
Zend\Expressive\Helper\ServerUrlMiddleware
Zend\Expressive\Middleware\LazyLoadingMiddleware
Zend\Expressive\Session\SessionMiddleware
Zend\Expressive\Middleware\LazyLoadingMiddleware
Amazium\Kernel\Application\Context\ApplicationContextMiddleware
Zend\Expressive\Middleware\LazyLoadingMiddleware
Zend\Expressive\Router\Middleware\RouteMiddleware
Zend\Expressive\Middleware\LazyLoadingMiddleware
Zend\Expressive\Router\Middleware\ImplicitHeadMiddleware
Zend\Expressive\Middleware\LazyLoadingMiddleware
Zend\Expressive\Router\Middleware\ImplicitOptionsMiddleware
Zend\Expressive\Middleware\LazyLoadingMiddleware
Zend\Expressive\Router\Middleware\MethodNotAllowedMiddleware
Zend\Expressive\Middleware\LazyLoadingMiddleware
Zend\Expressive\Helper\UrlHelperMiddleware
Zend\Expressive\Middleware\LazyLoadingMiddleware
Zend\Expressive\Router\Middleware\DispatchMiddleware
Zend\Expressive\Middleware\LazyLoadingMiddleware
Amazium\SampleApp\UI\Web\Page\Address\Show
Zend\Expressive\Middleware\LazyLoadingMiddleware
Zend\Stratigility\Middleware\ErrorHandler
Zend\Expressive\Middleware\LazyLoadingMiddleware
Zend\Expressive\Helper\ServerUrlMiddleware
Zend\Expressive\Middleware\LazyLoadingMiddleware
Zend\Expressive\Session\SessionMiddleware
Zend\Expressive\Middleware\LazyLoadingMiddleware
Amazium\Kernel\Application\Context\ApplicationContextMiddleware
Zend\Expressive\Middleware\LazyLoadingMiddleware
Zend\Expressive\Router\Middleware\RouteMiddleware
Zend\Expressive\Middleware\LazyLoadingMiddleware
Zend\Expressive\Router\Middleware\ImplicitHeadMiddleware
Zend\Expressive\Middleware\LazyLoadingMiddleware
Zend\Expressive\Router\Middleware\ImplicitOptionsMiddleware
Zend\Expressive\Middleware\LazyLoadingMiddleware
Zend\Expressive\Router\Middleware\MethodNotAllowedMiddleware
Zend\Expressive\Middleware\LazyLoadingMiddleware
Zend\Expressive\Helper\UrlHelperMiddleware
Zend\Expressive\Middleware\LazyLoadingMiddleware
Zend\Expressive\Router\Middleware\DispatchMiddleware
Zend\Expressive\Middleware\LazyLoadingMiddleware
Amazium\SampleApp\UI\Web\Page\Address\Show
Zend\Expressive\Middleware\LazyLoadingMiddleware
Zend\Stratigility\Middleware\ErrorHandler
Zend\Expressive\Middleware\LazyLoadingMiddleware
Zend\Expressive\Helper\ServerUrlMiddleware
Zend\Expressive\Middleware\LazyLoadingMiddleware
Zend\Expressive\Session\SessionMiddleware
Zend\Expressive\Middleware\LazyLoadingMiddleware
Amazium\Kernel\Application\Context\ApplicationContextMiddleware
Zend\Expressive\Middleware\LazyLoadingMiddleware
Zend\Expressive\Router\Middleware\RouteMiddleware
Zend\Expressive\Middleware\LazyLoadingMiddleware
Zend\Expressive\Router\Middleware\ImplicitHeadMiddleware
Zend\Expressive\Middleware\LazyLoadingMiddleware
Zend\Expressive\Router\Middleware\ImplicitOptionsMiddleware
Zend\Expressive\Middleware\LazyLoadingMiddleware
Zend\Expressive\Router\Middleware\MethodNotAllowedMiddleware
Zend\Expressive\Middleware\LazyLoadingMiddleware
Zend\Expressive\Helper\UrlHelperMiddleware
Zend\Expressive\Middleware\LazyLoadingMiddleware
Zend\Expressive\Router\Middleware\DispatchMiddleware
Zend\Expressive\Middleware\LazyLoadingMiddleware
Amazium\SampleApp\UI\Web\Page\Address\Show
Zend\Expressive\Middleware\LazyLoadingMiddleware
Zend\Stratigility\Middleware\ErrorHandler
Zend\Expressive\Middleware\LazyLoadingMiddleware
Zend\Expressive\Helper\ServerUrlMiddleware
Zend\Expressive\Middleware\LazyLoadingMiddleware
Zend\Expressive\Session\SessionMiddleware
Zend\Expressive\Middleware\LazyLoadingMiddleware
Amazium\Kernel\Application\Context\ApplicationContextMiddleware
Zend\Expressive\Middleware\LazyLoadingMiddleware
Zend\Expressive\Router\Middleware\RouteMiddleware
Zend\Expressive\Middleware\LazyLoadingMiddleware
Zend\Expressive\Router\Middleware\ImplicitHeadMiddleware
Zend\Expressive\Middleware\LazyLoadingMiddleware
Zend\Expressive\Router\Middleware\ImplicitOptionsMiddleware
Zend\Expressive\Middleware\LazyLoadingMiddleware
Zend\Expressive\Router\Middleware\MethodNotAllowedMiddleware
Zend\Expressive\Middleware\LazyLoadingMiddleware
Zend\Expressive\Helper\UrlHelperMiddleware
Zend\Expressive\Middleware\LazyLoadingMiddleware
Zend\Expressive\Router\Middleware\DispatchMiddleware
Zend\Expressive\Middleware\LazyLoadingMiddleware
Amazium\SampleApp\UI\Web\Page\Address\Show
Zend\Expressive\Middleware\LazyLoadingMiddleware
Zend\Stratigility\Middleware\ErrorHandler
Zend\Expressive\Middleware\LazyLoadingMiddleware
Zend\Expressive\Helper\ServerUrlMiddleware
Zend\Expressive\Middleware\LazyLoadingMiddleware
Zend\Expressive\Session\SessionMiddleware
Zend\Expressive\Middleware\LazyLoadingMiddleware
Amazium\Kernel\Application\Context\ApplicationContextMiddleware
Zend\Expressive\Middleware\LazyLoadingMiddleware
Zend\Expressive\Router\Middleware\RouteMiddleware
Zend\Expressive\Middleware\LazyLoadingMiddleware
Zend\Expressive\Router\Middleware\ImplicitHeadMiddleware
Zend\Expressive\Middleware\LazyLoadingMiddleware
Zend\Expressive\Router\Middleware\ImplicitOptionsMiddleware
Zend\Expressive\Middleware\LazyLoadingMiddleware
Zend\Expressive\Router\Middleware\MethodNotAllowedMiddleware
Zend\Expressive\Middleware\LazyLoadingMiddleware
Zend\Expressive\Helper\UrlHelperMiddleware
Zend\Expressive\Middleware\LazyLoadingMiddleware
Zend\Expressive\Router\Middleware\DispatchMiddleware
Zend\Expressive\Middleware\LazyLoadingMiddleware
Amazium\SampleApp\UI\Web\Page\Address\Show
Zend\Expressive\Middleware\LazyLoadingMiddleware
Zend\Stratigility\Middleware\ErrorHandler
Zend\Expressive\Middleware\LazyLoadingMiddleware
Zend\Expressive\Helper\ServerUrlMiddleware
Zend\Expressive\Middleware\LazyLoadingMiddleware
Zend\Expressive\Session\SessionMiddleware
Zend\Expressive\Middleware\LazyLoadingMiddleware
Amazium\Kernel\Application\Context\ApplicationContextMiddleware
Zend\Expressive\Middleware\LazyLoadingMiddleware
Zend\Expressive\Router\Middleware\RouteMiddleware
Zend\Expressive\Middleware\LazyLoadingMiddleware
Zend\Expressive\Router\Middleware\ImplicitHeadMiddleware
Zend\Expressive\Middleware\LazyLoadingMiddleware
Zend\Expressive\Router\Middleware\ImplicitOptionsMiddleware
Zend\Expressive\Middleware\LazyLoadingMiddleware
Zend\Expressive\Router\Middleware\MethodNotAllowedMiddleware
Zend\Expressive\Middleware\LazyLoadingMiddleware
Zend\Expressive\Helper\UrlHelperMiddleware
Zend\Expressive\Middleware\LazyLoadingMiddleware
Zend\Expressive\Router\Middleware\DispatchMiddleware
Zend\Expressive\Middleware\LazyLoadingMiddleware
Amazium\SampleApp\UI\Web\Page\Address\Show
Zend\Expressive\Middleware\LazyLoadingMiddleware
Zend\Stratigility\Middleware\ErrorHandler
Zend\Expressive\Middleware\LazyLoadingMiddleware
Zend\Expressive\Helper\ServerUrlMiddleware
Zend\Expressive\Middleware\LazyLoadingMiddleware
Zend\Expressive\Session\SessionMiddleware
Zend\Expressive\Middleware\LazyLoadingMiddleware
Amazium\Kernel\Application\Context\ApplicationContextMiddleware
Zend\Expressive\Middleware\LazyLoadingMiddleware
Zend\Expressive\Router\Middleware\RouteMiddleware
Zend\Expressive\Middleware\LazyLoadingMiddleware
Zend\Expressive\Router\Middleware\ImplicitHeadMiddleware
Zend\Expressive\Middleware\LazyLoadingMiddleware
Zend\Expressive\Router\Middleware\ImplicitOptionsMiddleware
Zend\Expressive\Middleware\LazyLoadingMiddleware
Zend\Expressive\Router\Middleware\MethodNotAllowedMiddleware
Zend\Expressive\Middleware\LazyLoadingMiddleware
Zend\Expressive\Helper\UrlHelperMiddleware
Zend\Expressive\Middleware\LazyLoadingMiddleware
Zend\Expressive\Router\Middleware\DispatchMiddleware
Zend\Expressive\Middleware\LazyLoadingMiddleware
Amazium\SampleApp\UI\Web\Page\Address\Show
Zend\Expressive\Middleware\LazyLoadingMiddleware
Zend\Stratigility\Middleware\ErrorHandler
Zend\Expressive\Middleware\LazyLoadingMiddleware
Zend\Expressive\Helper\ServerUrlMiddleware
Zend\Expressive\Middleware\LazyLoadingMiddleware
Zend\Expressive\Session\SessionMiddleware
Zend\Expressive\Middleware\LazyLoadingMiddleware
Amazium\Kernel\Application\Context\ApplicationContextMiddleware
Zend\Expressive\Middleware\LazyLoadingMiddleware
Zend\Expressive\Router\Middleware\RouteMiddleware
Zend\Expressive\Middleware\LazyLoadingMiddleware
Zend\Expressive\Router\Middleware\ImplicitHeadMiddleware
Zend\Expressive\Middleware\LazyLoadingMiddleware
Zend\Expressive\Router\Middleware\ImplicitOptionsMiddleware
Zend\Expressive\Middleware\LazyLoadingMiddleware
Zend\Expressive\Router\Middleware\MethodNotAllowedMiddleware
Zend\Expressive\Middleware\LazyLoadingMiddleware
Zend\Expressive\Helper\UrlHelperMiddleware
Zend\Expressive\Middleware\LazyLoadingMiddleware
Zend\Expressive\Router\Middleware\DispatchMiddleware
Zend\Expressive\Middleware\LazyLoadingMiddleware
Amazium\SampleApp\UI\Web\Page\Address\Index
Zend\Expressive\Middleware\LazyLoadingMiddleware
Zend\Stratigility\Middleware\ErrorHandler
Zend\Expressive\Middleware\LazyLoadingMiddleware
Zend\Expressive\Helper\ServerUrlMiddleware
Zend\Expressive\Middleware\LazyLoadingMiddleware
Zend\Expressive\Session\SessionMiddleware
Zend\Expressive\Middleware\LazyLoadingMiddleware
Amazium\Kernel\Application\Context\ApplicationContextMiddleware
Zend\Expressive\Middleware\LazyLoadingMiddleware
Zend\Expressive\Router\Middleware\RouteMiddleware
Zend\Expressive\Middleware\LazyLoadingMiddleware
Zend\Expressive\Router\Middleware\ImplicitHeadMiddleware
Zend\Expressive\Middleware\LazyLoadingMiddleware
Zend\Expressive\Router\Middleware\ImplicitOptionsMiddleware
Zend\Expressive\Middleware\LazyLoadingMiddleware
Zend\Expressive\Router\Middleware\MethodNotAllowedMiddleware
Zend\Expressive\Middleware\LazyLoadingMiddleware
Zend\Expressive\Helper\UrlHelperMiddleware
Zend\Expressive\Middleware\LazyLoadingMiddleware
Zend\Expressive\Router\Middleware\DispatchMiddleware
Zend\Expressive\Middleware\LazyLoadingMiddleware
Amazium\SampleApp\UI\Web\Page\Address\Index
Zend\Expressive\Middleware\LazyLoadingMiddleware
Zend\Stratigility\Middleware\ErrorHandler
Zend\Expressive\Middleware\LazyLoadingMiddleware
Zend\Expressive\Helper\ServerUrlMiddleware
Zend\Expressive\Middleware\LazyLoadingMiddleware
Zend\Expressive\Session\SessionMiddleware
Zend\Expressive\Middleware\LazyLoadingMiddleware
Amazium\Kernel\Application\Context\ApplicationContextMiddleware
Zend\Expressive\Middleware\LazyLoadingMiddleware
Zend\Expressive\Router\Middleware\RouteMiddleware
Zend\Expressive\Middleware\LazyLoadingMiddleware
Zend\Expressive\Router\Middleware\ImplicitHeadMiddleware
Zend\Expressive\Middleware\LazyLoadingMiddleware
Zend\Expressive\Router\Middleware\ImplicitOptionsMiddleware
Zend\Expressive\Middleware\LazyLoadingMiddleware
Zend\Expressive\Router\Middleware\MethodNotAllowedMiddleware
Zend\Expressive\Middleware\LazyLoadingMiddleware
Zend\Expressive\Helper\UrlHelperMiddleware
Zend\Expressive\Middleware\LazyLoadingMiddleware
Zend\Expressive\Router\Middleware\DispatchMiddleware
Zend\Expressive\Middleware\LazyLoadingMiddleware
Amazium\SampleApp\UI\Web\Page\Address\Index
Zend\Expressive\Middleware\LazyLoadingMiddleware
Zend\Stratigility\Middleware\ErrorHandler
Zend\Expressive\Middleware\LazyLoadingMiddleware
Zend\Expressive\Helper\ServerUrlMiddleware
Zend\Expressive\Middleware\LazyLoadingMiddleware
Zend\Expressive\Session\SessionMiddleware
Zend\Expressive\Middleware\LazyLoadingMiddleware
Amazium\Kernel\Application\Context\ApplicationContextMiddleware
Zend\Expressive\Middleware\LazyLoadingMiddleware
Zend\Expressive\Router\Middleware\RouteMiddleware
Zend\Expressive\Middleware\LazyLoadingMiddleware
Zend\Expressive\Router\Middleware\ImplicitHeadMiddleware
Zend\Expressive\Middleware\LazyLoadingMiddleware
Zend\Expressive\Router\Middleware\ImplicitOptionsMiddleware
Zend\Expressive\Middleware\LazyLoadingMiddleware
Zend\Expressive\Router\Middleware\MethodNotAllowedMiddleware
Zend\Expressive\Middleware\LazyLoadingMiddleware
Zend\Expressive\Helper\UrlHelperMiddleware
Zend\Expressive\Middleware\LazyLoadingMiddleware
Zend\Expressive\Router\Middleware\DispatchMiddleware
Zend\Expressive\Middleware\LazyLoadingMiddleware
Amazium\SampleApp\UI\Web\Page\Address\Index
Zend\Expressive\Middleware\LazyLoadingMiddleware
Zend\Stratigility\Middleware\ErrorHandler
Zend\Expressive\Middleware\LazyLoadingMiddleware
Zend\Expressive\Helper\ServerUrlMiddleware
Zend\Expressive\Middleware\LazyLoadingMiddleware
Zend\Expressive\Session\SessionMiddleware
Zend\Expressive\Middleware\LazyLoadingMiddleware
Amazium\Kernel\Application\Context\ApplicationContextMiddleware
Zend\Expressive\Middleware\LazyLoadingMiddleware
Zend\Expressive\Router\Middleware\RouteMiddleware
Zend\Expressive\Middleware\LazyLoadingMiddleware
Zend\Expressive\Router\Middleware\ImplicitHeadMiddleware
Zend\Expressive\Middleware\LazyLoadingMiddleware
Zend\Expressive\Router\Middleware\ImplicitOptionsMiddleware
Zend\Expressive\Middleware\LazyLoadingMiddleware
Zend\Expressive\Router\Middleware\MethodNotAllowedMiddleware
Zend\Expressive\Middleware\LazyLoadingMiddleware
Zend\Expressive\Helper\UrlHelperMiddleware
Zend\Expressive\Middleware\LazyLoadingMiddleware
Zend\Expressive\Router\Middleware\DispatchMiddleware
Zend\Expressive\Middleware\LazyLoadingMiddleware
Amazium\SampleApp\UI\Web\Page\Address\Index
Zend\Expressive\Middleware\LazyLoadingMiddleware
Zend\Stratigility\Middleware\ErrorHandler
Zend\Expressive\Middleware\LazyLoadingMiddleware
Zend\Expressive\Helper\ServerUrlMiddleware
Zend\Expressive\Middleware\LazyLoadingMiddleware
Zend\Expressive\Session\SessionMiddleware
Zend\Expressive\Middleware\LazyLoadingMiddleware
Amazium\Kernel\Application\Context\ApplicationContextMiddleware
Zend\Expressive\Middleware\LazyLoadingMiddleware
Zend\Expressive\Router\Middleware\RouteMiddleware
Zend\Expressive\Middleware\LazyLoadingMiddleware
Zend\Expressive\Router\Middleware\ImplicitHeadMiddleware
Zend\Expressive\Middleware\LazyLoadingMiddleware
Zend\Expressive\Router\Middleware\ImplicitOptionsMiddleware
Zend\Expressive\Middleware\LazyLoadingMiddleware
Zend\Expressive\Router\Middleware\MethodNotAllowedMiddleware
Zend\Expressive\Middleware\LazyLoadingMiddleware
Zend\Expressive\Helper\UrlHelperMiddleware
Zend\Expressive\Middleware\LazyLoadingMiddleware
Zend\Expressive\Router\Middleware\DispatchMiddleware
Zend\Expressive\Middleware\LazyLoadingMiddleware
Amazium\SampleApp\UI\Web\Page\Address\Index
Zend\Expressive\Middleware\LazyLoadingMiddleware
Zend\Stratigility\Middleware\ErrorHandler
Zend\Expressive\Middleware\LazyLoadingMiddleware
Zend\Expressive\Helper\ServerUrlMiddleware
Zend\Expressive\Middleware\LazyLoadingMiddleware
Zend\Expressive\Session\SessionMiddleware
Zend\Expressive\Middleware\LazyLoadingMiddleware
Amazium\Kernel\Application\Context\ApplicationContextMiddleware
Zend\Expressive\Middleware\LazyLoadingMiddleware
Zend\Expressive\Router\Middleware\RouteMiddleware
Zend\Expressive\Middleware\LazyLoadingMiddleware
Zend\Expressive\Router\Middleware\ImplicitHeadMiddleware
Zend\Expressive\Middleware\LazyLoadingMiddleware
Zend\Expressive\Router\Middleware\ImplicitOptionsMiddleware
Zend\Expressive\Middleware\LazyLoadingMiddleware
Zend\Expressive\Router\Middleware\MethodNotAllowedMiddleware
Zend\Expressive\Middleware\LazyLoadingMiddleware
Zend\Expressive\Helper\UrlHelperMiddleware
Zend\Expressive\Middleware\LazyLoadingMiddleware
Zend\Expressive\Router\Middleware\DispatchMiddleware
Zend\Expressive\Middleware\LazyLoadingMiddleware
Amazium\SampleApp\UI\Web\Page\Address\Index
Zend\Expressive\Middleware\LazyLoadingMiddleware
Zend\Stratigility\Middleware\ErrorHandler
Zend\Expressive\Middleware\LazyLoadingMiddleware
Zend\Expressive\Helper\ServerUrlMiddleware
Zend\Expressive\Middleware\LazyLoadingMiddleware
Zend\Expressive\Session\SessionMiddleware
Zend\Expressive\Middleware\LazyLoadingMiddleware
Amazium\Kernel\Application\Context\ApplicationContextMiddleware
Zend\Expressive\Middleware\LazyLoadingMiddleware
Zend\Expressive\Router\Middleware\RouteMiddleware
Zend\Expressive\Middleware\LazyLoadingMiddleware
Zend\Expressive\Router\Middleware\ImplicitHeadMiddleware
Zend\Expressive\Middleware\LazyLoadingMiddleware
Zend\Expressive\Router\Middleware\ImplicitOptionsMiddleware
Zend\Expressive\Middleware\LazyLoadingMiddleware
Zend\Expressive\Router\Middleware\MethodNotAllowedMiddleware
Zend\Expressive\Middleware\LazyLoadingMiddleware
Zend\Expressive\Helper\UrlHelperMiddleware
Zend\Expressive\Middleware\LazyLoadingMiddleware
Zend\Expressive\Router\Middleware\DispatchMiddleware
Zend\Expressive\Middleware\LazyLoadingMiddleware
Amazium\SampleApp\UI\Web\Page\Address\Index
Zend\Expressive\Middleware\LazyLoadingMiddleware
Zend\Stratigility\Middleware\ErrorHandler
Zend\Expressive\Middleware\LazyLoadingMiddleware
Zend\Expressive\Helper\ServerUrlMiddleware
Zend\Expressive\Middleware\LazyLoadingMiddleware
Zend\Expressive\Session\SessionMiddleware
Zend\Expressive\Middleware\LazyLoadingMiddleware
Amazium\Kernel\Application\Context\ApplicationContextMiddleware
Zend\Expressive\Middleware\LazyLoadingMiddleware
Zend\Expressive\Router\Middleware\RouteMiddleware
Zend\Expressive\Middleware\LazyLoadingMiddleware
Zend\Expressive\Router\Middleware\ImplicitHeadMiddleware
Zend\Expressive\Middleware\LazyLoadingMiddleware
Zend\Expressive\Router\Middleware\ImplicitOptionsMiddleware
Zend\Expressive\Middleware\LazyLoadingMiddleware
Zend\Expressive\Router\Middleware\MethodNotAllowedMiddleware
Zend\Expressive\Middleware\LazyLoadingMiddleware
Zend\Expressive\Helper\UrlHelperMiddleware
Zend\Expressive\Middleware\LazyLoadingMiddleware
Zend\Expressive\Router\Middleware\DispatchMiddleware
Zend\Expressive\Middleware\LazyLoadingMiddleware
Amazium\SampleApp\UI\Web\Page\Address\Index
Zend\Expressive\Middleware\LazyLoadingMiddleware
Zend\Stratigility\Middleware\ErrorHandler
Zend\Expressive\Middleware\LazyLoadingMiddleware
Zend\Expressive\Helper\ServerUrlMiddleware
Zend\Expressive\Middleware\LazyLoadingMiddleware
Zend\Expressive\Session\SessionMiddleware
Zend\Expressive\Middleware\LazyLoadingMiddleware
Amazium\Kernel\Application\Context\ApplicationContextMiddleware
Zend\Expressive\Middleware\LazyLoadingMiddleware
Zend\Expressive\Router\Middleware\RouteMiddleware
Zend\Expressive\Middleware\LazyLoadingMiddleware
Zend\Expressive\Router\Middleware\ImplicitHeadMiddleware
Zend\Expressive\Middleware\LazyLoadingMiddleware
Zend\Expressive\Router\Middleware\ImplicitOptionsMiddleware
Zend\Expressive\Middleware\LazyLoadingMiddleware
Zend\Expressive\Router\Middleware\MethodNotAllowedMiddleware
Zend\Expressive\Middleware\LazyLoadingMiddleware
Zend\Expressive\Helper\UrlHelperMiddleware
Zend\Expressive\Middleware\LazyLoadingMiddleware
Zend\Expressive\Router\Middleware\DispatchMiddleware
Zend\Expressive\Middleware\LazyLoadingMiddleware
Amazium\SampleApp\UI\Web\Page\Address\Index
Zend\Expressive\Middleware\LazyLoadingMiddleware
Zend\Stratigility\Middleware\ErrorHandler
Zend\Expressive\Middleware\LazyLoadingMiddleware
Zend\Expressive\Helper\ServerUrlMiddleware
Zend\Expressive\Middleware\LazyLoadingMiddleware
Zend\Expressive\Session\SessionMiddleware
Zend\Expressive\Middleware\LazyLoadingMiddleware
Amazium\Kernel\Application\Context\ApplicationContextMiddleware
Zend\Expressive\Middleware\LazyLoadingMiddleware
Zend\Expressive\Router\Middleware\RouteMiddleware
Zend\Expressive\Middleware\LazyLoadingMiddleware
Zend\Expressive\Router\Middleware\ImplicitHeadMiddleware
Zend\Expressive\Middleware\LazyLoadingMiddleware
Zend\Expressive\Router\Middleware\ImplicitOptionsMiddleware
Zend\Expressive\Middleware\LazyLoadingMiddleware
Zend\Expressive\Router\Middleware\MethodNotAllowedMiddleware
Zend\Expressive\Middleware\LazyLoadingMiddleware
Zend\Expressive\Helper\UrlHelperMiddleware
Zend\Expressive\Middleware\LazyLoadingMiddleware
Zend\Expressive\Router\Middleware\DispatchMiddleware
Zend\Expressive\Middleware\LazyLoadingMiddleware
Amazium\SampleApp\UI\Web\Page\Address\Index
Zend\Expressive\Middleware\LazyLoadingMiddleware
Zend\Stratigility\Middleware\ErrorHandler
Zend\Expressive\Middleware\LazyLoadingMiddleware
Zend\Expressive\Helper\ServerUrlMiddleware
Zend\Expressive\Middleware\LazyLoadingMiddleware
Zend\Expressive\Session\SessionMiddleware
Zend\Expressive\Middleware\LazyLoadingMiddleware
Amazium\Kernel\Application\Context\ApplicationContextMiddleware
Zend\Expressive\Middleware\LazyLoadingMiddleware
Zend\Expressive\Router\Middleware\RouteMiddleware
Zend\Expressive\Middleware\LazyLoadingMiddleware
Zend\Expressive\Router\Middleware\ImplicitHeadMiddleware
Zend\Expressive\Middleware\LazyLoadingMiddleware
Zend\Expressive\Router\Middleware\ImplicitOptionsMiddleware
Zend\Expressive\Middleware\LazyLoadingMiddleware
Zend\Expressive\Router\Middleware\MethodNotAllowedMiddleware
Zend\Expressive\Middleware\LazyLoadingMiddleware
Zend\Expressive\Helper\UrlHelperMiddleware
Zend\Expressive\Middleware\LazyLoadingMiddleware
Zend\Expressive\Router\Middleware\DispatchMiddleware
Zend\Expressive\Middleware\LazyLoadingMiddleware
Amazium\SampleApp\UI\Web\Page\Address\Index
Zend\Expressive\Middleware\LazyLoadingMiddleware
Zend\Stratigility\Middleware\ErrorHandler
Zend\Expressive\Middleware\LazyLoadingMiddleware
Zend\Expressive\Helper\ServerUrlMiddleware
Zend\Expressive\Middleware\LazyLoadingMiddleware
Zend\Expressive\Session\SessionMiddleware
Zend\Expressive\Middleware\LazyLoadingMiddleware
Amazium\Kernel\Application\Context\ApplicationContextMiddleware
Zend\Expressive\Middleware\LazyLoadingMiddleware
Zend\Expressive\Router\Middleware\RouteMiddleware
Zend\Expressive\Middleware\LazyLoadingMiddleware
Zend\Expressive\Router\Middleware\ImplicitHeadMiddleware
Zend\Expressive\Middleware\LazyLoadingMiddleware
Zend\Expressive\Router\Middleware\ImplicitOptionsMiddleware
Zend\Expressive\Middleware\LazyLoadingMiddleware
Zend\Expressive\Router\Middleware\MethodNotAllowedMiddleware
Zend\Expressive\Middleware\LazyLoadingMiddleware
Zend\Expressive\Helper\UrlHelperMiddleware
Zend\Expressive\Middleware\LazyLoadingMiddleware
Zend\Expressive\Router\Middleware\DispatchMiddleware
Zend\Expressive\Middleware\LazyLoadingMiddleware
Amazium\SampleApp\UI\Web\Page\Address\Index
Zend\Expressive\Middleware\LazyLoadingMiddleware
Zend\Stratigility\Middleware\ErrorHandler
Zend\Expressive\Middleware\LazyLoadingMiddleware
Zend\Expressive\Helper\ServerUrlMiddleware
Zend\Expressive\Middleware\LazyLoadingMiddleware
Zend\Expressive\Session\SessionMiddleware
Zend\Expressive\Middleware\LazyLoadingMiddleware
Amazium\Kernel\Application\Context\ApplicationContextMiddleware
Zend\Expressive\Middleware\LazyLoadingMiddleware
Zend\Expressive\Router\Middleware\RouteMiddleware
Zend\Expressive\Middleware\LazyLoadingMiddleware
Zend\Expressive\Router\Middleware\ImplicitHeadMiddleware
Zend\Expressive\Middleware\LazyLoadingMiddleware
Zend\Expressive\Router\Middleware\ImplicitOptionsMiddleware
Zend\Expressive\Middleware\LazyLoadingMiddleware
Zend\Expressive\Router\Middleware\MethodNotAllowedMiddleware
Zend\Expressive\Middleware\LazyLoadingMiddleware
Zend\Expressive\Helper\UrlHelperMiddleware
Zend\Expressive\Middleware\LazyLoadingMiddleware
Zend\Expressive\Router\Middleware\DispatchMiddleware
Zend\Expressive\Middleware\LazyLoadingMiddleware
Amazium\SampleApp\UI\Web\Page\Address\Index
Zend\Expressive\Middleware\LazyLoadingMiddleware
Zend\Stratigility\Middleware\ErrorHandler
Zend\Expressive\Middleware\LazyLoadingMiddleware
Zend\Expressive\Helper\ServerUrlMiddleware
Zend\Expressive\Middleware\LazyLoadingMiddleware
Zend\Expressive\Session\SessionMiddleware
Zend\Expressive\Middleware\LazyLoadingMiddleware
Amazium\Kernel\Application\Context\ApplicationContextMiddleware
Zend\Expressive\Middleware\LazyLoadingMiddleware
Zend\Expressive\Router\Middleware\RouteMiddleware
Zend\Expressive\Middleware\LazyLoadingMiddleware
Zend\Expressive\Router\Middleware\ImplicitHeadMiddleware
Zend\Expressive\Middleware\LazyLoadingMiddleware
Zend\Expressive\Router\Middleware\ImplicitOptionsMiddleware
Zend\Expressive\Middleware\LazyLoadingMiddleware
Zend\Expressive\Router\Middleware\MethodNotAllowedMiddleware
Zend\Expressive\Middleware\LazyLoadingMiddleware
Zend\Expressive\Helper\UrlHelperMiddleware
Zend\Expressive\Middleware\LazyLoadingMiddleware
Zend\Expressive\Router\Middleware\DispatchMiddleware
Zend\Expressive\Middleware\LazyLoadingMiddleware
Amazium\SampleApp\UI\Web\Page\Address\Index
Zend\Expressive\Middleware\LazyLoadingMiddleware
Zend\Stratigility\Middleware\ErrorHandler
Zend\Expressive\Middleware\LazyLoadingMiddleware
Zend\Expressive\Helper\ServerUrlMiddleware
Zend\Expressive\Middleware\LazyLoadingMiddleware
Zend\Expressive\Session\SessionMiddleware
Zend\Expressive\Middleware\LazyLoadingMiddleware
Amazium\Kernel\Application\Context\ApplicationContextMiddleware
Zend\Expressive\Middleware\LazyLoadingMiddleware
Zend\Expressive\Router\Middleware\RouteMiddleware
Zend\Expressive\Middleware\LazyLoadingMiddleware
Zend\Expressive\Router\Middleware\ImplicitHeadMiddleware
Zend\Expressive\Middleware\LazyLoadingMiddleware
Zend\Expressive\Router\Middleware\ImplicitOptionsMiddleware
Zend\Expressive\Middleware\LazyLoadingMiddleware
Zend\Expressive\Router\Middleware\MethodNotAllowedMiddleware
Zend\Expressive\Middleware\LazyLoadingMiddleware
Zend\Expressive\Helper\UrlHelperMiddleware
Zend\Expressive\Middleware\LazyLoadingMiddleware
Zend\Expressive\Router\Middleware\DispatchMiddleware
Zend\Expressive\Middleware\LazyLoadingMiddleware
Amazium\SampleApp\UI\Web\Page\Address\Edit
Zend\Expressive\Middleware\LazyLoadingMiddleware
Zend\Stratigility\Middleware\ErrorHandler
Zend\Expressive\Middleware\LazyLoadingMiddleware
Zend\Expressive\Helper\ServerUrlMiddleware
Zend\Expressive\Middleware\LazyLoadingMiddleware
Zend\Expressive\Session\SessionMiddleware
Zend\Expressive\Middleware\LazyLoadingMiddleware
Amazium\Kernel\Application\Context\ApplicationContextMiddleware
Zend\Expressive\Middleware\LazyLoadingMiddleware
Zend\Expressive\Router\Middleware\RouteMiddleware
Zend\Expressive\Middleware\LazyLoadingMiddleware
Zend\Expressive\Router\Middleware\ImplicitHeadMiddleware
Zend\Expressive\Middleware\LazyLoadingMiddleware
Zend\Expressive\Router\Middleware\ImplicitOptionsMiddleware
Zend\Expressive\Middleware\LazyLoadingMiddleware
Zend\Expressive\Router\Middleware\MethodNotAllowedMiddleware
Zend\Expressive\Middleware\LazyLoadingMiddleware
Zend\Expressive\Helper\UrlHelperMiddleware
Zend\Expressive\Middleware\LazyLoadingMiddleware
Zend\Expressive\Router\Middleware\DispatchMiddleware
Zend\Expressive\Middleware\LazyLoadingMiddleware
Amazium\SampleApp\UI\Web\Page\Address\Update
Zend\Expressive\Middleware\LazyLoadingMiddleware
Zend\Stratigility\Middleware\ErrorHandler
Zend\Expressive\Middleware\LazyLoadingMiddleware
Zend\Expressive\Helper\ServerUrlMiddleware
Zend\Expressive\Middleware\LazyLoadingMiddleware
Zend\Expressive\Session\SessionMiddleware
Zend\Expressive\Middleware\LazyLoadingMiddleware
Amazium\Kernel\Application\Context\ApplicationContextMiddleware
Zend\Expressive\Middleware\LazyLoadingMiddleware
Zend\Expressive\Router\Middleware\RouteMiddleware
Zend\Expressive\Middleware\LazyLoadingMiddleware
Zend\Expressive\Router\Middleware\ImplicitHeadMiddleware
Zend\Expressive\Middleware\LazyLoadingMiddleware
Zend\Expressive\Router\Middleware\ImplicitOptionsMiddleware
Zend\Expressive\Middleware\LazyLoadingMiddleware
Zend\Expressive\Router\Middleware\MethodNotAllowedMiddleware
Zend\Expressive\Middleware\LazyLoadingMiddleware
Zend\Expressive\Helper\UrlHelperMiddleware
Zend\Expressive\Middleware\LazyLoadingMiddleware
Zend\Expressive\Router\Middleware\DispatchMiddleware
Zend\Expressive\Middleware\LazyLoadingMiddleware
Amazium\SampleApp\UI\Web\Page\Address\Show
Zend\Expressive\Middleware\LazyLoadingMiddleware
Zend\Stratigility\Middleware\ErrorHandler
Zend\Expressive\Middleware\LazyLoadingMiddleware
Zend\Expressive\Helper\ServerUrlMiddleware
Zend\Expressive\Middleware\LazyLoadingMiddleware
Zend\Expressive\Session\SessionMiddleware
Zend\Expressive\Middleware\LazyLoadingMiddleware
Amazium\Kernel\Application\Context\ApplicationContextMiddleware
Zend\Expressive\Middleware\LazyLoadingMiddleware
Zend\Expressive\Router\Middleware\RouteMiddleware
Zend\Expressive\Middleware\LazyLoadingMiddleware
Zend\Expressive\Router\Middleware\ImplicitHeadMiddleware
Zend\Expressive\Middleware\LazyLoadingMiddleware
Zend\Expressive\Router\Middleware\ImplicitOptionsMiddleware
Zend\Expressive\Middleware\LazyLoadingMiddleware
Zend\Expressive\Router\Middleware\MethodNotAllowedMiddleware
Zend\Expressive\Middleware\LazyLoadingMiddleware
Zend\Expressive\Helper\UrlHelperMiddleware
Zend\Expressive\Middleware\LazyLoadingMiddleware
Zend\Expressive\Router\Middleware\DispatchMiddleware
Zend\Expressive\Middleware\LazyLoadingMiddleware
Amazium\SampleApp\UI\Web\Page\Address\Show
Zend\Expressive\Middleware\LazyLoadingMiddleware
Zend\Stratigility\Middleware\ErrorHandler
Zend\Expressive\Middleware\LazyLoadingMiddleware
Zend\Expressive\Helper\ServerUrlMiddleware
Zend\Expressive\Middleware\LazyLoadingMiddleware
Zend\Expressive\Session\SessionMiddleware
Zend\Expressive\Middleware\LazyLoadingMiddleware
Amazium\Kernel\Application\Context\ApplicationContextMiddleware
Zend\Expressive\Middleware\LazyLoadingMiddleware
Zend\Expressive\Router\Middleware\RouteMiddleware
Zend\Expressive\Middleware\LazyLoadingMiddleware
Zend\Expressive\Router\Middleware\ImplicitHeadMiddleware
Zend\Expressive\Middleware\LazyLoadingMiddleware
Zend\Expressive\Router\Middleware\ImplicitOptionsMiddleware
Zend\Expressive\Middleware\LazyLoadingMiddleware
Zend\Expressive\Router\Middleware\MethodNotAllowedMiddleware
Zend\Expressive\Middleware\LazyLoadingMiddleware
Zend\Expressive\Helper\UrlHelperMiddleware
Zend\Expressive\Middleware\LazyLoadingMiddleware
Zend\Expressive\Router\Middleware\DispatchMiddleware
Zend\Expressive\Middleware\LazyLoadingMiddleware
Amazium\SampleApp\UI\Web\Page\Address\Show
Zend\Expressive\Middleware\LazyLoadingMiddleware
Zend\Stratigility\Middleware\ErrorHandler
Zend\Expressive\Middleware\LazyLoadingMiddleware
Zend\Expressive\Helper\ServerUrlMiddleware
Zend\Expressive\Middleware\LazyLoadingMiddleware
Zend\Expressive\Session\SessionMiddleware
Zend\Expressive\Middleware\LazyLoadingMiddleware
Amazium\Kernel\Application\Context\ApplicationContextMiddleware
Zend\Expressive\Middleware\LazyLoadingMiddleware
Zend\Expressive\Router\Middleware\RouteMiddleware
Zend\Expressive\Middleware\LazyLoadingMiddleware
Zend\Expressive\Router\Middleware\ImplicitHeadMiddleware
Zend\Expressive\Middleware\LazyLoadingMiddleware
Zend\Expressive\Router\Middleware\ImplicitOptionsMiddleware
Zend\Expressive\Middleware\LazyLoadingMiddleware
Zend\Expressive\Router\Middleware\MethodNotAllowedMiddleware
Zend\Expressive\Middleware\LazyLoadingMiddleware
Zend\Expressive\Helper\UrlHelperMiddleware
Zend\Expressive\Middleware\LazyLoadingMiddleware
Zend\Expressive\Router\Middleware\DispatchMiddleware
Zend\Expressive\Middleware\LazyLoadingMiddleware
Amazium\SampleApp\UI\Web\Page\Address\Show
Zend\Expressive\Middleware\LazyLoadingMiddleware
Zend\Stratigility\Middleware\ErrorHandler
Zend\Expressive\Middleware\LazyLoadingMiddleware
Zend\Expressive\Helper\ServerUrlMiddleware
Zend\Expressive\Middleware\LazyLoadingMiddleware
Zend\Expressive\Session\SessionMiddleware
Zend\Expressive\Middleware\LazyLoadingMiddleware
Amazium\Kernel\Application\Context\ApplicationContextMiddleware
Zend\Expressive\Middleware\LazyLoadingMiddleware
Zend\Expressive\Router\Middleware\RouteMiddleware
Zend\Expressive\Middleware\LazyLoadingMiddleware
Zend\Expressive\Router\Middleware\ImplicitHeadMiddleware
Zend\Expressive\Middleware\LazyLoadingMiddleware
Zend\Expressive\Router\Middleware\ImplicitOptionsMiddleware
Zend\Expressive\Middleware\LazyLoadingMiddleware
Zend\Expressive\Router\Middleware\MethodNotAllowedMiddleware
Zend\Expressive\Middleware\LazyLoadingMiddleware
Zend\Expressive\Helper\UrlHelperMiddleware
Zend\Expressive\Middleware\LazyLoadingMiddleware
Zend\Expressive\Router\Middleware\DispatchMiddleware
Zend\Expressive\Middleware\LazyLoadingMiddleware
Amazium\SampleApp\UI\Web\Page\Address\Show
Zend\Expressive\Middleware\LazyLoadingMiddleware
Zend\Stratigility\Middleware\ErrorHandler
Zend\Expressive\Middleware\LazyLoadingMiddleware
Zend\Expressive\Helper\ServerUrlMiddleware
Zend\Expressive\Middleware\LazyLoadingMiddleware
Zend\Expressive\Session\SessionMiddleware
Zend\Expressive\Middleware\LazyLoadingMiddleware
Amazium\Kernel\Application\Context\ApplicationContextMiddleware
Zend\Expressive\Middleware\LazyLoadingMiddleware
Zend\Expressive\Router\Middleware\RouteMiddleware
Zend\Expressive\Middleware\LazyLoadingMiddleware
Zend\Expressive\Router\Middleware\ImplicitHeadMiddleware
Zend\Expressive\Middleware\LazyLoadingMiddleware
Zend\Expressive\Router\Middleware\ImplicitOptionsMiddleware
Zend\Expressive\Middleware\LazyLoadingMiddleware
Zend\Expressive\Router\Middleware\MethodNotAllowedMiddleware
Zend\Expressive\Middleware\LazyLoadingMiddleware
Zend\Expressive\Helper\UrlHelperMiddleware
Zend\Expressive\Middleware\LazyLoadingMiddleware
Zend\Expressive\Router\Middleware\DispatchMiddleware
Zend\Expressive\Middleware\LazyLoadingMiddleware
Amazium\SampleApp\UI\Web\Page\Address\Show
Zend\Expressive\Middleware\LazyLoadingMiddleware
Zend\Stratigility\Middleware\ErrorHandler
Zend\Expressive\Middleware\LazyLoadingMiddleware
Zend\Expressive\Helper\ServerUrlMiddleware
Zend\Expressive\Middleware\LazyLoadingMiddleware
Zend\Expressive\Session\SessionMiddleware
Zend\Expressive\Middleware\LazyLoadingMiddleware
Amazium\Kernel\Application\Context\ApplicationContextMiddleware
Zend\Expressive\Middleware\LazyLoadingMiddleware
Zend\Expressive\Router\Middleware\RouteMiddleware
Zend\Expressive\Middleware\LazyLoadingMiddleware
Zend\Expressive\Router\Middleware\ImplicitHeadMiddleware
Zend\Expressive\Middleware\LazyLoadingMiddleware
Zend\Expressive\Router\Middleware\ImplicitOptionsMiddleware
Zend\Expressive\Middleware\LazyLoadingMiddleware
Zend\Expressive\Router\Middleware\MethodNotAllowedMiddleware
Zend\Expressive\Middleware\LazyLoadingMiddleware
Zend\Expressive\Helper\UrlHelperMiddleware
Zend\Expressive\Middleware\LazyLoadingMiddleware
Zend\Expressive\Router\Middleware\DispatchMiddleware
Zend\Expressive\Middleware\LazyLoadingMiddleware
Amazium\SampleApp\UI\Web\Page\Address\Show
Zend\Expressive\Middleware\LazyLoadingMiddleware
Zend\Stratigility\Middleware\ErrorHandler
Zend\Expressive\Middleware\LazyLoadingMiddleware
Zend\Expressive\Helper\ServerUrlMiddleware
Zend\Expressive\Middleware\LazyLoadingMiddleware
Zend\Expressive\Session\SessionMiddleware
Zend\Expressive\Middleware\LazyLoadingMiddleware
Amazium\Kernel\Application\Context\ApplicationContextMiddleware
Zend\Expressive\Middleware\LazyLoadingMiddleware
Zend\Expressive\Router\Middleware\RouteMiddleware
Zend\Expressive\Middleware\LazyLoadingMiddleware
Zend\Expressive\Router\Middleware\ImplicitHeadMiddleware
Zend\Expressive\Middleware\LazyLoadingMiddleware
Zend\Expressive\Router\Middleware\ImplicitOptionsMiddleware
Zend\Expressive\Middleware\LazyLoadingMiddleware
Zend\Expressive\Router\Middleware\MethodNotAllowedMiddleware
Zend\Expressive\Middleware\LazyLoadingMiddleware
Zend\Expressive\Helper\UrlHelperMiddleware
Zend\Expressive\Middleware\LazyLoadingMiddleware
Zend\Expressive\Router\Middleware\DispatchMiddleware
Zend\Expressive\Middleware\LazyLoadingMiddleware
Amazium\SampleApp\UI\Web\Page\Address\Show
Zend\Expressive\Middleware\LazyLoadingMiddleware
Zend\Stratigility\Middleware\ErrorHandler
Zend\Expressive\Middleware\LazyLoadingMiddleware
Zend\Expressive\Helper\ServerUrlMiddleware
Zend\Expressive\Middleware\LazyLoadingMiddleware
Zend\Expressive\Session\SessionMiddleware
Zend\Expressive\Middleware\LazyLoadingMiddleware
Amazium\Kernel\Application\Context\ApplicationContextMiddleware
Zend\Expressive\Middleware\LazyLoadingMiddleware
Zend\Expressive\Router\Middleware\RouteMiddleware
Zend\Expressive\Middleware\LazyLoadingMiddleware
Zend\Expressive\Router\Middleware\ImplicitHeadMiddleware
Zend\Expressive\Middleware\LazyLoadingMiddleware
Zend\Expressive\Router\Middleware\ImplicitOptionsMiddleware
Zend\Expressive\Middleware\LazyLoadingMiddleware
Zend\Expressive\Router\Middleware\MethodNotAllowedMiddleware
Zend\Expressive\Middleware\LazyLoadingMiddleware
Zend\Expressive\Helper\UrlHelperMiddleware
Zend\Expressive\Middleware\LazyLoadingMiddleware
Zend\Expressive\Router\Middleware\DispatchMiddleware
Zend\Expressive\Middleware\LazyLoadingMiddleware
Amazium\SampleApp\UI\Web\Page\Address\Show
Zend\Expressive\Middleware\LazyLoadingMiddleware
Zend\Stratigility\Middleware\ErrorHandler
Zend\Expressive\Middleware\LazyLoadingMiddleware
Zend\Expressive\Helper\ServerUrlMiddleware
Zend\Expressive\Middleware\LazyLoadingMiddleware
Zend\Expressive\Session\SessionMiddleware
Zend\Expressive\Middleware\LazyLoadingMiddleware
Amazium\Kernel\Application\Context\ApplicationContextMiddleware
Zend\Expressive\Middleware\LazyLoadingMiddleware
Zend\Expressive\Router\Middleware\RouteMiddleware
Zend\Expressive\Middleware\LazyLoadingMiddleware
Zend\Expressive\Router\Middleware\ImplicitHeadMiddleware
Zend\Expressive\Middleware\LazyLoadingMiddleware
Zend\Expressive\Router\Middleware\ImplicitOptionsMiddleware
Zend\Expressive\Middleware\LazyLoadingMiddleware
Zend\Expressive\Router\Middleware\MethodNotAllowedMiddleware
Zend\Expressive\Middleware\LazyLoadingMiddleware
Zend\Expressive\Helper\UrlHelperMiddleware
Zend\Expressive\Middleware\LazyLoadingMiddleware
Zend\Expressive\Router\Middleware\DispatchMiddleware
Zend\Expressive\Middleware\LazyLoadingMiddleware
Amazium\SampleApp\UI\Web\Page\Address\Show
Zend\Expressive\Middleware\LazyLoadingMiddleware
Zend\Stratigility\Middleware\ErrorHandler
Zend\Expressive\Middleware\LazyLoadingMiddleware
Zend\Expressive\Helper\ServerUrlMiddleware
Zend\Expressive\Middleware\LazyLoadingMiddleware
Zend\Expressive\Session\SessionMiddleware
Zend\Expressive\Middleware\LazyLoadingMiddleware
Amazium\Kernel\Application\Context\ApplicationContextMiddleware
Zend\Expressive\Middleware\LazyLoadingMiddleware
Zend\Expressive\Router\Middleware\RouteMiddleware
Zend\Expressive\Middleware\LazyLoadingMiddleware
Zend\Expressive\Router\Middleware\ImplicitHeadMiddleware
Zend\Expressive\Middleware\LazyLoadingMiddleware
Zend\Expressive\Router\Middleware\ImplicitOptionsMiddleware
Zend\Expressive\Middleware\LazyLoadingMiddleware
Zend\Expressive\Router\Middleware\MethodNotAllowedMiddleware
Zend\Expressive\Middleware\LazyLoadingMiddleware
Zend\Expressive\Helper\UrlHelperMiddleware
Zend\Expressive\Middleware\LazyLoadingMiddleware
Zend\Expressive\Router\Middleware\DispatchMiddleware
Zend\Expressive\Middleware\LazyLoadingMiddleware
Amazium\SampleApp\UI\Web\Page\Address\Show
Zend\Expressive\Middleware\LazyLoadingMiddleware
Zend\Stratigility\Middleware\ErrorHandler
Zend\Expressive\Middleware\LazyLoadingMiddleware
Zend\Expressive\Helper\ServerUrlMiddleware
Zend\Expressive\Middleware\LazyLoadingMiddleware
Zend\Expressive\Session\SessionMiddleware
Zend\Expressive\Middleware\LazyLoadingMiddleware
Amazium\Kernel\Application\Context\ApplicationContextMiddleware
Zend\Expressive\Middleware\LazyLoadingMiddleware
Zend\Expressive\Router\Middleware\RouteMiddleware
Zend\Expressive\Middleware\LazyLoadingMiddleware
Zend\Expressive\Router\Middleware\ImplicitHeadMiddleware
Zend\Expressive\Middleware\LazyLoadingMiddleware
Zend\Expressive\Router\Middleware\ImplicitOptionsMiddleware
Zend\Expressive\Middleware\LazyLoadingMiddleware
Zend\Expressive\Router\Middleware\MethodNotAllowedMiddleware
Zend\Expressive\Middleware\LazyLoadingMiddleware
Zend\Expressive\Helper\UrlHelperMiddleware
Zend\Expressive\Middleware\LazyLoadingMiddleware
Zend\Expressive\Router\Middleware\DispatchMiddleware
Zend\Expressive\Middleware\LazyLoadingMiddleware
Amazium\SampleApp\UI\Web\Page\Address\Show
Zend\Expressive\Middleware\LazyLoadingMiddleware
Zend\Stratigility\Middleware\ErrorHandler
Zend\Expressive\Middleware\LazyLoadingMiddleware
Zend\Expressive\Helper\ServerUrlMiddleware
Zend\Expressive\Middleware\LazyLoadingMiddleware
Zend\Expressive\Session\SessionMiddleware
Zend\Expressive\Middleware\LazyLoadingMiddleware
Amazium\Kernel\Application\Context\ApplicationContextMiddleware
Zend\Expressive\Middleware\LazyLoadingMiddleware
Zend\Expressive\Router\Middleware\RouteMiddleware
Zend\Expressive\Middleware\LazyLoadingMiddleware
Zend\Expressive\Router\Middleware\ImplicitHeadMiddleware
Zend\Expressive\Middleware\LazyLoadingMiddleware
Zend\Expressive\Router\Middleware\ImplicitOptionsMiddleware
Zend\Expressive\Middleware\LazyLoadingMiddleware
Zend\Expressive\Router\Middleware\MethodNotAllowedMiddleware
Zend\Expressive\Middleware\LazyLoadingMiddleware
Zend\Expressive\Helper\UrlHelperMiddleware
Zend\Expressive\Middleware\LazyLoadingMiddleware
Zend\Expressive\Router\Middleware\DispatchMiddleware
Zend\Expressive\Middleware\LazyLoadingMiddleware
Amazium\SampleApp\UI\Web\Page\Address\Show
Zend\Expressive\Middleware\LazyLoadingMiddleware
Zend\Stratigility\Middleware\ErrorHandler
Zend\Expressive\Middleware\LazyLoadingMiddleware
Zend\Expressive\Helper\ServerUrlMiddleware
Zend\Expressive\Middleware\LazyLoadingMiddleware
Zend\Expressive\Session\SessionMiddleware
Zend\Expressive\Middleware\LazyLoadingMiddleware
Amazium\Kernel\Application\Context\ApplicationContextMiddleware
Zend\Expressive\Middleware\LazyLoadingMiddleware
Zend\Expressive\Router\Middleware\RouteMiddleware
Zend\Expressive\Middleware\LazyLoadingMiddleware
Zend\Expressive\Router\Middleware\ImplicitHeadMiddleware
Zend\Expressive\Middleware\LazyLoadingMiddleware
Zend\Expressive\Router\Middleware\ImplicitOptionsMiddleware
Zend\Expressive\Middleware\LazyLoadingMiddleware
Zend\Expressive\Router\Middleware\MethodNotAllowedMiddleware
Zend\Expressive\Middleware\LazyLoadingMiddleware
Zend\Expressive\Helper\UrlHelperMiddleware
Zend\Expressive\Middleware\LazyLoadingMiddleware
Zend\Expressive\Router\Middleware\DispatchMiddleware
Zend\Expressive\Middleware\LazyLoadingMiddleware
Amazium\SampleApp\UI\Web\Page\Address\Show
Zend\Expressive\Middleware\LazyLoadingMiddleware
Zend\Stratigility\Middleware\ErrorHandler
Zend\Expressive\Middleware\LazyLoadingMiddleware
Zend\Expressive\Helper\ServerUrlMiddleware
Zend\Expressive\Middleware\LazyLoadingMiddleware
Zend\Expressive\Session\SessionMiddleware
Zend\Expressive\Middleware\LazyLoadingMiddleware
Amazium\Kernel\Application\Context\ApplicationContextMiddleware
Zend\Expressive\Middleware\LazyLoadingMiddleware
Zend\Expressive\Router\Middleware\RouteMiddleware
Zend\Expressive\Middleware\LazyLoadingMiddleware
Zend\Expressive\Router\Middleware\ImplicitHeadMiddleware
Zend\Expressive\Middleware\LazyLoadingMiddleware
Zend\Expressive\Router\Middleware\ImplicitOptionsMiddleware
Zend\Expressive\Middleware\LazyLoadingMiddleware
Zend\Expressive\Router\Middleware\MethodNotAllowedMiddleware
Zend\Expressive\Middleware\LazyLoadingMiddleware
Zend\Expressive\Helper\UrlHelperMiddleware
Zend\Expressive\Middleware\LazyLoadingMiddleware
Zend\Expressive\Router\Middleware\DispatchMiddleware
Zend\Expressive\Middleware\LazyLoadingMiddleware
Amazium\SampleApp\UI\Web\Page\Address\Show
Zend\Expressive\Middleware\LazyLoadingMiddleware
Zend\Stratigility\Middleware\ErrorHandler
Zend\Expressive\Middleware\LazyLoadingMiddleware
Zend\Expressive\Helper\ServerUrlMiddleware
Zend\Expressive\Middleware\LazyLoadingMiddleware
Zend\Expressive\Session\SessionMiddleware
Zend\Expressive\Middleware\LazyLoadingMiddleware
Amazium\Kernel\Application\Context\ApplicationContextMiddleware
Zend\Expressive\Middleware\LazyLoadingMiddleware
Zend\Expressive\Router\Middleware\RouteMiddleware
Zend\Expressive\Middleware\LazyLoadingMiddleware
Zend\Expressive\Router\Middleware\ImplicitHeadMiddleware
Zend\Expressive\Middleware\LazyLoadingMiddleware
Zend\Expressive\Router\Middleware\ImplicitOptionsMiddleware
Zend\Expressive\Middleware\LazyLoadingMiddleware
Zend\Expressive\Router\Middleware\MethodNotAllowedMiddleware
Zend\Expressive\Middleware\LazyLoadingMiddleware
Zend\Expressive\Helper\UrlHelperMiddleware
Zend\Expressive\Middleware\LazyLoadingMiddleware
Zend\Expressive\Router\Middleware\DispatchMiddleware
Zend\Expressive\Middleware\LazyLoadingMiddleware
Amazium\SampleApp\UI\Web\Page\Address\Show
Zend\Expressive\Middleware\LazyLoadingMiddleware
Zend\Stratigility\Middleware\ErrorHandler
Zend\Expressive\Middleware\LazyLoadingMiddleware
Zend\Expressive\Helper\ServerUrlMiddleware
Zend\Expressive\Middleware\LazyLoadingMiddleware
Zend\Expressive\Session\SessionMiddleware
Zend\Expressive\Middleware\LazyLoadingMiddleware
Amazium\Kernel\Application\Context\ApplicationContextMiddleware
Zend\Expressive\Middleware\LazyLoadingMiddleware
Zend\Expressive\Router\Middleware\RouteMiddleware
Zend\Expressive\Middleware\LazyLoadingMiddleware
Zend\Expressive\Router\Middleware\ImplicitHeadMiddleware
Zend\Expressive\Middleware\LazyLoadingMiddleware
Zend\Expressive\Router\Middleware\ImplicitOptionsMiddleware
Zend\Expressive\Middleware\LazyLoadingMiddleware
Zend\Expressive\Router\Middleware\MethodNotAllowedMiddleware
Zend\Expressive\Middleware\LazyLoadingMiddleware
Zend\Expressive\Helper\UrlHelperMiddleware
Zend\Expressive\Middleware\LazyLoadingMiddleware
Zend\Expressive\Router\Middleware\DispatchMiddleware
Zend\Expressive\Middleware\LazyLoadingMiddleware
Amazium\SampleApp\UI\Web\Page\Address\Show
Zend\Expressive\Middleware\LazyLoadingMiddleware
Zend\Stratigility\Middleware\ErrorHandler
Zend\Expressive\Middleware\LazyLoadingMiddleware
Zend\Expressive\Helper\ServerUrlMiddleware
Zend\Expressive\Middleware\LazyLoadingMiddleware
Zend\Expressive\Session\SessionMiddleware
Zend\Expressive\Middleware\LazyLoadingMiddleware
Amazium\Kernel\Application\Context\ApplicationContextMiddleware
Zend\Expressive\Middleware\LazyLoadingMiddleware
Zend\Expressive\Router\Middleware\RouteMiddleware
Zend\Expressive\Middleware\LazyLoadingMiddleware
Zend\Expressive\Router\Middleware\ImplicitHeadMiddleware
Zend\Expressive\Middleware\LazyLoadingMiddleware
Zend\Expressive\Router\Middleware\ImplicitOptionsMiddleware
Zend\Expressive\Middleware\LazyLoadingMiddleware
Zend\Expressive\Router\Middleware\MethodNotAllowedMiddleware
Zend\Expressive\Middleware\LazyLoadingMiddleware
Zend\Expressive\Helper\UrlHelperMiddleware
Zend\Expressive\Middleware\LazyLoadingMiddleware
Zend\Expressive\Router\Middleware\DispatchMiddleware
Zend\Expressive\Middleware\LazyLoadingMiddleware
Amazium\SampleApp\UI\Web\Page\Address\Show
Zend\Expressive\Middleware\LazyLoadingMiddleware
Zend\Stratigility\Middleware\ErrorHandler
Zend\Expressive\Middleware\LazyLoadingMiddleware
Zend\Expressive\Helper\ServerUrlMiddleware
Zend\Expressive\Middleware\LazyLoadingMiddleware
Zend\Expressive\Session\SessionMiddleware
Zend\Expressive\Middleware\LazyLoadingMiddleware
Amazium\Kernel\Application\Context\ApplicationContextMiddleware
Zend\Expressive\Middleware\LazyLoadingMiddleware
Zend\Expressive\Router\Middleware\RouteMiddleware
Zend\Expressive\Middleware\LazyLoadingMiddleware
Zend\Expressive\Router\Middleware\ImplicitHeadMiddleware
Zend\Expressive\Middleware\LazyLoadingMiddleware
Zend\Expressive\Router\Middleware\ImplicitOptionsMiddleware
Zend\Expressive\Middleware\LazyLoadingMiddleware
Zend\Expressive\Router\Middleware\MethodNotAllowedMiddleware
Zend\Expressive\Middleware\LazyLoadingMiddleware
Zend\Expressive\Helper\UrlHelperMiddleware
Zend\Expressive\Middleware\LazyLoadingMiddleware
Zend\Expressive\Router\Middleware\DispatchMiddleware
Zend\Expressive\Middleware\LazyLoadingMiddleware
Amazium\SampleApp\UI\Web\Page\Address\Show
Zend\Expressive\Middleware\LazyLoadingMiddleware
Zend\Stratigility\Middleware\ErrorHandler
Zend\Expressive\Middleware\LazyLoadingMiddleware
Zend\Expressive\Helper\ServerUrlMiddleware
Zend\Expressive\Middleware\LazyLoadingMiddleware
Zend\Expressive\Session\SessionMiddleware
Zend\Expressive\Middleware\LazyLoadingMiddleware
Amazium\Kernel\Application\Context\ApplicationContextMiddleware
Zend\Expressive\Middleware\LazyLoadingMiddleware
Zend\Expressive\Router\Middleware\RouteMiddleware
Zend\Expressive\Middleware\LazyLoadingMiddleware
Zend\Expressive\Router\Middleware\ImplicitHeadMiddleware
Zend\Expressive\Middleware\LazyLoadingMiddleware
Zend\Expressive\Router\Middleware\ImplicitOptionsMiddleware
Zend\Expressive\Middleware\LazyLoadingMiddleware
Zend\Expressive\Router\Middleware\MethodNotAllowedMiddleware
Zend\Expressive\Middleware\LazyLoadingMiddleware
Zend\Expressive\Helper\UrlHelperMiddleware
Zend\Expressive\Middleware\LazyLoadingMiddleware
Zend\Expressive\Router\Middleware\DispatchMiddleware
Zend\Expressive\Middleware\LazyLoadingMiddleware
Amazium\SampleApp\UI\Web\Page\Address\Show
Zend\Expressive\Middleware\LazyLoadingMiddleware
Zend\Stratigility\Middleware\ErrorHandler
Zend\Expressive\Middleware\LazyLoadingMiddleware
Zend\Expressive\Helper\ServerUrlMiddleware
Zend\Expressive\Middleware\LazyLoadingMiddleware
Zend\Expressive\Session\SessionMiddleware
Zend\Expressive\Middleware\LazyLoadingMiddleware
Amazium\Kernel\Application\Context\ApplicationContextMiddleware
Zend\Expressive\Middleware\LazyLoadingMiddleware
Zend\Expressive\Router\Middleware\RouteMiddleware
Zend\Expressive\Middleware\LazyLoadingMiddleware
Zend\Expressive\Router\Middleware\ImplicitHeadMiddleware
Zend\Expressive\Middleware\LazyLoadingMiddleware
Zend\Expressive\Router\Middleware\ImplicitOptionsMiddleware
Zend\Expressive\Middleware\LazyLoadingMiddleware
Zend\Expressive\Router\Middleware\MethodNotAllowedMiddleware
Zend\Expressive\Middleware\LazyLoadingMiddleware
Zend\Expressive\Helper\UrlHelperMiddleware
Zend\Expressive\Middleware\LazyLoadingMiddleware
Zend\Expressive\Router\Middleware\DispatchMiddleware
Zend\Expressive\Middleware\LazyLoadingMiddleware
Amazium\SampleApp\UI\Web\Page\Address\Show
Zend\Expressive\Middleware\LazyLoadingMiddleware
Zend\Stratigility\Middleware\ErrorHandler
Zend\Expressive\Middleware\LazyLoadingMiddleware
Zend\Expressive\Helper\ServerUrlMiddleware
Zend\Expressive\Middleware\LazyLoadingMiddleware
Zend\Expressive\Session\SessionMiddleware
Zend\Expressive\Middleware\LazyLoadingMiddleware
Amazium\Kernel\Application\Context\ApplicationContextMiddleware
Zend\Expressive\Middleware\LazyLoadingMiddleware
Zend\Expressive\Router\Middleware\RouteMiddleware
Zend\Expressive\Middleware\LazyLoadingMiddleware
Zend\Expressive\Router\Middleware\ImplicitHeadMiddleware
Zend\Expressive\Middleware\LazyLoadingMiddleware
Zend\Expressive\Router\Middleware\ImplicitOptionsMiddleware
Zend\Expressive\Middleware\LazyLoadingMiddleware
Zend\Expressive\Router\Middleware\MethodNotAllowedMiddleware
Zend\Expressive\Middleware\LazyLoadingMiddleware
Zend\Expressive\Helper\UrlHelperMiddleware
Zend\Expressive\Middleware\LazyLoadingMiddleware
Zend\Expressive\Router\Middleware\DispatchMiddleware
Zend\Expressive\Middleware\LazyLoadingMiddleware
Amazium\SampleApp\UI\Web\Page\Address\Show
Zend\Expressive\Middleware\LazyLoadingMiddleware
Zend\Stratigility\Middleware\ErrorHandler
Zend\Expressive\Middleware\LazyLoadingMiddleware
Zend\Expressive\Helper\ServerUrlMiddleware
Zend\Expressive\Middleware\LazyLoadingMiddleware
Zend\Expressive\Session\SessionMiddleware
Zend\Expressive\Middleware\LazyLoadingMiddleware
Amazium\Kernel\Application\Context\ApplicationContextMiddleware
Zend\Expressive\Middleware\LazyLoadingMiddleware
Zend\Expressive\Router\Middleware\RouteMiddleware
Zend\Expressive\Middleware\LazyLoadingMiddleware
Zend\Expressive\Router\Middleware\ImplicitHeadMiddleware
Zend\Expressive\Middleware\LazyLoadingMiddleware
Zend\Expressive\Router\Middleware\ImplicitOptionsMiddleware
Zend\Expressive\Middleware\LazyLoadingMiddleware
Zend\Expressive\Router\Middleware\MethodNotAllowedMiddleware
Zend\Expressive\Middleware\LazyLoadingMiddleware
Zend\Expressive\Helper\UrlHelperMiddleware
Zend\Expressive\Middleware\LazyLoadingMiddleware
Zend\Expressive\Router\Middleware\DispatchMiddleware
Zend\Expressive\Middleware\LazyLoadingMiddleware
Amazium\SampleApp\UI\Web\Page\Address\Show
Zend\Expressive\Middleware\LazyLoadingMiddleware
Zend\Stratigility\Middleware\ErrorHandler
Zend\Expressive\Middleware\LazyLoadingMiddleware
Zend\Expressive\Helper\ServerUrlMiddleware
Zend\Expressive\Middleware\LazyLoadingMiddleware
Zend\Expressive\Session\SessionMiddleware
Zend\Expressive\Middleware\LazyLoadingMiddleware
Amazium\Kernel\Application\Context\ApplicationContextMiddleware
Zend\Expressive\Middleware\LazyLoadingMiddleware
Zend\Expressive\Router\Middleware\RouteMiddleware
Zend\Expressive\Middleware\LazyLoadingMiddleware
Zend\Expressive\Router\Middleware\ImplicitHeadMiddleware
Zend\Expressive\Middleware\LazyLoadingMiddleware
Zend\Expressive\Router\Middleware\ImplicitOptionsMiddleware
Zend\Expressive\Middleware\LazyLoadingMiddleware
Zend\Expressive\Router\Middleware\MethodNotAllowedMiddleware
Zend\Expressive\Middleware\LazyLoadingMiddleware
Zend\Expressive\Helper\UrlHelperMiddleware
Zend\Expressive\Middleware\LazyLoadingMiddleware
Zend\Expressive\Router\Middleware\DispatchMiddleware
Zend\Expressive\Middleware\LazyLoadingMiddleware
Amazium\SampleApp\UI\Web\Page\Address\Show
Zend\Expressive\Middleware\LazyLoadingMiddleware
Zend\Stratigility\Middleware\ErrorHandler
Zend\Expressive\Middleware\LazyLoadingMiddleware
Zend\Expressive\Helper\ServerUrlMiddleware
Zend\Expressive\Middleware\LazyLoadingMiddleware
Zend\Expressive\Session\SessionMiddleware
Zend\Expressive\Middleware\LazyLoadingMiddleware
Amazium\Kernel\Application\Context\ApplicationContextMiddleware
Zend\Expressive\Middleware\LazyLoadingMiddleware
Zend\Expressive\Router\Middleware\RouteMiddleware
Zend\Expressive\Middleware\LazyLoadingMiddleware
Zend\Expressive\Router\Middleware\ImplicitHeadMiddleware
Zend\Expressive\Middleware\LazyLoadingMiddleware
Zend\Expressive\Router\Middleware\ImplicitOptionsMiddleware
Zend\Expressive\Middleware\LazyLoadingMiddleware
Zend\Expressive\Router\Middleware\MethodNotAllowedMiddleware
Zend\Expressive\Middleware\LazyLoadingMiddleware
Zend\Expressive\Helper\UrlHelperMiddleware
Zend\Expressive\Middleware\LazyLoadingMiddleware
Zend\Expressive\Router\Middleware\DispatchMiddleware
Zend\Expressive\Middleware\LazyLoadingMiddleware
Amazium\SampleApp\UI\Web\Page\Address\Show
Zend\Expressive\Middleware\LazyLoadingMiddleware
Zend\Stratigility\Middleware\ErrorHandler
Zend\Expressive\Middleware\LazyLoadingMiddleware
Zend\Expressive\Helper\ServerUrlMiddleware
Zend\Expressive\Middleware\LazyLoadingMiddleware
Zend\Expressive\Session\SessionMiddleware
Zend\Expressive\Middleware\LazyLoadingMiddleware
Amazium\Kernel\Application\Context\ApplicationContextMiddleware
Zend\Expressive\Middleware\LazyLoadingMiddleware
Zend\Expressive\Router\Middleware\RouteMiddleware
Zend\Expressive\Middleware\LazyLoadingMiddleware
Zend\Expressive\Router\Middleware\ImplicitHeadMiddleware
Zend\Expressive\Middleware\LazyLoadingMiddleware
Zend\Expressive\Router\Middleware\ImplicitOptionsMiddleware
Zend\Expressive\Middleware\LazyLoadingMiddleware
Zend\Expressive\Router\Middleware\MethodNotAllowedMiddleware
Zend\Expressive\Middleware\LazyLoadingMiddleware
Zend\Expressive\Helper\UrlHelperMiddleware
Zend\Expressive\Middleware\LazyLoadingMiddleware
Zend\Expressive\Router\Middleware\DispatchMiddleware
Zend\Expressive\Middleware\LazyLoadingMiddleware
Amazium\SampleApp\UI\Web\Page\Address\Show
Zend\Expressive\Middleware\LazyLoadingMiddleware
Zend\Stratigility\Middleware\ErrorHandler
Zend\Expressive\Middleware\LazyLoadingMiddleware
Zend\Expressive\Helper\ServerUrlMiddleware
Zend\Expressive\Middleware\LazyLoadingMiddleware
Zend\Expressive\Session\SessionMiddleware
Zend\Expressive\Middleware\LazyLoadingMiddleware
Amazium\Kernel\Application\Context\ApplicationContextMiddleware
Zend\Expressive\Middleware\LazyLoadingMiddleware
Zend\Expressive\Router\Middleware\RouteMiddleware
Zend\Expressive\Middleware\LazyLoadingMiddleware
Zend\Expressive\Router\Middleware\ImplicitHeadMiddleware
Zend\Expressive\Middleware\LazyLoadingMiddleware
Zend\Expressive\Router\Middleware\ImplicitOptionsMiddleware
Zend\Expressive\Middleware\LazyLoadingMiddleware
Zend\Expressive\Router\Middleware\MethodNotAllowedMiddleware
Zend\Expressive\Middleware\LazyLoadingMiddleware
Zend\Expressive\Helper\UrlHelperMiddleware
Zend\Expressive\Middleware\LazyLoadingMiddleware
Zend\Expressive\Router\Middleware\DispatchMiddleware
Zend\Expressive\Middleware\LazyLoadingMiddleware
Amazium\SampleApp\UI\Web\Page\Address\Show
Zend\Expressive\Middleware\LazyLoadingMiddleware
Zend\Stratigility\Middleware\ErrorHandler
Zend\Expressive\Middleware\LazyLoadingMiddleware
Zend\Expressive\Helper\ServerUrlMiddleware
Zend\Expressive\Middleware\LazyLoadingMiddleware
Zend\Expressive\Session\SessionMiddleware
Zend\Expressive\Middleware\LazyLoadingMiddleware
Amazium\Kernel\Application\Context\ApplicationContextMiddleware
Zend\Expressive\Middleware\LazyLoadingMiddleware
Zend\Expressive\Router\Middleware\RouteMiddleware
Zend\Expressive\Middleware\LazyLoadingMiddleware
Zend\Expressive\Router\Middleware\ImplicitHeadMiddleware
Zend\Expressive\Middleware\LazyLoadingMiddleware
Zend\Expressive\Router\Middleware\ImplicitOptionsMiddleware
Zend\Expressive\Middleware\LazyLoadingMiddleware
Zend\Expressive\Router\Middleware\MethodNotAllowedMiddleware
Zend\Expressive\Middleware\LazyLoadingMiddleware
Zend\Expressive\Helper\UrlHelperMiddleware
Zend\Expressive\Middleware\LazyLoadingMiddleware
Zend\Expressive\Router\Middleware\DispatchMiddleware
Zend\Expressive\Middleware\LazyLoadingMiddleware
Amazium\SampleApp\UI\Web\Page\Address\Show
Zend\Expressive\Middleware\LazyLoadingMiddleware
Zend\Stratigility\Middleware\ErrorHandler
Zend\Expressive\Middleware\LazyLoadingMiddleware
Zend\Expressive\Helper\ServerUrlMiddleware
Zend\Expressive\Middleware\LazyLoadingMiddleware
Zend\Expressive\Session\SessionMiddleware
Zend\Expressive\Middleware\LazyLoadingMiddleware
Amazium\Kernel\Application\Context\ApplicationContextMiddleware
Zend\Expressive\Middleware\LazyLoadingMiddleware
Zend\Expressive\Router\Middleware\RouteMiddleware
Zend\Expressive\Middleware\LazyLoadingMiddleware
Zend\Expressive\Router\Middleware\ImplicitHeadMiddleware
Zend\Expressive\Middleware\LazyLoadingMiddleware
Zend\Expressive\Router\Middleware\ImplicitOptionsMiddleware
Zend\Expressive\Middleware\LazyLoadingMiddleware
Zend\Expressive\Router\Middleware\MethodNotAllowedMiddleware
Zend\Expressive\Middleware\LazyLoadingMiddleware
Zend\Expressive\Helper\UrlHelperMiddleware
Zend\Expressive\Middleware\LazyLoadingMiddleware
Zend\Expressive\Router\Middleware\DispatchMiddleware
Zend\Expressive\Middleware\LazyLoadingMiddleware
Amazium\SampleApp\UI\Web\Page\Address\Show
Zend\Expressive\Middleware\LazyLoadingMiddleware
Zend\Stratigility\Middleware\ErrorHandler
Zend\Expressive\Middleware\LazyLoadingMiddleware
Zend\Expressive\Helper\ServerUrlMiddleware
Zend\Expressive\Middleware\LazyLoadingMiddleware
Zend\Expressive\Session\SessionMiddleware
Zend\Expressive\Middleware\LazyLoadingMiddleware
Amazium\Kernel\Application\Context\ApplicationContextMiddleware
Zend\Expressive\Middleware\LazyLoadingMiddleware
Zend\Expressive\Router\Middleware\RouteMiddleware
Zend\Expressive\Middleware\LazyLoadingMiddleware
Zend\Expressive\Router\Middleware\ImplicitHeadMiddleware
Zend\Expressive\Middleware\LazyLoadingMiddleware
Zend\Expressive\Router\Middleware\ImplicitOptionsMiddleware
Zend\Expressive\Middleware\LazyLoadingMiddleware
Zend\Expressive\Router\Middleware\MethodNotAllowedMiddleware
Zend\Expressive\Middleware\LazyLoadingMiddleware
Zend\Expressive\Helper\UrlHelperMiddleware
Zend\Expressive\Middleware\LazyLoadingMiddleware
Zend\Expressive\Router\Middleware\DispatchMiddleware
Zend\Expressive\Middleware\LazyLoadingMiddleware
Amazium\SampleApp\UI\Web\Page\Address\Show
Zend\Expressive\Middleware\LazyLoadingMiddleware
Zend\Stratigility\Middleware\ErrorHandler
Zend\Expressive\Middleware\LazyLoadingMiddleware
Zend\Expressive\Helper\ServerUrlMiddleware
Zend\Expressive\Middleware\LazyLoadingMiddleware
Zend\Expressive\Session\SessionMiddleware
Zend\Expressive\Middleware\LazyLoadingMiddleware
Amazium\Kernel\Application\Context\ApplicationContextMiddleware
Zend\Expressive\Middleware\LazyLoadingMiddleware
Zend\Expressive\Router\Middleware\RouteMiddleware
Zend\Expressive\Middleware\LazyLoadingMiddleware
Zend\Expressive\Router\Middleware\ImplicitHeadMiddleware
Zend\Expressive\Middleware\LazyLoadingMiddleware
Zend\Expressive\Router\Middleware\ImplicitOptionsMiddleware
Zend\Expressive\Middleware\LazyLoadingMiddleware
Zend\Expressive\Router\Middleware\MethodNotAllowedMiddleware
Zend\Expressive\Middleware\LazyLoadingMiddleware
Zend\Expressive\Helper\UrlHelperMiddleware
Zend\Expressive\Middleware\LazyLoadingMiddleware
Zend\Expressive\Router\Middleware\DispatchMiddleware
Zend\Expressive\Middleware\LazyLoadingMiddleware
Amazium\SampleApp\UI\Web\Page\Address\Show
Zend\Expressive\Middleware\LazyLoadingMiddleware
Zend\Stratigility\Middleware\ErrorHandler
Zend\Expressive\Middleware\LazyLoadingMiddleware
Zend\Expressive\Helper\ServerUrlMiddleware
Zend\Expressive\Middleware\LazyLoadingMiddleware
Zend\Expressive\Session\SessionMiddleware
Zend\Expressive\Middleware\LazyLoadingMiddleware
Amazium\Kernel\Application\Context\ApplicationContextMiddleware
Zend\Expressive\Middleware\LazyLoadingMiddleware
Zend\Expressive\Router\Middleware\RouteMiddleware
Zend\Expressive\Middleware\LazyLoadingMiddleware
Zend\Expressive\Router\Middleware\ImplicitHeadMiddleware
Zend\Expressive\Middleware\LazyLoadingMiddleware
Zend\Expressive\Router\Middleware\ImplicitOptionsMiddleware
Zend\Expressive\Middleware\LazyLoadingMiddleware
Zend\Expressive\Router\Middleware\MethodNotAllowedMiddleware
Zend\Expressive\Middleware\LazyLoadingMiddleware
Zend\Expressive\Helper\UrlHelperMiddleware
Zend\Expressive\Middleware\LazyLoadingMiddleware
Zend\Expressive\Router\Middleware\DispatchMiddleware
Zend\Expressive\Middleware\LazyLoadingMiddleware
Amazium\SampleApp\UI\Web\Page\Address\Show
Zend\Expressive\Middleware\LazyLoadingMiddleware
Zend\Stratigility\Middleware\ErrorHandler
Zend\Expressive\Middleware\LazyLoadingMiddleware
Zend\Expressive\Helper\ServerUrlMiddleware
Zend\Expressive\Middleware\LazyLoadingMiddleware
Zend\Expressive\Session\SessionMiddleware
Zend\Expressive\Middleware\LazyLoadingMiddleware
Amazium\Kernel\Application\Context\ApplicationContextMiddleware
Zend\Expressive\Middleware\LazyLoadingMiddleware
Zend\Expressive\Router\Middleware\RouteMiddleware
Zend\Expressive\Middleware\LazyLoadingMiddleware
Zend\Expressive\Router\Middleware\ImplicitHeadMiddleware
Zend\Expressive\Middleware\LazyLoadingMiddleware
Zend\Expressive\Router\Middleware\ImplicitOptionsMiddleware
Zend\Expressive\Middleware\LazyLoadingMiddleware
Zend\Expressive\Router\Middleware\MethodNotAllowedMiddleware
Zend\Expressive\Middleware\LazyLoadingMiddleware
Zend\Expressive\Helper\UrlHelperMiddleware
Zend\Expressive\Middleware\LazyLoadingMiddleware
Zend\Expressive\Router\Middleware\DispatchMiddleware
Zend\Expressive\Middleware\LazyLoadingMiddleware
Amazium\SampleApp\UI\Web\Page\Address\Index
Zend\Expressive\Middleware\LazyLoadingMiddleware
Zend\Stratigility\Middleware\ErrorHandler
Zend\Expressive\Middleware\LazyLoadingMiddleware
Zend\Expressive\Helper\ServerUrlMiddleware
Zend\Expressive\Middleware\LazyLoadingMiddleware
Zend\Expressive\Session\SessionMiddleware
Zend\Expressive\Middleware\LazyLoadingMiddleware
Amazium\Kernel\Application\Context\ApplicationContextMiddleware
Zend\Expressive\Middleware\LazyLoadingMiddleware
Zend\Expressive\Router\Middleware\RouteMiddleware
Zend\Expressive\Middleware\LazyLoadingMiddleware
Zend\Expressive\Router\Middleware\ImplicitHeadMiddleware
Zend\Expressive\Middleware\LazyLoadingMiddleware
Zend\Expressive\Router\Middleware\ImplicitOptionsMiddleware
Zend\Expressive\Middleware\LazyLoadingMiddleware
Zend\Expressive\Router\Middleware\MethodNotAllowedMiddleware
Zend\Expressive\Middleware\LazyLoadingMiddleware
Zend\Expressive\Helper\UrlHelperMiddleware
Zend\Expressive\Middleware\LazyLoadingMiddleware
Zend\Expressive\Router\Middleware\DispatchMiddleware
Zend\Expressive\Middleware\LazyLoadingMiddleware
Amazium\SampleApp\UI\Web\Page\Address\Index
Zend\Expressive\Middleware\LazyLoadingMiddleware
Zend\Stratigility\Middleware\ErrorHandler
Zend\Expressive\Middleware\LazyLoadingMiddleware
Zend\Expressive\Helper\ServerUrlMiddleware
Zend\Expressive\Middleware\LazyLoadingMiddleware
Zend\Expressive\Session\SessionMiddleware
Zend\Expressive\Middleware\LazyLoadingMiddleware
Amazium\Kernel\Application\Context\ApplicationContextMiddleware
Zend\Expressive\Middleware\LazyLoadingMiddleware
Zend\Expressive\Router\Middleware\RouteMiddleware
Zend\Expressive\Middleware\LazyLoadingMiddleware
Zend\Expressive\Router\Middleware\ImplicitHeadMiddleware
Zend\Expressive\Middleware\LazyLoadingMiddleware
Zend\Expressive\Router\Middleware\ImplicitOptionsMiddleware
Zend\Expressive\Middleware\LazyLoadingMiddleware
Zend\Expressive\Router\Middleware\MethodNotAllowedMiddleware
Zend\Expressive\Middleware\LazyLoadingMiddleware
Zend\Expressive\Helper\UrlHelperMiddleware
Zend\Expressive\Middleware\LazyLoadingMiddleware
Zend\Expressive\Router\Middleware\DispatchMiddleware
Zend\Expressive\Middleware\LazyLoadingMiddleware
Amazium\SampleApp\UI\Web\Page\Address\Index
Zend\Expressive\Middleware\LazyLoadingMiddleware
Zend\Stratigility\Middleware\ErrorHandler
Zend\Expressive\Middleware\LazyLoadingMiddleware
Zend\Expressive\Helper\ServerUrlMiddleware
Zend\Expressive\Middleware\LazyLoadingMiddleware
Zend\Expressive\Session\SessionMiddleware
Zend\Expressive\Middleware\LazyLoadingMiddleware
Amazium\Kernel\Application\Context\ApplicationContextMiddleware
Zend\Expressive\Middleware\LazyLoadingMiddleware
Zend\Expressive\Router\Middleware\RouteMiddleware
Zend\Expressive\Middleware\LazyLoadingMiddleware
Zend\Expressive\Router\Middleware\ImplicitHeadMiddleware
Zend\Expressive\Middleware\LazyLoadingMiddleware
Zend\Expressive\Router\Middleware\ImplicitOptionsMiddleware
Zend\Expressive\Middleware\LazyLoadingMiddleware
Zend\Expressive\Router\Middleware\MethodNotAllowedMiddleware
Zend\Expressive\Middleware\LazyLoadingMiddleware
Zend\Expressive\Helper\UrlHelperMiddleware
Zend\Expressive\Middleware\LazyLoadingMiddleware
Zend\Expressive\Router\Middleware\DispatchMiddleware
Zend\Expressive\Middleware\LazyLoadingMiddleware
Amazium\SampleApp\UI\Web\Page\Address\Index
Zend\Expressive\Middleware\LazyLoadingMiddleware
Zend\Stratigility\Middleware\ErrorHandler
Zend\Expressive\Middleware\LazyLoadingMiddleware
Zend\Expressive\Helper\ServerUrlMiddleware
Zend\Expressive\Middleware\LazyLoadingMiddleware
Zend\Expressive\Session\SessionMiddleware
Zend\Expressive\Middleware\LazyLoadingMiddleware
Amazium\Kernel\Application\Context\ApplicationContextMiddleware
Zend\Expressive\Middleware\LazyLoadingMiddleware
Zend\Expressive\Router\Middleware\RouteMiddleware
Zend\Expressive\Middleware\LazyLoadingMiddleware
Zend\Expressive\Router\Middleware\ImplicitHeadMiddleware
Zend\Expressive\Middleware\LazyLoadingMiddleware
Zend\Expressive\Router\Middleware\ImplicitOptionsMiddleware
Zend\Expressive\Middleware\LazyLoadingMiddleware
Zend\Expressive\Router\Middleware\MethodNotAllowedMiddleware
Zend\Expressive\Middleware\LazyLoadingMiddleware
Zend\Expressive\Helper\UrlHelperMiddleware
Zend\Expressive\Middleware\LazyLoadingMiddleware
Zend\Expressive\Router\Middleware\DispatchMiddleware
Zend\Expressive\Middleware\LazyLoadingMiddleware
Amazium\SampleApp\UI\Web\Page\Address\Index
Zend\Expressive\Middleware\LazyLoadingMiddleware
Zend\Stratigility\Middleware\ErrorHandler
Zend\Expressive\Middleware\LazyLoadingMiddleware
Zend\Expressive\Helper\ServerUrlMiddleware
Zend\Expressive\Middleware\LazyLoadingMiddleware
Zend\Expressive\Session\SessionMiddleware
Zend\Expressive\Middleware\LazyLoadingMiddleware
Amazium\Kernel\Application\Context\ApplicationContextMiddleware
Zend\Expressive\Middleware\LazyLoadingMiddleware
Zend\Expressive\Router\Middleware\RouteMiddleware
Zend\Expressive\Middleware\LazyLoadingMiddleware
Zend\Expressive\Router\Middleware\ImplicitHeadMiddleware
Zend\Expressive\Middleware\LazyLoadingMiddleware
Zend\Expressive\Router\Middleware\ImplicitOptionsMiddleware
Zend\Expressive\Middleware\LazyLoadingMiddleware
Zend\Expressive\Router\Middleware\MethodNotAllowedMiddleware
Zend\Expressive\Middleware\LazyLoadingMiddleware
Zend\Expressive\Helper\UrlHelperMiddleware
Zend\Expressive\Middleware\LazyLoadingMiddleware
Zend\Expressive\Router\Middleware\DispatchMiddleware
Zend\Expressive\Middleware\LazyLoadingMiddleware
Amazium\SampleApp\UI\Web\Page\Address\Index
Zend\Expressive\Middleware\LazyLoadingMiddleware
Zend\Stratigility\Middleware\ErrorHandler
Zend\Expressive\Middleware\LazyLoadingMiddleware
Zend\Expressive\Helper\ServerUrlMiddleware
Zend\Expressive\Middleware\LazyLoadingMiddleware
Zend\Expressive\Session\SessionMiddleware
Zend\Expressive\Middleware\LazyLoadingMiddleware
Amazium\Kernel\Application\Context\ApplicationContextMiddleware
Zend\Expressive\Middleware\LazyLoadingMiddleware
Zend\Expressive\Router\Middleware\RouteMiddleware
Zend\Expressive\Middleware\LazyLoadingMiddleware
Zend\Expressive\Router\Middleware\ImplicitHeadMiddleware
Zend\Expressive\Middleware\LazyLoadingMiddleware
Zend\Expressive\Router\Middleware\ImplicitOptionsMiddleware
Zend\Expressive\Middleware\LazyLoadingMiddleware
Zend\Expressive\Router\Middleware\MethodNotAllowedMiddleware
Zend\Expressive\Middleware\LazyLoadingMiddleware
Zend\Expressive\Helper\UrlHelperMiddleware
Zend\Expressive\Middleware\LazyLoadingMiddleware
Zend\Expressive\Router\Middleware\DispatchMiddleware
Zend\Expressive\Middleware\LazyLoadingMiddleware
Amazium\SampleApp\UI\Web\Page\Address\Index
Zend\Expressive\Middleware\LazyLoadingMiddleware
Zend\Stratigility\Middleware\ErrorHandler
Zend\Expressive\Middleware\LazyLoadingMiddleware
Zend\Expressive\Helper\ServerUrlMiddleware
Zend\Expressive\Middleware\LazyLoadingMiddleware
Zend\Expressive\Session\SessionMiddleware
Zend\Expressive\Middleware\LazyLoadingMiddleware
Amazium\Kernel\Application\Context\ApplicationContextMiddleware
Zend\Expressive\Middleware\LazyLoadingMiddleware
Zend\Expressive\Router\Middleware\RouteMiddleware
Zend\Expressive\Middleware\LazyLoadingMiddleware
Zend\Expressive\Router\Middleware\ImplicitHeadMiddleware
Zend\Expressive\Middleware\LazyLoadingMiddleware
Zend\Expressive\Router\Middleware\ImplicitOptionsMiddleware
Zend\Expressive\Middleware\LazyLoadingMiddleware
Zend\Expressive\Router\Middleware\MethodNotAllowedMiddleware
Zend\Expressive\Middleware\LazyLoadingMiddleware
Zend\Expressive\Helper\UrlHelperMiddleware
Zend\Expressive\Middleware\LazyLoadingMiddleware
Zend\Expressive\Router\Middleware\DispatchMiddleware
Zend\Expressive\Middleware\LazyLoadingMiddleware
Amazium\SampleApp\UI\Web\Page\Address\Index
Zend\Expressive\Middleware\LazyLoadingMiddleware
Zend\Stratigility\Middleware\ErrorHandler
Zend\Expressive\Middleware\LazyLoadingMiddleware
Zend\Expressive\Helper\ServerUrlMiddleware
Zend\Expressive\Middleware\LazyLoadingMiddleware
Zend\Expressive\Session\SessionMiddleware
Zend\Expressive\Middleware\LazyLoadingMiddleware
Amazium\Kernel\Application\Context\ApplicationContextMiddleware
Zend\Expressive\Middleware\LazyLoadingMiddleware
Zend\Expressive\Router\Middleware\RouteMiddleware
Zend\Expressive\Middleware\LazyLoadingMiddleware
Zend\Expressive\Router\Middleware\ImplicitHeadMiddleware
Zend\Expressive\Middleware\LazyLoadingMiddleware
Zend\Expressive\Router\Middleware\ImplicitOptionsMiddleware
Zend\Expressive\Middleware\LazyLoadingMiddleware
Zend\Expressive\Router\Middleware\MethodNotAllowedMiddleware
Zend\Expressive\Middleware\LazyLoadingMiddleware
Zend\Expressive\Helper\UrlHelperMiddleware
Zend\Expressive\Middleware\LazyLoadingMiddleware
Zend\Expressive\Router\Middleware\DispatchMiddleware
Zend\Expressive\Middleware\LazyLoadingMiddleware
Amazium\SampleApp\UI\Web\Page\Address\Index
Zend\Expressive\Middleware\LazyLoadingMiddleware
Zend\Stratigility\Middleware\ErrorHandler
Zend\Expressive\Middleware\LazyLoadingMiddleware
Zend\Expressive\Helper\ServerUrlMiddleware
Zend\Expressive\Middleware\LazyLoadingMiddleware
Zend\Expressive\Session\SessionMiddleware
Zend\Expressive\Middleware\LazyLoadingMiddleware
Amazium\Kernel\Application\Context\ApplicationContextMiddleware
Zend\Expressive\Middleware\LazyLoadingMiddleware
Zend\Expressive\Router\Middleware\RouteMiddleware
Zend\Expressive\Middleware\LazyLoadingMiddleware
Zend\Expressive\Router\Middleware\ImplicitHeadMiddleware
Zend\Expressive\Middleware\LazyLoadingMiddleware
Zend\Expressive\Router\Middleware\ImplicitOptionsMiddleware
Zend\Expressive\Middleware\LazyLoadingMiddleware
Zend\Expressive\Router\Middleware\MethodNotAllowedMiddleware
Zend\Expressive\Middleware\LazyLoadingMiddleware
Zend\Expressive\Helper\UrlHelperMiddleware
Zend\Expressive\Middleware\LazyLoadingMiddleware
Zend\Expressive\Router\Middleware\DispatchMiddleware
Zend\Expressive\Middleware\LazyLoadingMiddleware
Amazium\SampleApp\UI\Web\Page\Address\Index
Zend\Expressive\Middleware\LazyLoadingMiddleware
Zend\Stratigility\Middleware\ErrorHandler
Zend\Expressive\Middleware\LazyLoadingMiddleware
Zend\Expressive\Helper\ServerUrlMiddleware
Zend\Expressive\Middleware\LazyLoadingMiddleware
Zend\Expressive\Session\SessionMiddleware
Zend\Expressive\Middleware\LazyLoadingMiddleware
Amazium\Kernel\Application\Context\ApplicationContextMiddleware
Zend\Expressive\Middleware\LazyLoadingMiddleware
Zend\Expressive\Router\Middleware\RouteMiddleware
Zend\Expressive\Middleware\LazyLoadingMiddleware
Zend\Expressive\Router\Middleware\ImplicitHeadMiddleware
Zend\Expressive\Middleware\LazyLoadingMiddleware
Zend\Expressive\Router\Middleware\ImplicitOptionsMiddleware
Zend\Expressive\Middleware\LazyLoadingMiddleware
Zend\Expressive\Router\Middleware\MethodNotAllowedMiddleware
Zend\Expressive\Middleware\LazyLoadingMiddleware
Zend\Expressive\Helper\UrlHelperMiddleware
Zend\Expressive\Middleware\LazyLoadingMiddleware
Zend\Expressive\Router\Middleware\DispatchMiddleware
Zend\Expressive\Middleware\LazyLoadingMiddleware
Amazium\SampleApp\UI\Web\Page\Address\Index
Zend\Expressive\Middleware\LazyLoadingMiddleware
Zend\Stratigility\Middleware\ErrorHandler
Zend\Expressive\Middleware\LazyLoadingMiddleware
Zend\Expressive\Helper\ServerUrlMiddleware
Zend\Expressive\Middleware\LazyLoadingMiddleware
Zend\Expressive\Session\SessionMiddleware
Zend\Expressive\Middleware\LazyLoadingMiddleware
Amazium\Kernel\Application\Context\ApplicationContextMiddleware
Zend\Expressive\Middleware\LazyLoadingMiddleware
Zend\Expressive\Router\Middleware\RouteMiddleware
Zend\Expressive\Middleware\LazyLoadingMiddleware
Zend\Expressive\Router\Middleware\ImplicitHeadMiddleware
Zend\Expressive\Middleware\LazyLoadingMiddleware
Zend\Expressive\Router\Middleware\ImplicitOptionsMiddleware
Zend\Expressive\Middleware\LazyLoadingMiddleware
Zend\Expressive\Router\Middleware\MethodNotAllowedMiddleware
Zend\Expressive\Middleware\LazyLoadingMiddleware
Zend\Expressive\Helper\UrlHelperMiddleware
Zend\Expressive\Middleware\LazyLoadingMiddleware
Zend\Expressive\Router\Middleware\DispatchMiddleware
Zend\Expressive\Middleware\LazyLoadingMiddleware
Amazium\SampleApp\UI\Web\Page\Address\Show
Zend\Expressive\Middleware\LazyLoadingMiddleware
Zend\Stratigility\Middleware\ErrorHandler
Zend\Expressive\Middleware\LazyLoadingMiddleware
Zend\Expressive\Helper\ServerUrlMiddleware
Zend\Expressive\Middleware\LazyLoadingMiddleware
Zend\Expressive\Session\SessionMiddleware
Zend\Expressive\Middleware\LazyLoadingMiddleware
Amazium\Kernel\Application\Context\ApplicationContextMiddleware
Zend\Expressive\Middleware\LazyLoadingMiddleware
Zend\Expressive\Router\Middleware\RouteMiddleware
Zend\Expressive\Middleware\LazyLoadingMiddleware
Zend\Expressive\Router\Middleware\ImplicitHeadMiddleware
Zend\Expressive\Middleware\LazyLoadingMiddleware
Zend\Expressive\Router\Middleware\ImplicitOptionsMiddleware
Zend\Expressive\Middleware\LazyLoadingMiddleware
Zend\Expressive\Router\Middleware\MethodNotAllowedMiddleware
Zend\Expressive\Middleware\LazyLoadingMiddleware
Zend\Expressive\Helper\UrlHelperMiddleware
Zend\Expressive\Middleware\LazyLoadingMiddleware
Zend\Expressive\Router\Middleware\DispatchMiddleware
Zend\Expressive\Middleware\LazyLoadingMiddleware
Amazium\SampleApp\UI\Web\Page\Address\Index
Zend\Expressive\Middleware\LazyLoadingMiddleware
Zend\Stratigility\Middleware\ErrorHandler
Zend\Expressive\Middleware\LazyLoadingMiddleware
Zend\Expressive\Helper\ServerUrlMiddleware
Zend\Expressive\Middleware\LazyLoadingMiddleware
Zend\Expressive\Session\SessionMiddleware
Zend\Expressive\Middleware\LazyLoadingMiddleware
Amazium\Kernel\Application\Context\ApplicationContextMiddleware
Zend\Expressive\Middleware\LazyLoadingMiddleware
Zend\Expressive\Router\Middleware\RouteMiddleware
Zend\Expressive\Middleware\LazyLoadingMiddleware
Zend\Expressive\Router\Middleware\ImplicitHeadMiddleware
Zend\Expressive\Middleware\LazyLoadingMiddleware
Zend\Expressive\Router\Middleware\ImplicitOptionsMiddleware
Zend\Expressive\Middleware\LazyLoadingMiddleware
Zend\Expressive\Router\Middleware\MethodNotAllowedMiddleware
Zend\Expressive\Middleware\LazyLoadingMiddleware
Zend\Expressive\Helper\UrlHelperMiddleware
Zend\Expressive\Middleware\LazyLoadingMiddleware
Zend\Expressive\Router\Middleware\DispatchMiddleware
Zend\Expressive\Middleware\LazyLoadingMiddleware
Amazium\SampleApp\UI\Web\Page\Address\Index
Zend\Expressive\Middleware\LazyLoadingMiddleware
Zend\Stratigility\Middleware\ErrorHandler
Zend\Expressive\Middleware\LazyLoadingMiddleware
Zend\Expressive\Helper\ServerUrlMiddleware
Zend\Expressive\Middleware\LazyLoadingMiddleware
Zend\Expressive\Session\SessionMiddleware
Zend\Expressive\Middleware\LazyLoadingMiddleware
Amazium\Kernel\Application\Context\ApplicationContextMiddleware
Zend\Expressive\Middleware\LazyLoadingMiddleware
Zend\Expressive\Router\Middleware\RouteMiddleware
Zend\Expressive\Middleware\LazyLoadingMiddleware
Zend\Expressive\Router\Middleware\ImplicitHeadMiddleware
Zend\Expressive\Middleware\LazyLoadingMiddleware
Zend\Expressive\Router\Middleware\ImplicitOptionsMiddleware
Zend\Expressive\Middleware\LazyLoadingMiddleware
Zend\Expressive\Router\Middleware\MethodNotAllowedMiddleware
Zend\Expressive\Middleware\LazyLoadingMiddleware
Zend\Expressive\Helper\UrlHelperMiddleware
Zend\Expressive\Middleware\LazyLoadingMiddleware
Zend\Expressive\Router\Middleware\DispatchMiddleware
Zend\Expressive\Middleware\LazyLoadingMiddleware
Amazium\SampleApp\UI\Web\Page\Address\Index
Zend\Expressive\Middleware\LazyLoadingMiddleware
Zend\Stratigility\Middleware\ErrorHandler
Zend\Expressive\Middleware\LazyLoadingMiddleware
Zend\Expressive\Helper\ServerUrlMiddleware
Zend\Expressive\Middleware\LazyLoadingMiddleware
Zend\Expressive\Session\SessionMiddleware
Zend\Expressive\Middleware\LazyLoadingMiddleware
Amazium\Kernel\Application\Context\ApplicationContextMiddleware
Zend\Expressive\Middleware\LazyLoadingMiddleware
Zend\Expressive\Router\Middleware\RouteMiddleware
Zend\Expressive\Middleware\LazyLoadingMiddleware
Zend\Expressive\Router\Middleware\ImplicitHeadMiddleware
Zend\Expressive\Middleware\LazyLoadingMiddleware
Zend\Expressive\Router\Middleware\ImplicitOptionsMiddleware
Zend\Expressive\Middleware\LazyLoadingMiddleware
Zend\Expressive\Router\Middleware\MethodNotAllowedMiddleware
Zend\Expressive\Middleware\LazyLoadingMiddleware
Zend\Expressive\Helper\UrlHelperMiddleware
Zend\Expressive\Middleware\LazyLoadingMiddleware
Zend\Expressive\Router\Middleware\DispatchMiddleware
Zend\Expressive\Middleware\LazyLoadingMiddleware
Amazium\SampleApp\UI\Web\Page\Address\Index
Zend\Expressive\Middleware\LazyLoadingMiddleware
Zend\Stratigility\Middleware\ErrorHandler
Zend\Expressive\Middleware\LazyLoadingMiddleware
Zend\Expressive\Helper\ServerUrlMiddleware
Zend\Expressive\Middleware\LazyLoadingMiddleware
Zend\Expressive\Session\SessionMiddleware
Zend\Expressive\Middleware\LazyLoadingMiddleware
Amazium\Kernel\Application\Context\ApplicationContextMiddleware
Zend\Expressive\Middleware\LazyLoadingMiddleware
Zend\Expressive\Router\Middleware\RouteMiddleware
Zend\Expressive\Middleware\LazyLoadingMiddleware
Zend\Expressive\Router\Middleware\ImplicitHeadMiddleware
Zend\Expressive\Middleware\LazyLoadingMiddleware
Zend\Expressive\Router\Middleware\ImplicitOptionsMiddleware
Zend\Expressive\Middleware\LazyLoadingMiddleware
Zend\Expressive\Router\Middleware\MethodNotAllowedMiddleware
Zend\Expressive\Middleware\LazyLoadingMiddleware
Zend\Expressive\Helper\UrlHelperMiddleware
Zend\Expressive\Middleware\LazyLoadingMiddleware
Zend\Expressive\Router\Middleware\DispatchMiddleware
Zend\Expressive\Middleware\LazyLoadingMiddleware
Amazium\SampleApp\UI\Web\Page\Address\Index
Zend\Expressive\Middleware\LazyLoadingMiddleware
Zend\Stratigility\Middleware\ErrorHandler
Zend\Expressive\Middleware\LazyLoadingMiddleware
Zend\Expressive\Helper\ServerUrlMiddleware
Zend\Expressive\Middleware\LazyLoadingMiddleware
Zend\Expressive\Session\SessionMiddleware
Zend\Expressive\Middleware\LazyLoadingMiddleware
Amazium\Kernel\Application\Context\ApplicationContextMiddleware
Zend\Expressive\Middleware\LazyLoadingMiddleware
Zend\Expressive\Router\Middleware\RouteMiddleware
Zend\Expressive\Middleware\LazyLoadingMiddleware
Zend\Expressive\Router\Middleware\ImplicitHeadMiddleware
Zend\Expressive\Middleware\LazyLoadingMiddleware
Zend\Expressive\Router\Middleware\ImplicitOptionsMiddleware
Zend\Expressive\Middleware\LazyLoadingMiddleware
Zend\Expressive\Router\Middleware\MethodNotAllowedMiddleware
Zend\Expressive\Middleware\LazyLoadingMiddleware
Zend\Expressive\Helper\UrlHelperMiddleware
Zend\Expressive\Middleware\LazyLoadingMiddleware
Zend\Expressive\Router\Middleware\DispatchMiddleware
Zend\Expressive\Middleware\LazyLoadingMiddleware
Amazium\SampleApp\UI\Web\Page\Address\Index
Zend\Expressive\Middleware\LazyLoadingMiddleware
Zend\Stratigility\Middleware\ErrorHandler
Zend\Expressive\Middleware\LazyLoadingMiddleware
Zend\Expressive\Helper\ServerUrlMiddleware
Zend\Expressive\Middleware\LazyLoadingMiddleware
Zend\Expressive\Session\SessionMiddleware
Zend\Expressive\Middleware\LazyLoadingMiddleware
Amazium\Kernel\Application\Context\ApplicationContextMiddleware
Zend\Expressive\Middleware\LazyLoadingMiddleware
Zend\Expressive\Router\Middleware\RouteMiddleware
Zend\Expressive\Middleware\LazyLoadingMiddleware
Zend\Expressive\Router\Middleware\ImplicitHeadMiddleware
Zend\Expressive\Middleware\LazyLoadingMiddleware
Zend\Expressive\Router\Middleware\ImplicitOptionsMiddleware
Zend\Expressive\Middleware\LazyLoadingMiddleware
Zend\Expressive\Router\Middleware\MethodNotAllowedMiddleware
Zend\Expressive\Middleware\LazyLoadingMiddleware
Zend\Expressive\Helper\UrlHelperMiddleware
Zend\Expressive\Middleware\LazyLoadingMiddleware
Zend\Expressive\Router\Middleware\DispatchMiddleware
Zend\Expressive\Middleware\LazyLoadingMiddleware
Amazium\SampleApp\UI\Web\Page\Address\Index
Zend\Expressive\Middleware\LazyLoadingMiddleware
Zend\Stratigility\Middleware\ErrorHandler
Zend\Expressive\Middleware\LazyLoadingMiddleware
Zend\Expressive\Helper\ServerUrlMiddleware
Zend\Expressive\Middleware\LazyLoadingMiddleware
Zend\Expressive\Session\SessionMiddleware
Zend\Expressive\Middleware\LazyLoadingMiddleware
Amazium\Kernel\Application\Context\ApplicationContextMiddleware
Zend\Expressive\Middleware\LazyLoadingMiddleware
Zend\Expressive\Router\Middleware\RouteMiddleware
Zend\Expressive\Middleware\LazyLoadingMiddleware
Zend\Expressive\Router\Middleware\ImplicitHeadMiddleware
Zend\Expressive\Middleware\LazyLoadingMiddleware
Zend\Expressive\Router\Middleware\ImplicitOptionsMiddleware
Zend\Expressive\Middleware\LazyLoadingMiddleware
Zend\Expressive\Router\Middleware\MethodNotAllowedMiddleware
Zend\Expressive\Middleware\LazyLoadingMiddleware
Zend\Expressive\Helper\UrlHelperMiddleware
Zend\Expressive\Middleware\LazyLoadingMiddleware
Zend\Expressive\Router\Middleware\DispatchMiddleware
Zend\Expressive\Middleware\LazyLoadingMiddleware
Amazium\SampleApp\UI\Web\Page\Address\Index
Zend\Expressive\Middleware\LazyLoadingMiddleware
Zend\Stratigility\Middleware\ErrorHandler
Zend\Expressive\Middleware\LazyLoadingMiddleware
Zend\Expressive\Helper\ServerUrlMiddleware
Zend\Expressive\Middleware\LazyLoadingMiddleware
Zend\Expressive\Session\SessionMiddleware
Zend\Expressive\Middleware\LazyLoadingMiddleware
Amazium\Kernel\Application\Context\ApplicationContextMiddleware
Zend\Expressive\Middleware\LazyLoadingMiddleware
Zend\Expressive\Router\Middleware\RouteMiddleware
Zend\Expressive\Middleware\LazyLoadingMiddleware
Zend\Expressive\Router\Middleware\ImplicitHeadMiddleware
Zend\Expressive\Middleware\LazyLoadingMiddleware
Zend\Expressive\Router\Middleware\ImplicitOptionsMiddleware
Zend\Expressive\Middleware\LazyLoadingMiddleware
Zend\Expressive\Router\Middleware\MethodNotAllowedMiddleware
Zend\Expressive\Middleware\LazyLoadingMiddleware
Zend\Expressive\Helper\UrlHelperMiddleware
Zend\Expressive\Middleware\LazyLoadingMiddleware
Zend\Expressive\Router\Middleware\DispatchMiddleware
Zend\Expressive\Middleware\LazyLoadingMiddleware
Amazium\SampleApp\UI\Web\Page\Address\Index
Zend\Expressive\Middleware\LazyLoadingMiddleware
Zend\Stratigility\Middleware\ErrorHandler
Zend\Expressive\Middleware\LazyLoadingMiddleware
Zend\Expressive\Helper\ServerUrlMiddleware
Zend\Expressive\Middleware\LazyLoadingMiddleware
Zend\Expressive\Session\SessionMiddleware
Zend\Expressive\Middleware\LazyLoadingMiddleware
Amazium\Kernel\Application\Context\ApplicationContextMiddleware
Zend\Expressive\Middleware\LazyLoadingMiddleware
Zend\Expressive\Router\Middleware\RouteMiddleware
Zend\Expressive\Middleware\LazyLoadingMiddleware
Zend\Expressive\Router\Middleware\ImplicitHeadMiddleware
Zend\Expressive\Middleware\LazyLoadingMiddleware
Zend\Expressive\Router\Middleware\ImplicitOptionsMiddleware
Zend\Expressive\Middleware\LazyLoadingMiddleware
Zend\Expressive\Router\Middleware\MethodNotAllowedMiddleware
Zend\Expressive\Middleware\LazyLoadingMiddleware
Zend\Expressive\Helper\UrlHelperMiddleware
Zend\Expressive\Middleware\LazyLoadingMiddleware
Zend\Expressive\Router\Middleware\DispatchMiddleware
Zend\Expressive\Middleware\LazyLoadingMiddleware
Amazium\SampleApp\UI\Web\Page\Address\Index
Zend\Expressive\Middleware\LazyLoadingMiddleware
Zend\Stratigility\Middleware\ErrorHandler
Zend\Expressive\Middleware\LazyLoadingMiddleware
Zend\Expressive\Helper\ServerUrlMiddleware
Zend\Expressive\Middleware\LazyLoadingMiddleware
Zend\Expressive\Session\SessionMiddleware
Zend\Expressive\Middleware\LazyLoadingMiddleware
Amazium\Kernel\Application\Context\ApplicationContextMiddleware
Zend\Expressive\Middleware\LazyLoadingMiddleware
Zend\Expressive\Router\Middleware\RouteMiddleware
Zend\Expressive\Middleware\LazyLoadingMiddleware
Zend\Expressive\Router\Middleware\ImplicitHeadMiddleware
Zend\Expressive\Middleware\LazyLoadingMiddleware
Zend\Expressive\Router\Middleware\ImplicitOptionsMiddleware
Zend\Expressive\Middleware\LazyLoadingMiddleware
Zend\Expressive\Router\Middleware\MethodNotAllowedMiddleware
Zend\Expressive\Middleware\LazyLoadingMiddleware
Zend\Expressive\Helper\UrlHelperMiddleware
Zend\Expressive\Middleware\LazyLoadingMiddleware
Zend\Expressive\Router\Middleware\DispatchMiddleware
Zend\Expressive\Middleware\LazyLoadingMiddleware
Amazium\SampleApp\UI\Web\Page\Address\Index
Zend\Expressive\Middleware\LazyLoadingMiddleware
Zend\Stratigility\Middleware\ErrorHandler
Zend\Expressive\Middleware\LazyLoadingMiddleware
Zend\Expressive\Helper\ServerUrlMiddleware
Zend\Expressive\Middleware\LazyLoadingMiddleware
Zend\Expressive\Session\SessionMiddleware
Zend\Expressive\Middleware\LazyLoadingMiddleware
Amazium\Kernel\Application\Context\ApplicationContextMiddleware
Zend\Expressive\Middleware\LazyLoadingMiddleware
Zend\Expressive\Router\Middleware\RouteMiddleware
Zend\Expressive\Middleware\LazyLoadingMiddleware
Zend\Expressive\Router\Middleware\ImplicitHeadMiddleware
Zend\Expressive\Middleware\LazyLoadingMiddleware
Zend\Expressive\Router\Middleware\ImplicitOptionsMiddleware
Zend\Expressive\Middleware\LazyLoadingMiddleware
Zend\Expressive\Router\Middleware\MethodNotAllowedMiddleware
Zend\Expressive\Middleware\LazyLoadingMiddleware
Zend\Expressive\Helper\UrlHelperMiddleware
Zend\Expressive\Middleware\LazyLoadingMiddleware
Zend\Expressive\Router\Middleware\DispatchMiddleware
Zend\Expressive\Middleware\LazyLoadingMiddleware
Amazium\SampleApp\UI\Web\Page\Address\Index
Zend\Expressive\Middleware\LazyLoadingMiddleware
Zend\Stratigility\Middleware\ErrorHandler
Zend\Expressive\Middleware\LazyLoadingMiddleware
Zend\Expressive\Helper\ServerUrlMiddleware
Zend\Expressive\Middleware\LazyLoadingMiddleware
Zend\Expressive\Session\SessionMiddleware
Zend\Expressive\Middleware\LazyLoadingMiddleware
Amazium\Kernel\Application\Context\ApplicationContextMiddleware
Zend\Expressive\Middleware\LazyLoadingMiddleware
Zend\Expressive\Router\Middleware\RouteMiddleware
Zend\Expressive\Middleware\LazyLoadingMiddleware
Zend\Expressive\Router\Middleware\ImplicitHeadMiddleware
Zend\Expressive\Middleware\LazyLoadingMiddleware
Zend\Expressive\Router\Middleware\ImplicitOptionsMiddleware
Zend\Expressive\Middleware\LazyLoadingMiddleware
Zend\Expressive\Router\Middleware\MethodNotAllowedMiddleware
Zend\Expressive\Middleware\LazyLoadingMiddleware
Zend\Expressive\Helper\UrlHelperMiddleware
Zend\Expressive\Middleware\LazyLoadingMiddleware
Zend\Expressive\Router\Middleware\DispatchMiddleware
Zend\Expressive\Middleware\LazyLoadingMiddleware
Amazium\SampleApp\UI\Web\Page\Address\Index
Zend\Expressive\Middleware\LazyLoadingMiddleware
Zend\Stratigility\Middleware\ErrorHandler
Zend\Expressive\Middleware\LazyLoadingMiddleware
Zend\Expressive\Helper\ServerUrlMiddleware
Zend\Expressive\Middleware\LazyLoadingMiddleware
Zend\Expressive\Session\SessionMiddleware
Zend\Expressive\Middleware\LazyLoadingMiddleware
Amazium\Kernel\Application\Context\ApplicationContextMiddleware
Zend\Expressive\Middleware\LazyLoadingMiddleware
Zend\Expressive\Router\Middleware\RouteMiddleware
Zend\Expressive\Middleware\LazyLoadingMiddleware
Zend\Expressive\Router\Middleware\ImplicitHeadMiddleware
Zend\Expressive\Middleware\LazyLoadingMiddleware
Zend\Expressive\Router\Middleware\ImplicitOptionsMiddleware
Zend\Expressive\Middleware\LazyLoadingMiddleware
Zend\Expressive\Router\Middleware\MethodNotAllowedMiddleware
Zend\Expressive\Middleware\LazyLoadingMiddleware
Zend\Expressive\Helper\UrlHelperMiddleware
Zend\Expressive\Middleware\LazyLoadingMiddleware
Zend\Expressive\Router\Middleware\DispatchMiddleware
Zend\Expressive\Middleware\LazyLoadingMiddleware
Amazium\SampleApp\UI\Web\Page\Address\Index
Zend\Expressive\Middleware\LazyLoadingMiddleware
Zend\Stratigility\Middleware\ErrorHandler
Zend\Expressive\Middleware\LazyLoadingMiddleware
Zend\Expressive\Helper\ServerUrlMiddleware
Zend\Expressive\Middleware\LazyLoadingMiddleware
Zend\Expressive\Session\SessionMiddleware
Zend\Expressive\Middleware\LazyLoadingMiddleware
Amazium\Kernel\Application\Context\ApplicationContextMiddleware
Zend\Expressive\Middleware\LazyLoadingMiddleware
Zend\Expressive\Router\Middleware\RouteMiddleware
Zend\Expressive\Middleware\LazyLoadingMiddleware
Zend\Expressive\Router\Middleware\ImplicitHeadMiddleware
Zend\Expressive\Middleware\LazyLoadingMiddleware
Zend\Expressive\Router\Middleware\ImplicitOptionsMiddleware
Zend\Expressive\Middleware\LazyLoadingMiddleware
Zend\Expressive\Router\Middleware\MethodNotAllowedMiddleware
Zend\Expressive\Middleware\LazyLoadingMiddleware
Zend\Expressive\Helper\UrlHelperMiddleware
Zend\Expressive\Middleware\LazyLoadingMiddleware
Zend\Expressive\Router\Middleware\DispatchMiddleware
Zend\Expressive\Middleware\LazyLoadingMiddleware
Amazium\SampleApp\UI\Web\Page\Phone\Index
Zend\Expressive\Middleware\LazyLoadingMiddleware
Zend\Stratigility\Middleware\ErrorHandler
Zend\Expressive\Middleware\LazyLoadingMiddleware
Zend\Expressive\Helper\ServerUrlMiddleware
Zend\Expressive\Middleware\LazyLoadingMiddleware
Zend\Expressive\Session\SessionMiddleware
Zend\Expressive\Middleware\LazyLoadingMiddleware
Amazium\Kernel\Application\Context\ApplicationContextMiddleware
Zend\Expressive\Middleware\LazyLoadingMiddleware
Zend\Expressive\Router\Middleware\RouteMiddleware
Zend\Expressive\Middleware\LazyLoadingMiddleware
Zend\Expressive\Router\Middleware\ImplicitHeadMiddleware
Zend\Expressive\Middleware\LazyLoadingMiddleware
Zend\Expressive\Router\Middleware\ImplicitOptionsMiddleware
Zend\Expressive\Middleware\LazyLoadingMiddleware
Zend\Expressive\Router\Middleware\MethodNotAllowedMiddleware
Zend\Expressive\Middleware\LazyLoadingMiddleware
Zend\Expressive\Helper\UrlHelperMiddleware
Zend\Expressive\Middleware\LazyLoadingMiddleware
Zend\Expressive\Router\Middleware\DispatchMiddleware
Zend\Expressive\Middleware\LazyLoadingMiddleware
Amazium\SampleApp\UI\Web\Page\Phone\Index
Zend\Expressive\Middleware\LazyLoadingMiddleware
Zend\Stratigility\Middleware\ErrorHandler
Zend\Expressive\Middleware\LazyLoadingMiddleware
Zend\Expressive\Helper\ServerUrlMiddleware
Zend\Expressive\Middleware\LazyLoadingMiddleware
Zend\Expressive\Session\SessionMiddleware
Zend\Expressive\Middleware\LazyLoadingMiddleware
Amazium\Kernel\Application\Context\ApplicationContextMiddleware
Zend\Expressive\Middleware\LazyLoadingMiddleware
Zend\Expressive\Router\Middleware\RouteMiddleware
Zend\Expressive\Middleware\LazyLoadingMiddleware
Zend\Expressive\Router\Middleware\ImplicitHeadMiddleware
Zend\Expressive\Middleware\LazyLoadingMiddleware
Zend\Expressive\Router\Middleware\ImplicitOptionsMiddleware
Zend\Expressive\Middleware\LazyLoadingMiddleware
Zend\Expressive\Router\Middleware\MethodNotAllowedMiddleware
Zend\Expressive\Middleware\LazyLoadingMiddleware
Zend\Expressive\Helper\UrlHelperMiddleware
Zend\Expressive\Middleware\LazyLoadingMiddleware
Zend\Expressive\Router\Middleware\DispatchMiddleware
Zend\Expressive\Middleware\LazyLoadingMiddleware
Amazium\SampleApp\UI\Web\Page\Phone\Index
Zend\Expressive\Middleware\LazyLoadingMiddleware
Zend\Stratigility\Middleware\ErrorHandler
Zend\Expressive\Middleware\LazyLoadingMiddleware
Zend\Expressive\Helper\ServerUrlMiddleware
Zend\Expressive\Middleware\LazyLoadingMiddleware
Zend\Expressive\Session\SessionMiddleware
Zend\Expressive\Middleware\LazyLoadingMiddleware
Amazium\Kernel\Application\Context\ApplicationContextMiddleware
Zend\Expressive\Middleware\LazyLoadingMiddleware
Zend\Expressive\Router\Middleware\RouteMiddleware
Zend\Expressive\Middleware\LazyLoadingMiddleware
Zend\Expressive\Router\Middleware\ImplicitHeadMiddleware
Zend\Expressive\Middleware\LazyLoadingMiddleware
Zend\Expressive\Router\Middleware\ImplicitOptionsMiddleware
Zend\Expressive\Middleware\LazyLoadingMiddleware
Zend\Expressive\Router\Middleware\MethodNotAllowedMiddleware
Zend\Expressive\Middleware\LazyLoadingMiddleware
Zend\Expressive\Helper\UrlHelperMiddleware
Zend\Expressive\Middleware\LazyLoadingMiddleware
Zend\Expressive\Router\Middleware\DispatchMiddleware
Zend\Expressive\Middleware\LazyLoadingMiddleware
Amazium\SampleApp\UI\Web\Page\Phone\Index
Zend\Expressive\Middleware\LazyLoadingMiddleware
Zend\Stratigility\Middleware\ErrorHandler
Zend\Expressive\Middleware\LazyLoadingMiddleware
Zend\Expressive\Helper\ServerUrlMiddleware
Zend\Expressive\Middleware\LazyLoadingMiddleware
Zend\Expressive\Session\SessionMiddleware
Zend\Expressive\Middleware\LazyLoadingMiddleware
Amazium\Kernel\Application\Context\ApplicationContextMiddleware
Zend\Expressive\Middleware\LazyLoadingMiddleware
Zend\Expressive\Router\Middleware\RouteMiddleware
Zend\Expressive\Middleware\LazyLoadingMiddleware
Zend\Expressive\Router\Middleware\ImplicitHeadMiddleware
Zend\Expressive\Middleware\LazyLoadingMiddleware
Zend\Expressive\Router\Middleware\ImplicitOptionsMiddleware
Zend\Expressive\Middleware\LazyLoadingMiddleware
Zend\Expressive\Router\Middleware\MethodNotAllowedMiddleware
Zend\Expressive\Middleware\LazyLoadingMiddleware
Zend\Expressive\Helper\UrlHelperMiddleware
Zend\Expressive\Middleware\LazyLoadingMiddleware
Zend\Expressive\Router\Middleware\DispatchMiddleware
Zend\Expressive\Middleware\LazyLoadingMiddleware
Amazium\SampleApp\UI\Web\Page\Phone\Index
Zend\Expressive\Middleware\LazyLoadingMiddleware
Zend\Stratigility\Middleware\ErrorHandler
Zend\Expressive\Middleware\LazyLoadingMiddleware
Zend\Expressive\Helper\ServerUrlMiddleware
Zend\Expressive\Middleware\LazyLoadingMiddleware
Zend\Expressive\Session\SessionMiddleware
Zend\Expressive\Middleware\LazyLoadingMiddleware
Amazium\Kernel\Application\Context\ApplicationContextMiddleware
Zend\Expressive\Middleware\LazyLoadingMiddleware
Zend\Expressive\Router\Middleware\RouteMiddleware
Zend\Expressive\Middleware\LazyLoadingMiddleware
Zend\Expressive\Router\Middleware\ImplicitHeadMiddleware
Zend\Expressive\Middleware\LazyLoadingMiddleware
Zend\Expressive\Router\Middleware\ImplicitOptionsMiddleware
Zend\Expressive\Middleware\LazyLoadingMiddleware
Zend\Expressive\Router\Middleware\MethodNotAllowedMiddleware
Zend\Expressive\Middleware\LazyLoadingMiddleware
Zend\Expressive\Helper\UrlHelperMiddleware
Zend\Expressive\Middleware\LazyLoadingMiddleware
Zend\Expressive\Router\Middleware\DispatchMiddleware
Zend\Expressive\Middleware\LazyLoadingMiddleware
Amazium\SampleApp\UI\Web\Page\Phone\Index
Zend\Expressive\Middleware\LazyLoadingMiddleware
Zend\Stratigility\Middleware\ErrorHandler
Zend\Expressive\Middleware\LazyLoadingMiddleware
Zend\Expressive\Helper\ServerUrlMiddleware
Zend\Expressive\Middleware\LazyLoadingMiddleware
Zend\Expressive\Session\SessionMiddleware
Zend\Expressive\Middleware\LazyLoadingMiddleware
Amazium\Kernel\Application\Context\ApplicationContextMiddleware
Zend\Expressive\Middleware\LazyLoadingMiddleware
Zend\Expressive\Router\Middleware\RouteMiddleware
Zend\Expressive\Middleware\LazyLoadingMiddleware
Zend\Expressive\Router\Middleware\ImplicitHeadMiddleware
Zend\Expressive\Middleware\LazyLoadingMiddleware
Zend\Expressive\Router\Middleware\ImplicitOptionsMiddleware
Zend\Expressive\Middleware\LazyLoadingMiddleware
Zend\Expressive\Router\Middleware\MethodNotAllowedMiddleware
Zend\Expressive\Middleware\LazyLoadingMiddleware
Zend\Expressive\Helper\UrlHelperMiddleware
Zend\Expressive\Middleware\LazyLoadingMiddleware
Zend\Expressive\Router\Middleware\DispatchMiddleware
Zend\Expressive\Middleware\LazyLoadingMiddleware
Amazium\SampleApp\UI\Web\Page\Phone\Index
Zend\Expressive\Middleware\LazyLoadingMiddleware
Zend\Stratigility\Middleware\ErrorHandler
Zend\Expressive\Middleware\LazyLoadingMiddleware
Zend\Expressive\Helper\ServerUrlMiddleware
Zend\Expressive\Middleware\LazyLoadingMiddleware
Zend\Expressive\Session\SessionMiddleware
Zend\Expressive\Middleware\LazyLoadingMiddleware
Amazium\Kernel\Application\Context\ApplicationContextMiddleware
Zend\Expressive\Middleware\LazyLoadingMiddleware
Zend\Expressive\Router\Middleware\RouteMiddleware
Zend\Expressive\Middleware\LazyLoadingMiddleware
Zend\Expressive\Router\Middleware\ImplicitHeadMiddleware
Zend\Expressive\Middleware\LazyLoadingMiddleware
Zend\Expressive\Router\Middleware\ImplicitOptionsMiddleware
Zend\Expressive\Middleware\LazyLoadingMiddleware
Zend\Expressive\Router\Middleware\MethodNotAllowedMiddleware
Zend\Expressive\Middleware\LazyLoadingMiddleware
Zend\Expressive\Helper\UrlHelperMiddleware
Zend\Expressive\Middleware\LazyLoadingMiddleware
Zend\Expressive\Router\Middleware\DispatchMiddleware
Zend\Expressive\Middleware\LazyLoadingMiddleware
Amazium\SampleApp\UI\Web\Page\Phone\Index
Zend\Expressive\Middleware\LazyLoadingMiddleware
Zend\Stratigility\Middleware\ErrorHandler
Zend\Expressive\Middleware\LazyLoadingMiddleware
Zend\Expressive\Helper\ServerUrlMiddleware
Zend\Expressive\Middleware\LazyLoadingMiddleware
Zend\Expressive\Session\SessionMiddleware
Zend\Expressive\Middleware\LazyLoadingMiddleware
Amazium\Kernel\Application\Context\ApplicationContextMiddleware
Zend\Expressive\Middleware\LazyLoadingMiddleware
Zend\Expressive\Router\Middleware\RouteMiddleware
Zend\Expressive\Middleware\LazyLoadingMiddleware
Zend\Expressive\Router\Middleware\ImplicitHeadMiddleware
Zend\Expressive\Middleware\LazyLoadingMiddleware
Zend\Expressive\Router\Middleware\ImplicitOptionsMiddleware
Zend\Expressive\Middleware\LazyLoadingMiddleware
Zend\Expressive\Router\Middleware\MethodNotAllowedMiddleware
Zend\Expressive\Middleware\LazyLoadingMiddleware
Zend\Expressive\Helper\UrlHelperMiddleware
Zend\Expressive\Middleware\LazyLoadingMiddleware
Zend\Expressive\Router\Middleware\DispatchMiddleware
Zend\Expressive\Middleware\LazyLoadingMiddleware
Amazium\SampleApp\UI\Web\Page\Phone\Index
Zend\Expressive\Middleware\LazyLoadingMiddleware
Zend\Stratigility\Middleware\ErrorHandler
Zend\Expressive\Middleware\LazyLoadingMiddleware
Zend\Expressive\Helper\ServerUrlMiddleware
Zend\Expressive\Middleware\LazyLoadingMiddleware
Zend\Expressive\Session\SessionMiddleware
Zend\Expressive\Middleware\LazyLoadingMiddleware
Amazium\Kernel\Application\Context\ApplicationContextMiddleware
Zend\Expressive\Middleware\LazyLoadingMiddleware
Zend\Expressive\Router\Middleware\RouteMiddleware
Zend\Expressive\Middleware\LazyLoadingMiddleware
Zend\Expressive\Router\Middleware\ImplicitHeadMiddleware
Zend\Expressive\Middleware\LazyLoadingMiddleware
Zend\Expressive\Router\Middleware\ImplicitOptionsMiddleware
Zend\Expressive\Middleware\LazyLoadingMiddleware
Zend\Expressive\Router\Middleware\MethodNotAllowedMiddleware
Zend\Expressive\Middleware\LazyLoadingMiddleware
Zend\Expressive\Helper\UrlHelperMiddleware
Zend\Expressive\Middleware\LazyLoadingMiddleware
Zend\Expressive\Router\Middleware\DispatchMiddleware
Zend\Expressive\Middleware\LazyLoadingMiddleware
Amazium\SampleApp\UI\Web\Page\Phone\Index
Zend\Expressive\Middleware\LazyLoadingMiddleware
Zend\Stratigility\Middleware\ErrorHandler
Zend\Expressive\Middleware\LazyLoadingMiddleware
Zend\Expressive\Helper\ServerUrlMiddleware
Zend\Expressive\Middleware\LazyLoadingMiddleware
Zend\Expressive\Session\SessionMiddleware
Zend\Expressive\Middleware\LazyLoadingMiddleware
Amazium\Kernel\Application\Context\ApplicationContextMiddleware
Zend\Expressive\Middleware\LazyLoadingMiddleware
Zend\Expressive\Router\Middleware\RouteMiddleware
Zend\Expressive\Middleware\LazyLoadingMiddleware
Zend\Expressive\Router\Middleware\ImplicitHeadMiddleware
Zend\Expressive\Middleware\LazyLoadingMiddleware
Zend\Expressive\Router\Middleware\ImplicitOptionsMiddleware
Zend\Expressive\Middleware\LazyLoadingMiddleware
Zend\Expressive\Router\Middleware\MethodNotAllowedMiddleware
Zend\Expressive\Middleware\LazyLoadingMiddleware
Zend\Expressive\Helper\UrlHelperMiddleware
Zend\Expressive\Middleware\LazyLoadingMiddleware
Zend\Expressive\Router\Middleware\DispatchMiddleware
Zend\Expressive\Middleware\LazyLoadingMiddleware
Amazium\SampleApp\UI\Web\Page\Phone\Index
Zend\Expressive\Middleware\LazyLoadingMiddleware
Zend\Stratigility\Middleware\ErrorHandler
Zend\Expressive\Middleware\LazyLoadingMiddleware
Zend\Expressive\Helper\ServerUrlMiddleware
Zend\Expressive\Middleware\LazyLoadingMiddleware
Zend\Expressive\Session\SessionMiddleware
Zend\Expressive\Middleware\LazyLoadingMiddleware
Amazium\Kernel\Application\Context\ApplicationContextMiddleware
Zend\Expressive\Middleware\LazyLoadingMiddleware
Zend\Expressive\Router\Middleware\RouteMiddleware
Zend\Expressive\Middleware\LazyLoadingMiddleware
Zend\Expressive\Router\Middleware\ImplicitHeadMiddleware
Zend\Expressive\Middleware\LazyLoadingMiddleware
Zend\Expressive\Router\Middleware\ImplicitOptionsMiddleware
Zend\Expressive\Middleware\LazyLoadingMiddleware
Zend\Expressive\Router\Middleware\MethodNotAllowedMiddleware
Zend\Expressive\Middleware\LazyLoadingMiddleware
Zend\Expressive\Helper\UrlHelperMiddleware
Zend\Expressive\Middleware\LazyLoadingMiddleware
Zend\Expressive\Router\Middleware\DispatchMiddleware
Zend\Expressive\Middleware\LazyLoadingMiddleware
Amazium\SampleApp\UI\Web\Page\Phone\Show
Zend\Expressive\Middleware\LazyLoadingMiddleware
Zend\Stratigility\Middleware\ErrorHandler
Zend\Expressive\Middleware\LazyLoadingMiddleware
Zend\Expressive\Helper\ServerUrlMiddleware
Zend\Expressive\Middleware\LazyLoadingMiddleware
Zend\Expressive\Session\SessionMiddleware
Zend\Expressive\Middleware\LazyLoadingMiddleware
Amazium\Kernel\Application\Context\ApplicationContextMiddleware
Zend\Expressive\Middleware\LazyLoadingMiddleware
Zend\Expressive\Router\Middleware\RouteMiddleware
Zend\Expressive\Middleware\LazyLoadingMiddleware
Zend\Expressive\Router\Middleware\ImplicitHeadMiddleware
Zend\Expressive\Middleware\LazyLoadingMiddleware
Zend\Expressive\Router\Middleware\ImplicitOptionsMiddleware
Zend\Expressive\Middleware\LazyLoadingMiddleware
Zend\Expressive\Router\Middleware\MethodNotAllowedMiddleware
Zend\Expressive\Middleware\LazyLoadingMiddleware
Zend\Expressive\Helper\UrlHelperMiddleware
Zend\Expressive\Middleware\LazyLoadingMiddleware
Zend\Expressive\Router\Middleware\DispatchMiddleware
Zend\Expressive\Middleware\LazyLoadingMiddleware
Amazium\SampleApp\UI\Web\Page\Phone\Show
Zend\Expressive\Middleware\LazyLoadingMiddleware
Zend\Stratigility\Middleware\ErrorHandler
Zend\Expressive\Middleware\LazyLoadingMiddleware
Zend\Expressive\Helper\ServerUrlMiddleware
Zend\Expressive\Middleware\LazyLoadingMiddleware
Zend\Expressive\Session\SessionMiddleware
Zend\Expressive\Middleware\LazyLoadingMiddleware
Amazium\Kernel\Application\Context\ApplicationContextMiddleware
Zend\Expressive\Middleware\LazyLoadingMiddleware
Zend\Expressive\Router\Middleware\RouteMiddleware
Zend\Expressive\Middleware\LazyLoadingMiddleware
Zend\Expressive\Router\Middleware\ImplicitHeadMiddleware
Zend\Expressive\Middleware\LazyLoadingMiddleware
Zend\Expressive\Router\Middleware\ImplicitOptionsMiddleware
Zend\Expressive\Middleware\LazyLoadingMiddleware
Zend\Expressive\Router\Middleware\MethodNotAllowedMiddleware
Zend\Expressive\Middleware\LazyLoadingMiddleware
Zend\Expressive\Helper\UrlHelperMiddleware
Zend\Expressive\Middleware\LazyLoadingMiddleware
Zend\Expressive\Router\Middleware\DispatchMiddleware
Zend\Expressive\Middleware\LazyLoadingMiddleware
Amazium\SampleApp\UI\Web\Page\Phone\Show
Zend\Expressive\Middleware\LazyLoadingMiddleware
Zend\Stratigility\Middleware\ErrorHandler
Zend\Expressive\Middleware\LazyLoadingMiddleware
Zend\Expressive\Helper\ServerUrlMiddleware
Zend\Expressive\Middleware\LazyLoadingMiddleware
Zend\Expressive\Session\SessionMiddleware
Zend\Expressive\Middleware\LazyLoadingMiddleware
Amazium\Kernel\Application\Context\ApplicationContextMiddleware
Zend\Expressive\Middleware\LazyLoadingMiddleware
Zend\Expressive\Router\Middleware\RouteMiddleware
Zend\Expressive\Middleware\LazyLoadingMiddleware
Zend\Expressive\Router\Middleware\ImplicitHeadMiddleware
Zend\Expressive\Middleware\LazyLoadingMiddleware
Zend\Expressive\Router\Middleware\ImplicitOptionsMiddleware
Zend\Expressive\Middleware\LazyLoadingMiddleware
Zend\Expressive\Router\Middleware\MethodNotAllowedMiddleware
Zend\Expressive\Middleware\LazyLoadingMiddleware
Zend\Expressive\Helper\UrlHelperMiddleware
Zend\Expressive\Middleware\LazyLoadingMiddleware
Zend\Expressive\Router\Middleware\DispatchMiddleware
Zend\Expressive\Middleware\LazyLoadingMiddleware
Amazium\SampleApp\UI\Web\Page\Phone\Show
Zend\Expressive\Middleware\LazyLoadingMiddleware
Zend\Stratigility\Middleware\ErrorHandler
Zend\Expressive\Middleware\LazyLoadingMiddleware
Zend\Expressive\Helper\ServerUrlMiddleware
Zend\Expressive\Middleware\LazyLoadingMiddleware
Zend\Expressive\Session\SessionMiddleware
Zend\Expressive\Middleware\LazyLoadingMiddleware
Amazium\Kernel\Application\Context\ApplicationContextMiddleware
Zend\Expressive\Middleware\LazyLoadingMiddleware
Zend\Expressive\Router\Middleware\RouteMiddleware
Zend\Expressive\Middleware\LazyLoadingMiddleware
Zend\Expressive\Router\Middleware\ImplicitHeadMiddleware
Zend\Expressive\Middleware\LazyLoadingMiddleware
Zend\Expressive\Router\Middleware\ImplicitOptionsMiddleware
Zend\Expressive\Middleware\LazyLoadingMiddleware
Zend\Expressive\Router\Middleware\MethodNotAllowedMiddleware
Zend\Expressive\Middleware\LazyLoadingMiddleware
Zend\Expressive\Helper\UrlHelperMiddleware
Zend\Expressive\Middleware\LazyLoadingMiddleware
Zend\Expressive\Router\Middleware\DispatchMiddleware
Zend\Expressive\Middleware\LazyLoadingMiddleware
Amazium\SampleApp\UI\Web\Page\Phone\Show
Zend\Expressive\Middleware\LazyLoadingMiddleware
Zend\Stratigility\Middleware\ErrorHandler
Zend\Expressive\Middleware\LazyLoadingMiddleware
Zend\Expressive\Helper\ServerUrlMiddleware
Zend\Expressive\Middleware\LazyLoadingMiddleware
Zend\Expressive\Session\SessionMiddleware
Zend\Expressive\Middleware\LazyLoadingMiddleware
Amazium\Kernel\Application\Context\ApplicationContextMiddleware
Zend\Expressive\Middleware\LazyLoadingMiddleware
Zend\Expressive\Router\Middleware\RouteMiddleware
Zend\Expressive\Middleware\LazyLoadingMiddleware
Zend\Expressive\Router\Middleware\ImplicitHeadMiddleware
Zend\Expressive\Middleware\LazyLoadingMiddleware
Zend\Expressive\Router\Middleware\ImplicitOptionsMiddleware
Zend\Expressive\Middleware\LazyLoadingMiddleware
Zend\Expressive\Router\Middleware\MethodNotAllowedMiddleware
Zend\Expressive\Middleware\LazyLoadingMiddleware
Zend\Expressive\Helper\UrlHelperMiddleware
Zend\Expressive\Middleware\LazyLoadingMiddleware
Zend\Expressive\Router\Middleware\DispatchMiddleware
Zend\Expressive\Middleware\LazyLoadingMiddleware
Amazium\SampleApp\UI\Web\Page\Phone\Show
Zend\Expressive\Middleware\LazyLoadingMiddleware
Zend\Stratigility\Middleware\ErrorHandler
Zend\Expressive\Middleware\LazyLoadingMiddleware
Zend\Expressive\Helper\ServerUrlMiddleware
Zend\Expressive\Middleware\LazyLoadingMiddleware
Zend\Expressive\Session\SessionMiddleware
Zend\Expressive\Middleware\LazyLoadingMiddleware
Amazium\Kernel\Application\Context\ApplicationContextMiddleware
Zend\Expressive\Middleware\LazyLoadingMiddleware
Zend\Expressive\Router\Middleware\RouteMiddleware
Zend\Expressive\Middleware\LazyLoadingMiddleware
Zend\Expressive\Router\Middleware\ImplicitHeadMiddleware
Zend\Expressive\Middleware\LazyLoadingMiddleware
Zend\Expressive\Router\Middleware\ImplicitOptionsMiddleware
Zend\Expressive\Middleware\LazyLoadingMiddleware
Zend\Expressive\Router\Middleware\MethodNotAllowedMiddleware
Zend\Expressive\Middleware\LazyLoadingMiddleware
Zend\Expressive\Helper\UrlHelperMiddleware
Zend\Expressive\Middleware\LazyLoadingMiddleware
Zend\Expressive\Router\Middleware\DispatchMiddleware
Zend\Expressive\Middleware\LazyLoadingMiddleware
Amazium\SampleApp\UI\Web\Page\Phone\Show
Zend\Expressive\Middleware\LazyLoadingMiddleware
Zend\Stratigility\Middleware\ErrorHandler
Zend\Expressive\Middleware\LazyLoadingMiddleware
Zend\Expressive\Helper\ServerUrlMiddleware
Zend\Expressive\Middleware\LazyLoadingMiddleware
Zend\Expressive\Session\SessionMiddleware
Zend\Expressive\Middleware\LazyLoadingMiddleware
Amazium\Kernel\Application\Context\ApplicationContextMiddleware
Zend\Expressive\Middleware\LazyLoadingMiddleware
Zend\Expressive\Router\Middleware\RouteMiddleware
Zend\Expressive\Middleware\LazyLoadingMiddleware
Zend\Expressive\Router\Middleware\ImplicitHeadMiddleware
Zend\Expressive\Middleware\LazyLoadingMiddleware
Zend\Expressive\Router\Middleware\ImplicitOptionsMiddleware
Zend\Expressive\Middleware\LazyLoadingMiddleware
Zend\Expressive\Router\Middleware\MethodNotAllowedMiddleware
Zend\Expressive\Middleware\LazyLoadingMiddleware
Zend\Expressive\Helper\UrlHelperMiddleware
Zend\Expressive\Middleware\LazyLoadingMiddleware
Zend\Expressive\Router\Middleware\DispatchMiddleware
Zend\Expressive\Middleware\LazyLoadingMiddleware
Amazium\SampleApp\UI\Web\Page\Phone\Show
Zend\Expressive\Middleware\LazyLoadingMiddleware
Zend\Stratigility\Middleware\ErrorHandler
Zend\Expressive\Middleware\LazyLoadingMiddleware
Zend\Expressive\Helper\ServerUrlMiddleware
Zend\Expressive\Middleware\LazyLoadingMiddleware
Zend\Expressive\Session\SessionMiddleware
Zend\Expressive\Middleware\LazyLoadingMiddleware
Amazium\Kernel\Application\Context\ApplicationContextMiddleware
Zend\Expressive\Middleware\LazyLoadingMiddleware
Zend\Expressive\Router\Middleware\RouteMiddleware
Zend\Expressive\Middleware\LazyLoadingMiddleware
Zend\Expressive\Router\Middleware\ImplicitHeadMiddleware
Zend\Expressive\Middleware\LazyLoadingMiddleware
Zend\Expressive\Router\Middleware\ImplicitOptionsMiddleware
Zend\Expressive\Middleware\LazyLoadingMiddleware
Zend\Expressive\Router\Middleware\MethodNotAllowedMiddleware
Zend\Expressive\Middleware\LazyLoadingMiddleware
Zend\Expressive\Helper\UrlHelperMiddleware
Zend\Expressive\Middleware\LazyLoadingMiddleware
Zend\Expressive\Router\Middleware\DispatchMiddleware
Zend\Expressive\Middleware\LazyLoadingMiddleware
Amazium\SampleApp\UI\Web\Page\Phone\Show
Zend\Expressive\Middleware\LazyLoadingMiddleware
Zend\Stratigility\Middleware\ErrorHandler
Zend\Expressive\Middleware\LazyLoadingMiddleware
Zend\Expressive\Helper\ServerUrlMiddleware
Zend\Expressive\Middleware\LazyLoadingMiddleware
Zend\Expressive\Session\SessionMiddleware
Zend\Expressive\Middleware\LazyLoadingMiddleware
Amazium\Kernel\Application\Context\ApplicationContextMiddleware
Zend\Expressive\Middleware\LazyLoadingMiddleware
Zend\Expressive\Router\Middleware\RouteMiddleware
Zend\Expressive\Middleware\LazyLoadingMiddleware
Zend\Expressive\Router\Middleware\ImplicitHeadMiddleware
Zend\Expressive\Middleware\LazyLoadingMiddleware
Zend\Expressive\Router\Middleware\ImplicitOptionsMiddleware
Zend\Expressive\Middleware\LazyLoadingMiddleware
Zend\Expressive\Router\Middleware\MethodNotAllowedMiddleware
Zend\Expressive\Middleware\LazyLoadingMiddleware
Zend\Expressive\Helper\UrlHelperMiddleware
Zend\Expressive\Middleware\LazyLoadingMiddleware
Zend\Expressive\Router\Middleware\DispatchMiddleware
Zend\Expressive\Middleware\LazyLoadingMiddleware
Amazium\SampleApp\UI\Web\Page\Phone\Show
Zend\Expressive\Middleware\LazyLoadingMiddleware
Zend\Stratigility\Middleware\ErrorHandler
Zend\Expressive\Middleware\LazyLoadingMiddleware
Zend\Expressive\Helper\ServerUrlMiddleware
Zend\Expressive\Middleware\LazyLoadingMiddleware
Zend\Expressive\Session\SessionMiddleware
Zend\Expressive\Middleware\LazyLoadingMiddleware
Amazium\Kernel\Application\Context\ApplicationContextMiddleware
Zend\Expressive\Middleware\LazyLoadingMiddleware
Zend\Expressive\Router\Middleware\RouteMiddleware
Zend\Expressive\Middleware\LazyLoadingMiddleware
Zend\Expressive\Router\Middleware\ImplicitHeadMiddleware
Zend\Expressive\Middleware\LazyLoadingMiddleware
Zend\Expressive\Router\Middleware\ImplicitOptionsMiddleware
Zend\Expressive\Middleware\LazyLoadingMiddleware
Zend\Expressive\Router\Middleware\MethodNotAllowedMiddleware
Zend\Expressive\Middleware\LazyLoadingMiddleware
Zend\Expressive\Helper\UrlHelperMiddleware
Zend\Expressive\Middleware\LazyLoadingMiddleware
Zend\Expressive\Router\Middleware\DispatchMiddleware
Zend\Expressive\Middleware\LazyLoadingMiddleware
Amazium\SampleApp\UI\Web\Page\Phone\Show
Zend\Expressive\Middleware\LazyLoadingMiddleware
Zend\Stratigility\Middleware\ErrorHandler
Zend\Expressive\Middleware\LazyLoadingMiddleware
Zend\Expressive\Helper\ServerUrlMiddleware
Zend\Expressive\Middleware\LazyLoadingMiddleware
Zend\Expressive\Session\SessionMiddleware
Zend\Expressive\Middleware\LazyLoadingMiddleware
Amazium\Kernel\Application\Context\ApplicationContextMiddleware
Zend\Expressive\Middleware\LazyLoadingMiddleware
Zend\Expressive\Router\Middleware\RouteMiddleware
Zend\Expressive\Middleware\LazyLoadingMiddleware
Zend\Expressive\Router\Middleware\ImplicitHeadMiddleware
Zend\Expressive\Middleware\LazyLoadingMiddleware
Zend\Expressive\Router\Middleware\ImplicitOptionsMiddleware
Zend\Expressive\Middleware\LazyLoadingMiddleware
Zend\Expressive\Router\Middleware\MethodNotAllowedMiddleware
Zend\Expressive\Middleware\LazyLoadingMiddleware
Zend\Expressive\Helper\UrlHelperMiddleware
Zend\Expressive\Middleware\LazyLoadingMiddleware
Zend\Expressive\Router\Middleware\DispatchMiddleware
Zend\Expressive\Middleware\LazyLoadingMiddleware
Amazium\SampleApp\UI\Web\Page\Phone\Show
Zend\Expressive\Middleware\LazyLoadingMiddleware
Zend\Stratigility\Middleware\ErrorHandler
Zend\Expressive\Middleware\LazyLoadingMiddleware
Zend\Expressive\Helper\ServerUrlMiddleware
Zend\Expressive\Middleware\LazyLoadingMiddleware
Zend\Expressive\Session\SessionMiddleware
Zend\Expressive\Middleware\LazyLoadingMiddleware
Amazium\Kernel\Application\Context\ApplicationContextMiddleware
Zend\Expressive\Middleware\LazyLoadingMiddleware
Zend\Expressive\Router\Middleware\RouteMiddleware
Zend\Expressive\Middleware\LazyLoadingMiddleware
Zend\Expressive\Router\Middleware\ImplicitHeadMiddleware
Zend\Expressive\Middleware\LazyLoadingMiddleware
Zend\Expressive\Router\Middleware\ImplicitOptionsMiddleware
Zend\Expressive\Middleware\LazyLoadingMiddleware
Zend\Expressive\Router\Middleware\MethodNotAllowedMiddleware
Zend\Expressive\Middleware\LazyLoadingMiddleware
Zend\Expressive\Helper\UrlHelperMiddleware
Zend\Expressive\Middleware\LazyLoadingMiddleware
Zend\Expressive\Router\Middleware\DispatchMiddleware
Zend\Expressive\Middleware\LazyLoadingMiddleware
Amazium\SampleApp\UI\Web\Page\Phone\Index
Zend\Expressive\Middleware\LazyLoadingMiddleware
Zend\Stratigility\Middleware\ErrorHandler
Zend\Expressive\Middleware\LazyLoadingMiddleware
Zend\Expressive\Helper\ServerUrlMiddleware
Zend\Expressive\Middleware\LazyLoadingMiddleware
Zend\Expressive\Session\SessionMiddleware
Zend\Expressive\Middleware\LazyLoadingMiddleware
Amazium\Kernel\Application\Context\ApplicationContextMiddleware
Zend\Expressive\Middleware\LazyLoadingMiddleware
Zend\Expressive\Router\Middleware\RouteMiddleware
Zend\Expressive\Middleware\LazyLoadingMiddleware
Zend\Expressive\Router\Middleware\ImplicitHeadMiddleware
Zend\Expressive\Middleware\LazyLoadingMiddleware
Zend\Expressive\Router\Middleware\ImplicitOptionsMiddleware
Zend\Expressive\Middleware\LazyLoadingMiddleware
Zend\Expressive\Router\Middleware\MethodNotAllowedMiddleware
Zend\Expressive\Middleware\LazyLoadingMiddleware
Zend\Expressive\Helper\UrlHelperMiddleware
Zend\Expressive\Middleware\LazyLoadingMiddleware
Zend\Expressive\Router\Middleware\DispatchMiddleware
Zend\Expressive\Middleware\LazyLoadingMiddleware
Amazium\SampleApp\UI\Web\Page\Phone\Edit
Zend\Expressive\Middleware\LazyLoadingMiddleware
Zend\Stratigility\Middleware\ErrorHandler
Zend\Expressive\Middleware\LazyLoadingMiddleware
Zend\Expressive\Helper\ServerUrlMiddleware
Zend\Expressive\Middleware\LazyLoadingMiddleware
Zend\Expressive\Session\SessionMiddleware
Zend\Expressive\Middleware\LazyLoadingMiddleware
Amazium\Kernel\Application\Context\ApplicationContextMiddleware
Zend\Expressive\Middleware\LazyLoadingMiddleware
Zend\Expressive\Router\Middleware\RouteMiddleware
Zend\Expressive\Middleware\LazyLoadingMiddleware
Zend\Expressive\Router\Middleware\ImplicitHeadMiddleware
Zend\Expressive\Middleware\LazyLoadingMiddleware
Zend\Expressive\Router\Middleware\ImplicitOptionsMiddleware
Zend\Expressive\Middleware\LazyLoadingMiddleware
Zend\Expressive\Router\Middleware\MethodNotAllowedMiddleware
Zend\Expressive\Middleware\LazyLoadingMiddleware
Zend\Expressive\Helper\UrlHelperMiddleware
Zend\Expressive\Middleware\LazyLoadingMiddleware
Zend\Expressive\Router\Middleware\DispatchMiddleware
Zend\Expressive\Middleware\LazyLoadingMiddleware
Amazium\SampleApp\UI\Web\Page\Phone\Edit
Zend\Expressive\Middleware\LazyLoadingMiddleware
Zend\Stratigility\Middleware\ErrorHandler
Zend\Expressive\Middleware\LazyLoadingMiddleware
Zend\Expressive\Helper\ServerUrlMiddleware
Zend\Expressive\Middleware\LazyLoadingMiddleware
Zend\Expressive\Session\SessionMiddleware
Zend\Expressive\Middleware\LazyLoadingMiddleware
Amazium\Kernel\Application\Context\ApplicationContextMiddleware
Zend\Expressive\Middleware\LazyLoadingMiddleware
Zend\Expressive\Router\Middleware\RouteMiddleware
Zend\Expressive\Middleware\LazyLoadingMiddleware
Zend\Expressive\Router\Middleware\ImplicitHeadMiddleware
Zend\Expressive\Middleware\LazyLoadingMiddleware
Zend\Expressive\Router\Middleware\ImplicitOptionsMiddleware
Zend\Expressive\Middleware\LazyLoadingMiddleware
Zend\Expressive\Router\Middleware\MethodNotAllowedMiddleware
Zend\Expressive\Middleware\LazyLoadingMiddleware
Zend\Expressive\Helper\UrlHelperMiddleware
Zend\Expressive\Middleware\LazyLoadingMiddleware
Zend\Expressive\Router\Middleware\DispatchMiddleware
Zend\Expressive\Middleware\LazyLoadingMiddleware
Amazium\SampleApp\UI\Web\Page\Phone\Index
Zend\Expressive\Middleware\LazyLoadingMiddleware
Zend\Stratigility\Middleware\ErrorHandler
Zend\Expressive\Middleware\LazyLoadingMiddleware
Zend\Expressive\Helper\ServerUrlMiddleware
Zend\Expressive\Middleware\LazyLoadingMiddleware
Zend\Expressive\Session\SessionMiddleware
Zend\Expressive\Middleware\LazyLoadingMiddleware
Amazium\Kernel\Application\Context\ApplicationContextMiddleware
Zend\Expressive\Middleware\LazyLoadingMiddleware
Zend\Expressive\Router\Middleware\RouteMiddleware
Zend\Expressive\Middleware\LazyLoadingMiddleware
Zend\Expressive\Router\Middleware\ImplicitHeadMiddleware
Zend\Expressive\Middleware\LazyLoadingMiddleware
Zend\Expressive\Router\Middleware\ImplicitOptionsMiddleware
Zend\Expressive\Middleware\LazyLoadingMiddleware
Zend\Expressive\Router\Middleware\MethodNotAllowedMiddleware
Zend\Expressive\Middleware\LazyLoadingMiddleware
Zend\Expressive\Helper\UrlHelperMiddleware
Zend\Expressive\Middleware\LazyLoadingMiddleware
Zend\Expressive\Router\Middleware\DispatchMiddleware
Zend\Expressive\Middleware\LazyLoadingMiddleware
Amazium\SampleApp\UI\Web\Page\Phone\Destroy
Zend\Expressive\Middleware\LazyLoadingMiddleware
Zend\Stratigility\Middleware\ErrorHandler
Zend\Expressive\Middleware\LazyLoadingMiddleware
Zend\Expressive\Helper\ServerUrlMiddleware
Zend\Expressive\Middleware\LazyLoadingMiddleware
Zend\Expressive\Session\SessionMiddleware
Zend\Expressive\Middleware\LazyLoadingMiddleware
Amazium\Kernel\Application\Context\ApplicationContextMiddleware
Zend\Expressive\Middleware\LazyLoadingMiddleware
Zend\Expressive\Router\Middleware\RouteMiddleware
Zend\Expressive\Middleware\LazyLoadingMiddleware
Zend\Expressive\Router\Middleware\ImplicitHeadMiddleware
Zend\Expressive\Middleware\LazyLoadingMiddleware
Zend\Expressive\Router\Middleware\ImplicitOptionsMiddleware
Zend\Expressive\Middleware\LazyLoadingMiddleware
Zend\Expressive\Router\Middleware\MethodNotAllowedMiddleware
Zend\Expressive\Middleware\LazyLoadingMiddleware
Zend\Expressive\Helper\UrlHelperMiddleware
Zend\Expressive\Middleware\LazyLoadingMiddleware
Zend\Expressive\Router\Middleware\DispatchMiddleware
Zend\Expressive\Middleware\LazyLoadingMiddleware
Amazium\SampleApp\UI\Web\Page\Phone\Index
Zend\Expressive\Middleware\LazyLoadingMiddleware
Zend\Stratigility\Middleware\ErrorHandler
Zend\Expressive\Middleware\LazyLoadingMiddleware
Zend\Expressive\Helper\ServerUrlMiddleware
Zend\Expressive\Middleware\LazyLoadingMiddleware
Zend\Expressive\Session\SessionMiddleware
Zend\Expressive\Middleware\LazyLoadingMiddleware
Amazium\Kernel\Application\Context\ApplicationContextMiddleware
Zend\Expressive\Middleware\LazyLoadingMiddleware
Zend\Expressive\Router\Middleware\RouteMiddleware
Zend\Expressive\Middleware\LazyLoadingMiddleware
Zend\Expressive\Router\Middleware\ImplicitHeadMiddleware
Zend\Expressive\Middleware\LazyLoadingMiddleware
Zend\Expressive\Router\Middleware\ImplicitOptionsMiddleware
Zend\Expressive\Middleware\LazyLoadingMiddleware
Zend\Expressive\Router\Middleware\MethodNotAllowedMiddleware
Zend\Expressive\Middleware\LazyLoadingMiddleware
Zend\Expressive\Helper\UrlHelperMiddleware
Zend\Expressive\Middleware\LazyLoadingMiddleware
Zend\Expressive\Router\Middleware\DispatchMiddleware
Zend\Expressive\Middleware\LazyLoadingMiddleware
Amazium\SampleApp\UI\Web\Page\Phone\Index
Zend\Expressive\Middleware\LazyLoadingMiddleware
Zend\Stratigility\Middleware\ErrorHandler
Zend\Expressive\Middleware\LazyLoadingMiddleware
Zend\Expressive\Helper\ServerUrlMiddleware
Zend\Expressive\Middleware\LazyLoadingMiddleware
Zend\Expressive\Session\SessionMiddleware
Zend\Expressive\Middleware\LazyLoadingMiddleware
Amazium\Kernel\Application\Context\ApplicationContextMiddleware
Zend\Expressive\Middleware\LazyLoadingMiddleware
Zend\Expressive\Router\Middleware\RouteMiddleware
Zend\Expressive\Middleware\LazyLoadingMiddleware
Zend\Expressive\Router\Middleware\ImplicitHeadMiddleware
Zend\Expressive\Middleware\LazyLoadingMiddleware
Zend\Expressive\Router\Middleware\ImplicitOptionsMiddleware
Zend\Expressive\Middleware\LazyLoadingMiddleware
Zend\Expressive\Router\Middleware\MethodNotAllowedMiddleware
Zend\Expressive\Middleware\LazyLoadingMiddleware
Zend\Expressive\Helper\UrlHelperMiddleware
Zend\Expressive\Middleware\LazyLoadingMiddleware
Zend\Expressive\Router\Middleware\DispatchMiddleware
Zend\Expressive\Middleware\LazyLoadingMiddleware
Amazium\SampleApp\UI\Web\Page\Phone\Index
Zend\Expressive\Middleware\LazyLoadingMiddleware
Zend\Stratigility\Middleware\ErrorHandler
Zend\Expressive\Middleware\LazyLoadingMiddleware
Zend\Expressive\Helper\ServerUrlMiddleware
Zend\Expressive\Middleware\LazyLoadingMiddleware
Zend\Expressive\Session\SessionMiddleware
Zend\Expressive\Middleware\LazyLoadingMiddleware
Amazium\Kernel\Application\Context\ApplicationContextMiddleware
Zend\Expressive\Middleware\LazyLoadingMiddleware
Zend\Expressive\Router\Middleware\RouteMiddleware
Zend\Expressive\Middleware\LazyLoadingMiddleware
Zend\Expressive\Router\Middleware\ImplicitHeadMiddleware
Zend\Expressive\Middleware\LazyLoadingMiddleware
Zend\Expressive\Router\Middleware\ImplicitOptionsMiddleware
Zend\Expressive\Middleware\LazyLoadingMiddleware
Zend\Expressive\Router\Middleware\MethodNotAllowedMiddleware
Zend\Expressive\Middleware\LazyLoadingMiddleware
Zend\Expressive\Helper\UrlHelperMiddleware
Zend\Expressive\Middleware\LazyLoadingMiddleware
Zend\Expressive\Router\Middleware\DispatchMiddleware
Zend\Expressive\Middleware\LazyLoadingMiddleware
Amazium\SampleApp\UI\Web\Page\Phone\Index
Zend\Expressive\Middleware\LazyLoadingMiddleware
Zend\Stratigility\Middleware\ErrorHandler
Zend\Expressive\Middleware\LazyLoadingMiddleware
Zend\Expressive\Helper\ServerUrlMiddleware
Zend\Expressive\Middleware\LazyLoadingMiddleware
Zend\Expressive\Session\SessionMiddleware
Zend\Expressive\Middleware\LazyLoadingMiddleware
Amazium\Kernel\Application\Context\ApplicationContextMiddleware
Zend\Expressive\Middleware\LazyLoadingMiddleware
Zend\Expressive\Router\Middleware\RouteMiddleware
Zend\Expressive\Middleware\LazyLoadingMiddleware
Zend\Expressive\Router\Middleware\ImplicitHeadMiddleware
Zend\Expressive\Middleware\LazyLoadingMiddleware
Zend\Expressive\Router\Middleware\ImplicitOptionsMiddleware
Zend\Expressive\Middleware\LazyLoadingMiddleware
Zend\Expressive\Router\Middleware\MethodNotAllowedMiddleware
Zend\Expressive\Middleware\LazyLoadingMiddleware
Zend\Expressive\Helper\UrlHelperMiddleware
Zend\Expressive\Middleware\LazyLoadingMiddleware
Zend\Expressive\Router\Middleware\DispatchMiddleware
Zend\Expressive\Middleware\LazyLoadingMiddleware
Amazium\SampleApp\UI\Web\Page\Phone\Edit
Zend\Expressive\Middleware\LazyLoadingMiddleware
Zend\Stratigility\Middleware\ErrorHandler
Zend\Expressive\Middleware\LazyLoadingMiddleware
Zend\Expressive\Helper\ServerUrlMiddleware
Zend\Expressive\Middleware\LazyLoadingMiddleware
Zend\Expressive\Session\SessionMiddleware
Zend\Expressive\Middleware\LazyLoadingMiddleware
Amazium\Kernel\Application\Context\ApplicationContextMiddleware
Zend\Expressive\Middleware\LazyLoadingMiddleware
Zend\Expressive\Router\Middleware\RouteMiddleware
Zend\Expressive\Middleware\LazyLoadingMiddleware
Zend\Expressive\Router\Middleware\ImplicitHeadMiddleware
Zend\Expressive\Middleware\LazyLoadingMiddleware
Zend\Expressive\Router\Middleware\ImplicitOptionsMiddleware
Zend\Expressive\Middleware\LazyLoadingMiddleware
Zend\Expressive\Router\Middleware\MethodNotAllowedMiddleware
Zend\Expressive\Middleware\LazyLoadingMiddleware
Zend\Expressive\Helper\UrlHelperMiddleware
Zend\Expressive\Middleware\LazyLoadingMiddleware
Zend\Expressive\Router\Middleware\DispatchMiddleware
Zend\Expressive\Middleware\LazyLoadingMiddleware
Amazium\SampleApp\UI\Web\Page\Phone\Edit
Zend\Expressive\Middleware\LazyLoadingMiddleware
Zend\Stratigility\Middleware\ErrorHandler
Zend\Expressive\Middleware\LazyLoadingMiddleware
Zend\Expressive\Helper\ServerUrlMiddleware
Zend\Expressive\Middleware\LazyLoadingMiddleware
Zend\Expressive\Session\SessionMiddleware
Zend\Expressive\Middleware\LazyLoadingMiddleware
Amazium\Kernel\Application\Context\ApplicationContextMiddleware
Zend\Expressive\Middleware\LazyLoadingMiddleware
Zend\Expressive\Router\Middleware\RouteMiddleware
Zend\Expressive\Middleware\LazyLoadingMiddleware
Zend\Expressive\Router\Middleware\ImplicitHeadMiddleware
Zend\Expressive\Middleware\LazyLoadingMiddleware
Zend\Expressive\Router\Middleware\ImplicitOptionsMiddleware
Zend\Expressive\Middleware\LazyLoadingMiddleware
Zend\Expressive\Router\Middleware\MethodNotAllowedMiddleware
Zend\Expressive\Middleware\LazyLoadingMiddleware
Zend\Expressive\Helper\UrlHelperMiddleware
Zend\Expressive\Middleware\LazyLoadingMiddleware
Zend\Expressive\Router\Middleware\DispatchMiddleware
Zend\Expressive\Middleware\LazyLoadingMiddleware
Amazium\SampleApp\UI\Web\Page\Phone\Edit
Zend\Expressive\Middleware\LazyLoadingMiddleware
Zend\Stratigility\Middleware\ErrorHandler
Zend\Expressive\Middleware\LazyLoadingMiddleware
Zend\Expressive\Helper\ServerUrlMiddleware
Zend\Expressive\Middleware\LazyLoadingMiddleware
Zend\Expressive\Session\SessionMiddleware
Zend\Expressive\Middleware\LazyLoadingMiddleware
Amazium\Kernel\Application\Context\ApplicationContextMiddleware
Zend\Expressive\Middleware\LazyLoadingMiddleware
Zend\Expressive\Router\Middleware\RouteMiddleware
Zend\Expressive\Middleware\LazyLoadingMiddleware
Zend\Expressive\Router\Middleware\ImplicitHeadMiddleware
Zend\Expressive\Middleware\LazyLoadingMiddleware
Zend\Expressive\Router\Middleware\ImplicitOptionsMiddleware
Zend\Expressive\Middleware\LazyLoadingMiddleware
Zend\Expressive\Router\Middleware\MethodNotAllowedMiddleware
Zend\Expressive\Middleware\LazyLoadingMiddleware
Zend\Expressive\Helper\UrlHelperMiddleware
Zend\Expressive\Middleware\LazyLoadingMiddleware
Zend\Expressive\Router\Middleware\DispatchMiddleware
Zend\Expressive\Middleware\LazyLoadingMiddleware
Amazium\SampleApp\UI\Web\Page\Phone\Update
Zend\Expressive\Middleware\LazyLoadingMiddleware
Zend\Stratigility\Middleware\ErrorHandler
Zend\Expressive\Middleware\LazyLoadingMiddleware
Zend\Expressive\Helper\ServerUrlMiddleware
Zend\Expressive\Middleware\LazyLoadingMiddleware
Zend\Expressive\Session\SessionMiddleware
Zend\Expressive\Middleware\LazyLoadingMiddleware
Amazium\Kernel\Application\Context\ApplicationContextMiddleware
Zend\Expressive\Middleware\LazyLoadingMiddleware
Zend\Expressive\Router\Middleware\RouteMiddleware
Zend\Expressive\Middleware\LazyLoadingMiddleware
Zend\Expressive\Router\Middleware\ImplicitHeadMiddleware
Zend\Expressive\Middleware\LazyLoadingMiddleware
Zend\Expressive\Router\Middleware\ImplicitOptionsMiddleware
Zend\Expressive\Middleware\LazyLoadingMiddleware
Zend\Expressive\Router\Middleware\MethodNotAllowedMiddleware
Zend\Expressive\Middleware\LazyLoadingMiddleware
Zend\Expressive\Helper\UrlHelperMiddleware
Zend\Expressive\Middleware\LazyLoadingMiddleware
Zend\Expressive\Router\Middleware\DispatchMiddleware
Zend\Expressive\Middleware\LazyLoadingMiddleware
Amazium\SampleApp\UI\Web\Page\Phone\Index
Zend\Expressive\Middleware\LazyLoadingMiddleware
Zend\Stratigility\Middleware\ErrorHandler
Zend\Expressive\Middleware\LazyLoadingMiddleware
Zend\Expressive\Helper\ServerUrlMiddleware
Zend\Expressive\Middleware\LazyLoadingMiddleware
Zend\Expressive\Session\SessionMiddleware
Zend\Expressive\Middleware\LazyLoadingMiddleware
Amazium\Kernel\Application\Context\ApplicationContextMiddleware
Zend\Expressive\Middleware\LazyLoadingMiddleware
Zend\Expressive\Router\Middleware\RouteMiddleware
Zend\Expressive\Middleware\LazyLoadingMiddleware
Zend\Expressive\Router\Middleware\ImplicitHeadMiddleware
Zend\Expressive\Middleware\LazyLoadingMiddleware
Zend\Expressive\Router\Middleware\ImplicitOptionsMiddleware
Zend\Expressive\Middleware\LazyLoadingMiddleware
Zend\Expressive\Router\Middleware\MethodNotAllowedMiddleware
Zend\Expressive\Middleware\LazyLoadingMiddleware
Zend\Expressive\Helper\UrlHelperMiddleware
Zend\Expressive\Middleware\LazyLoadingMiddleware
Zend\Expressive\Router\Middleware\DispatchMiddleware
Zend\Expressive\Middleware\LazyLoadingMiddleware
Amazium\SampleApp\UI\Web\Page\Phone\Show
Zend\Expressive\Middleware\LazyLoadingMiddleware
Zend\Stratigility\Middleware\ErrorHandler
Zend\Expressive\Middleware\LazyLoadingMiddleware
Zend\Expressive\Helper\ServerUrlMiddleware
Zend\Expressive\Middleware\LazyLoadingMiddleware
Zend\Expressive\Session\SessionMiddleware
Zend\Expressive\Middleware\LazyLoadingMiddleware
Amazium\Kernel\Application\Context\ApplicationContextMiddleware
Zend\Expressive\Middleware\LazyLoadingMiddleware
Zend\Expressive\Router\Middleware\RouteMiddleware
Zend\Expressive\Middleware\LazyLoadingMiddleware
Zend\Expressive\Router\Middleware\ImplicitHeadMiddleware
Zend\Expressive\Middleware\LazyLoadingMiddleware
Zend\Expressive\Router\Middleware\ImplicitOptionsMiddleware
Zend\Expressive\Middleware\LazyLoadingMiddleware
Zend\Expressive\Router\Middleware\MethodNotAllowedMiddleware
Zend\Expressive\Middleware\LazyLoadingMiddleware
Zend\Expressive\Helper\UrlHelperMiddleware
Zend\Expressive\Middleware\LazyLoadingMiddleware
Zend\Expressive\Router\Middleware\DispatchMiddleware
Zend\Expressive\Middleware\LazyLoadingMiddleware
Amazium\SampleApp\UI\Web\Page\Phone\Edit
Zend\Expressive\Middleware\LazyLoadingMiddleware
Zend\Stratigility\Middleware\ErrorHandler
Zend\Expressive\Middleware\LazyLoadingMiddleware
Zend\Expressive\Helper\ServerUrlMiddleware
Zend\Expressive\Middleware\LazyLoadingMiddleware
Zend\Expressive\Session\SessionMiddleware
Zend\Expressive\Middleware\LazyLoadingMiddleware
Amazium\Kernel\Application\Context\ApplicationContextMiddleware
Zend\Expressive\Middleware\LazyLoadingMiddleware
Zend\Expressive\Router\Middleware\RouteMiddleware
Zend\Expressive\Middleware\LazyLoadingMiddleware
Zend\Expressive\Router\Middleware\ImplicitHeadMiddleware
Zend\Expressive\Middleware\LazyLoadingMiddleware
Zend\Expressive\Router\Middleware\ImplicitOptionsMiddleware
Zend\Expressive\Middleware\LazyLoadingMiddleware
Zend\Expressive\Router\Middleware\MethodNotAllowedMiddleware
Zend\Expressive\Middleware\LazyLoadingMiddleware
Zend\Expressive\Helper\UrlHelperMiddleware
Zend\Expressive\Middleware\LazyLoadingMiddleware
Zend\Expressive\Router\Middleware\DispatchMiddleware
Zend\Expressive\Middleware\LazyLoadingMiddleware
Amazium\SampleApp\UI\Web\Page\Phone\Edit
Zend\Expressive\Middleware\LazyLoadingMiddleware
Zend\Stratigility\Middleware\ErrorHandler
Zend\Expressive\Middleware\LazyLoadingMiddleware
Zend\Expressive\Helper\ServerUrlMiddleware
Zend\Expressive\Middleware\LazyLoadingMiddleware
Zend\Expressive\Session\SessionMiddleware
Zend\Expressive\Middleware\LazyLoadingMiddleware
Amazium\Kernel\Application\Context\ApplicationContextMiddleware
Zend\Expressive\Middleware\LazyLoadingMiddleware
Zend\Expressive\Router\Middleware\RouteMiddleware
Zend\Expressive\Middleware\LazyLoadingMiddleware
Zend\Expressive\Router\Middleware\ImplicitHeadMiddleware
Zend\Expressive\Middleware\LazyLoadingMiddleware
Zend\Expressive\Router\Middleware\ImplicitOptionsMiddleware
Zend\Expressive\Middleware\LazyLoadingMiddleware
Zend\Expressive\Router\Middleware\MethodNotAllowedMiddleware
Zend\Expressive\Middleware\LazyLoadingMiddleware
Zend\Expressive\Helper\UrlHelperMiddleware
Zend\Expressive\Middleware\LazyLoadingMiddleware
Zend\Expressive\Router\Middleware\DispatchMiddleware
Zend\Expressive\Middleware\LazyLoadingMiddleware
Amazium\SampleApp\UI\Web\Page\Phone\Edit
Zend\Expressive\Middleware\LazyLoadingMiddleware
Zend\Stratigility\Middleware\ErrorHandler
Zend\Expressive\Middleware\LazyLoadingMiddleware
Zend\Expressive\Helper\ServerUrlMiddleware
Zend\Expressive\Middleware\LazyLoadingMiddleware
Zend\Expressive\Session\SessionMiddleware
Zend\Expressive\Middleware\LazyLoadingMiddleware
Amazium\Kernel\Application\Context\ApplicationContextMiddleware
Zend\Expressive\Middleware\LazyLoadingMiddleware
Zend\Expressive\Router\Middleware\RouteMiddleware
Zend\Expressive\Middleware\LazyLoadingMiddleware
Zend\Expressive\Router\Middleware\ImplicitHeadMiddleware
Zend\Expressive\Middleware\LazyLoadingMiddleware
Zend\Expressive\Router\Middleware\ImplicitOptionsMiddleware
Zend\Expressive\Middleware\LazyLoadingMiddleware
Zend\Expressive\Router\Middleware\MethodNotAllowedMiddleware
Zend\Expressive\Middleware\LazyLoadingMiddleware
Zend\Expressive\Helper\UrlHelperMiddleware
Zend\Expressive\Middleware\LazyLoadingMiddleware
Zend\Expressive\Router\Middleware\DispatchMiddleware
Zend\Expressive\Middleware\LazyLoadingMiddleware
Amazium\SampleApp\UI\Web\Page\Address\Index
Zend\Expressive\Middleware\LazyLoadingMiddleware
Zend\Stratigility\Middleware\ErrorHandler
Zend\Expressive\Middleware\LazyLoadingMiddleware
Zend\Expressive\Helper\ServerUrlMiddleware
Zend\Expressive\Middleware\LazyLoadingMiddleware
Zend\Expressive\Session\SessionMiddleware
Zend\Expressive\Middleware\LazyLoadingMiddleware
Amazium\Kernel\Application\Context\ApplicationContextMiddleware
Zend\Expressive\Middleware\LazyLoadingMiddleware
Zend\Expressive\Router\Middleware\RouteMiddleware
Zend\Expressive\Middleware\LazyLoadingMiddleware
Zend\Expressive\Router\Middleware\ImplicitHeadMiddleware
Zend\Expressive\Middleware\LazyLoadingMiddleware
Zend\Expressive\Router\Middleware\ImplicitOptionsMiddleware
Zend\Expressive\Middleware\LazyLoadingMiddleware
Zend\Expressive\Router\Middleware\MethodNotAllowedMiddleware
Zend\Expressive\Middleware\LazyLoadingMiddleware
Zend\Expressive\Helper\UrlHelperMiddleware
Zend\Expressive\Middleware\LazyLoadingMiddleware
Zend\Expressive\Router\Middleware\DispatchMiddleware
Zend\Expressive\Middleware\LazyLoadingMiddleware
Amazium\SampleApp\UI\Web\Page\BankAccount\Index
Zend\Expressive\Middleware\LazyLoadingMiddleware
Zend\Stratigility\Middleware\ErrorHandler
Zend\Expressive\Middleware\LazyLoadingMiddleware
Zend\Expressive\Helper\ServerUrlMiddleware
Zend\Expressive\Middleware\LazyLoadingMiddleware
Zend\Expressive\Session\SessionMiddleware
Zend\Expressive\Middleware\LazyLoadingMiddleware
Amazium\Kernel\Application\Context\ApplicationContextMiddleware
Zend\Expressive\Middleware\LazyLoadingMiddleware
Zend\Expressive\Router\Middleware\RouteMiddleware
Zend\Expressive\Middleware\LazyLoadingMiddleware
Zend\Expressive\Router\Middleware\ImplicitHeadMiddleware
Zend\Expressive\Middleware\LazyLoadingMiddleware
Zend\Expressive\Router\Middleware\ImplicitOptionsMiddleware
Zend\Expressive\Middleware\LazyLoadingMiddleware
Zend\Expressive\Router\Middleware\MethodNotAllowedMiddleware
Zend\Expressive\Middleware\LazyLoadingMiddleware
Zend\Expressive\Helper\UrlHelperMiddleware
Zend\Expressive\Middleware\LazyLoadingMiddleware
Zend\Expressive\Router\Middleware\DispatchMiddleware
Zend\Expressive\Middleware\LazyLoadingMiddleware
Amazium\SampleApp\UI\Web\Page\Phone\Index
Zend\Expressive\Middleware\LazyLoadingMiddleware
Zend\Stratigility\Middleware\ErrorHandler
Zend\Expressive\Middleware\LazyLoadingMiddleware
Zend\Expressive\Helper\ServerUrlMiddleware
Zend\Expressive\Middleware\LazyLoadingMiddleware
Zend\Expressive\Session\SessionMiddleware
Zend\Expressive\Middleware\LazyLoadingMiddleware
Amazium\Kernel\Application\Context\ApplicationContextMiddleware
Zend\Expressive\Middleware\LazyLoadingMiddleware
Zend\Expressive\Router\Middleware\RouteMiddleware
Zend\Expressive\Middleware\LazyLoadingMiddleware
Zend\Expressive\Router\Middleware\ImplicitHeadMiddleware
Zend\Expressive\Middleware\LazyLoadingMiddleware
Zend\Expressive\Router\Middleware\ImplicitOptionsMiddleware
Zend\Expressive\Middleware\LazyLoadingMiddleware
Zend\Expressive\Router\Middleware\MethodNotAllowedMiddleware
Zend\Expressive\Middleware\LazyLoadingMiddleware
Zend\Expressive\Helper\UrlHelperMiddleware
Zend\Expressive\Middleware\LazyLoadingMiddleware
Zend\Expressive\Router\Middleware\DispatchMiddleware
Zend\Expressive\Middleware\LazyLoadingMiddleware
Amazium\SampleApp\UI\Web\Page\Address\Index
Zend\Expressive\Middleware\LazyLoadingMiddleware
Zend\Stratigility\Middleware\ErrorHandler
Zend\Expressive\Middleware\LazyLoadingMiddleware
Zend\Expressive\Helper\ServerUrlMiddleware
Zend\Expressive\Middleware\LazyLoadingMiddleware
Zend\Expressive\Session\SessionMiddleware
Zend\Expressive\Middleware\LazyLoadingMiddleware
Amazium\Kernel\Application\Context\ApplicationContextMiddleware
Zend\Expressive\Middleware\LazyLoadingMiddleware
Zend\Expressive\Router\Middleware\RouteMiddleware
Zend\Expressive\Middleware\LazyLoadingMiddleware
Zend\Expressive\Router\Middleware\ImplicitHeadMiddleware
Zend\Expressive\Middleware\LazyLoadingMiddleware
Zend\Expressive\Router\Middleware\ImplicitOptionsMiddleware
Zend\Expressive\Middleware\LazyLoadingMiddleware
Zend\Expressive\Router\Middleware\MethodNotAllowedMiddleware
Zend\Expressive\Middleware\LazyLoadingMiddleware
Zend\Expressive\Helper\UrlHelperMiddleware
Zend\Expressive\Middleware\LazyLoadingMiddleware
Zend\Expressive\Router\Middleware\DispatchMiddleware
Zend\Expressive\Middleware\LazyLoadingMiddleware
Amazium\SampleApp\UI\Web\Page\Phone\Index
Zend\Expressive\Middleware\LazyLoadingMiddleware
Zend\Stratigility\Middleware\ErrorHandler
Zend\Expressive\Middleware\LazyLoadingMiddleware
Zend\Expressive\Helper\ServerUrlMiddleware
Zend\Expressive\Middleware\LazyLoadingMiddleware
Zend\Expressive\Session\SessionMiddleware
Zend\Expressive\Middleware\LazyLoadingMiddleware
Amazium\Kernel\Application\Context\ApplicationContextMiddleware
Zend\Expressive\Middleware\LazyLoadingMiddleware
Zend\Expressive\Router\Middleware\RouteMiddleware
Zend\Expressive\Middleware\LazyLoadingMiddleware
Zend\Expressive\Router\Middleware\ImplicitHeadMiddleware
Zend\Expressive\Middleware\LazyLoadingMiddleware
Zend\Expressive\Router\Middleware\ImplicitOptionsMiddleware
Zend\Expressive\Middleware\LazyLoadingMiddleware
Zend\Expressive\Router\Middleware\MethodNotAllowedMiddleware
Zend\Expressive\Middleware\LazyLoadingMiddleware
Zend\Expressive\Helper\UrlHelperMiddleware
Zend\Expressive\Middleware\LazyLoadingMiddleware
Zend\Expressive\Router\Middleware\DispatchMiddleware
Zend\Expressive\Middleware\LazyLoadingMiddleware
Amazium\SampleApp\UI\Web\Page\Address\Index
Zend\Expressive\Middleware\LazyLoadingMiddleware
Zend\Stratigility\Middleware\ErrorHandler
Zend\Expressive\Middleware\LazyLoadingMiddleware
Zend\Expressive\Helper\ServerUrlMiddleware
Zend\Expressive\Middleware\LazyLoadingMiddleware
Zend\Expressive\Session\SessionMiddleware
Zend\Expressive\Middleware\LazyLoadingMiddleware
Amazium\Kernel\Application\Context\ApplicationContextMiddleware
Zend\Expressive\Middleware\LazyLoadingMiddleware
Zend\Expressive\Router\Middleware\RouteMiddleware
Zend\Expressive\Middleware\LazyLoadingMiddleware
Zend\Expressive\Router\Middleware\ImplicitHeadMiddleware
Zend\Expressive\Middleware\LazyLoadingMiddleware
Zend\Expressive\Router\Middleware\ImplicitOptionsMiddleware
Zend\Expressive\Middleware\LazyLoadingMiddleware
Zend\Expressive\Router\Middleware\MethodNotAllowedMiddleware
Zend\Expressive\Middleware\LazyLoadingMiddleware
Zend\Expressive\Helper\UrlHelperMiddleware
Zend\Expressive\Middleware\LazyLoadingMiddleware
Zend\Expressive\Router\Middleware\DispatchMiddleware
Zend\Expressive\Middleware\LazyLoadingMiddleware
Amazium\SampleApp\UI\Web\Page\Phone\Index
Zend\Expressive\Middleware\LazyLoadingMiddleware
Zend\Stratigility\Middleware\ErrorHandler
Zend\Expressive\Middleware\LazyLoadingMiddleware
Zend\Expressive\Helper\ServerUrlMiddleware
Zend\Expressive\Middleware\LazyLoadingMiddleware
Zend\Expressive\Session\SessionMiddleware
Zend\Expressive\Middleware\LazyLoadingMiddleware
Amazium\Kernel\Application\Context\ApplicationContextMiddleware
Zend\Expressive\Middleware\LazyLoadingMiddleware
Zend\Expressive\Router\Middleware\RouteMiddleware
Zend\Expressive\Middleware\LazyLoadingMiddleware
Zend\Expressive\Router\Middleware\ImplicitHeadMiddleware
Zend\Expressive\Middleware\LazyLoadingMiddleware
Zend\Expressive\Router\Middleware\ImplicitOptionsMiddleware
Zend\Expressive\Middleware\LazyLoadingMiddleware
Zend\Expressive\Router\Middleware\MethodNotAllowedMiddleware
Zend\Expressive\Middleware\LazyLoadingMiddleware
Zend\Expressive\Helper\UrlHelperMiddleware
Zend\Expressive\Middleware\LazyLoadingMiddleware
Zend\Expressive\Router\Middleware\DispatchMiddleware
Zend\Expressive\Middleware\LazyLoadingMiddleware
Amazium\SampleApp\UI\Web\Page\Phone\Index
Zend\Expressive\Middleware\LazyLoadingMiddleware
Zend\Stratigility\Middleware\ErrorHandler
Zend\Expressive\Middleware\LazyLoadingMiddleware
Zend\Expressive\Helper\ServerUrlMiddleware
Zend\Expressive\Middleware\LazyLoadingMiddleware
Zend\Expressive\Session\SessionMiddleware
Zend\Expressive\Middleware\LazyLoadingMiddleware
Amazium\Kernel\Application\Context\ApplicationContextMiddleware
Zend\Expressive\Middleware\LazyLoadingMiddleware
Zend\Expressive\Router\Middleware\RouteMiddleware
Zend\Expressive\Middleware\LazyLoadingMiddleware
Zend\Expressive\Router\Middleware\ImplicitHeadMiddleware
Zend\Expressive\Middleware\LazyLoadingMiddleware
Zend\Expressive\Router\Middleware\ImplicitOptionsMiddleware
Zend\Expressive\Middleware\LazyLoadingMiddleware
Zend\Expressive\Router\Middleware\MethodNotAllowedMiddleware
Zend\Expressive\Middleware\LazyLoadingMiddleware
Zend\Expressive\Helper\UrlHelperMiddleware
Zend\Expressive\Middleware\LazyLoadingMiddleware
Zend\Expressive\Router\Middleware\DispatchMiddleware
Zend\Expressive\Middleware\LazyLoadingMiddleware
Amazium\SampleApp\UI\Web\Page\Phone\Index
Zend\Expressive\Middleware\LazyLoadingMiddleware
Zend\Stratigility\Middleware\ErrorHandler
Zend\Expressive\Middleware\LazyLoadingMiddleware
Zend\Expressive\Helper\ServerUrlMiddleware
Zend\Expressive\Middleware\LazyLoadingMiddleware
Zend\Expressive\Session\SessionMiddleware
Zend\Expressive\Middleware\LazyLoadingMiddleware
Amazium\Kernel\Application\Context\ApplicationContextMiddleware
Zend\Expressive\Middleware\LazyLoadingMiddleware
Zend\Expressive\Router\Middleware\RouteMiddleware
Zend\Expressive\Middleware\LazyLoadingMiddleware
Zend\Expressive\Router\Middleware\ImplicitHeadMiddleware
Zend\Expressive\Middleware\LazyLoadingMiddleware
Zend\Expressive\Router\Middleware\ImplicitOptionsMiddleware
Zend\Expressive\Middleware\LazyLoadingMiddleware
Zend\Expressive\Router\Middleware\MethodNotAllowedMiddleware
Zend\Expressive\Middleware\LazyLoadingMiddleware
Zend\Expressive\Helper\UrlHelperMiddleware
Zend\Expressive\Middleware\LazyLoadingMiddleware
Zend\Expressive\Router\Middleware\DispatchMiddleware
Zend\Expressive\Middleware\LazyLoadingMiddleware
Amazium\SampleApp\UI\Web\Page\Phone\Index
Zend\Expressive\Middleware\LazyLoadingMiddleware
Zend\Stratigility\Middleware\ErrorHandler
Zend\Expressive\Middleware\LazyLoadingMiddleware
Zend\Expressive\Helper\ServerUrlMiddleware
Zend\Expressive\Middleware\LazyLoadingMiddleware
Zend\Expressive\Session\SessionMiddleware
Zend\Expressive\Middleware\LazyLoadingMiddleware
Amazium\Kernel\Application\Context\ApplicationContextMiddleware
Zend\Expressive\Middleware\LazyLoadingMiddleware
Zend\Expressive\Router\Middleware\RouteMiddleware
Zend\Expressive\Middleware\LazyLoadingMiddleware
Zend\Expressive\Router\Middleware\ImplicitHeadMiddleware
Zend\Expressive\Middleware\LazyLoadingMiddleware
Zend\Expressive\Router\Middleware\ImplicitOptionsMiddleware
Zend\Expressive\Middleware\LazyLoadingMiddleware
Zend\Expressive\Router\Middleware\MethodNotAllowedMiddleware
Zend\Expressive\Middleware\LazyLoadingMiddleware
Zend\Expressive\Helper\UrlHelperMiddleware
Zend\Expressive\Middleware\LazyLoadingMiddleware
Zend\Expressive\Router\Middleware\DispatchMiddleware
Zend\Expressive\Middleware\LazyLoadingMiddleware
Amazium\SampleApp\UI\Web\Page\Phone\Index
Zend\Expressive\Middleware\LazyLoadingMiddleware
Zend\Stratigility\Middleware\ErrorHandler
Zend\Expressive\Middleware\LazyLoadingMiddleware
Zend\Expressive\Helper\ServerUrlMiddleware
Zend\Expressive\Middleware\LazyLoadingMiddleware
Zend\Expressive\Session\SessionMiddleware
Zend\Expressive\Middleware\LazyLoadingMiddleware
Amazium\Kernel\Application\Context\ApplicationContextMiddleware
Zend\Expressive\Middleware\LazyLoadingMiddleware
Zend\Expressive\Router\Middleware\RouteMiddleware
Zend\Expressive\Middleware\LazyLoadingMiddleware
Zend\Expressive\Router\Middleware\ImplicitHeadMiddleware
Zend\Expressive\Middleware\LazyLoadingMiddleware
Zend\Expressive\Router\Middleware\ImplicitOptionsMiddleware
Zend\Expressive\Middleware\LazyLoadingMiddleware
Zend\Expressive\Router\Middleware\MethodNotAllowedMiddleware
Zend\Expressive\Middleware\LazyLoadingMiddleware
Zend\Expressive\Helper\UrlHelperMiddleware
Zend\Expressive\Middleware\LazyLoadingMiddleware
Zend\Expressive\Router\Middleware\DispatchMiddleware
Zend\Expressive\Middleware\LazyLoadingMiddleware
Amazium\SampleApp\UI\Web\Page\Phone\Index
Zend\Expressive\Middleware\LazyLoadingMiddleware
Zend\Stratigility\Middleware\ErrorHandler
Zend\Expressive\Middleware\LazyLoadingMiddleware
Zend\Expressive\Helper\ServerUrlMiddleware
Zend\Expressive\Middleware\LazyLoadingMiddleware
Zend\Expressive\Session\SessionMiddleware
Zend\Expressive\Middleware\LazyLoadingMiddleware
Amazium\Kernel\Application\Context\ApplicationContextMiddleware
Zend\Expressive\Middleware\LazyLoadingMiddleware
Zend\Expressive\Router\Middleware\RouteMiddleware
Zend\Expressive\Middleware\LazyLoadingMiddleware
Zend\Expressive\Router\Middleware\ImplicitHeadMiddleware
Zend\Expressive\Middleware\LazyLoadingMiddleware
Zend\Expressive\Router\Middleware\ImplicitOptionsMiddleware
Zend\Expressive\Middleware\LazyLoadingMiddleware
Zend\Expressive\Router\Middleware\MethodNotAllowedMiddleware
Zend\Expressive\Middleware\LazyLoadingMiddleware
Zend\Expressive\Helper\UrlHelperMiddleware
Zend\Expressive\Middleware\LazyLoadingMiddleware
Zend\Expressive\Router\Middleware\DispatchMiddleware
Zend\Expressive\Middleware\LazyLoadingMiddleware
Amazium\SampleApp\UI\Web\Page\Phone\Edit
Zend\Expressive\Middleware\LazyLoadingMiddleware
Zend\Stratigility\Middleware\ErrorHandler
Zend\Expressive\Middleware\LazyLoadingMiddleware
Zend\Expressive\Helper\ServerUrlMiddleware
Zend\Expressive\Middleware\LazyLoadingMiddleware
Zend\Expressive\Session\SessionMiddleware
Zend\Expressive\Middleware\LazyLoadingMiddleware
Amazium\Kernel\Application\Context\ApplicationContextMiddleware
Zend\Expressive\Middleware\LazyLoadingMiddleware
Zend\Expressive\Router\Middleware\RouteMiddleware
Zend\Expressive\Middleware\LazyLoadingMiddleware
Zend\Expressive\Router\Middleware\ImplicitHeadMiddleware
Zend\Expressive\Middleware\LazyLoadingMiddleware
Zend\Expressive\Router\Middleware\ImplicitOptionsMiddleware
Zend\Expressive\Middleware\LazyLoadingMiddleware
Zend\Expressive\Router\Middleware\MethodNotAllowedMiddleware
Zend\Expressive\Middleware\LazyLoadingMiddleware
Zend\Expressive\Helper\UrlHelperMiddleware
Zend\Expressive\Middleware\LazyLoadingMiddleware
Zend\Expressive\Router\Middleware\DispatchMiddleware
Zend\Expressive\Middleware\LazyLoadingMiddleware
Amazium\SampleApp\UI\Web\Page\Phone\Edit
Zend\Expressive\Middleware\LazyLoadingMiddleware
Zend\Stratigility\Middleware\ErrorHandler
Zend\Expressive\Middleware\LazyLoadingMiddleware
Zend\Expressive\Helper\ServerUrlMiddleware
Zend\Expressive\Middleware\LazyLoadingMiddleware
Zend\Expressive\Session\SessionMiddleware
Zend\Expressive\Middleware\LazyLoadingMiddleware
Amazium\Kernel\Application\Context\ApplicationContextMiddleware
Zend\Expressive\Middleware\LazyLoadingMiddleware
Zend\Expressive\Router\Middleware\RouteMiddleware
Zend\Expressive\Middleware\LazyLoadingMiddleware
Zend\Expressive\Router\Middleware\ImplicitHeadMiddleware
Zend\Expressive\Middleware\LazyLoadingMiddleware
Zend\Expressive\Router\Middleware\ImplicitOptionsMiddleware
Zend\Expressive\Middleware\LazyLoadingMiddleware
Zend\Expressive\Router\Middleware\MethodNotAllowedMiddleware
Zend\Expressive\Middleware\LazyLoadingMiddleware
Zend\Expressive\Helper\UrlHelperMiddleware
Zend\Expressive\Middleware\LazyLoadingMiddleware
Zend\Expressive\Router\Middleware\DispatchMiddleware
Zend\Expressive\Middleware\LazyLoadingMiddleware
Amazium\SampleApp\UI\Web\Page\Phone\Edit
Zend\Expressive\Middleware\LazyLoadingMiddleware
Zend\Stratigility\Middleware\ErrorHandler
Zend\Expressive\Middleware\LazyLoadingMiddleware
Zend\Expressive\Helper\ServerUrlMiddleware
Zend\Expressive\Middleware\LazyLoadingMiddleware
Zend\Expressive\Session\SessionMiddleware
Zend\Expressive\Middleware\LazyLoadingMiddleware
Amazium\Kernel\Application\Context\ApplicationContextMiddleware
Zend\Expressive\Middleware\LazyLoadingMiddleware
Zend\Expressive\Router\Middleware\RouteMiddleware
Zend\Expressive\Middleware\LazyLoadingMiddleware
Zend\Expressive\Router\Middleware\ImplicitHeadMiddleware
Zend\Expressive\Middleware\LazyLoadingMiddleware
Zend\Expressive\Router\Middleware\ImplicitOptionsMiddleware
Zend\Expressive\Middleware\LazyLoadingMiddleware
Zend\Expressive\Router\Middleware\MethodNotAllowedMiddleware
Zend\Expressive\Middleware\LazyLoadingMiddleware
Zend\Expressive\Helper\UrlHelperMiddleware
Zend\Expressive\Middleware\LazyLoadingMiddleware
Zend\Expressive\Router\Middleware\DispatchMiddleware
Zend\Expressive\Middleware\LazyLoadingMiddleware
Amazium\SampleApp\UI\Web\Page\Phone\Edit
Zend\Expressive\Middleware\LazyLoadingMiddleware
Zend\Stratigility\Middleware\ErrorHandler
Zend\Expressive\Middleware\LazyLoadingMiddleware
Zend\Expressive\Helper\ServerUrlMiddleware
Zend\Expressive\Middleware\LazyLoadingMiddleware
Zend\Expressive\Session\SessionMiddleware
Zend\Expressive\Middleware\LazyLoadingMiddleware
Amazium\Kernel\Application\Context\ApplicationContextMiddleware
Zend\Expressive\Middleware\LazyLoadingMiddleware
Zend\Expressive\Router\Middleware\RouteMiddleware
Zend\Expressive\Middleware\LazyLoadingMiddleware
Zend\Expressive\Router\Middleware\ImplicitHeadMiddleware
Zend\Expressive\Middleware\LazyLoadingMiddleware
Zend\Expressive\Router\Middleware\ImplicitOptionsMiddleware
Zend\Expressive\Middleware\LazyLoadingMiddleware
Zend\Expressive\Router\Middleware\MethodNotAllowedMiddleware
Zend\Expressive\Middleware\LazyLoadingMiddleware
Zend\Expressive\Helper\UrlHelperMiddleware
Zend\Expressive\Middleware\LazyLoadingMiddleware
Zend\Expressive\Router\Middleware\DispatchMiddleware
Zend\Expressive\Middleware\LazyLoadingMiddleware
Amazium\SampleApp\UI\Web\Page\Phone\Update
Zend\Expressive\Middleware\LazyLoadingMiddleware
Zend\Stratigility\Middleware\ErrorHandler
Zend\Expressive\Middleware\LazyLoadingMiddleware
Zend\Expressive\Helper\ServerUrlMiddleware
Zend\Expressive\Middleware\LazyLoadingMiddleware
Zend\Expressive\Session\SessionMiddleware
Zend\Expressive\Middleware\LazyLoadingMiddleware
Amazium\Kernel\Application\Context\ApplicationContextMiddleware
Zend\Expressive\Middleware\LazyLoadingMiddleware
Zend\Expressive\Router\Middleware\RouteMiddleware
Zend\Expressive\Middleware\LazyLoadingMiddleware
Zend\Expressive\Router\Middleware\ImplicitHeadMiddleware
Zend\Expressive\Middleware\LazyLoadingMiddleware
Zend\Expressive\Router\Middleware\ImplicitOptionsMiddleware
Zend\Expressive\Middleware\LazyLoadingMiddleware
Zend\Expressive\Router\Middleware\MethodNotAllowedMiddleware
Zend\Expressive\Middleware\LazyLoadingMiddleware
Zend\Expressive\Helper\UrlHelperMiddleware
Zend\Expressive\Middleware\LazyLoadingMiddleware
Zend\Expressive\Router\Middleware\DispatchMiddleware
Zend\Expressive\Middleware\LazyLoadingMiddleware
Amazium\SampleApp\UI\Web\Page\Phone\Update
Zend\Expressive\Middleware\LazyLoadingMiddleware
Zend\Stratigility\Middleware\ErrorHandler
Zend\Expressive\Middleware\LazyLoadingMiddleware
Zend\Expressive\Helper\ServerUrlMiddleware
Zend\Expressive\Middleware\LazyLoadingMiddleware
Zend\Expressive\Session\SessionMiddleware
Zend\Expressive\Middleware\LazyLoadingMiddleware
Amazium\Kernel\Application\Context\ApplicationContextMiddleware
Zend\Expressive\Middleware\LazyLoadingMiddleware
Zend\Expressive\Router\Middleware\RouteMiddleware
Zend\Expressive\Middleware\LazyLoadingMiddleware
Zend\Expressive\Router\Middleware\ImplicitHeadMiddleware
Zend\Expressive\Middleware\LazyLoadingMiddleware
Zend\Expressive\Router\Middleware\ImplicitOptionsMiddleware
Zend\Expressive\Middleware\LazyLoadingMiddleware
Zend\Expressive\Router\Middleware\MethodNotAllowedMiddleware
Zend\Expressive\Middleware\LazyLoadingMiddleware
Zend\Expressive\Helper\UrlHelperMiddleware
Zend\Expressive\Middleware\LazyLoadingMiddleware
Zend\Expressive\Router\Middleware\DispatchMiddleware
Zend\Expressive\Middleware\LazyLoadingMiddleware
Amazium\SampleApp\UI\Web\Page\Phone\Show
Zend\Expressive\Middleware\LazyLoadingMiddleware
Zend\Stratigility\Middleware\ErrorHandler
Zend\Expressive\Middleware\LazyLoadingMiddleware
Zend\Expressive\Helper\ServerUrlMiddleware
Zend\Expressive\Middleware\LazyLoadingMiddleware
Zend\Expressive\Session\SessionMiddleware
Zend\Expressive\Middleware\LazyLoadingMiddleware
Amazium\Kernel\Application\Context\ApplicationContextMiddleware
Zend\Expressive\Middleware\LazyLoadingMiddleware
Zend\Expressive\Router\Middleware\RouteMiddleware
Zend\Expressive\Middleware\LazyLoadingMiddleware
Zend\Expressive\Router\Middleware\ImplicitHeadMiddleware
Zend\Expressive\Middleware\LazyLoadingMiddleware
Zend\Expressive\Router\Middleware\ImplicitOptionsMiddleware
Zend\Expressive\Middleware\LazyLoadingMiddleware
Zend\Expressive\Router\Middleware\MethodNotAllowedMiddleware
Zend\Expressive\Middleware\LazyLoadingMiddleware
Zend\Expressive\Helper\UrlHelperMiddleware
Zend\Expressive\Middleware\LazyLoadingMiddleware
Zend\Expressive\Router\Middleware\DispatchMiddleware
Zend\Expressive\Middleware\LazyLoadingMiddleware
Amazium\SampleApp\UI\Web\Page\Phone\Destroy
Zend\Expressive\Middleware\LazyLoadingMiddleware
Zend\Stratigility\Middleware\ErrorHandler
Zend\Expressive\Middleware\LazyLoadingMiddleware
Zend\Expressive\Helper\ServerUrlMiddleware
Zend\Expressive\Middleware\LazyLoadingMiddleware
Zend\Expressive\Session\SessionMiddleware
Zend\Expressive\Middleware\LazyLoadingMiddleware
Amazium\Kernel\Application\Context\ApplicationContextMiddleware
Zend\Expressive\Middleware\LazyLoadingMiddleware
Zend\Expressive\Router\Middleware\RouteMiddleware
Zend\Expressive\Middleware\LazyLoadingMiddleware
Zend\Expressive\Router\Middleware\ImplicitHeadMiddleware
Zend\Expressive\Middleware\LazyLoadingMiddleware
Zend\Expressive\Router\Middleware\ImplicitOptionsMiddleware
Zend\Expressive\Middleware\LazyLoadingMiddleware
Zend\Expressive\Router\Middleware\MethodNotAllowedMiddleware
Zend\Expressive\Middleware\LazyLoadingMiddleware
Zend\Expressive\Helper\UrlHelperMiddleware
Zend\Expressive\Middleware\LazyLoadingMiddleware
Zend\Expressive\Router\Middleware\DispatchMiddleware
Zend\Expressive\Middleware\LazyLoadingMiddleware
Amazium\SampleApp\UI\Web\Page\Phone\Index
Zend\Expressive\Middleware\LazyLoadingMiddleware
Zend\Stratigility\Middleware\ErrorHandler
Zend\Expressive\Middleware\LazyLoadingMiddleware
Zend\Expressive\Helper\ServerUrlMiddleware
Zend\Expressive\Middleware\LazyLoadingMiddleware
Zend\Expressive\Session\SessionMiddleware
Zend\Expressive\Middleware\LazyLoadingMiddleware
Amazium\Kernel\Application\Context\ApplicationContextMiddleware
Zend\Expressive\Middleware\LazyLoadingMiddleware
Zend\Expressive\Router\Middleware\RouteMiddleware
Zend\Expressive\Middleware\LazyLoadingMiddleware
Zend\Expressive\Router\Middleware\ImplicitHeadMiddleware
Zend\Expressive\Middleware\LazyLoadingMiddleware
Zend\Expressive\Router\Middleware\ImplicitOptionsMiddleware
Zend\Expressive\Middleware\LazyLoadingMiddleware
Zend\Expressive\Router\Middleware\MethodNotAllowedMiddleware
Zend\Expressive\Middleware\LazyLoadingMiddleware
Zend\Expressive\Helper\UrlHelperMiddleware
Zend\Expressive\Middleware\LazyLoadingMiddleware
Zend\Expressive\Router\Middleware\DispatchMiddleware
Zend\Expressive\Middleware\LazyLoadingMiddleware
Amazium\SampleApp\UI\Web\Page\Phone\Edit
Zend\Expressive\Middleware\LazyLoadingMiddleware
Zend\Stratigility\Middleware\ErrorHandler
Zend\Expressive\Middleware\LazyLoadingMiddleware
Zend\Expressive\Helper\ServerUrlMiddleware
Zend\Expressive\Middleware\LazyLoadingMiddleware
Zend\Expressive\Session\SessionMiddleware
Zend\Expressive\Middleware\LazyLoadingMiddleware
Amazium\Kernel\Application\Context\ApplicationContextMiddleware
Zend\Expressive\Middleware\LazyLoadingMiddleware
Zend\Expressive\Router\Middleware\RouteMiddleware
Zend\Expressive\Middleware\LazyLoadingMiddleware
Zend\Expressive\Router\Middleware\ImplicitHeadMiddleware
Zend\Expressive\Middleware\LazyLoadingMiddleware
Zend\Expressive\Router\Middleware\ImplicitOptionsMiddleware
Zend\Expressive\Middleware\LazyLoadingMiddleware
Zend\Expressive\Router\Middleware\MethodNotAllowedMiddleware
Zend\Expressive\Middleware\LazyLoadingMiddleware
Zend\Expressive\Helper\UrlHelperMiddleware
Zend\Expressive\Middleware\LazyLoadingMiddleware
Zend\Expressive\Router\Middleware\DispatchMiddleware
Zend\Expressive\Middleware\LazyLoadingMiddleware
Amazium\SampleApp\UI\Web\Page\Phone\Index
Zend\Expressive\Middleware\LazyLoadingMiddleware
Zend\Stratigility\Middleware\ErrorHandler
Zend\Expressive\Middleware\LazyLoadingMiddleware
Zend\Expressive\Helper\ServerUrlMiddleware
Zend\Expressive\Middleware\LazyLoadingMiddleware
Zend\Expressive\Session\SessionMiddleware
Zend\Expressive\Middleware\LazyLoadingMiddleware
Amazium\Kernel\Application\Context\ApplicationContextMiddleware
Zend\Expressive\Middleware\LazyLoadingMiddleware
Zend\Expressive\Router\Middleware\RouteMiddleware
Zend\Expressive\Middleware\LazyLoadingMiddleware
Zend\Expressive\Router\Middleware\ImplicitHeadMiddleware
Zend\Expressive\Middleware\LazyLoadingMiddleware
Zend\Expressive\Router\Middleware\ImplicitOptionsMiddleware
Zend\Expressive\Middleware\LazyLoadingMiddleware
Zend\Expressive\Router\Middleware\MethodNotAllowedMiddleware
Zend\Expressive\Middleware\LazyLoadingMiddleware
Zend\Expressive\Helper\UrlHelperMiddleware
Zend\Expressive\Middleware\LazyLoadingMiddleware
Zend\Expressive\Router\Middleware\DispatchMiddleware
Zend\Expressive\Middleware\LazyLoadingMiddleware
Amazium\SampleApp\UI\Web\Page\Phone\Show
Zend\Expressive\Middleware\LazyLoadingMiddleware
Zend\Stratigility\Middleware\ErrorHandler
Zend\Expressive\Middleware\LazyLoadingMiddleware
Zend\Expressive\Helper\ServerUrlMiddleware
Zend\Expressive\Middleware\LazyLoadingMiddleware
Zend\Expressive\Session\SessionMiddleware
Zend\Expressive\Middleware\LazyLoadingMiddleware
Amazium\Kernel\Application\Context\ApplicationContextMiddleware
Zend\Expressive\Middleware\LazyLoadingMiddleware
Zend\Expressive\Router\Middleware\RouteMiddleware
Zend\Expressive\Middleware\LazyLoadingMiddleware
Zend\Expressive\Router\Middleware\ImplicitHeadMiddleware
Zend\Expressive\Middleware\LazyLoadingMiddleware
Zend\Expressive\Router\Middleware\ImplicitOptionsMiddleware
Zend\Expressive\Middleware\LazyLoadingMiddleware
Zend\Expressive\Router\Middleware\MethodNotAllowedMiddleware
Zend\Expressive\Middleware\LazyLoadingMiddleware
Zend\Expressive\Helper\UrlHelperMiddleware
Zend\Expressive\Middleware\LazyLoadingMiddleware
Zend\Expressive\Router\Middleware\DispatchMiddleware
Zend\Expressive\Middleware\LazyLoadingMiddleware
Amazium\SampleApp\UI\Web\Page\Phone\Index
Zend\Expressive\Middleware\LazyLoadingMiddleware
Zend\Stratigility\Middleware\ErrorHandler
Zend\Expressive\Middleware\LazyLoadingMiddleware
Zend\Expressive\Helper\ServerUrlMiddleware
Zend\Expressive\Middleware\LazyLoadingMiddleware
Zend\Expressive\Session\SessionMiddleware
Zend\Expressive\Middleware\LazyLoadingMiddleware
Amazium\Kernel\Application\Context\ApplicationContextMiddleware
Zend\Expressive\Middleware\LazyLoadingMiddleware
Zend\Expressive\Router\Middleware\RouteMiddleware
Zend\Expressive\Middleware\LazyLoadingMiddleware
Zend\Expressive\Router\Middleware\ImplicitHeadMiddleware
Zend\Expressive\Middleware\LazyLoadingMiddleware
Zend\Expressive\Router\Middleware\ImplicitOptionsMiddleware
Zend\Expressive\Middleware\LazyLoadingMiddleware
Zend\Expressive\Router\Middleware\MethodNotAllowedMiddleware
Zend\Expressive\Middleware\LazyLoadingMiddleware
Zend\Expressive\Helper\UrlHelperMiddleware
Zend\Expressive\Middleware\LazyLoadingMiddleware
Zend\Expressive\Router\Middleware\DispatchMiddleware
Zend\Expressive\Middleware\LazyLoadingMiddleware
Amazium\SampleApp\UI\Web\Page\Phone\Create
Zend\Expressive\Middleware\LazyLoadingMiddleware
Zend\Stratigility\Middleware\ErrorHandler
Zend\Expressive\Middleware\LazyLoadingMiddleware
Zend\Expressive\Helper\ServerUrlMiddleware
Zend\Expressive\Middleware\LazyLoadingMiddleware
Zend\Expressive\Session\SessionMiddleware
Zend\Expressive\Middleware\LazyLoadingMiddleware
Amazium\Kernel\Application\Context\ApplicationContextMiddleware
Zend\Expressive\Middleware\LazyLoadingMiddleware
Zend\Expressive\Router\Middleware\RouteMiddleware
Zend\Expressive\Middleware\LazyLoadingMiddleware
Zend\Expressive\Router\Middleware\ImplicitHeadMiddleware
Zend\Expressive\Middleware\LazyLoadingMiddleware
Zend\Expressive\Router\Middleware\ImplicitOptionsMiddleware
Zend\Expressive\Middleware\LazyLoadingMiddleware
Zend\Expressive\Router\Middleware\MethodNotAllowedMiddleware
Zend\Expressive\Middleware\LazyLoadingMiddleware
Zend\Expressive\Helper\UrlHelperMiddleware
Zend\Expressive\Middleware\LazyLoadingMiddleware
Zend\Expressive\Router\Middleware\DispatchMiddleware
Zend\Expressive\Middleware\LazyLoadingMiddleware
Amazium\SampleApp\UI\Web\Page\Phone\Store
Zend\Expressive\Middleware\LazyLoadingMiddleware
Zend\Stratigility\Middleware\ErrorHandler
Zend\Expressive\Middleware\LazyLoadingMiddleware
Zend\Expressive\Helper\ServerUrlMiddleware
Zend\Expressive\Middleware\LazyLoadingMiddleware
Zend\Expressive\Session\SessionMiddleware
Zend\Expressive\Middleware\LazyLoadingMiddleware
Amazium\Kernel\Application\Context\ApplicationContextMiddleware
Zend\Expressive\Middleware\LazyLoadingMiddleware
Zend\Expressive\Router\Middleware\RouteMiddleware
Zend\Expressive\Middleware\LazyLoadingMiddleware
Zend\Expressive\Router\Middleware\ImplicitHeadMiddleware
Zend\Expressive\Middleware\LazyLoadingMiddleware
Zend\Expressive\Router\Middleware\ImplicitOptionsMiddleware
Zend\Expressive\Middleware\LazyLoadingMiddleware
Zend\Expressive\Router\Middleware\MethodNotAllowedMiddleware
Zend\Expressive\Middleware\LazyLoadingMiddleware
Zend\Expressive\Helper\UrlHelperMiddleware
Zend\Expressive\Middleware\LazyLoadingMiddleware
Zend\Expressive\Router\Middleware\DispatchMiddleware
Zend\Expressive\Middleware\LazyLoadingMiddleware
Amazium\SampleApp\UI\Web\Page\Phone\Store
Zend\Expressive\Middleware\LazyLoadingMiddleware
Zend\Stratigility\Middleware\ErrorHandler
Zend\Expressive\Middleware\LazyLoadingMiddleware
Zend\Expressive\Helper\ServerUrlMiddleware
Zend\Expressive\Middleware\LazyLoadingMiddleware
Zend\Expressive\Session\SessionMiddleware
Zend\Expressive\Middleware\LazyLoadingMiddleware
Amazium\Kernel\Application\Context\ApplicationContextMiddleware
Zend\Expressive\Middleware\LazyLoadingMiddleware
Zend\Expressive\Router\Middleware\RouteMiddleware
Zend\Expressive\Middleware\LazyLoadingMiddleware
Zend\Expressive\Router\Middleware\ImplicitHeadMiddleware
Zend\Expressive\Middleware\LazyLoadingMiddleware
Zend\Expressive\Router\Middleware\ImplicitOptionsMiddleware
Zend\Expressive\Middleware\LazyLoadingMiddleware
Zend\Expressive\Router\Middleware\MethodNotAllowedMiddleware
Zend\Expressive\Middleware\LazyLoadingMiddleware
Zend\Expressive\Helper\UrlHelperMiddleware
Zend\Expressive\Middleware\LazyLoadingMiddleware
Zend\Expressive\Router\Middleware\DispatchMiddleware
Zend\Expressive\Middleware\LazyLoadingMiddleware
Amazium\SampleApp\UI\Web\Page\Phone\Create
Zend\Expressive\Middleware\LazyLoadingMiddleware
Zend\Stratigility\Middleware\ErrorHandler
Zend\Expressive\Middleware\LazyLoadingMiddleware
Zend\Expressive\Helper\ServerUrlMiddleware
Zend\Expressive\Middleware\LazyLoadingMiddleware
Zend\Expressive\Session\SessionMiddleware
Zend\Expressive\Middleware\LazyLoadingMiddleware
Amazium\Kernel\Application\Context\ApplicationContextMiddleware
Zend\Expressive\Middleware\LazyLoadingMiddleware
Zend\Expressive\Router\Middleware\RouteMiddleware
Zend\Expressive\Middleware\LazyLoadingMiddleware
Zend\Expressive\Router\Middleware\ImplicitHeadMiddleware
Zend\Expressive\Middleware\LazyLoadingMiddleware
Zend\Expressive\Router\Middleware\ImplicitOptionsMiddleware
Zend\Expressive\Middleware\LazyLoadingMiddleware
Zend\Expressive\Router\Middleware\MethodNotAllowedMiddleware
Zend\Expressive\Middleware\LazyLoadingMiddleware
Zend\Expressive\Helper\UrlHelperMiddleware
Zend\Expressive\Middleware\LazyLoadingMiddleware
Zend\Expressive\Router\Middleware\DispatchMiddleware
Zend\Expressive\Middleware\LazyLoadingMiddleware
Amazium\SampleApp\UI\Web\Page\Phone\Create
Zend\Expressive\Middleware\LazyLoadingMiddleware
Zend\Stratigility\Middleware\ErrorHandler
Zend\Expressive\Middleware\LazyLoadingMiddleware
Zend\Expressive\Helper\ServerUrlMiddleware
Zend\Expressive\Middleware\LazyLoadingMiddleware
Zend\Expressive\Session\SessionMiddleware
Zend\Expressive\Middleware\LazyLoadingMiddleware
Amazium\Kernel\Application\Context\ApplicationContextMiddleware
Zend\Expressive\Middleware\LazyLoadingMiddleware
Zend\Expressive\Router\Middleware\RouteMiddleware
Zend\Expressive\Middleware\LazyLoadingMiddleware
Zend\Expressive\Router\Middleware\ImplicitHeadMiddleware
Zend\Expressive\Middleware\LazyLoadingMiddleware
Zend\Expressive\Router\Middleware\ImplicitOptionsMiddleware
Zend\Expressive\Middleware\LazyLoadingMiddleware
Zend\Expressive\Router\Middleware\MethodNotAllowedMiddleware
Zend\Expressive\Middleware\LazyLoadingMiddleware
Zend\Expressive\Helper\UrlHelperMiddleware
Zend\Expressive\Middleware\LazyLoadingMiddleware
Zend\Expressive\Router\Middleware\DispatchMiddleware
Zend\Expressive\Middleware\LazyLoadingMiddleware
Amazium\SampleApp\UI\Web\Page\Phone\Store
Zend\Expressive\Middleware\LazyLoadingMiddleware
Zend\Stratigility\Middleware\ErrorHandler
Zend\Expressive\Middleware\LazyLoadingMiddleware
Zend\Expressive\Helper\ServerUrlMiddleware
Zend\Expressive\Middleware\LazyLoadingMiddleware
Zend\Expressive\Session\SessionMiddleware
Zend\Expressive\Middleware\LazyLoadingMiddleware
Amazium\Kernel\Application\Context\ApplicationContextMiddleware
Zend\Expressive\Middleware\LazyLoadingMiddleware
Zend\Expressive\Router\Middleware\RouteMiddleware
Zend\Expressive\Middleware\LazyLoadingMiddleware
Zend\Expressive\Router\Middleware\ImplicitHeadMiddleware
Zend\Expressive\Middleware\LazyLoadingMiddleware
Zend\Expressive\Router\Middleware\ImplicitOptionsMiddleware
Zend\Expressive\Middleware\LazyLoadingMiddleware
Zend\Expressive\Router\Middleware\MethodNotAllowedMiddleware
Zend\Expressive\Middleware\LazyLoadingMiddleware
Zend\Expressive\Helper\UrlHelperMiddleware
Zend\Expressive\Middleware\LazyLoadingMiddleware
Zend\Expressive\Router\Middleware\DispatchMiddleware
Zend\Expressive\Middleware\LazyLoadingMiddleware
Amazium\SampleApp\UI\Web\Page\Phone\Store
Zend\Expressive\Middleware\LazyLoadingMiddleware
Zend\Stratigility\Middleware\ErrorHandler
Zend\Expressive\Middleware\LazyLoadingMiddleware
Zend\Expressive\Helper\ServerUrlMiddleware
Zend\Expressive\Middleware\LazyLoadingMiddleware
Zend\Expressive\Session\SessionMiddleware
Zend\Expressive\Middleware\LazyLoadingMiddleware
Amazium\Kernel\Application\Context\ApplicationContextMiddleware
Zend\Expressive\Middleware\LazyLoadingMiddleware
Zend\Expressive\Router\Middleware\RouteMiddleware
Zend\Expressive\Middleware\LazyLoadingMiddleware
Zend\Expressive\Router\Middleware\ImplicitHeadMiddleware
Zend\Expressive\Middleware\LazyLoadingMiddleware
Zend\Expressive\Router\Middleware\ImplicitOptionsMiddleware
Zend\Expressive\Middleware\LazyLoadingMiddleware
Zend\Expressive\Router\Middleware\MethodNotAllowedMiddleware
Zend\Expressive\Middleware\LazyLoadingMiddleware
Zend\Expressive\Helper\UrlHelperMiddleware
Zend\Expressive\Middleware\LazyLoadingMiddleware
Zend\Expressive\Router\Middleware\DispatchMiddleware
Zend\Expressive\Middleware\LazyLoadingMiddleware
Amazium\SampleApp\UI\Web\Page\Phone\Store
Zend\Expressive\Middleware\LazyLoadingMiddleware
Zend\Stratigility\Middleware\ErrorHandler
Zend\Expressive\Middleware\LazyLoadingMiddleware
Zend\Expressive\Helper\ServerUrlMiddleware
Zend\Expressive\Middleware\LazyLoadingMiddleware
Zend\Expressive\Session\SessionMiddleware
Zend\Expressive\Middleware\LazyLoadingMiddleware
Amazium\Kernel\Application\Context\ApplicationContextMiddleware
Zend\Expressive\Middleware\LazyLoadingMiddleware
Zend\Expressive\Router\Middleware\RouteMiddleware
Zend\Expressive\Middleware\LazyLoadingMiddleware
Zend\Expressive\Router\Middleware\ImplicitHeadMiddleware
Zend\Expressive\Middleware\LazyLoadingMiddleware
Zend\Expressive\Router\Middleware\ImplicitOptionsMiddleware
Zend\Expressive\Middleware\LazyLoadingMiddleware
Zend\Expressive\Router\Middleware\MethodNotAllowedMiddleware
Zend\Expressive\Middleware\LazyLoadingMiddleware
Zend\Expressive\Helper\UrlHelperMiddleware
Zend\Expressive\Middleware\LazyLoadingMiddleware
Zend\Expressive\Router\Middleware\DispatchMiddleware
Zend\Expressive\Middleware\LazyLoadingMiddleware
Amazium\SampleApp\UI\Web\Page\Phone\Create
Zend\Expressive\Middleware\LazyLoadingMiddleware
Zend\Stratigility\Middleware\ErrorHandler
Zend\Expressive\Middleware\LazyLoadingMiddleware
Zend\Expressive\Helper\ServerUrlMiddleware
Zend\Expressive\Middleware\LazyLoadingMiddleware
Zend\Expressive\Session\SessionMiddleware
Zend\Expressive\Middleware\LazyLoadingMiddleware
Amazium\Kernel\Application\Context\ApplicationContextMiddleware
Zend\Expressive\Middleware\LazyLoadingMiddleware
Zend\Expressive\Router\Middleware\RouteMiddleware
Zend\Expressive\Middleware\LazyLoadingMiddleware
Zend\Expressive\Router\Middleware\ImplicitHeadMiddleware
Zend\Expressive\Middleware\LazyLoadingMiddleware
Zend\Expressive\Router\Middleware\ImplicitOptionsMiddleware
Zend\Expressive\Middleware\LazyLoadingMiddleware
Zend\Expressive\Router\Middleware\MethodNotAllowedMiddleware
Zend\Expressive\Middleware\LazyLoadingMiddleware
Zend\Expressive\Helper\UrlHelperMiddleware
Zend\Expressive\Middleware\LazyLoadingMiddleware
Zend\Expressive\Router\Middleware\DispatchMiddleware
Zend\Expressive\Middleware\LazyLoadingMiddleware
Amazium\SampleApp\UI\Web\Page\Phone\Store
Zend\Expressive\Middleware\LazyLoadingMiddleware
Zend\Stratigility\Middleware\ErrorHandler
Zend\Expressive\Middleware\LazyLoadingMiddleware
Zend\Expressive\Helper\ServerUrlMiddleware
Zend\Expressive\Middleware\LazyLoadingMiddleware
Zend\Expressive\Session\SessionMiddleware
Zend\Expressive\Middleware\LazyLoadingMiddleware
Amazium\Kernel\Application\Context\ApplicationContextMiddleware
Zend\Expressive\Middleware\LazyLoadingMiddleware
Zend\Expressive\Router\Middleware\RouteMiddleware
Zend\Expressive\Middleware\LazyLoadingMiddleware
Zend\Expressive\Router\Middleware\ImplicitHeadMiddleware
Zend\Expressive\Middleware\LazyLoadingMiddleware
Zend\Expressive\Router\Middleware\ImplicitOptionsMiddleware
Zend\Expressive\Middleware\LazyLoadingMiddleware
Zend\Expressive\Router\Middleware\MethodNotAllowedMiddleware
Zend\Expressive\Middleware\LazyLoadingMiddleware
Zend\Expressive\Helper\UrlHelperMiddleware
Zend\Expressive\Middleware\LazyLoadingMiddleware
Zend\Expressive\Router\Middleware\DispatchMiddleware
Zend\Expressive\Middleware\LazyLoadingMiddleware
Amazium\SampleApp\UI\Web\Page\Phone\Store
Zend\Expressive\Middleware\LazyLoadingMiddleware
Zend\Stratigility\Middleware\ErrorHandler
Zend\Expressive\Middleware\LazyLoadingMiddleware
Zend\Expressive\Helper\ServerUrlMiddleware
Zend\Expressive\Middleware\LazyLoadingMiddleware
Zend\Expressive\Session\SessionMiddleware
Zend\Expressive\Middleware\LazyLoadingMiddleware
Amazium\Kernel\Application\Context\ApplicationContextMiddleware
Zend\Expressive\Middleware\LazyLoadingMiddleware
Zend\Expressive\Router\Middleware\RouteMiddleware
Zend\Expressive\Middleware\LazyLoadingMiddleware
Zend\Expressive\Router\Middleware\ImplicitHeadMiddleware
Zend\Expressive\Middleware\LazyLoadingMiddleware
Zend\Expressive\Router\Middleware\ImplicitOptionsMiddleware
Zend\Expressive\Middleware\LazyLoadingMiddleware
Zend\Expressive\Router\Middleware\MethodNotAllowedMiddleware
Zend\Expressive\Middleware\LazyLoadingMiddleware
Zend\Expressive\Helper\UrlHelperMiddleware
Zend\Expressive\Middleware\LazyLoadingMiddleware
Zend\Expressive\Router\Middleware\DispatchMiddleware
Zend\Expressive\Middleware\LazyLoadingMiddleware
Amazium\SampleApp\UI\Web\Page\Phone\Store
Zend\Expressive\Middleware\LazyLoadingMiddleware
Zend\Stratigility\Middleware\ErrorHandler
Zend\Expressive\Middleware\LazyLoadingMiddleware
Zend\Expressive\Helper\ServerUrlMiddleware
Zend\Expressive\Middleware\LazyLoadingMiddleware
Zend\Expressive\Session\SessionMiddleware
Zend\Expressive\Middleware\LazyLoadingMiddleware
Amazium\Kernel\Application\Context\ApplicationContextMiddleware
Zend\Expressive\Middleware\LazyLoadingMiddleware
Zend\Expressive\Router\Middleware\RouteMiddleware
Zend\Expressive\Middleware\LazyLoadingMiddleware
Zend\Expressive\Router\Middleware\ImplicitHeadMiddleware
Zend\Expressive\Middleware\LazyLoadingMiddleware
Zend\Expressive\Router\Middleware\ImplicitOptionsMiddleware
Zend\Expressive\Middleware\LazyLoadingMiddleware
Zend\Expressive\Router\Middleware\MethodNotAllowedMiddleware
Zend\Expressive\Middleware\LazyLoadingMiddleware
Zend\Expressive\Helper\UrlHelperMiddleware
Zend\Expressive\Middleware\LazyLoadingMiddleware
Zend\Expressive\Router\Middleware\DispatchMiddleware
Zend\Expressive\Middleware\LazyLoadingMiddleware
Amazium\SampleApp\UI\Web\Page\Phone\Show
Zend\Expressive\Middleware\LazyLoadingMiddleware
Zend\Stratigility\Middleware\ErrorHandler
Zend\Expressive\Middleware\LazyLoadingMiddleware
Zend\Expressive\Helper\ServerUrlMiddleware
Zend\Expressive\Middleware\LazyLoadingMiddleware
Zend\Expressive\Session\SessionMiddleware
Zend\Expressive\Middleware\LazyLoadingMiddleware
Amazium\Kernel\Application\Context\ApplicationContextMiddleware
Zend\Expressive\Middleware\LazyLoadingMiddleware
Zend\Expressive\Router\Middleware\RouteMiddleware
Zend\Expressive\Middleware\LazyLoadingMiddleware
Zend\Expressive\Router\Middleware\ImplicitHeadMiddleware
Zend\Expressive\Middleware\LazyLoadingMiddleware
Zend\Expressive\Router\Middleware\ImplicitOptionsMiddleware
Zend\Expressive\Middleware\LazyLoadingMiddleware
Zend\Expressive\Router\Middleware\MethodNotAllowedMiddleware
Zend\Expressive\Middleware\LazyLoadingMiddleware
Zend\Expressive\Helper\UrlHelperMiddleware
Zend\Expressive\Middleware\LazyLoadingMiddleware
Zend\Expressive\Router\Middleware\DispatchMiddleware
Zend\Expressive\Middleware\LazyLoadingMiddleware
Amazium\SampleApp\UI\Web\Page\Phone\Index
Zend\Expressive\Middleware\LazyLoadingMiddleware
Zend\Stratigility\Middleware\ErrorHandler
Zend\Expressive\Middleware\LazyLoadingMiddleware
Zend\Expressive\Helper\ServerUrlMiddleware
Zend\Expressive\Middleware\LazyLoadingMiddleware
Zend\Expressive\Session\SessionMiddleware
Zend\Expressive\Middleware\LazyLoadingMiddleware
Amazium\Kernel\Application\Context\ApplicationContextMiddleware
Zend\Expressive\Middleware\LazyLoadingMiddleware
Zend\Expressive\Router\Middleware\RouteMiddleware
Zend\Expressive\Middleware\LazyLoadingMiddleware
Zend\Expressive\Router\Middleware\ImplicitHeadMiddleware
Zend\Expressive\Middleware\LazyLoadingMiddleware
Zend\Expressive\Router\Middleware\ImplicitOptionsMiddleware
Zend\Expressive\Middleware\LazyLoadingMiddleware
Zend\Expressive\Router\Middleware\MethodNotAllowedMiddleware
Zend\Expressive\Middleware\LazyLoadingMiddleware
Zend\Expressive\Helper\UrlHelperMiddleware
Zend\Expressive\Middleware\LazyLoadingMiddleware
Zend\Expressive\Router\Middleware\DispatchMiddleware
Zend\Expressive\Middleware\LazyLoadingMiddleware
Amazium\SampleApp\UI\Web\Page\Phone\Index
Zend\Expressive\Middleware\LazyLoadingMiddleware
Zend\Stratigility\Middleware\ErrorHandler
Zend\Expressive\Middleware\LazyLoadingMiddleware
Zend\Expressive\Helper\ServerUrlMiddleware
Zend\Expressive\Middleware\LazyLoadingMiddleware
Zend\Expressive\Session\SessionMiddleware
Zend\Expressive\Middleware\LazyLoadingMiddleware
Amazium\Kernel\Application\Context\ApplicationContextMiddleware
Zend\Expressive\Middleware\LazyLoadingMiddleware
Zend\Expressive\Router\Middleware\RouteMiddleware
Zend\Expressive\Middleware\LazyLoadingMiddleware
Zend\Expressive\Router\Middleware\ImplicitHeadMiddleware
Zend\Expressive\Middleware\LazyLoadingMiddleware
Zend\Expressive\Router\Middleware\ImplicitOptionsMiddleware
Zend\Expressive\Middleware\LazyLoadingMiddleware
Zend\Expressive\Router\Middleware\MethodNotAllowedMiddleware
Zend\Expressive\Middleware\LazyLoadingMiddleware
Zend\Expressive\Helper\UrlHelperMiddleware
Zend\Expressive\Middleware\LazyLoadingMiddleware
Zend\Expressive\Router\Middleware\DispatchMiddleware
Zend\Expressive\Middleware\LazyLoadingMiddleware
Amazium\SampleApp\UI\Web\Page\Phone\Edit
Zend\Expressive\Middleware\LazyLoadingMiddleware
Zend\Stratigility\Middleware\ErrorHandler
Zend\Expressive\Middleware\LazyLoadingMiddleware
Zend\Expressive\Helper\ServerUrlMiddleware
Zend\Expressive\Middleware\LazyLoadingMiddleware
Zend\Expressive\Session\SessionMiddleware
Zend\Expressive\Middleware\LazyLoadingMiddleware
Amazium\Kernel\Application\Context\ApplicationContextMiddleware
Zend\Expressive\Middleware\LazyLoadingMiddleware
Zend\Expressive\Router\Middleware\RouteMiddleware
Zend\Expressive\Middleware\LazyLoadingMiddleware
Zend\Expressive\Router\Middleware\ImplicitHeadMiddleware
Zend\Expressive\Middleware\LazyLoadingMiddleware
Zend\Expressive\Router\Middleware\ImplicitOptionsMiddleware
Zend\Expressive\Middleware\LazyLoadingMiddleware
Zend\Expressive\Router\Middleware\MethodNotAllowedMiddleware
Zend\Expressive\Middleware\LazyLoadingMiddleware
Zend\Expressive\Helper\UrlHelperMiddleware
Zend\Expressive\Middleware\LazyLoadingMiddleware
Zend\Expressive\Router\Middleware\DispatchMiddleware
Zend\Expressive\Middleware\LazyLoadingMiddleware
Amazium\SampleApp\UI\Web\Page\Phone\Update
Zend\Expressive\Middleware\LazyLoadingMiddleware
Zend\Stratigility\Middleware\ErrorHandler
Zend\Expressive\Middleware\LazyLoadingMiddleware
Zend\Expressive\Helper\ServerUrlMiddleware
Zend\Expressive\Middleware\LazyLoadingMiddleware
Zend\Expressive\Session\SessionMiddleware
Zend\Expressive\Middleware\LazyLoadingMiddleware
Amazium\Kernel\Application\Context\ApplicationContextMiddleware
Zend\Expressive\Middleware\LazyLoadingMiddleware
Zend\Expressive\Router\Middleware\RouteMiddleware
Zend\Expressive\Middleware\LazyLoadingMiddleware
Zend\Expressive\Router\Middleware\ImplicitHeadMiddleware
Zend\Expressive\Middleware\LazyLoadingMiddleware
Zend\Expressive\Router\Middleware\ImplicitOptionsMiddleware
Zend\Expressive\Middleware\LazyLoadingMiddleware
Zend\Expressive\Router\Middleware\MethodNotAllowedMiddleware
Zend\Expressive\Middleware\LazyLoadingMiddleware
Zend\Expressive\Helper\UrlHelperMiddleware
Zend\Expressive\Middleware\LazyLoadingMiddleware
Zend\Expressive\Router\Middleware\DispatchMiddleware
Zend\Expressive\Middleware\LazyLoadingMiddleware
Amazium\SampleApp\UI\Web\Page\Phone\Show
Zend\Expressive\Middleware\LazyLoadingMiddleware
Zend\Stratigility\Middleware\ErrorHandler
Zend\Expressive\Middleware\LazyLoadingMiddleware
Zend\Expressive\Helper\ServerUrlMiddleware
Zend\Expressive\Middleware\LazyLoadingMiddleware
Zend\Expressive\Session\SessionMiddleware
Zend\Expressive\Middleware\LazyLoadingMiddleware
Amazium\Kernel\Application\Context\ApplicationContextMiddleware
Zend\Expressive\Middleware\LazyLoadingMiddleware
Zend\Expressive\Router\Middleware\RouteMiddleware
Zend\Expressive\Middleware\LazyLoadingMiddleware
Zend\Expressive\Router\Middleware\ImplicitHeadMiddleware
Zend\Expressive\Middleware\LazyLoadingMiddleware
Zend\Expressive\Router\Middleware\ImplicitOptionsMiddleware
Zend\Expressive\Middleware\LazyLoadingMiddleware
Zend\Expressive\Router\Middleware\MethodNotAllowedMiddleware
Zend\Expressive\Middleware\LazyLoadingMiddleware
Zend\Expressive\Helper\UrlHelperMiddleware
Zend\Expressive\Middleware\LazyLoadingMiddleware
Zend\Expressive\Router\Middleware\DispatchMiddleware
Zend\Expressive\Middleware\LazyLoadingMiddleware
Amazium\SampleApp\UI\Web\Page\Phone\Index
Zend\Expressive\Middleware\LazyLoadingMiddleware
Zend\Stratigility\Middleware\ErrorHandler
Zend\Expressive\Middleware\LazyLoadingMiddleware
Zend\Expressive\Helper\ServerUrlMiddleware
Zend\Expressive\Middleware\LazyLoadingMiddleware
Zend\Expressive\Session\SessionMiddleware
Zend\Expressive\Middleware\LazyLoadingMiddleware
Amazium\Kernel\Application\Context\ApplicationContextMiddleware
Zend\Expressive\Middleware\LazyLoadingMiddleware
Zend\Expressive\Router\Middleware\RouteMiddleware
Zend\Expressive\Middleware\LazyLoadingMiddleware
Zend\Expressive\Router\Middleware\ImplicitHeadMiddleware
Zend\Expressive\Middleware\LazyLoadingMiddleware
Zend\Expressive\Router\Middleware\ImplicitOptionsMiddleware
Zend\Expressive\Middleware\LazyLoadingMiddleware
Zend\Expressive\Router\Middleware\MethodNotAllowedMiddleware
Zend\Expressive\Middleware\LazyLoadingMiddleware
Zend\Expressive\Helper\UrlHelperMiddleware
Zend\Expressive\Middleware\LazyLoadingMiddleware
Zend\Expressive\Router\Middleware\DispatchMiddleware
Zend\Expressive\Middleware\LazyLoadingMiddleware
Amazium\SampleApp\UI\Web\Page\Phone\Create
Zend\Expressive\Middleware\LazyLoadingMiddleware
Zend\Stratigility\Middleware\ErrorHandler
Zend\Expressive\Middleware\LazyLoadingMiddleware
Zend\Expressive\Helper\ServerUrlMiddleware
Zend\Expressive\Middleware\LazyLoadingMiddleware
Zend\Expressive\Session\SessionMiddleware
Zend\Expressive\Middleware\LazyLoadingMiddleware
Amazium\Kernel\Application\Context\ApplicationContextMiddleware
Zend\Expressive\Middleware\LazyLoadingMiddleware
Zend\Expressive\Router\Middleware\RouteMiddleware
Zend\Expressive\Middleware\LazyLoadingMiddleware
Zend\Expressive\Router\Middleware\ImplicitHeadMiddleware
Zend\Expressive\Middleware\LazyLoadingMiddleware
Zend\Expressive\Router\Middleware\ImplicitOptionsMiddleware
Zend\Expressive\Middleware\LazyLoadingMiddleware
Zend\Expressive\Router\Middleware\MethodNotAllowedMiddleware
Zend\Expressive\Middleware\LazyLoadingMiddleware
Zend\Expressive\Helper\UrlHelperMiddleware
Zend\Expressive\Middleware\LazyLoadingMiddleware
Zend\Expressive\Router\Middleware\DispatchMiddleware
Zend\Expressive\Middleware\LazyLoadingMiddleware
Amazium\SampleApp\UI\Web\Page\Phone\Store
Zend\Expressive\Middleware\LazyLoadingMiddleware
Zend\Stratigility\Middleware\ErrorHandler
Zend\Expressive\Middleware\LazyLoadingMiddleware
Zend\Expressive\Helper\ServerUrlMiddleware
Zend\Expressive\Middleware\LazyLoadingMiddleware
Zend\Expressive\Session\SessionMiddleware
Zend\Expressive\Middleware\LazyLoadingMiddleware
Amazium\Kernel\Application\Context\ApplicationContextMiddleware
Zend\Expressive\Middleware\LazyLoadingMiddleware
Zend\Expressive\Router\Middleware\RouteMiddleware
Zend\Expressive\Middleware\LazyLoadingMiddleware
Zend\Expressive\Router\Middleware\ImplicitHeadMiddleware
Zend\Expressive\Middleware\LazyLoadingMiddleware
Zend\Expressive\Router\Middleware\ImplicitOptionsMiddleware
Zend\Expressive\Middleware\LazyLoadingMiddleware
Zend\Expressive\Router\Middleware\MethodNotAllowedMiddleware
Zend\Expressive\Middleware\LazyLoadingMiddleware
Zend\Expressive\Helper\UrlHelperMiddleware
Zend\Expressive\Middleware\LazyLoadingMiddleware
Zend\Expressive\Router\Middleware\DispatchMiddleware
Zend\Expressive\Middleware\LazyLoadingMiddleware
Amazium\SampleApp\UI\Web\Page\Phone\Create
Zend\Expressive\Middleware\LazyLoadingMiddleware
Zend\Stratigility\Middleware\ErrorHandler
Zend\Expressive\Middleware\LazyLoadingMiddleware
Zend\Expressive\Helper\ServerUrlMiddleware
Zend\Expressive\Middleware\LazyLoadingMiddleware
Zend\Expressive\Session\SessionMiddleware
Zend\Expressive\Middleware\LazyLoadingMiddleware
Amazium\Kernel\Application\Context\ApplicationContextMiddleware
Zend\Expressive\Middleware\LazyLoadingMiddleware
Zend\Expressive\Router\Middleware\RouteMiddleware
Zend\Expressive\Middleware\LazyLoadingMiddleware
Zend\Expressive\Router\Middleware\ImplicitHeadMiddleware
Zend\Expressive\Middleware\LazyLoadingMiddleware
Zend\Expressive\Router\Middleware\ImplicitOptionsMiddleware
Zend\Expressive\Middleware\LazyLoadingMiddleware
Zend\Expressive\Router\Middleware\MethodNotAllowedMiddleware
Zend\Expressive\Middleware\LazyLoadingMiddleware
Zend\Expressive\Helper\UrlHelperMiddleware
Zend\Expressive\Middleware\LazyLoadingMiddleware
Zend\Expressive\Router\Middleware\DispatchMiddleware
Zend\Expressive\Middleware\LazyLoadingMiddleware
Amazium\SampleApp\UI\Web\Page\Phone\Store
Zend\Expressive\Middleware\LazyLoadingMiddleware
Zend\Stratigility\Middleware\ErrorHandler
Zend\Expressive\Middleware\LazyLoadingMiddleware
Zend\Expressive\Helper\ServerUrlMiddleware
Zend\Expressive\Middleware\LazyLoadingMiddleware
Zend\Expressive\Session\SessionMiddleware
Zend\Expressive\Middleware\LazyLoadingMiddleware
Amazium\Kernel\Application\Context\ApplicationContextMiddleware
Zend\Expressive\Middleware\LazyLoadingMiddleware
Zend\Expressive\Router\Middleware\RouteMiddleware
Zend\Expressive\Middleware\LazyLoadingMiddleware
Zend\Expressive\Router\Middleware\ImplicitHeadMiddleware
Zend\Expressive\Middleware\LazyLoadingMiddleware
Zend\Expressive\Router\Middleware\ImplicitOptionsMiddleware
Zend\Expressive\Middleware\LazyLoadingMiddleware
Zend\Expressive\Router\Middleware\MethodNotAllowedMiddleware
Zend\Expressive\Middleware\LazyLoadingMiddleware
Zend\Expressive\Helper\UrlHelperMiddleware
Zend\Expressive\Middleware\LazyLoadingMiddleware
Zend\Expressive\Router\Middleware\DispatchMiddleware
Zend\Expressive\Middleware\LazyLoadingMiddleware
Amazium\SampleApp\UI\Web\Page\Phone\Show
Zend\Expressive\Middleware\LazyLoadingMiddleware
Zend\Stratigility\Middleware\ErrorHandler
Zend\Expressive\Middleware\LazyLoadingMiddleware
Zend\Expressive\Helper\ServerUrlMiddleware
Zend\Expressive\Middleware\LazyLoadingMiddleware
Zend\Expressive\Session\SessionMiddleware
Zend\Expressive\Middleware\LazyLoadingMiddleware
Amazium\Kernel\Application\Context\ApplicationContextMiddleware
Zend\Expressive\Middleware\LazyLoadingMiddleware
Zend\Expressive\Router\Middleware\RouteMiddleware
Zend\Expressive\Middleware\LazyLoadingMiddleware
Zend\Expressive\Router\Middleware\ImplicitHeadMiddleware
Zend\Expressive\Middleware\LazyLoadingMiddleware
Zend\Expressive\Router\Middleware\ImplicitOptionsMiddleware
Zend\Expressive\Middleware\LazyLoadingMiddleware
Zend\Expressive\Router\Middleware\MethodNotAllowedMiddleware
Zend\Expressive\Middleware\LazyLoadingMiddleware
Zend\Expressive\Helper\UrlHelperMiddleware
Zend\Expressive\Middleware\LazyLoadingMiddleware
Zend\Expressive\Router\Middleware\DispatchMiddleware
Zend\Expressive\Middleware\LazyLoadingMiddleware
Amazium\SampleApp\UI\Web\Page\Phone\Index
Zend\Expressive\Middleware\LazyLoadingMiddleware
Zend\Stratigility\Middleware\ErrorHandler
Zend\Expressive\Middleware\LazyLoadingMiddleware
Zend\Expressive\Helper\ServerUrlMiddleware
Zend\Expressive\Middleware\LazyLoadingMiddleware
Zend\Expressive\Session\SessionMiddleware
Zend\Expressive\Middleware\LazyLoadingMiddleware
Amazium\Kernel\Application\Context\ApplicationContextMiddleware
Zend\Expressive\Middleware\LazyLoadingMiddleware
Zend\Expressive\Router\Middleware\RouteMiddleware
Zend\Expressive\Middleware\LazyLoadingMiddleware
Zend\Expressive\Router\Middleware\ImplicitHeadMiddleware
Zend\Expressive\Middleware\LazyLoadingMiddleware
Zend\Expressive\Router\Middleware\ImplicitOptionsMiddleware
Zend\Expressive\Middleware\LazyLoadingMiddleware
Zend\Expressive\Router\Middleware\MethodNotAllowedMiddleware
Zend\Expressive\Middleware\LazyLoadingMiddleware
Zend\Expressive\Helper\UrlHelperMiddleware
Zend\Expressive\Middleware\LazyLoadingMiddleware
Zend\Expressive\Router\Middleware\DispatchMiddleware
Zend\Expressive\Middleware\LazyLoadingMiddleware
Amazium\SampleApp\UI\Web\Page\BankAccount\Index
Zend\Expressive\Middleware\LazyLoadingMiddleware
Zend\Stratigility\Middleware\ErrorHandler
Zend\Expressive\Middleware\LazyLoadingMiddleware
Zend\Expressive\Helper\ServerUrlMiddleware
Zend\Expressive\Middleware\LazyLoadingMiddleware
Zend\Expressive\Session\SessionMiddleware
Zend\Expressive\Middleware\LazyLoadingMiddleware
Amazium\Kernel\Application\Context\ApplicationContextMiddleware
Zend\Expressive\Middleware\LazyLoadingMiddleware
Zend\Expressive\Router\Middleware\RouteMiddleware
Zend\Expressive\Middleware\LazyLoadingMiddleware
Zend\Expressive\Router\Middleware\ImplicitHeadMiddleware
Zend\Expressive\Middleware\LazyLoadingMiddleware
Zend\Expressive\Router\Middleware\ImplicitOptionsMiddleware
Zend\Expressive\Middleware\LazyLoadingMiddleware
Zend\Expressive\Router\Middleware\MethodNotAllowedMiddleware
Zend\Expressive\Middleware\LazyLoadingMiddleware
Zend\Expressive\Helper\UrlHelperMiddleware
Zend\Expressive\Middleware\LazyLoadingMiddleware
Zend\Expressive\Router\Middleware\DispatchMiddleware
Zend\Expressive\Middleware\LazyLoadingMiddleware
Amazium\SampleApp\UI\Web\Page\BankAccount\Index
Zend\Expressive\Middleware\LazyLoadingMiddleware
Zend\Stratigility\Middleware\ErrorHandler
Zend\Expressive\Middleware\LazyLoadingMiddleware
Zend\Expressive\Helper\ServerUrlMiddleware
Zend\Expressive\Middleware\LazyLoadingMiddleware
Zend\Expressive\Session\SessionMiddleware
Zend\Expressive\Middleware\LazyLoadingMiddleware
Amazium\Kernel\Application\Context\ApplicationContextMiddleware
Zend\Expressive\Middleware\LazyLoadingMiddleware
Zend\Expressive\Router\Middleware\RouteMiddleware
Zend\Expressive\Middleware\LazyLoadingMiddleware
Zend\Expressive\Router\Middleware\ImplicitHeadMiddleware
Zend\Expressive\Middleware\LazyLoadingMiddleware
Zend\Expressive\Router\Middleware\ImplicitOptionsMiddleware
Zend\Expressive\Middleware\LazyLoadingMiddleware
Zend\Expressive\Router\Middleware\MethodNotAllowedMiddleware
Zend\Expressive\Middleware\LazyLoadingMiddleware
Zend\Expressive\Helper\UrlHelperMiddleware
Zend\Expressive\Middleware\LazyLoadingMiddleware
Zend\Expressive\Router\Middleware\DispatchMiddleware
Zend\Expressive\Middleware\LazyLoadingMiddleware
Amazium\SampleApp\UI\Web\Page\BankAccount\Index
Zend\Expressive\Middleware\LazyLoadingMiddleware
Zend\Stratigility\Middleware\ErrorHandler
Zend\Expressive\Middleware\LazyLoadingMiddleware
Zend\Expressive\Helper\ServerUrlMiddleware
Zend\Expressive\Middleware\LazyLoadingMiddleware
Zend\Expressive\Session\SessionMiddleware
Zend\Expressive\Middleware\LazyLoadingMiddleware
Amazium\Kernel\Application\Context\ApplicationContextMiddleware
Zend\Expressive\Middleware\LazyLoadingMiddleware
Zend\Expressive\Router\Middleware\RouteMiddleware
Zend\Expressive\Middleware\LazyLoadingMiddleware
Zend\Expressive\Router\Middleware\ImplicitHeadMiddleware
Zend\Expressive\Middleware\LazyLoadingMiddleware
Zend\Expressive\Router\Middleware\ImplicitOptionsMiddleware
Zend\Expressive\Middleware\LazyLoadingMiddleware
Zend\Expressive\Router\Middleware\MethodNotAllowedMiddleware
Zend\Expressive\Middleware\LazyLoadingMiddleware
Zend\Expressive\Helper\UrlHelperMiddleware
Zend\Expressive\Middleware\LazyLoadingMiddleware
Zend\Expressive\Router\Middleware\DispatchMiddleware
Zend\Expressive\Middleware\LazyLoadingMiddleware
Amazium\Frontend\UI\Web\Page\Home
Zend\Expressive\Middleware\LazyLoadingMiddleware
Zend\Stratigility\Middleware\ErrorHandler
Zend\Expressive\Middleware\LazyLoadingMiddleware
Zend\Expressive\Helper\ServerUrlMiddleware
Zend\Expressive\Middleware\LazyLoadingMiddleware
Zend\Expressive\Session\SessionMiddleware
Zend\Expressive\Middleware\LazyLoadingMiddleware
Amazium\Kernel\Application\Context\ApplicationContextMiddleware
Zend\Expressive\Middleware\LazyLoadingMiddleware
Zend\Expressive\Router\Middleware\RouteMiddleware
Zend\Expressive\Middleware\LazyLoadingMiddleware
Zend\Expressive\Router\Middleware\ImplicitHeadMiddleware
Zend\Expressive\Middleware\LazyLoadingMiddleware
Zend\Expressive\Router\Middleware\ImplicitOptionsMiddleware
Zend\Expressive\Middleware\LazyLoadingMiddleware
Zend\Expressive\Router\Middleware\MethodNotAllowedMiddleware
Zend\Expressive\Middleware\LazyLoadingMiddleware
Zend\Expressive\Helper\UrlHelperMiddleware
Zend\Expressive\Middleware\LazyLoadingMiddleware
Zend\Expressive\Router\Middleware\DispatchMiddleware
Zend\Expressive\Middleware\LazyLoadingMiddleware
Amazium\SampleApp\UI\Web\Page\BankAccount\Index
Zend\Expressive\Middleware\LazyLoadingMiddleware
Zend\Stratigility\Middleware\ErrorHandler
Zend\Expressive\Middleware\LazyLoadingMiddleware
Zend\Expressive\Helper\ServerUrlMiddleware
Zend\Expressive\Middleware\LazyLoadingMiddleware
Zend\Expressive\Session\SessionMiddleware
Zend\Expressive\Middleware\LazyLoadingMiddleware
Amazium\Kernel\Application\Context\ApplicationContextMiddleware
Zend\Expressive\Middleware\LazyLoadingMiddleware
Zend\Expressive\Router\Middleware\RouteMiddleware
Zend\Expressive\Middleware\LazyLoadingMiddleware
Zend\Expressive\Router\Middleware\ImplicitHeadMiddleware
Zend\Expressive\Middleware\LazyLoadingMiddleware
Zend\Expressive\Router\Middleware\ImplicitOptionsMiddleware
Zend\Expressive\Middleware\LazyLoadingMiddleware
Zend\Expressive\Router\Middleware\MethodNotAllowedMiddleware
Zend\Expressive\Middleware\LazyLoadingMiddleware
Zend\Expressive\Helper\UrlHelperMiddleware
Zend\Expressive\Middleware\LazyLoadingMiddleware
Zend\Expressive\Router\Middleware\DispatchMiddleware
Zend\Expressive\Middleware\LazyLoadingMiddleware
Amazium\SampleApp\UI\Web\Page\BankAccount\Index
Zend\Expressive\Middleware\LazyLoadingMiddleware
Zend\Stratigility\Middleware\ErrorHandler
Zend\Expressive\Middleware\LazyLoadingMiddleware
Zend\Expressive\Helper\ServerUrlMiddleware
Zend\Expressive\Middleware\LazyLoadingMiddleware
Zend\Expressive\Session\SessionMiddleware
Zend\Expressive\Middleware\LazyLoadingMiddleware
Amazium\Kernel\Application\Context\ApplicationContextMiddleware
Zend\Expressive\Middleware\LazyLoadingMiddleware
Zend\Expressive\Router\Middleware\RouteMiddleware
Zend\Expressive\Middleware\LazyLoadingMiddleware
Zend\Expressive\Router\Middleware\ImplicitHeadMiddleware
Zend\Expressive\Middleware\LazyLoadingMiddleware
Zend\Expressive\Router\Middleware\ImplicitOptionsMiddleware
Zend\Expressive\Middleware\LazyLoadingMiddleware
Zend\Expressive\Router\Middleware\MethodNotAllowedMiddleware
Zend\Expressive\Middleware\LazyLoadingMiddleware
Zend\Expressive\Helper\UrlHelperMiddleware
Zend\Expressive\Middleware\LazyLoadingMiddleware
Zend\Expressive\Router\Middleware\DispatchMiddleware
Zend\Expressive\Middleware\LazyLoadingMiddleware
Amazium\SampleApp\UI\Web\Page\BankAccount\Index
Zend\Expressive\Middleware\LazyLoadingMiddleware
Zend\Stratigility\Middleware\ErrorHandler
Zend\Expressive\Middleware\LazyLoadingMiddleware
Zend\Expressive\Helper\ServerUrlMiddleware
Zend\Expressive\Middleware\LazyLoadingMiddleware
Zend\Expressive\Session\SessionMiddleware
Zend\Expressive\Middleware\LazyLoadingMiddleware
Amazium\Kernel\Application\Context\ApplicationContextMiddleware
Zend\Expressive\Middleware\LazyLoadingMiddleware
Zend\Expressive\Router\Middleware\RouteMiddleware
Zend\Expressive\Middleware\LazyLoadingMiddleware
Zend\Expressive\Router\Middleware\ImplicitHeadMiddleware
Zend\Expressive\Middleware\LazyLoadingMiddleware
Zend\Expressive\Router\Middleware\ImplicitOptionsMiddleware
Zend\Expressive\Middleware\LazyLoadingMiddleware
Zend\Expressive\Router\Middleware\MethodNotAllowedMiddleware
Zend\Expressive\Middleware\LazyLoadingMiddleware
Zend\Expressive\Helper\UrlHelperMiddleware
Zend\Expressive\Middleware\LazyLoadingMiddleware
Zend\Expressive\Router\Middleware\DispatchMiddleware
Zend\Expressive\Middleware\LazyLoadingMiddleware
Amazium\SampleApp\UI\Web\Page\BankAccount\Index
Zend\Expressive\Middleware\LazyLoadingMiddleware
Zend\Stratigility\Middleware\ErrorHandler
Zend\Expressive\Middleware\LazyLoadingMiddleware
Zend\Expressive\Helper\ServerUrlMiddleware
Zend\Expressive\Middleware\LazyLoadingMiddleware
Zend\Expressive\Session\SessionMiddleware
Zend\Expressive\Middleware\LazyLoadingMiddleware
Amazium\Kernel\Application\Context\ApplicationContextMiddleware
Zend\Expressive\Middleware\LazyLoadingMiddleware
Zend\Expressive\Router\Middleware\RouteMiddleware
Zend\Expressive\Middleware\LazyLoadingMiddleware
Zend\Expressive\Router\Middleware\ImplicitHeadMiddleware
Zend\Expressive\Middleware\LazyLoadingMiddleware
Zend\Expressive\Router\Middleware\ImplicitOptionsMiddleware
Zend\Expressive\Middleware\LazyLoadingMiddleware
Zend\Expressive\Router\Middleware\MethodNotAllowedMiddleware
Zend\Expressive\Middleware\LazyLoadingMiddleware
Zend\Expressive\Helper\UrlHelperMiddleware
Zend\Expressive\Middleware\LazyLoadingMiddleware
Zend\Expressive\Router\Middleware\DispatchMiddleware
Zend\Expressive\Middleware\LazyLoadingMiddleware
Zend\Expressive\Handler\NotFoundHandler
Zend\Expressive\Middleware\LazyLoadingMiddleware
Zend\Stratigility\Middleware\ErrorHandler
Zend\Expressive\Middleware\LazyLoadingMiddleware
Zend\Expressive\Helper\ServerUrlMiddleware
Zend\Expressive\Middleware\LazyLoadingMiddleware
Zend\Expressive\Session\SessionMiddleware
Zend\Expressive\Middleware\LazyLoadingMiddleware
Amazium\Kernel\Application\Context\ApplicationContextMiddleware
Zend\Expressive\Middleware\LazyLoadingMiddleware
Zend\Expressive\Router\Middleware\RouteMiddleware
Zend\Expressive\Middleware\LazyLoadingMiddleware
Zend\Expressive\Router\Middleware\ImplicitHeadMiddleware
Zend\Expressive\Middleware\LazyLoadingMiddleware
Zend\Expressive\Router\Middleware\ImplicitOptionsMiddleware
Zend\Expressive\Middleware\LazyLoadingMiddleware
Zend\Expressive\Router\Middleware\MethodNotAllowedMiddleware
Zend\Expressive\Middleware\LazyLoadingMiddleware
Zend\Expressive\Helper\UrlHelperMiddleware
Zend\Expressive\Middleware\LazyLoadingMiddleware
Zend\Expressive\Router\Middleware\DispatchMiddleware
Zend\Expressive\Middleware\LazyLoadingMiddleware
Amazium\SampleApp\UI\Web\Page\BankAccount\Index
Zend\Expressive\Middleware\LazyLoadingMiddleware
Zend\Stratigility\Middleware\ErrorHandler
Zend\Expressive\Middleware\LazyLoadingMiddleware
Zend\Expressive\Helper\ServerUrlMiddleware
Zend\Expressive\Middleware\LazyLoadingMiddleware
Zend\Expressive\Session\SessionMiddleware
Zend\Expressive\Middleware\LazyLoadingMiddleware
Amazium\Kernel\Application\Context\ApplicationContextMiddleware
Zend\Expressive\Middleware\LazyLoadingMiddleware
Zend\Expressive\Router\Middleware\RouteMiddleware
Zend\Expressive\Middleware\LazyLoadingMiddleware
Zend\Expressive\Router\Middleware\ImplicitHeadMiddleware
Zend\Expressive\Middleware\LazyLoadingMiddleware
Zend\Expressive\Router\Middleware\ImplicitOptionsMiddleware
Zend\Expressive\Middleware\LazyLoadingMiddleware
Zend\Expressive\Router\Middleware\MethodNotAllowedMiddleware
Zend\Expressive\Middleware\LazyLoadingMiddleware
Zend\Expressive\Helper\UrlHelperMiddleware
Zend\Expressive\Middleware\LazyLoadingMiddleware
Zend\Expressive\Router\Middleware\DispatchMiddleware
Zend\Expressive\Middleware\LazyLoadingMiddleware
Zend\Expressive\Handler\NotFoundHandler
Zend\Expressive\Middleware\LazyLoadingMiddleware
Zend\Stratigility\Middleware\ErrorHandler
Zend\Expressive\Middleware\LazyLoadingMiddleware
Zend\Expressive\Helper\ServerUrlMiddleware
Zend\Expressive\Middleware\LazyLoadingMiddleware
Zend\Expressive\Session\SessionMiddleware
Zend\Expressive\Middleware\LazyLoadingMiddleware
Amazium\Kernel\Application\Context\ApplicationContextMiddleware
Zend\Expressive\Middleware\LazyLoadingMiddleware
Zend\Expressive\Router\Middleware\RouteMiddleware
Zend\Expressive\Middleware\LazyLoadingMiddleware
Zend\Expressive\Router\Middleware\ImplicitHeadMiddleware
Zend\Expressive\Middleware\LazyLoadingMiddleware
Zend\Expressive\Router\Middleware\ImplicitOptionsMiddleware
Zend\Expressive\Middleware\LazyLoadingMiddleware
Zend\Expressive\Router\Middleware\MethodNotAllowedMiddleware
Zend\Expressive\Middleware\LazyLoadingMiddleware
Zend\Expressive\Helper\UrlHelperMiddleware
Zend\Expressive\Middleware\LazyLoadingMiddleware
Zend\Expressive\Router\Middleware\DispatchMiddleware
Zend\Expressive\Middleware\LazyLoadingMiddleware
Amazium\SampleApp\UI\Web\Page\BankAccount\Index
Zend\Expressive\Middleware\LazyLoadingMiddleware
Zend\Stratigility\Middleware\ErrorHandler
Zend\Expressive\Middleware\LazyLoadingMiddleware
Zend\Expressive\Helper\ServerUrlMiddleware
Zend\Expressive\Middleware\LazyLoadingMiddleware
Zend\Expressive\Session\SessionMiddleware
Zend\Expressive\Middleware\LazyLoadingMiddleware
Amazium\Kernel\Application\Context\ApplicationContextMiddleware
Zend\Expressive\Middleware\LazyLoadingMiddleware
Zend\Expressive\Router\Middleware\RouteMiddleware
Zend\Expressive\Middleware\LazyLoadingMiddleware
Zend\Expressive\Router\Middleware\ImplicitHeadMiddleware
Zend\Expressive\Middleware\LazyLoadingMiddleware
Zend\Expressive\Router\Middleware\ImplicitOptionsMiddleware
Zend\Expressive\Middleware\LazyLoadingMiddleware
Zend\Expressive\Router\Middleware\MethodNotAllowedMiddleware
Zend\Expressive\Middleware\LazyLoadingMiddleware
Zend\Expressive\Helper\UrlHelperMiddleware
Zend\Expressive\Middleware\LazyLoadingMiddleware
Zend\Expressive\Router\Middleware\DispatchMiddleware
Zend\Expressive\Middleware\LazyLoadingMiddleware
Amazium\SampleApp\UI\Web\Page\BankAccount\Index
Zend\Expressive\Middleware\LazyLoadingMiddleware
Zend\Stratigility\Middleware\ErrorHandler
Zend\Expressive\Middleware\LazyLoadingMiddleware
Zend\Expressive\Helper\ServerUrlMiddleware
Zend\Expressive\Middleware\LazyLoadingMiddleware
Zend\Expressive\Session\SessionMiddleware
Zend\Expressive\Middleware\LazyLoadingMiddleware
Amazium\Kernel\Application\Context\ApplicationContextMiddleware
Zend\Expressive\Middleware\LazyLoadingMiddleware
Zend\Expressive\Router\Middleware\RouteMiddleware
Zend\Expressive\Middleware\LazyLoadingMiddleware
Zend\Expressive\Router\Middleware\ImplicitHeadMiddleware
Zend\Expressive\Middleware\LazyLoadingMiddleware
Zend\Expressive\Router\Middleware\ImplicitOptionsMiddleware
Zend\Expressive\Middleware\LazyLoadingMiddleware
Zend\Expressive\Router\Middleware\MethodNotAllowedMiddleware
Zend\Expressive\Middleware\LazyLoadingMiddleware
Zend\Expressive\Helper\UrlHelperMiddleware
Zend\Expressive\Middleware\LazyLoadingMiddleware
Zend\Expressive\Router\Middleware\DispatchMiddleware
Zend\Expressive\Middleware\LazyLoadingMiddleware
Amazium\SampleApp\UI\Web\Page\BankAccount\Index
Zend\Expressive\Middleware\LazyLoadingMiddleware
Zend\Stratigility\Middleware\ErrorHandler
Zend\Expressive\Middleware\LazyLoadingMiddleware
Zend\Expressive\Helper\ServerUrlMiddleware
Zend\Expressive\Middleware\LazyLoadingMiddleware
Zend\Expressive\Session\SessionMiddleware
Zend\Expressive\Middleware\LazyLoadingMiddleware
Amazium\Kernel\Application\Context\ApplicationContextMiddleware
Zend\Expressive\Middleware\LazyLoadingMiddleware
Zend\Expressive\Router\Middleware\RouteMiddleware
Zend\Expressive\Middleware\LazyLoadingMiddleware
Zend\Expressive\Router\Middleware\ImplicitHeadMiddleware
Zend\Expressive\Middleware\LazyLoadingMiddleware
Zend\Expressive\Router\Middleware\ImplicitOptionsMiddleware
Zend\Expressive\Middleware\LazyLoadingMiddleware
Zend\Expressive\Router\Middleware\MethodNotAllowedMiddleware
Zend\Expressive\Middleware\LazyLoadingMiddleware
Zend\Expressive\Helper\UrlHelperMiddleware
Zend\Expressive\Middleware\LazyLoadingMiddleware
Zend\Expressive\Router\Middleware\DispatchMiddleware
Zend\Expressive\Middleware\LazyLoadingMiddleware
Amazium\SampleApp\UI\Web\Page\BankAccount\Index
Zend\Expressive\Middleware\LazyLoadingMiddleware
Zend\Stratigility\Middleware\ErrorHandler
Zend\Expressive\Middleware\LazyLoadingMiddleware
Zend\Expressive\Helper\ServerUrlMiddleware
Zend\Expressive\Middleware\LazyLoadingMiddleware
Zend\Expressive\Session\SessionMiddleware
Zend\Expressive\Middleware\LazyLoadingMiddleware
Amazium\Kernel\Application\Context\ApplicationContextMiddleware
Zend\Expressive\Middleware\LazyLoadingMiddleware
Zend\Expressive\Router\Middleware\RouteMiddleware
Zend\Expressive\Middleware\LazyLoadingMiddleware
Zend\Expressive\Router\Middleware\ImplicitHeadMiddleware
Zend\Expressive\Middleware\LazyLoadingMiddleware
Zend\Expressive\Router\Middleware\ImplicitOptionsMiddleware
Zend\Expressive\Middleware\LazyLoadingMiddleware
Zend\Expressive\Router\Middleware\MethodNotAllowedMiddleware
Zend\Expressive\Middleware\LazyLoadingMiddleware
Zend\Expressive\Helper\UrlHelperMiddleware
Zend\Expressive\Middleware\LazyLoadingMiddleware
Zend\Expressive\Router\Middleware\DispatchMiddleware
Zend\Expressive\Middleware\LazyLoadingMiddleware
Amazium\SampleApp\UI\Web\Page\BankAccount\Index
Zend\Expressive\Middleware\LazyLoadingMiddleware
Zend\Stratigility\Middleware\ErrorHandler
Zend\Expressive\Middleware\LazyLoadingMiddleware
Zend\Expressive\Helper\ServerUrlMiddleware
Zend\Expressive\Middleware\LazyLoadingMiddleware
Zend\Expressive\Session\SessionMiddleware
Zend\Expressive\Middleware\LazyLoadingMiddleware
Amazium\Kernel\Application\Context\ApplicationContextMiddleware
Zend\Expressive\Middleware\LazyLoadingMiddleware
Zend\Expressive\Router\Middleware\RouteMiddleware
Zend\Expressive\Middleware\LazyLoadingMiddleware
Zend\Expressive\Router\Middleware\ImplicitHeadMiddleware
Zend\Expressive\Middleware\LazyLoadingMiddleware
Zend\Expressive\Router\Middleware\ImplicitOptionsMiddleware
Zend\Expressive\Middleware\LazyLoadingMiddleware
Zend\Expressive\Router\Middleware\MethodNotAllowedMiddleware
Zend\Expressive\Middleware\LazyLoadingMiddleware
Zend\Expressive\Helper\UrlHelperMiddleware
Zend\Expressive\Middleware\LazyLoadingMiddleware
Zend\Expressive\Router\Middleware\DispatchMiddleware
Zend\Expressive\Middleware\LazyLoadingMiddleware
Amazium\SampleApp\UI\Web\Page\BankAccount\Index
Zend\Expressive\Middleware\LazyLoadingMiddleware
Zend\Stratigility\Middleware\ErrorHandler
Zend\Expressive\Middleware\LazyLoadingMiddleware
Zend\Expressive\Helper\ServerUrlMiddleware
Zend\Expressive\Middleware\LazyLoadingMiddleware
Zend\Expressive\Session\SessionMiddleware
Zend\Expressive\Middleware\LazyLoadingMiddleware
Amazium\Kernel\Application\Context\ApplicationContextMiddleware
Zend\Expressive\Middleware\LazyLoadingMiddleware
Zend\Expressive\Router\Middleware\RouteMiddleware
Zend\Expressive\Middleware\LazyLoadingMiddleware
Zend\Expressive\Router\Middleware\ImplicitHeadMiddleware
Zend\Expressive\Middleware\LazyLoadingMiddleware
Zend\Expressive\Router\Middleware\ImplicitOptionsMiddleware
Zend\Expressive\Middleware\LazyLoadingMiddleware
Zend\Expressive\Router\Middleware\MethodNotAllowedMiddleware
Zend\Expressive\Middleware\LazyLoadingMiddleware
Zend\Expressive\Helper\UrlHelperMiddleware
Zend\Expressive\Middleware\LazyLoadingMiddleware
Zend\Expressive\Router\Middleware\DispatchMiddleware
Zend\Expressive\Middleware\LazyLoadingMiddleware
Amazium\SampleApp\UI\Web\Page\BankAccount\Index
Zend\Expressive\Middleware\LazyLoadingMiddleware
Zend\Stratigility\Middleware\ErrorHandler
Zend\Expressive\Middleware\LazyLoadingMiddleware
Zend\Expressive\Helper\ServerUrlMiddleware
Zend\Expressive\Middleware\LazyLoadingMiddleware
Zend\Expressive\Session\SessionMiddleware
Zend\Expressive\Middleware\LazyLoadingMiddleware
Amazium\Kernel\Application\Context\ApplicationContextMiddleware
Zend\Expressive\Middleware\LazyLoadingMiddleware
Zend\Expressive\Router\Middleware\RouteMiddleware
Zend\Expressive\Middleware\LazyLoadingMiddleware
Zend\Expressive\Router\Middleware\ImplicitHeadMiddleware
Zend\Expressive\Middleware\LazyLoadingMiddleware
Zend\Expressive\Router\Middleware\ImplicitOptionsMiddleware
Zend\Expressive\Middleware\LazyLoadingMiddleware
Zend\Expressive\Router\Middleware\MethodNotAllowedMiddleware
Zend\Expressive\Middleware\LazyLoadingMiddleware
Zend\Expressive\Helper\UrlHelperMiddleware
Zend\Expressive\Middleware\LazyLoadingMiddleware
Zend\Expressive\Router\Middleware\DispatchMiddleware
Zend\Expressive\Middleware\LazyLoadingMiddleware
Amazium\SampleApp\UI\Web\Page\BankAccount\Show
Zend\Expressive\Middleware\LazyLoadingMiddleware
Zend\Stratigility\Middleware\ErrorHandler
Zend\Expressive\Middleware\LazyLoadingMiddleware
Zend\Expressive\Helper\ServerUrlMiddleware
Zend\Expressive\Middleware\LazyLoadingMiddleware
Zend\Expressive\Session\SessionMiddleware
Zend\Expressive\Middleware\LazyLoadingMiddleware
Amazium\Kernel\Application\Context\ApplicationContextMiddleware
Zend\Expressive\Middleware\LazyLoadingMiddleware
Zend\Expressive\Router\Middleware\RouteMiddleware
Zend\Expressive\Middleware\LazyLoadingMiddleware
Zend\Expressive\Router\Middleware\ImplicitHeadMiddleware
Zend\Expressive\Middleware\LazyLoadingMiddleware
Zend\Expressive\Router\Middleware\ImplicitOptionsMiddleware
Zend\Expressive\Middleware\LazyLoadingMiddleware
Zend\Expressive\Router\Middleware\MethodNotAllowedMiddleware
Zend\Expressive\Middleware\LazyLoadingMiddleware
Zend\Expressive\Helper\UrlHelperMiddleware
Zend\Expressive\Middleware\LazyLoadingMiddleware
Zend\Expressive\Router\Middleware\DispatchMiddleware
Zend\Expressive\Middleware\LazyLoadingMiddleware
Amazium\SampleApp\UI\Web\Page\BankAccount\Show
Zend\Expressive\Middleware\LazyLoadingMiddleware
Zend\Stratigility\Middleware\ErrorHandler
Zend\Expressive\Middleware\LazyLoadingMiddleware
Zend\Expressive\Helper\ServerUrlMiddleware
Zend\Expressive\Middleware\LazyLoadingMiddleware
Zend\Expressive\Session\SessionMiddleware
Zend\Expressive\Middleware\LazyLoadingMiddleware
Amazium\Kernel\Application\Context\ApplicationContextMiddleware
Zend\Expressive\Middleware\LazyLoadingMiddleware
Zend\Expressive\Router\Middleware\RouteMiddleware
Zend\Expressive\Middleware\LazyLoadingMiddleware
Zend\Expressive\Router\Middleware\ImplicitHeadMiddleware
Zend\Expressive\Middleware\LazyLoadingMiddleware
Zend\Expressive\Router\Middleware\ImplicitOptionsMiddleware
Zend\Expressive\Middleware\LazyLoadingMiddleware
Zend\Expressive\Router\Middleware\MethodNotAllowedMiddleware
Zend\Expressive\Middleware\LazyLoadingMiddleware
Zend\Expressive\Helper\UrlHelperMiddleware
Zend\Expressive\Middleware\LazyLoadingMiddleware
Zend\Expressive\Router\Middleware\DispatchMiddleware
Zend\Expressive\Middleware\LazyLoadingMiddleware
Amazium\SampleApp\UI\Web\Page\Address\Show
Zend\Expressive\Middleware\LazyLoadingMiddleware
Zend\Stratigility\Middleware\ErrorHandler
Zend\Expressive\Middleware\LazyLoadingMiddleware
Zend\Expressive\Helper\ServerUrlMiddleware
Zend\Expressive\Middleware\LazyLoadingMiddleware
Zend\Expressive\Session\SessionMiddleware
Zend\Expressive\Middleware\LazyLoadingMiddleware
Amazium\Kernel\Application\Context\ApplicationContextMiddleware
Zend\Expressive\Middleware\LazyLoadingMiddleware
Zend\Expressive\Router\Middleware\RouteMiddleware
Zend\Expressive\Middleware\LazyLoadingMiddleware
Zend\Expressive\Router\Middleware\ImplicitHeadMiddleware
Zend\Expressive\Middleware\LazyLoadingMiddleware
Zend\Expressive\Router\Middleware\ImplicitOptionsMiddleware
Zend\Expressive\Middleware\LazyLoadingMiddleware
Zend\Expressive\Router\Middleware\MethodNotAllowedMiddleware
Zend\Expressive\Middleware\LazyLoadingMiddleware
Zend\Expressive\Helper\UrlHelperMiddleware
Zend\Expressive\Middleware\LazyLoadingMiddleware
Zend\Expressive\Router\Middleware\DispatchMiddleware
Zend\Expressive\Middleware\LazyLoadingMiddleware
Amazium\SampleApp\UI\Web\Page\BankAccount\Show
Zend\Expressive\Middleware\LazyLoadingMiddleware
Zend\Stratigility\Middleware\ErrorHandler
Zend\Expressive\Middleware\LazyLoadingMiddleware
Zend\Expressive\Helper\ServerUrlMiddleware
Zend\Expressive\Middleware\LazyLoadingMiddleware
Zend\Expressive\Session\SessionMiddleware
Zend\Expressive\Middleware\LazyLoadingMiddleware
Amazium\Kernel\Application\Context\ApplicationContextMiddleware
Zend\Expressive\Middleware\LazyLoadingMiddleware
Zend\Expressive\Router\Middleware\RouteMiddleware
Zend\Expressive\Middleware\LazyLoadingMiddleware
Zend\Expressive\Router\Middleware\ImplicitHeadMiddleware
Zend\Expressive\Middleware\LazyLoadingMiddleware
Zend\Expressive\Router\Middleware\ImplicitOptionsMiddleware
Zend\Expressive\Middleware\LazyLoadingMiddleware
Zend\Expressive\Router\Middleware\MethodNotAllowedMiddleware
Zend\Expressive\Middleware\LazyLoadingMiddleware
Zend\Expressive\Helper\UrlHelperMiddleware
Zend\Expressive\Middleware\LazyLoadingMiddleware
Zend\Expressive\Router\Middleware\DispatchMiddleware
Zend\Expressive\Middleware\LazyLoadingMiddleware
Amazium\SampleApp\UI\Web\Page\BankAccount\Show
Zend\Expressive\Middleware\LazyLoadingMiddleware
Zend\Stratigility\Middleware\ErrorHandler
Zend\Expressive\Middleware\LazyLoadingMiddleware
Zend\Expressive\Helper\ServerUrlMiddleware
Zend\Expressive\Middleware\LazyLoadingMiddleware
Zend\Expressive\Session\SessionMiddleware
Zend\Expressive\Middleware\LazyLoadingMiddleware
Amazium\Kernel\Application\Context\ApplicationContextMiddleware
Zend\Expressive\Middleware\LazyLoadingMiddleware
Zend\Expressive\Router\Middleware\RouteMiddleware
Zend\Expressive\Middleware\LazyLoadingMiddleware
Zend\Expressive\Router\Middleware\ImplicitHeadMiddleware
Zend\Expressive\Middleware\LazyLoadingMiddleware
Zend\Expressive\Router\Middleware\ImplicitOptionsMiddleware
Zend\Expressive\Middleware\LazyLoadingMiddleware
Zend\Expressive\Router\Middleware\MethodNotAllowedMiddleware
Zend\Expressive\Middleware\LazyLoadingMiddleware
Zend\Expressive\Helper\UrlHelperMiddleware
Zend\Expressive\Middleware\LazyLoadingMiddleware
Zend\Expressive\Router\Middleware\DispatchMiddleware
Zend\Expressive\Middleware\LazyLoadingMiddleware
Amazium\SampleApp\UI\Web\Page\Address\Show
Zend\Expressive\Middleware\LazyLoadingMiddleware
Zend\Stratigility\Middleware\ErrorHandler
Zend\Expressive\Middleware\LazyLoadingMiddleware
Zend\Expressive\Helper\ServerUrlMiddleware
Zend\Expressive\Middleware\LazyLoadingMiddleware
Zend\Expressive\Session\SessionMiddleware
Zend\Expressive\Middleware\LazyLoadingMiddleware
Amazium\Kernel\Application\Context\ApplicationContextMiddleware
Zend\Expressive\Middleware\LazyLoadingMiddleware
Zend\Expressive\Router\Middleware\RouteMiddleware
Zend\Expressive\Middleware\LazyLoadingMiddleware
Zend\Expressive\Router\Middleware\ImplicitHeadMiddleware
Zend\Expressive\Middleware\LazyLoadingMiddleware
Zend\Expressive\Router\Middleware\ImplicitOptionsMiddleware
Zend\Expressive\Middleware\LazyLoadingMiddleware
Zend\Expressive\Router\Middleware\MethodNotAllowedMiddleware
Zend\Expressive\Middleware\LazyLoadingMiddleware
Zend\Expressive\Helper\UrlHelperMiddleware
Zend\Expressive\Middleware\LazyLoadingMiddleware
Zend\Expressive\Router\Middleware\DispatchMiddleware
Zend\Expressive\Middleware\LazyLoadingMiddleware
Amazium\SampleApp\UI\Web\Page\Address\Index
Zend\Expressive\Middleware\LazyLoadingMiddleware
Zend\Stratigility\Middleware\ErrorHandler
Zend\Expressive\Middleware\LazyLoadingMiddleware
Zend\Expressive\Helper\ServerUrlMiddleware
Zend\Expressive\Middleware\LazyLoadingMiddleware
Zend\Expressive\Session\SessionMiddleware
Zend\Expressive\Middleware\LazyLoadingMiddleware
Amazium\Kernel\Application\Context\ApplicationContextMiddleware
Zend\Expressive\Middleware\LazyLoadingMiddleware
Zend\Expressive\Router\Middleware\RouteMiddleware
Zend\Expressive\Middleware\LazyLoadingMiddleware
Zend\Expressive\Router\Middleware\ImplicitHeadMiddleware
Zend\Expressive\Middleware\LazyLoadingMiddleware
Zend\Expressive\Router\Middleware\ImplicitOptionsMiddleware
Zend\Expressive\Middleware\LazyLoadingMiddleware
Zend\Expressive\Router\Middleware\MethodNotAllowedMiddleware
Zend\Expressive\Middleware\LazyLoadingMiddleware
Zend\Expressive\Helper\UrlHelperMiddleware
Zend\Expressive\Middleware\LazyLoadingMiddleware
Zend\Expressive\Router\Middleware\DispatchMiddleware
Zend\Expressive\Middleware\LazyLoadingMiddleware
Amazium\SampleApp\UI\Web\Page\BankAccount\Index
Zend\Expressive\Middleware\LazyLoadingMiddleware
Zend\Stratigility\Middleware\ErrorHandler
Zend\Expressive\Middleware\LazyLoadingMiddleware
Zend\Expressive\Helper\ServerUrlMiddleware
Zend\Expressive\Middleware\LazyLoadingMiddleware
Zend\Expressive\Session\SessionMiddleware
Zend\Expressive\Middleware\LazyLoadingMiddleware
Amazium\Kernel\Application\Context\ApplicationContextMiddleware
Zend\Expressive\Middleware\LazyLoadingMiddleware
Zend\Expressive\Router\Middleware\RouteMiddleware
Zend\Expressive\Middleware\LazyLoadingMiddleware
Zend\Expressive\Router\Middleware\ImplicitHeadMiddleware
Zend\Expressive\Middleware\LazyLoadingMiddleware
Zend\Expressive\Router\Middleware\ImplicitOptionsMiddleware
Zend\Expressive\Middleware\LazyLoadingMiddleware
Zend\Expressive\Router\Middleware\MethodNotAllowedMiddleware
Zend\Expressive\Middleware\LazyLoadingMiddleware
Zend\Expressive\Helper\UrlHelperMiddleware
Zend\Expressive\Middleware\LazyLoadingMiddleware
Zend\Expressive\Router\Middleware\DispatchMiddleware
Zend\Expressive\Middleware\LazyLoadingMiddleware
Amazium\SampleApp\UI\Web\Page\BankAccount\Index
Zend\Expressive\Middleware\LazyLoadingMiddleware
Zend\Stratigility\Middleware\ErrorHandler
Zend\Expressive\Middleware\LazyLoadingMiddleware
Zend\Expressive\Helper\ServerUrlMiddleware
Zend\Expressive\Middleware\LazyLoadingMiddleware
Zend\Expressive\Session\SessionMiddleware
Zend\Expressive\Middleware\LazyLoadingMiddleware
Amazium\Kernel\Application\Context\ApplicationContextMiddleware
Zend\Expressive\Middleware\LazyLoadingMiddleware
Zend\Expressive\Router\Middleware\RouteMiddleware
Zend\Expressive\Middleware\LazyLoadingMiddleware
Zend\Expressive\Router\Middleware\ImplicitHeadMiddleware
Zend\Expressive\Middleware\LazyLoadingMiddleware
Zend\Expressive\Router\Middleware\ImplicitOptionsMiddleware
Zend\Expressive\Middleware\LazyLoadingMiddleware
Zend\Expressive\Router\Middleware\MethodNotAllowedMiddleware
Zend\Expressive\Middleware\LazyLoadingMiddleware
Zend\Expressive\Helper\UrlHelperMiddleware
Zend\Expressive\Middleware\LazyLoadingMiddleware
Zend\Expressive\Router\Middleware\DispatchMiddleware
Zend\Expressive\Middleware\LazyLoadingMiddleware
Amazium\SampleApp\UI\Web\Page\BankAccount\Index
Zend\Expressive\Middleware\LazyLoadingMiddleware
Zend\Stratigility\Middleware\ErrorHandler
Zend\Expressive\Middleware\LazyLoadingMiddleware
Zend\Expressive\Helper\ServerUrlMiddleware
Zend\Expressive\Middleware\LazyLoadingMiddleware
Zend\Expressive\Session\SessionMiddleware
Zend\Expressive\Middleware\LazyLoadingMiddleware
Amazium\Kernel\Application\Context\ApplicationContextMiddleware
Zend\Expressive\Middleware\LazyLoadingMiddleware
Zend\Expressive\Router\Middleware\RouteMiddleware
Zend\Expressive\Middleware\LazyLoadingMiddleware
Zend\Expressive\Router\Middleware\ImplicitHeadMiddleware
Zend\Expressive\Middleware\LazyLoadingMiddleware
Zend\Expressive\Router\Middleware\ImplicitOptionsMiddleware
Zend\Expressive\Middleware\LazyLoadingMiddleware
Zend\Expressive\Router\Middleware\MethodNotAllowedMiddleware
Zend\Expressive\Middleware\LazyLoadingMiddleware
Zend\Expressive\Helper\UrlHelperMiddleware
Zend\Expressive\Middleware\LazyLoadingMiddleware
Zend\Expressive\Router\Middleware\DispatchMiddleware
Zend\Expressive\Middleware\LazyLoadingMiddleware
Amazium\SampleApp\UI\Web\Page\Address\Index
Zend\Expressive\Middleware\LazyLoadingMiddleware
Zend\Stratigility\Middleware\ErrorHandler
Zend\Expressive\Middleware\LazyLoadingMiddleware
Zend\Expressive\Helper\ServerUrlMiddleware
Zend\Expressive\Middleware\LazyLoadingMiddleware
Zend\Expressive\Session\SessionMiddleware
Zend\Expressive\Middleware\LazyLoadingMiddleware
Amazium\Kernel\Application\Context\ApplicationContextMiddleware
Zend\Expressive\Middleware\LazyLoadingMiddleware
Zend\Expressive\Router\Middleware\RouteMiddleware
Zend\Expressive\Middleware\LazyLoadingMiddleware
Zend\Expressive\Router\Middleware\ImplicitHeadMiddleware
Zend\Expressive\Middleware\LazyLoadingMiddleware
Zend\Expressive\Router\Middleware\ImplicitOptionsMiddleware
Zend\Expressive\Middleware\LazyLoadingMiddleware
Zend\Expressive\Router\Middleware\MethodNotAllowedMiddleware
Zend\Expressive\Middleware\LazyLoadingMiddleware
Zend\Expressive\Helper\UrlHelperMiddleware
Zend\Expressive\Middleware\LazyLoadingMiddleware
Zend\Expressive\Router\Middleware\DispatchMiddleware
Zend\Expressive\Middleware\LazyLoadingMiddleware
Amazium\SampleApp\UI\Web\Page\Address\Index
Zend\Expressive\Middleware\LazyLoadingMiddleware
Zend\Stratigility\Middleware\ErrorHandler
Zend\Expressive\Middleware\LazyLoadingMiddleware
Zend\Expressive\Helper\ServerUrlMiddleware
Zend\Expressive\Middleware\LazyLoadingMiddleware
Zend\Expressive\Session\SessionMiddleware
Zend\Expressive\Middleware\LazyLoadingMiddleware
Amazium\Kernel\Application\Context\ApplicationContextMiddleware
Zend\Expressive\Middleware\LazyLoadingMiddleware
Zend\Expressive\Router\Middleware\RouteMiddleware
Zend\Expressive\Middleware\LazyLoadingMiddleware
Zend\Expressive\Router\Middleware\ImplicitHeadMiddleware
Zend\Expressive\Middleware\LazyLoadingMiddleware
Zend\Expressive\Router\Middleware\ImplicitOptionsMiddleware
Zend\Expressive\Middleware\LazyLoadingMiddleware
Zend\Expressive\Router\Middleware\MethodNotAllowedMiddleware
Zend\Expressive\Middleware\LazyLoadingMiddleware
Zend\Expressive\Helper\UrlHelperMiddleware
Zend\Expressive\Middleware\LazyLoadingMiddleware
Zend\Expressive\Router\Middleware\DispatchMiddleware
Zend\Expressive\Middleware\LazyLoadingMiddleware
Amazium\SampleApp\UI\Web\Page\Address\Index
Zend\Expressive\Middleware\LazyLoadingMiddleware
Zend\Stratigility\Middleware\ErrorHandler
Zend\Expressive\Middleware\LazyLoadingMiddleware
Zend\Expressive\Helper\ServerUrlMiddleware
Zend\Expressive\Middleware\LazyLoadingMiddleware
Zend\Expressive\Session\SessionMiddleware
Zend\Expressive\Middleware\LazyLoadingMiddleware
Amazium\Kernel\Application\Context\ApplicationContextMiddleware
Zend\Expressive\Middleware\LazyLoadingMiddleware
Zend\Expressive\Router\Middleware\RouteMiddleware
Zend\Expressive\Middleware\LazyLoadingMiddleware
Zend\Expressive\Router\Middleware\ImplicitHeadMiddleware
Zend\Expressive\Middleware\LazyLoadingMiddleware
Zend\Expressive\Router\Middleware\ImplicitOptionsMiddleware
Zend\Expressive\Middleware\LazyLoadingMiddleware
Zend\Expressive\Router\Middleware\MethodNotAllowedMiddleware
Zend\Expressive\Middleware\LazyLoadingMiddleware
Zend\Expressive\Helper\UrlHelperMiddleware
Zend\Expressive\Middleware\LazyLoadingMiddleware
Zend\Expressive\Router\Middleware\DispatchMiddleware
Zend\Expressive\Middleware\LazyLoadingMiddleware
Amazium\SampleApp\UI\Web\Page\Address\Index
Zend\Expressive\Middleware\LazyLoadingMiddleware
Zend\Stratigility\Middleware\ErrorHandler
Zend\Expressive\Middleware\LazyLoadingMiddleware
Zend\Expressive\Helper\ServerUrlMiddleware
Zend\Expressive\Middleware\LazyLoadingMiddleware
Zend\Expressive\Session\SessionMiddleware
Zend\Expressive\Middleware\LazyLoadingMiddleware
Amazium\Kernel\Application\Context\ApplicationContextMiddleware
Zend\Expressive\Middleware\LazyLoadingMiddleware
Zend\Expressive\Router\Middleware\RouteMiddleware
Zend\Expressive\Middleware\LazyLoadingMiddleware
Zend\Expressive\Router\Middleware\ImplicitHeadMiddleware
Zend\Expressive\Middleware\LazyLoadingMiddleware
Zend\Expressive\Router\Middleware\ImplicitOptionsMiddleware
Zend\Expressive\Middleware\LazyLoadingMiddleware
Zend\Expressive\Router\Middleware\MethodNotAllowedMiddleware
Zend\Expressive\Middleware\LazyLoadingMiddleware
Zend\Expressive\Helper\UrlHelperMiddleware
Zend\Expressive\Middleware\LazyLoadingMiddleware
Zend\Expressive\Router\Middleware\DispatchMiddleware
Zend\Expressive\Middleware\LazyLoadingMiddleware
Amazium\SampleApp\UI\Web\Page\BankAccount\Index
Zend\Expressive\Middleware\LazyLoadingMiddleware
Zend\Stratigility\Middleware\ErrorHandler
Zend\Expressive\Middleware\LazyLoadingMiddleware
Zend\Expressive\Helper\ServerUrlMiddleware
Zend\Expressive\Middleware\LazyLoadingMiddleware
Zend\Expressive\Session\SessionMiddleware
Zend\Expressive\Middleware\LazyLoadingMiddleware
Amazium\Kernel\Application\Context\ApplicationContextMiddleware
Zend\Expressive\Middleware\LazyLoadingMiddleware
Zend\Expressive\Router\Middleware\RouteMiddleware
Zend\Expressive\Middleware\LazyLoadingMiddleware
Zend\Expressive\Router\Middleware\ImplicitHeadMiddleware
Zend\Expressive\Middleware\LazyLoadingMiddleware
Zend\Expressive\Router\Middleware\ImplicitOptionsMiddleware
Zend\Expressive\Middleware\LazyLoadingMiddleware
Zend\Expressive\Router\Middleware\MethodNotAllowedMiddleware
Zend\Expressive\Middleware\LazyLoadingMiddleware
Zend\Expressive\Helper\UrlHelperMiddleware
Zend\Expressive\Middleware\LazyLoadingMiddleware
Zend\Expressive\Router\Middleware\DispatchMiddleware
Zend\Expressive\Middleware\LazyLoadingMiddleware
Amazium\SampleApp\UI\Web\Page\BankAccount\Create
Zend\Expressive\Middleware\LazyLoadingMiddleware
Zend\Stratigility\Middleware\ErrorHandler
Zend\Expressive\Middleware\LazyLoadingMiddleware
Zend\Expressive\Helper\ServerUrlMiddleware
Zend\Expressive\Middleware\LazyLoadingMiddleware
Zend\Expressive\Session\SessionMiddleware
Zend\Expressive\Middleware\LazyLoadingMiddleware
Amazium\Kernel\Application\Context\ApplicationContextMiddleware
Zend\Expressive\Middleware\LazyLoadingMiddleware
Zend\Expressive\Router\Middleware\RouteMiddleware
Zend\Expressive\Middleware\LazyLoadingMiddleware
Zend\Expressive\Router\Middleware\ImplicitHeadMiddleware
Zend\Expressive\Middleware\LazyLoadingMiddleware
Zend\Expressive\Router\Middleware\ImplicitOptionsMiddleware
Zend\Expressive\Middleware\LazyLoadingMiddleware
Zend\Expressive\Router\Middleware\MethodNotAllowedMiddleware
Zend\Expressive\Middleware\LazyLoadingMiddleware
Zend\Expressive\Helper\UrlHelperMiddleware
Zend\Expressive\Middleware\LazyLoadingMiddleware
Zend\Expressive\Router\Middleware\DispatchMiddleware
Zend\Expressive\Middleware\LazyLoadingMiddleware
Amazium\SampleApp\UI\Web\Page\BankAccount\Create
Zend\Expressive\Middleware\LazyLoadingMiddleware
Zend\Stratigility\Middleware\ErrorHandler
Zend\Expressive\Middleware\LazyLoadingMiddleware
Zend\Expressive\Helper\ServerUrlMiddleware
Zend\Expressive\Middleware\LazyLoadingMiddleware
Zend\Expressive\Session\SessionMiddleware
Zend\Expressive\Middleware\LazyLoadingMiddleware
Amazium\Kernel\Application\Context\ApplicationContextMiddleware
Zend\Expressive\Middleware\LazyLoadingMiddleware
Zend\Expressive\Router\Middleware\RouteMiddleware
Zend\Expressive\Middleware\LazyLoadingMiddleware
Zend\Expressive\Router\Middleware\ImplicitHeadMiddleware
Zend\Expressive\Middleware\LazyLoadingMiddleware
Zend\Expressive\Router\Middleware\ImplicitOptionsMiddleware
Zend\Expressive\Middleware\LazyLoadingMiddleware
Zend\Expressive\Router\Middleware\MethodNotAllowedMiddleware
Zend\Expressive\Middleware\LazyLoadingMiddleware
Zend\Expressive\Helper\UrlHelperMiddleware
Zend\Expressive\Middleware\LazyLoadingMiddleware
Zend\Expressive\Router\Middleware\DispatchMiddleware
Zend\Expressive\Middleware\LazyLoadingMiddleware
Amazium\SampleApp\UI\Web\Page\BankAccount\Create
Zend\Expressive\Middleware\LazyLoadingMiddleware
Zend\Stratigility\Middleware\ErrorHandler
Zend\Expressive\Middleware\LazyLoadingMiddleware
Zend\Expressive\Helper\ServerUrlMiddleware
Zend\Expressive\Middleware\LazyLoadingMiddleware
Zend\Expressive\Session\SessionMiddleware
Zend\Expressive\Middleware\LazyLoadingMiddleware
Amazium\Kernel\Application\Context\ApplicationContextMiddleware
Zend\Expressive\Middleware\LazyLoadingMiddleware
Zend\Expressive\Router\Middleware\RouteMiddleware
Zend\Expressive\Middleware\LazyLoadingMiddleware
Zend\Expressive\Router\Middleware\ImplicitHeadMiddleware
Zend\Expressive\Middleware\LazyLoadingMiddleware
Zend\Expressive\Router\Middleware\ImplicitOptionsMiddleware
Zend\Expressive\Middleware\LazyLoadingMiddleware
Zend\Expressive\Router\Middleware\MethodNotAllowedMiddleware
Zend\Expressive\Middleware\LazyLoadingMiddleware
Zend\Expressive\Helper\UrlHelperMiddleware
Zend\Expressive\Middleware\LazyLoadingMiddleware
Zend\Expressive\Router\Middleware\DispatchMiddleware
Zend\Expressive\Middleware\LazyLoadingMiddleware
Amazium\SampleApp\UI\Web\Page\Phone\Index
Zend\Expressive\Middleware\LazyLoadingMiddleware
Zend\Stratigility\Middleware\ErrorHandler
Zend\Expressive\Middleware\LazyLoadingMiddleware
Zend\Expressive\Helper\ServerUrlMiddleware
Zend\Expressive\Middleware\LazyLoadingMiddleware
Zend\Expressive\Session\SessionMiddleware
Zend\Expressive\Middleware\LazyLoadingMiddleware
Amazium\Kernel\Application\Context\ApplicationContextMiddleware
Zend\Expressive\Middleware\LazyLoadingMiddleware
Zend\Expressive\Router\Middleware\RouteMiddleware
Zend\Expressive\Middleware\LazyLoadingMiddleware
Zend\Expressive\Router\Middleware\ImplicitHeadMiddleware
Zend\Expressive\Middleware\LazyLoadingMiddleware
Zend\Expressive\Router\Middleware\ImplicitOptionsMiddleware
Zend\Expressive\Middleware\LazyLoadingMiddleware
Zend\Expressive\Router\Middleware\MethodNotAllowedMiddleware
Zend\Expressive\Middleware\LazyLoadingMiddleware
Zend\Expressive\Helper\UrlHelperMiddleware
Zend\Expressive\Middleware\LazyLoadingMiddleware
Zend\Expressive\Router\Middleware\DispatchMiddleware
Zend\Expressive\Middleware\LazyLoadingMiddleware
Amazium\SampleApp\UI\Web\Page\BankAccount\Create
Zend\Expressive\Middleware\LazyLoadingMiddleware
Zend\Stratigility\Middleware\ErrorHandler
Zend\Expressive\Middleware\LazyLoadingMiddleware
Zend\Expressive\Helper\ServerUrlMiddleware
Zend\Expressive\Middleware\LazyLoadingMiddleware
Zend\Expressive\Session\SessionMiddleware
Zend\Expressive\Middleware\LazyLoadingMiddleware
Amazium\Kernel\Application\Context\ApplicationContextMiddleware
Zend\Expressive\Middleware\LazyLoadingMiddleware
Zend\Expressive\Router\Middleware\RouteMiddleware
Zend\Expressive\Middleware\LazyLoadingMiddleware
Zend\Expressive\Router\Middleware\ImplicitHeadMiddleware
Zend\Expressive\Middleware\LazyLoadingMiddleware
Zend\Expressive\Router\Middleware\ImplicitOptionsMiddleware
Zend\Expressive\Middleware\LazyLoadingMiddleware
Zend\Expressive\Router\Middleware\MethodNotAllowedMiddleware
Zend\Expressive\Middleware\LazyLoadingMiddleware
Zend\Expressive\Helper\UrlHelperMiddleware
Zend\Expressive\Middleware\LazyLoadingMiddleware
Zend\Expressive\Router\Middleware\DispatchMiddleware
Zend\Expressive\Middleware\LazyLoadingMiddleware
Amazium\SampleApp\UI\Web\Page\BankAccount\Store
Zend\Expressive\Middleware\LazyLoadingMiddleware
Zend\Stratigility\Middleware\ErrorHandler
Zend\Expressive\Middleware\LazyLoadingMiddleware
Zend\Expressive\Helper\ServerUrlMiddleware
Zend\Expressive\Middleware\LazyLoadingMiddleware
Zend\Expressive\Session\SessionMiddleware
Zend\Expressive\Middleware\LazyLoadingMiddleware
Amazium\Kernel\Application\Context\ApplicationContextMiddleware
Zend\Expressive\Middleware\LazyLoadingMiddleware
Zend\Expressive\Router\Middleware\RouteMiddleware
Zend\Expressive\Middleware\LazyLoadingMiddleware
Zend\Expressive\Router\Middleware\ImplicitHeadMiddleware
Zend\Expressive\Middleware\LazyLoadingMiddleware
Zend\Expressive\Router\Middleware\ImplicitOptionsMiddleware
Zend\Expressive\Middleware\LazyLoadingMiddleware
Zend\Expressive\Router\Middleware\MethodNotAllowedMiddleware
Zend\Expressive\Middleware\LazyLoadingMiddleware
Zend\Expressive\Helper\UrlHelperMiddleware
Zend\Expressive\Middleware\LazyLoadingMiddleware
Zend\Expressive\Router\Middleware\DispatchMiddleware
Zend\Expressive\Middleware\LazyLoadingMiddleware
Amazium\SampleApp\UI\Web\Page\BankAccount\Store
Zend\Expressive\Middleware\LazyLoadingMiddleware
Zend\Stratigility\Middleware\ErrorHandler
Zend\Expressive\Middleware\LazyLoadingMiddleware
Zend\Expressive\Helper\ServerUrlMiddleware
Zend\Expressive\Middleware\LazyLoadingMiddleware
Zend\Expressive\Session\SessionMiddleware
Zend\Expressive\Middleware\LazyLoadingMiddleware
Amazium\Kernel\Application\Context\ApplicationContextMiddleware
Zend\Expressive\Middleware\LazyLoadingMiddleware
Zend\Expressive\Router\Middleware\RouteMiddleware
Zend\Expressive\Middleware\LazyLoadingMiddleware
Zend\Expressive\Router\Middleware\ImplicitHeadMiddleware
Zend\Expressive\Middleware\LazyLoadingMiddleware
Zend\Expressive\Router\Middleware\ImplicitOptionsMiddleware
Zend\Expressive\Middleware\LazyLoadingMiddleware
Zend\Expressive\Router\Middleware\MethodNotAllowedMiddleware
Zend\Expressive\Middleware\LazyLoadingMiddleware
Zend\Expressive\Helper\UrlHelperMiddleware
Zend\Expressive\Middleware\LazyLoadingMiddleware
Zend\Expressive\Router\Middleware\DispatchMiddleware
Zend\Expressive\Middleware\LazyLoadingMiddleware
Amazium\SampleApp\UI\Web\Page\BankAccount\Show
Zend\Expressive\Middleware\LazyLoadingMiddleware
Zend\Stratigility\Middleware\ErrorHandler
Zend\Expressive\Middleware\LazyLoadingMiddleware
Zend\Expressive\Helper\ServerUrlMiddleware
Zend\Expressive\Middleware\LazyLoadingMiddleware
Zend\Expressive\Session\SessionMiddleware
Zend\Expressive\Middleware\LazyLoadingMiddleware
Amazium\Kernel\Application\Context\ApplicationContextMiddleware
Zend\Expressive\Middleware\LazyLoadingMiddleware
Zend\Expressive\Router\Middleware\RouteMiddleware
Zend\Expressive\Middleware\LazyLoadingMiddleware
Zend\Expressive\Router\Middleware\ImplicitHeadMiddleware
Zend\Expressive\Middleware\LazyLoadingMiddleware
Zend\Expressive\Router\Middleware\ImplicitOptionsMiddleware
Zend\Expressive\Middleware\LazyLoadingMiddleware
Zend\Expressive\Router\Middleware\MethodNotAllowedMiddleware
Zend\Expressive\Middleware\LazyLoadingMiddleware
Zend\Expressive\Helper\UrlHelperMiddleware
Zend\Expressive\Middleware\LazyLoadingMiddleware
Zend\Expressive\Router\Middleware\DispatchMiddleware
Zend\Expressive\Middleware\LazyLoadingMiddleware
Amazium\SampleApp\UI\Web\Page\BankAccount\Show
Zend\Expressive\Middleware\LazyLoadingMiddleware
Zend\Stratigility\Middleware\ErrorHandler
Zend\Expressive\Middleware\LazyLoadingMiddleware
Zend\Expressive\Helper\ServerUrlMiddleware
Zend\Expressive\Middleware\LazyLoadingMiddleware
Zend\Expressive\Session\SessionMiddleware
Zend\Expressive\Middleware\LazyLoadingMiddleware
Amazium\Kernel\Application\Context\ApplicationContextMiddleware
Zend\Expressive\Middleware\LazyLoadingMiddleware
Zend\Expressive\Router\Middleware\RouteMiddleware
Zend\Expressive\Middleware\LazyLoadingMiddleware
Zend\Expressive\Router\Middleware\ImplicitHeadMiddleware
Zend\Expressive\Middleware\LazyLoadingMiddleware
Zend\Expressive\Router\Middleware\ImplicitOptionsMiddleware
Zend\Expressive\Middleware\LazyLoadingMiddleware
Zend\Expressive\Router\Middleware\MethodNotAllowedMiddleware
Zend\Expressive\Middleware\LazyLoadingMiddleware
Zend\Expressive\Helper\UrlHelperMiddleware
Zend\Expressive\Middleware\LazyLoadingMiddleware
Zend\Expressive\Router\Middleware\DispatchMiddleware
Zend\Expressive\Middleware\LazyLoadingMiddleware
Amazium\SampleApp\UI\Web\Page\BankAccount\Show
Zend\Expressive\Middleware\LazyLoadingMiddleware
Zend\Stratigility\Middleware\ErrorHandler
Zend\Expressive\Middleware\LazyLoadingMiddleware
Zend\Expressive\Helper\ServerUrlMiddleware
Zend\Expressive\Middleware\LazyLoadingMiddleware
Zend\Expressive\Session\SessionMiddleware
Zend\Expressive\Middleware\LazyLoadingMiddleware
Amazium\Kernel\Application\Context\ApplicationContextMiddleware
Zend\Expressive\Middleware\LazyLoadingMiddleware
Zend\Expressive\Router\Middleware\RouteMiddleware
Zend\Expressive\Middleware\LazyLoadingMiddleware
Zend\Expressive\Router\Middleware\ImplicitHeadMiddleware
Zend\Expressive\Middleware\LazyLoadingMiddleware
Zend\Expressive\Router\Middleware\ImplicitOptionsMiddleware
Zend\Expressive\Middleware\LazyLoadingMiddleware
Zend\Expressive\Router\Middleware\MethodNotAllowedMiddleware
Zend\Expressive\Middleware\LazyLoadingMiddleware
Zend\Expressive\Helper\UrlHelperMiddleware
Zend\Expressive\Middleware\LazyLoadingMiddleware
Zend\Expressive\Router\Middleware\DispatchMiddleware
Zend\Expressive\Middleware\LazyLoadingMiddleware
Amazium\SampleApp\UI\Web\Page\BankAccount\Show
Zend\Expressive\Middleware\LazyLoadingMiddleware
Zend\Stratigility\Middleware\ErrorHandler
Zend\Expressive\Middleware\LazyLoadingMiddleware
Zend\Expressive\Helper\ServerUrlMiddleware
Zend\Expressive\Middleware\LazyLoadingMiddleware
Zend\Expressive\Session\SessionMiddleware
Zend\Expressive\Middleware\LazyLoadingMiddleware
Amazium\Kernel\Application\Context\ApplicationContextMiddleware
Zend\Expressive\Middleware\LazyLoadingMiddleware
Zend\Expressive\Router\Middleware\RouteMiddleware
Zend\Expressive\Middleware\LazyLoadingMiddleware
Zend\Expressive\Router\Middleware\ImplicitHeadMiddleware
Zend\Expressive\Middleware\LazyLoadingMiddleware
Zend\Expressive\Router\Middleware\ImplicitOptionsMiddleware
Zend\Expressive\Middleware\LazyLoadingMiddleware
Zend\Expressive\Router\Middleware\MethodNotAllowedMiddleware
Zend\Expressive\Middleware\LazyLoadingMiddleware
Zend\Expressive\Helper\UrlHelperMiddleware
Zend\Expressive\Middleware\LazyLoadingMiddleware
Zend\Expressive\Router\Middleware\DispatchMiddleware
Zend\Expressive\Middleware\LazyLoadingMiddleware
Amazium\SampleApp\UI\Web\Page\BankAccount\Show
Zend\Expressive\Middleware\LazyLoadingMiddleware
Zend\Stratigility\Middleware\ErrorHandler
Zend\Expressive\Middleware\LazyLoadingMiddleware
Zend\Expressive\Helper\ServerUrlMiddleware
Zend\Expressive\Middleware\LazyLoadingMiddleware
Zend\Expressive\Session\SessionMiddleware
Zend\Expressive\Middleware\LazyLoadingMiddleware
Amazium\Kernel\Application\Context\ApplicationContextMiddleware
Zend\Expressive\Middleware\LazyLoadingMiddleware
Zend\Expressive\Router\Middleware\RouteMiddleware
Zend\Expressive\Middleware\LazyLoadingMiddleware
Zend\Expressive\Router\Middleware\ImplicitHeadMiddleware
Zend\Expressive\Middleware\LazyLoadingMiddleware
Zend\Expressive\Router\Middleware\ImplicitOptionsMiddleware
Zend\Expressive\Middleware\LazyLoadingMiddleware
Zend\Expressive\Router\Middleware\MethodNotAllowedMiddleware
Zend\Expressive\Middleware\LazyLoadingMiddleware
Zend\Expressive\Helper\UrlHelperMiddleware
Zend\Expressive\Middleware\LazyLoadingMiddleware
Zend\Expressive\Router\Middleware\DispatchMiddleware
Zend\Expressive\Middleware\LazyLoadingMiddleware
Amazium\SampleApp\UI\Web\Page\BankAccount\Show
Zend\Expressive\Middleware\LazyLoadingMiddleware
Zend\Stratigility\Middleware\ErrorHandler
Zend\Expressive\Middleware\LazyLoadingMiddleware
Zend\Expressive\Helper\ServerUrlMiddleware
Zend\Expressive\Middleware\LazyLoadingMiddleware
Zend\Expressive\Session\SessionMiddleware
Zend\Expressive\Middleware\LazyLoadingMiddleware
Amazium\Kernel\Application\Context\ApplicationContextMiddleware
Zend\Expressive\Middleware\LazyLoadingMiddleware
Zend\Expressive\Router\Middleware\RouteMiddleware
Zend\Expressive\Middleware\LazyLoadingMiddleware
Zend\Expressive\Router\Middleware\ImplicitHeadMiddleware
Zend\Expressive\Middleware\LazyLoadingMiddleware
Zend\Expressive\Router\Middleware\ImplicitOptionsMiddleware
Zend\Expressive\Middleware\LazyLoadingMiddleware
Zend\Expressive\Router\Middleware\MethodNotAllowedMiddleware
Zend\Expressive\Middleware\LazyLoadingMiddleware
Zend\Expressive\Helper\UrlHelperMiddleware
Zend\Expressive\Middleware\LazyLoadingMiddleware
Zend\Expressive\Router\Middleware\DispatchMiddleware
Zend\Expressive\Middleware\LazyLoadingMiddleware
Amazium\SampleApp\UI\Web\Page\BankAccount\Show
Zend\Expressive\Middleware\LazyLoadingMiddleware
Zend\Stratigility\Middleware\ErrorHandler
Zend\Expressive\Middleware\LazyLoadingMiddleware
Zend\Expressive\Helper\ServerUrlMiddleware
Zend\Expressive\Middleware\LazyLoadingMiddleware
Zend\Expressive\Session\SessionMiddleware
Zend\Expressive\Middleware\LazyLoadingMiddleware
Amazium\Kernel\Application\Context\ApplicationContextMiddleware
Zend\Expressive\Middleware\LazyLoadingMiddleware
Zend\Expressive\Router\Middleware\RouteMiddleware
Zend\Expressive\Middleware\LazyLoadingMiddleware
Zend\Expressive\Router\Middleware\ImplicitHeadMiddleware
Zend\Expressive\Middleware\LazyLoadingMiddleware
Zend\Expressive\Router\Middleware\ImplicitOptionsMiddleware
Zend\Expressive\Middleware\LazyLoadingMiddleware
Zend\Expressive\Router\Middleware\MethodNotAllowedMiddleware
Zend\Expressive\Middleware\LazyLoadingMiddleware
Zend\Expressive\Helper\UrlHelperMiddleware
Zend\Expressive\Middleware\LazyLoadingMiddleware
Zend\Expressive\Router\Middleware\DispatchMiddleware
Zend\Expressive\Middleware\LazyLoadingMiddleware
Amazium\SampleApp\UI\Web\Page\BankAccount\Show
Zend\Expressive\Middleware\LazyLoadingMiddleware
Zend\Stratigility\Middleware\ErrorHandler
Zend\Expressive\Middleware\LazyLoadingMiddleware
Zend\Expressive\Helper\ServerUrlMiddleware
Zend\Expressive\Middleware\LazyLoadingMiddleware
Zend\Expressive\Session\SessionMiddleware
Zend\Expressive\Middleware\LazyLoadingMiddleware
Amazium\Kernel\Application\Context\ApplicationContextMiddleware
Zend\Expressive\Middleware\LazyLoadingMiddleware
Zend\Expressive\Router\Middleware\RouteMiddleware
Zend\Expressive\Middleware\LazyLoadingMiddleware
Zend\Expressive\Router\Middleware\ImplicitHeadMiddleware
Zend\Expressive\Middleware\LazyLoadingMiddleware
Zend\Expressive\Router\Middleware\ImplicitOptionsMiddleware
Zend\Expressive\Middleware\LazyLoadingMiddleware
Zend\Expressive\Router\Middleware\MethodNotAllowedMiddleware
Zend\Expressive\Middleware\LazyLoadingMiddleware
Zend\Expressive\Helper\UrlHelperMiddleware
Zend\Expressive\Middleware\LazyLoadingMiddleware
Zend\Expressive\Router\Middleware\DispatchMiddleware
Zend\Expressive\Middleware\LazyLoadingMiddleware
Amazium\SampleApp\UI\Web\Page\BankAccount\Show
Zend\Expressive\Middleware\LazyLoadingMiddleware
Zend\Stratigility\Middleware\ErrorHandler
Zend\Expressive\Middleware\LazyLoadingMiddleware
Zend\Expressive\Helper\ServerUrlMiddleware
Zend\Expressive\Middleware\LazyLoadingMiddleware
Zend\Expressive\Session\SessionMiddleware
Zend\Expressive\Middleware\LazyLoadingMiddleware
Amazium\Kernel\Application\Context\ApplicationContextMiddleware
Zend\Expressive\Middleware\LazyLoadingMiddleware
Zend\Expressive\Router\Middleware\RouteMiddleware
Zend\Expressive\Middleware\LazyLoadingMiddleware
Zend\Expressive\Router\Middleware\ImplicitHeadMiddleware
Zend\Expressive\Middleware\LazyLoadingMiddleware
Zend\Expressive\Router\Middleware\ImplicitOptionsMiddleware
Zend\Expressive\Middleware\LazyLoadingMiddleware
Zend\Expressive\Router\Middleware\MethodNotAllowedMiddleware
Zend\Expressive\Middleware\LazyLoadingMiddleware
Zend\Expressive\Helper\UrlHelperMiddleware
Zend\Expressive\Middleware\LazyLoadingMiddleware
Zend\Expressive\Router\Middleware\DispatchMiddleware
Zend\Expressive\Middleware\LazyLoadingMiddleware
Amazium\SampleApp\UI\Web\Page\BankAccount\Show
Zend\Expressive\Middleware\LazyLoadingMiddleware
Zend\Stratigility\Middleware\ErrorHandler
Zend\Expressive\Middleware\LazyLoadingMiddleware
Zend\Expressive\Helper\ServerUrlMiddleware
Zend\Expressive\Middleware\LazyLoadingMiddleware
Zend\Expressive\Session\SessionMiddleware
Zend\Expressive\Middleware\LazyLoadingMiddleware
Amazium\Kernel\Application\Context\ApplicationContextMiddleware
Zend\Expressive\Middleware\LazyLoadingMiddleware
Zend\Expressive\Router\Middleware\RouteMiddleware
Zend\Expressive\Middleware\LazyLoadingMiddleware
Zend\Expressive\Router\Middleware\ImplicitHeadMiddleware
Zend\Expressive\Middleware\LazyLoadingMiddleware
Zend\Expressive\Router\Middleware\ImplicitOptionsMiddleware
Zend\Expressive\Middleware\LazyLoadingMiddleware
Zend\Expressive\Router\Middleware\MethodNotAllowedMiddleware
Zend\Expressive\Middleware\LazyLoadingMiddleware
Zend\Expressive\Helper\UrlHelperMiddleware
Zend\Expressive\Middleware\LazyLoadingMiddleware
Zend\Expressive\Router\Middleware\DispatchMiddleware
Zend\Expressive\Middleware\LazyLoadingMiddleware
Amazium\SampleApp\UI\Web\Page\BankAccount\Show
Zend\Expressive\Middleware\LazyLoadingMiddleware
Zend\Stratigility\Middleware\ErrorHandler
Zend\Expressive\Middleware\LazyLoadingMiddleware
Zend\Expressive\Helper\ServerUrlMiddleware
Zend\Expressive\Middleware\LazyLoadingMiddleware
Zend\Expressive\Session\SessionMiddleware
Zend\Expressive\Middleware\LazyLoadingMiddleware
Amazium\Kernel\Application\Context\ApplicationContextMiddleware
Zend\Expressive\Middleware\LazyLoadingMiddleware
Zend\Expressive\Router\Middleware\RouteMiddleware
Zend\Expressive\Middleware\LazyLoadingMiddleware
Zend\Expressive\Router\Middleware\ImplicitHeadMiddleware
Zend\Expressive\Middleware\LazyLoadingMiddleware
Zend\Expressive\Router\Middleware\ImplicitOptionsMiddleware
Zend\Expressive\Middleware\LazyLoadingMiddleware
Zend\Expressive\Router\Middleware\MethodNotAllowedMiddleware
Zend\Expressive\Middleware\LazyLoadingMiddleware
Zend\Expressive\Helper\UrlHelperMiddleware
Zend\Expressive\Middleware\LazyLoadingMiddleware
Zend\Expressive\Router\Middleware\DispatchMiddleware
Zend\Expressive\Middleware\LazyLoadingMiddleware
Amazium\SampleApp\UI\Web\Page\BankAccount\Show
Zend\Expressive\Middleware\LazyLoadingMiddleware
Zend\Stratigility\Middleware\ErrorHandler
Zend\Expressive\Middleware\LazyLoadingMiddleware
Zend\Expressive\Helper\ServerUrlMiddleware
Zend\Expressive\Middleware\LazyLoadingMiddleware
Zend\Expressive\Session\SessionMiddleware
Zend\Expressive\Middleware\LazyLoadingMiddleware
Amazium\Kernel\Application\Context\ApplicationContextMiddleware
Zend\Expressive\Middleware\LazyLoadingMiddleware
Zend\Expressive\Router\Middleware\RouteMiddleware
Zend\Expressive\Middleware\LazyLoadingMiddleware
Zend\Expressive\Router\Middleware\ImplicitHeadMiddleware
Zend\Expressive\Middleware\LazyLoadingMiddleware
Zend\Expressive\Router\Middleware\ImplicitOptionsMiddleware
Zend\Expressive\Middleware\LazyLoadingMiddleware
Zend\Expressive\Router\Middleware\MethodNotAllowedMiddleware
Zend\Expressive\Middleware\LazyLoadingMiddleware
Zend\Expressive\Helper\UrlHelperMiddleware
Zend\Expressive\Middleware\LazyLoadingMiddleware
Zend\Expressive\Router\Middleware\DispatchMiddleware
Zend\Expressive\Middleware\LazyLoadingMiddleware
Amazium\SampleApp\UI\Web\Page\BankAccount\Show
Zend\Expressive\Middleware\LazyLoadingMiddleware
Zend\Stratigility\Middleware\ErrorHandler
Zend\Expressive\Middleware\LazyLoadingMiddleware
Zend\Expressive\Helper\ServerUrlMiddleware
Zend\Expressive\Middleware\LazyLoadingMiddleware
Zend\Expressive\Session\SessionMiddleware
Zend\Expressive\Middleware\LazyLoadingMiddleware
Amazium\Kernel\Application\Context\ApplicationContextMiddleware
Zend\Expressive\Middleware\LazyLoadingMiddleware
Zend\Expressive\Router\Middleware\RouteMiddleware
Zend\Expressive\Middleware\LazyLoadingMiddleware
Zend\Expressive\Router\Middleware\ImplicitHeadMiddleware
Zend\Expressive\Middleware\LazyLoadingMiddleware
Zend\Expressive\Router\Middleware\ImplicitOptionsMiddleware
Zend\Expressive\Middleware\LazyLoadingMiddleware
Zend\Expressive\Router\Middleware\MethodNotAllowedMiddleware
Zend\Expressive\Middleware\LazyLoadingMiddleware
Zend\Expressive\Helper\UrlHelperMiddleware
Zend\Expressive\Middleware\LazyLoadingMiddleware
Zend\Expressive\Router\Middleware\DispatchMiddleware
Zend\Expressive\Middleware\LazyLoadingMiddleware
Amazium\SampleApp\UI\Web\Page\BankAccount\Show
Zend\Expressive\Middleware\LazyLoadingMiddleware
Zend\Stratigility\Middleware\ErrorHandler
Zend\Expressive\Middleware\LazyLoadingMiddleware
Zend\Expressive\Helper\ServerUrlMiddleware
Zend\Expressive\Middleware\LazyLoadingMiddleware
Zend\Expressive\Session\SessionMiddleware
Zend\Expressive\Middleware\LazyLoadingMiddleware
Amazium\Kernel\Application\Context\ApplicationContextMiddleware
Zend\Expressive\Middleware\LazyLoadingMiddleware
Zend\Expressive\Router\Middleware\RouteMiddleware
Zend\Expressive\Middleware\LazyLoadingMiddleware
Zend\Expressive\Router\Middleware\ImplicitHeadMiddleware
Zend\Expressive\Middleware\LazyLoadingMiddleware
Zend\Expressive\Router\Middleware\ImplicitOptionsMiddleware
Zend\Expressive\Middleware\LazyLoadingMiddleware
Zend\Expressive\Router\Middleware\MethodNotAllowedMiddleware
Zend\Expressive\Middleware\LazyLoadingMiddleware
Zend\Expressive\Helper\UrlHelperMiddleware
Zend\Expressive\Middleware\LazyLoadingMiddleware
Zend\Expressive\Router\Middleware\DispatchMiddleware
Zend\Expressive\Middleware\LazyLoadingMiddleware
Amazium\SampleApp\UI\Web\Page\BankAccount\Show
Zend\Expressive\Middleware\LazyLoadingMiddleware
Zend\Stratigility\Middleware\ErrorHandler
Zend\Expressive\Middleware\LazyLoadingMiddleware
Zend\Expressive\Helper\ServerUrlMiddleware
Zend\Expressive\Middleware\LazyLoadingMiddleware
Zend\Expressive\Session\SessionMiddleware
Zend\Expressive\Middleware\LazyLoadingMiddleware
Amazium\Kernel\Application\Context\ApplicationContextMiddleware
Zend\Expressive\Middleware\LazyLoadingMiddleware
Zend\Expressive\Router\Middleware\RouteMiddleware
Zend\Expressive\Middleware\LazyLoadingMiddleware
Zend\Expressive\Router\Middleware\ImplicitHeadMiddleware
Zend\Expressive\Middleware\LazyLoadingMiddleware
Zend\Expressive\Router\Middleware\ImplicitOptionsMiddleware
Zend\Expressive\Middleware\LazyLoadingMiddleware
Zend\Expressive\Router\Middleware\MethodNotAllowedMiddleware
Zend\Expressive\Middleware\LazyLoadingMiddleware
Zend\Expressive\Helper\UrlHelperMiddleware
Zend\Expressive\Middleware\LazyLoadingMiddleware
Zend\Expressive\Router\Middleware\DispatchMiddleware
Zend\Expressive\Middleware\LazyLoadingMiddleware
Amazium\SampleApp\UI\Web\Page\BankAccount\Show
Zend\Expressive\Middleware\LazyLoadingMiddleware
Zend\Stratigility\Middleware\ErrorHandler
Zend\Expressive\Middleware\LazyLoadingMiddleware
Zend\Expressive\Helper\ServerUrlMiddleware
Zend\Expressive\Middleware\LazyLoadingMiddleware
Zend\Expressive\Session\SessionMiddleware
Zend\Expressive\Middleware\LazyLoadingMiddleware
Amazium\Kernel\Application\Context\ApplicationContextMiddleware
Zend\Expressive\Middleware\LazyLoadingMiddleware
Zend\Expressive\Router\Middleware\RouteMiddleware
Zend\Expressive\Middleware\LazyLoadingMiddleware
Zend\Expressive\Router\Middleware\ImplicitHeadMiddleware
Zend\Expressive\Middleware\LazyLoadingMiddleware
Zend\Expressive\Router\Middleware\ImplicitOptionsMiddleware
Zend\Expressive\Middleware\LazyLoadingMiddleware
Zend\Expressive\Router\Middleware\MethodNotAllowedMiddleware
Zend\Expressive\Middleware\LazyLoadingMiddleware
Zend\Expressive\Helper\UrlHelperMiddleware
Zend\Expressive\Middleware\LazyLoadingMiddleware
Zend\Expressive\Router\Middleware\DispatchMiddleware
Zend\Expressive\Middleware\LazyLoadingMiddleware
Amazium\SampleApp\UI\Web\Page\BankAccount\Show
Zend\Expressive\Middleware\LazyLoadingMiddleware
Zend\Stratigility\Middleware\ErrorHandler
Zend\Expressive\Middleware\LazyLoadingMiddleware
Zend\Expressive\Helper\ServerUrlMiddleware
Zend\Expressive\Middleware\LazyLoadingMiddleware
Zend\Expressive\Session\SessionMiddleware
Zend\Expressive\Middleware\LazyLoadingMiddleware
Amazium\Kernel\Application\Context\ApplicationContextMiddleware
Zend\Expressive\Middleware\LazyLoadingMiddleware
Zend\Expressive\Router\Middleware\RouteMiddleware
Zend\Expressive\Middleware\LazyLoadingMiddleware
Zend\Expressive\Router\Middleware\ImplicitHeadMiddleware
Zend\Expressive\Middleware\LazyLoadingMiddleware
Zend\Expressive\Router\Middleware\ImplicitOptionsMiddleware
Zend\Expressive\Middleware\LazyLoadingMiddleware
Zend\Expressive\Router\Middleware\MethodNotAllowedMiddleware
Zend\Expressive\Middleware\LazyLoadingMiddleware
Zend\Expressive\Helper\UrlHelperMiddleware
Zend\Expressive\Middleware\LazyLoadingMiddleware
Zend\Expressive\Router\Middleware\DispatchMiddleware
Zend\Expressive\Middleware\LazyLoadingMiddleware
Amazium\SampleApp\UI\Web\Page\BankAccount\Show
Zend\Expressive\Middleware\LazyLoadingMiddleware
Zend\Stratigility\Middleware\ErrorHandler
Zend\Expressive\Middleware\LazyLoadingMiddleware
Zend\Expressive\Helper\ServerUrlMiddleware
Zend\Expressive\Middleware\LazyLoadingMiddleware
Zend\Expressive\Session\SessionMiddleware
Zend\Expressive\Middleware\LazyLoadingMiddleware
Amazium\Kernel\Application\Context\ApplicationContextMiddleware
Zend\Expressive\Middleware\LazyLoadingMiddleware
Zend\Expressive\Router\Middleware\RouteMiddleware
Zend\Expressive\Middleware\LazyLoadingMiddleware
Zend\Expressive\Router\Middleware\ImplicitHeadMiddleware
Zend\Expressive\Middleware\LazyLoadingMiddleware
Zend\Expressive\Router\Middleware\ImplicitOptionsMiddleware
Zend\Expressive\Middleware\LazyLoadingMiddleware
Zend\Expressive\Router\Middleware\MethodNotAllowedMiddleware
Zend\Expressive\Middleware\LazyLoadingMiddleware
Zend\Expressive\Helper\UrlHelperMiddleware
Zend\Expressive\Middleware\LazyLoadingMiddleware
Zend\Expressive\Router\Middleware\DispatchMiddleware
Zend\Expressive\Middleware\LazyLoadingMiddleware
Amazium\SampleApp\UI\Web\Page\BankAccount\Show
Zend\Expressive\Middleware\LazyLoadingMiddleware
Zend\Stratigility\Middleware\ErrorHandler
Zend\Expressive\Middleware\LazyLoadingMiddleware
Zend\Expressive\Helper\ServerUrlMiddleware
Zend\Expressive\Middleware\LazyLoadingMiddleware
Zend\Expressive\Session\SessionMiddleware
Zend\Expressive\Middleware\LazyLoadingMiddleware
Amazium\Kernel\Application\Context\ApplicationContextMiddleware
Zend\Expressive\Middleware\LazyLoadingMiddleware
Zend\Expressive\Router\Middleware\RouteMiddleware
Zend\Expressive\Middleware\LazyLoadingMiddleware
Zend\Expressive\Router\Middleware\ImplicitHeadMiddleware
Zend\Expressive\Middleware\LazyLoadingMiddleware
Zend\Expressive\Router\Middleware\ImplicitOptionsMiddleware
Zend\Expressive\Middleware\LazyLoadingMiddleware
Zend\Expressive\Router\Middleware\MethodNotAllowedMiddleware
Zend\Expressive\Middleware\LazyLoadingMiddleware
Zend\Expressive\Helper\UrlHelperMiddleware
Zend\Expressive\Middleware\LazyLoadingMiddleware
Zend\Expressive\Router\Middleware\DispatchMiddleware
Zend\Expressive\Middleware\LazyLoadingMiddleware
Amazium\SampleApp\UI\Web\Page\BankAccount\Show
Zend\Expressive\Middleware\LazyLoadingMiddleware
Zend\Stratigility\Middleware\ErrorHandler
Zend\Expressive\Middleware\LazyLoadingMiddleware
Zend\Expressive\Helper\ServerUrlMiddleware
Zend\Expressive\Middleware\LazyLoadingMiddleware
Zend\Expressive\Session\SessionMiddleware
Zend\Expressive\Middleware\LazyLoadingMiddleware
Amazium\Kernel\Application\Context\ApplicationContextMiddleware
Zend\Expressive\Middleware\LazyLoadingMiddleware
Zend\Expressive\Router\Middleware\RouteMiddleware
Zend\Expressive\Middleware\LazyLoadingMiddleware
Zend\Expressive\Router\Middleware\ImplicitHeadMiddleware
Zend\Expressive\Middleware\LazyLoadingMiddleware
Zend\Expressive\Router\Middleware\ImplicitOptionsMiddleware
Zend\Expressive\Middleware\LazyLoadingMiddleware
Zend\Expressive\Router\Middleware\MethodNotAllowedMiddleware
Zend\Expressive\Middleware\LazyLoadingMiddleware
Zend\Expressive\Helper\UrlHelperMiddleware
Zend\Expressive\Middleware\LazyLoadingMiddleware
Zend\Expressive\Router\Middleware\DispatchMiddleware
Zend\Expressive\Middleware\LazyLoadingMiddleware
Amazium\SampleApp\UI\Web\Page\BankAccount\Show
Zend\Expressive\Middleware\LazyLoadingMiddleware
Zend\Stratigility\Middleware\ErrorHandler
Zend\Expressive\Middleware\LazyLoadingMiddleware
Zend\Expressive\Helper\ServerUrlMiddleware
Zend\Expressive\Middleware\LazyLoadingMiddleware
Zend\Expressive\Session\SessionMiddleware
Zend\Expressive\Middleware\LazyLoadingMiddleware
Amazium\Kernel\Application\Context\ApplicationContextMiddleware
Zend\Expressive\Middleware\LazyLoadingMiddleware
Zend\Expressive\Router\Middleware\RouteMiddleware
Zend\Expressive\Middleware\LazyLoadingMiddleware
Zend\Expressive\Router\Middleware\ImplicitHeadMiddleware
Zend\Expressive\Middleware\LazyLoadingMiddleware
Zend\Expressive\Router\Middleware\ImplicitOptionsMiddleware
Zend\Expressive\Middleware\LazyLoadingMiddleware
Zend\Expressive\Router\Middleware\MethodNotAllowedMiddleware
Zend\Expressive\Middleware\LazyLoadingMiddleware
Zend\Expressive\Helper\UrlHelperMiddleware
Zend\Expressive\Middleware\LazyLoadingMiddleware
Zend\Expressive\Router\Middleware\DispatchMiddleware
Zend\Expressive\Middleware\LazyLoadingMiddleware
Amazium\SampleApp\UI\Web\Page\BankAccount\Show
Zend\Expressive\Middleware\LazyLoadingMiddleware
Zend\Stratigility\Middleware\ErrorHandler
Zend\Expressive\Middleware\LazyLoadingMiddleware
Zend\Expressive\Helper\ServerUrlMiddleware
Zend\Expressive\Middleware\LazyLoadingMiddleware
Zend\Expressive\Session\SessionMiddleware
Zend\Expressive\Middleware\LazyLoadingMiddleware
Amazium\Kernel\Application\Context\ApplicationContextMiddleware
Zend\Expressive\Middleware\LazyLoadingMiddleware
Zend\Expressive\Router\Middleware\RouteMiddleware
Zend\Expressive\Middleware\LazyLoadingMiddleware
Zend\Expressive\Router\Middleware\ImplicitHeadMiddleware
Zend\Expressive\Middleware\LazyLoadingMiddleware
Zend\Expressive\Router\Middleware\ImplicitOptionsMiddleware
Zend\Expressive\Middleware\LazyLoadingMiddleware
Zend\Expressive\Router\Middleware\MethodNotAllowedMiddleware
Zend\Expressive\Middleware\LazyLoadingMiddleware
Zend\Expressive\Helper\UrlHelperMiddleware
Zend\Expressive\Middleware\LazyLoadingMiddleware
Zend\Expressive\Router\Middleware\DispatchMiddleware
Zend\Expressive\Middleware\LazyLoadingMiddleware
Amazium\SampleApp\UI\Web\Page\BankAccount\Index
Zend\Expressive\Middleware\LazyLoadingMiddleware
Zend\Stratigility\Middleware\ErrorHandler
Zend\Expressive\Middleware\LazyLoadingMiddleware
Zend\Expressive\Helper\ServerUrlMiddleware
Zend\Expressive\Middleware\LazyLoadingMiddleware
Zend\Expressive\Session\SessionMiddleware
Zend\Expressive\Middleware\LazyLoadingMiddleware
Amazium\Kernel\Application\Context\ApplicationContextMiddleware
Zend\Expressive\Middleware\LazyLoadingMiddleware
Zend\Expressive\Router\Middleware\RouteMiddleware
Zend\Expressive\Middleware\LazyLoadingMiddleware
Zend\Expressive\Router\Middleware\ImplicitHeadMiddleware
Zend\Expressive\Middleware\LazyLoadingMiddleware
Zend\Expressive\Router\Middleware\ImplicitOptionsMiddleware
Zend\Expressive\Middleware\LazyLoadingMiddleware
Zend\Expressive\Router\Middleware\MethodNotAllowedMiddleware
Zend\Expressive\Middleware\LazyLoadingMiddleware
Zend\Expressive\Helper\UrlHelperMiddleware
Zend\Expressive\Middleware\LazyLoadingMiddleware
Zend\Expressive\Router\Middleware\DispatchMiddleware
Zend\Expressive\Middleware\LazyLoadingMiddleware
Amazium\SampleApp\UI\Web\Page\BankAccount\Index
Zend\Expressive\Middleware\LazyLoadingMiddleware
Zend\Stratigility\Middleware\ErrorHandler
Zend\Expressive\Middleware\LazyLoadingMiddleware
Zend\Expressive\Helper\ServerUrlMiddleware
Zend\Expressive\Middleware\LazyLoadingMiddleware
Zend\Expressive\Session\SessionMiddleware
Zend\Expressive\Middleware\LazyLoadingMiddleware
Amazium\Kernel\Application\Context\ApplicationContextMiddleware
Zend\Expressive\Middleware\LazyLoadingMiddleware
Zend\Expressive\Router\Middleware\RouteMiddleware
Zend\Expressive\Middleware\LazyLoadingMiddleware
Zend\Expressive\Router\Middleware\ImplicitHeadMiddleware
Zend\Expressive\Middleware\LazyLoadingMiddleware
Zend\Expressive\Router\Middleware\ImplicitOptionsMiddleware
Zend\Expressive\Middleware\LazyLoadingMiddleware
Zend\Expressive\Router\Middleware\MethodNotAllowedMiddleware
Zend\Expressive\Middleware\LazyLoadingMiddleware
Zend\Expressive\Helper\UrlHelperMiddleware
Zend\Expressive\Middleware\LazyLoadingMiddleware
Zend\Expressive\Router\Middleware\DispatchMiddleware
Zend\Expressive\Middleware\LazyLoadingMiddleware
Amazium\SampleApp\UI\Web\Page\Address\Index
Zend\Expressive\Middleware\LazyLoadingMiddleware
Zend\Stratigility\Middleware\ErrorHandler
Zend\Expressive\Middleware\LazyLoadingMiddleware
Zend\Expressive\Helper\ServerUrlMiddleware
Zend\Expressive\Middleware\LazyLoadingMiddleware
Zend\Expressive\Session\SessionMiddleware
Zend\Expressive\Middleware\LazyLoadingMiddleware
Amazium\Kernel\Application\Context\ApplicationContextMiddleware
Zend\Expressive\Middleware\LazyLoadingMiddleware
Zend\Expressive\Router\Middleware\RouteMiddleware
Zend\Expressive\Middleware\LazyLoadingMiddleware
Zend\Expressive\Router\Middleware\ImplicitHeadMiddleware
Zend\Expressive\Middleware\LazyLoadingMiddleware
Zend\Expressive\Router\Middleware\ImplicitOptionsMiddleware
Zend\Expressive\Middleware\LazyLoadingMiddleware
Zend\Expressive\Router\Middleware\MethodNotAllowedMiddleware
Zend\Expressive\Middleware\LazyLoadingMiddleware
Zend\Expressive\Helper\UrlHelperMiddleware
Zend\Expressive\Middleware\LazyLoadingMiddleware
Zend\Expressive\Router\Middleware\DispatchMiddleware
Zend\Expressive\Middleware\LazyLoadingMiddleware
Amazium\SampleApp\UI\Web\Page\Address\Index
Zend\Expressive\Middleware\LazyLoadingMiddleware
Zend\Stratigility\Middleware\ErrorHandler
Zend\Expressive\Middleware\LazyLoadingMiddleware
Zend\Expressive\Helper\ServerUrlMiddleware
Zend\Expressive\Middleware\LazyLoadingMiddleware
Zend\Expressive\Session\SessionMiddleware
Zend\Expressive\Middleware\LazyLoadingMiddleware
Amazium\Kernel\Application\Context\ApplicationContextMiddleware
Zend\Expressive\Middleware\LazyLoadingMiddleware
Zend\Expressive\Router\Middleware\RouteMiddleware
Zend\Expressive\Middleware\LazyLoadingMiddleware
Zend\Expressive\Router\Middleware\ImplicitHeadMiddleware
Zend\Expressive\Middleware\LazyLoadingMiddleware
Zend\Expressive\Router\Middleware\ImplicitOptionsMiddleware
Zend\Expressive\Middleware\LazyLoadingMiddleware
Zend\Expressive\Router\Middleware\MethodNotAllowedMiddleware
Zend\Expressive\Middleware\LazyLoadingMiddleware
Zend\Expressive\Helper\UrlHelperMiddleware
Zend\Expressive\Middleware\LazyLoadingMiddleware
Zend\Expressive\Router\Middleware\DispatchMiddleware
Zend\Expressive\Middleware\LazyLoadingMiddleware
Amazium\SampleApp\UI\Web\Page\Address\Index
Zend\Expressive\Middleware\LazyLoadingMiddleware
Zend\Stratigility\Middleware\ErrorHandler
Zend\Expressive\Middleware\LazyLoadingMiddleware
Zend\Expressive\Helper\ServerUrlMiddleware
Zend\Expressive\Middleware\LazyLoadingMiddleware
Zend\Expressive\Session\SessionMiddleware
Zend\Expressive\Middleware\LazyLoadingMiddleware
Amazium\Kernel\Application\Context\ApplicationContextMiddleware
Zend\Expressive\Middleware\LazyLoadingMiddleware
Zend\Expressive\Router\Middleware\RouteMiddleware
Zend\Expressive\Middleware\LazyLoadingMiddleware
Zend\Expressive\Router\Middleware\ImplicitHeadMiddleware
Zend\Expressive\Middleware\LazyLoadingMiddleware
Zend\Expressive\Router\Middleware\ImplicitOptionsMiddleware
Zend\Expressive\Middleware\LazyLoadingMiddleware
Zend\Expressive\Router\Middleware\MethodNotAllowedMiddleware
Zend\Expressive\Middleware\LazyLoadingMiddleware
Zend\Expressive\Helper\UrlHelperMiddleware
Zend\Expressive\Middleware\LazyLoadingMiddleware
Zend\Expressive\Router\Middleware\DispatchMiddleware
Zend\Expressive\Middleware\LazyLoadingMiddleware
Amazium\SampleApp\UI\Web\Page\Address\Activate
Zend\Expressive\Middleware\LazyLoadingMiddleware
Zend\Stratigility\Middleware\ErrorHandler
Zend\Expressive\Middleware\LazyLoadingMiddleware
Zend\Expressive\Helper\ServerUrlMiddleware
Zend\Expressive\Middleware\LazyLoadingMiddleware
Zend\Expressive\Session\SessionMiddleware
Zend\Expressive\Middleware\LazyLoadingMiddleware
Amazium\Kernel\Application\Context\ApplicationContextMiddleware
Zend\Expressive\Middleware\LazyLoadingMiddleware
Zend\Expressive\Router\Middleware\RouteMiddleware
Zend\Expressive\Middleware\LazyLoadingMiddleware
Zend\Expressive\Router\Middleware\ImplicitHeadMiddleware
Zend\Expressive\Middleware\LazyLoadingMiddleware
Zend\Expressive\Router\Middleware\ImplicitOptionsMiddleware
Zend\Expressive\Middleware\LazyLoadingMiddleware
Zend\Expressive\Router\Middleware\MethodNotAllowedMiddleware
Zend\Expressive\Middleware\LazyLoadingMiddleware
Zend\Expressive\Helper\UrlHelperMiddleware
Zend\Expressive\Middleware\LazyLoadingMiddleware
Zend\Expressive\Router\Middleware\DispatchMiddleware
Zend\Expressive\Middleware\LazyLoadingMiddleware
Amazium\SampleApp\UI\Web\Page\Address\Index
Zend\Expressive\Middleware\LazyLoadingMiddleware
Zend\Stratigility\Middleware\ErrorHandler
Zend\Expressive\Middleware\LazyLoadingMiddleware
Zend\Expressive\Helper\ServerUrlMiddleware
Zend\Expressive\Middleware\LazyLoadingMiddleware
Zend\Expressive\Session\SessionMiddleware
Zend\Expressive\Middleware\LazyLoadingMiddleware
Amazium\Kernel\Application\Context\ApplicationContextMiddleware
Zend\Expressive\Middleware\LazyLoadingMiddleware
Zend\Expressive\Router\Middleware\RouteMiddleware
Zend\Expressive\Middleware\LazyLoadingMiddleware
Zend\Expressive\Router\Middleware\ImplicitHeadMiddleware
Zend\Expressive\Middleware\LazyLoadingMiddleware
Zend\Expressive\Router\Middleware\ImplicitOptionsMiddleware
Zend\Expressive\Middleware\LazyLoadingMiddleware
Zend\Expressive\Router\Middleware\MethodNotAllowedMiddleware
Zend\Expressive\Middleware\LazyLoadingMiddleware
Zend\Expressive\Helper\UrlHelperMiddleware
Zend\Expressive\Middleware\LazyLoadingMiddleware
Zend\Expressive\Router\Middleware\DispatchMiddleware
Zend\Expressive\Middleware\LazyLoadingMiddleware
Amazium\SampleApp\UI\Web\Page\Address\Index
Zend\Expressive\Middleware\LazyLoadingMiddleware
Zend\Stratigility\Middleware\ErrorHandler
Zend\Expressive\Middleware\LazyLoadingMiddleware
Zend\Expressive\Helper\ServerUrlMiddleware
Zend\Expressive\Middleware\LazyLoadingMiddleware
Zend\Expressive\Session\SessionMiddleware
Zend\Expressive\Middleware\LazyLoadingMiddleware
Amazium\Kernel\Application\Context\ApplicationContextMiddleware
Zend\Expressive\Middleware\LazyLoadingMiddleware
Zend\Expressive\Router\Middleware\RouteMiddleware
Zend\Expressive\Middleware\LazyLoadingMiddleware
Zend\Expressive\Router\Middleware\ImplicitHeadMiddleware
Zend\Expressive\Middleware\LazyLoadingMiddleware
Zend\Expressive\Router\Middleware\ImplicitOptionsMiddleware
Zend\Expressive\Middleware\LazyLoadingMiddleware
Zend\Expressive\Router\Middleware\MethodNotAllowedMiddleware
Zend\Expressive\Middleware\LazyLoadingMiddleware
Zend\Expressive\Helper\UrlHelperMiddleware
Zend\Expressive\Middleware\LazyLoadingMiddleware
Zend\Expressive\Router\Middleware\DispatchMiddleware
Zend\Expressive\Middleware\LazyLoadingMiddleware
Amazium\SampleApp\UI\Web\Page\Address\Show
Zend\Expressive\Middleware\LazyLoadingMiddleware
Zend\Stratigility\Middleware\ErrorHandler
Zend\Expressive\Middleware\LazyLoadingMiddleware
Zend\Expressive\Helper\ServerUrlMiddleware
Zend\Expressive\Middleware\LazyLoadingMiddleware
Zend\Expressive\Session\SessionMiddleware
Zend\Expressive\Middleware\LazyLoadingMiddleware
Amazium\Kernel\Application\Context\ApplicationContextMiddleware
Zend\Expressive\Middleware\LazyLoadingMiddleware
Zend\Expressive\Router\Middleware\RouteMiddleware
Zend\Expressive\Middleware\LazyLoadingMiddleware
Zend\Expressive\Router\Middleware\ImplicitHeadMiddleware
Zend\Expressive\Middleware\LazyLoadingMiddleware
Zend\Expressive\Router\Middleware\ImplicitOptionsMiddleware
Zend\Expressive\Middleware\LazyLoadingMiddleware
Zend\Expressive\Router\Middleware\MethodNotAllowedMiddleware
Zend\Expressive\Middleware\LazyLoadingMiddleware
Zend\Expressive\Helper\UrlHelperMiddleware
Zend\Expressive\Middleware\LazyLoadingMiddleware
Zend\Expressive\Router\Middleware\DispatchMiddleware
Zend\Expressive\Middleware\LazyLoadingMiddleware
Amazium\SampleApp\UI\Web\Page\Address\Show
Zend\Expressive\Middleware\LazyLoadingMiddleware
Zend\Stratigility\Middleware\ErrorHandler
Zend\Expressive\Middleware\LazyLoadingMiddleware
Zend\Expressive\Helper\ServerUrlMiddleware
Zend\Expressive\Middleware\LazyLoadingMiddleware
Zend\Expressive\Session\SessionMiddleware
Zend\Expressive\Middleware\LazyLoadingMiddleware
Amazium\Kernel\Application\Context\ApplicationContextMiddleware
Zend\Expressive\Middleware\LazyLoadingMiddleware
Zend\Expressive\Router\Middleware\RouteMiddleware
Zend\Expressive\Middleware\LazyLoadingMiddleware
Zend\Expressive\Router\Middleware\ImplicitHeadMiddleware
Zend\Expressive\Middleware\LazyLoadingMiddleware
Zend\Expressive\Router\Middleware\ImplicitOptionsMiddleware
Zend\Expressive\Middleware\LazyLoadingMiddleware
Zend\Expressive\Router\Middleware\MethodNotAllowedMiddleware
Zend\Expressive\Middleware\LazyLoadingMiddleware
Zend\Expressive\Helper\UrlHelperMiddleware
Zend\Expressive\Middleware\LazyLoadingMiddleware
Zend\Expressive\Router\Middleware\DispatchMiddleware
Zend\Expressive\Middleware\LazyLoadingMiddleware
Amazium\SampleApp\UI\Web\Page\Address\Show
Zend\Expressive\Middleware\LazyLoadingMiddleware
Zend\Stratigility\Middleware\ErrorHandler
Zend\Expressive\Middleware\LazyLoadingMiddleware
Zend\Expressive\Helper\ServerUrlMiddleware
Zend\Expressive\Middleware\LazyLoadingMiddleware
Zend\Expressive\Session\SessionMiddleware
Zend\Expressive\Middleware\LazyLoadingMiddleware
Amazium\Kernel\Application\Context\ApplicationContextMiddleware
Zend\Expressive\Middleware\LazyLoadingMiddleware
Zend\Expressive\Router\Middleware\RouteMiddleware
Zend\Expressive\Middleware\LazyLoadingMiddleware
Zend\Expressive\Router\Middleware\ImplicitHeadMiddleware
Zend\Expressive\Middleware\LazyLoadingMiddleware
Zend\Expressive\Router\Middleware\ImplicitOptionsMiddleware
Zend\Expressive\Middleware\LazyLoadingMiddleware
Zend\Expressive\Router\Middleware\MethodNotAllowedMiddleware
Zend\Expressive\Middleware\LazyLoadingMiddleware
Zend\Expressive\Helper\UrlHelperMiddleware
Zend\Expressive\Middleware\LazyLoadingMiddleware
Zend\Expressive\Router\Middleware\DispatchMiddleware
Zend\Expressive\Middleware\LazyLoadingMiddleware
Amazium\SampleApp\UI\Web\Page\Address\Show
Zend\Expressive\Middleware\LazyLoadingMiddleware
Zend\Stratigility\Middleware\ErrorHandler
Zend\Expressive\Middleware\LazyLoadingMiddleware
Zend\Expressive\Helper\ServerUrlMiddleware
Zend\Expressive\Middleware\LazyLoadingMiddleware
Zend\Expressive\Session\SessionMiddleware
Zend\Expressive\Middleware\LazyLoadingMiddleware
Amazium\Kernel\Application\Context\ApplicationContextMiddleware
Zend\Expressive\Middleware\LazyLoadingMiddleware
Zend\Expressive\Router\Middleware\RouteMiddleware
Zend\Expressive\Middleware\LazyLoadingMiddleware
Zend\Expressive\Router\Middleware\ImplicitHeadMiddleware
Zend\Expressive\Middleware\LazyLoadingMiddleware
Zend\Expressive\Router\Middleware\ImplicitOptionsMiddleware
Zend\Expressive\Middleware\LazyLoadingMiddleware
Zend\Expressive\Router\Middleware\MethodNotAllowedMiddleware
Zend\Expressive\Middleware\LazyLoadingMiddleware
Zend\Expressive\Helper\UrlHelperMiddleware
Zend\Expressive\Middleware\LazyLoadingMiddleware
Zend\Expressive\Router\Middleware\DispatchMiddleware
Zend\Expressive\Middleware\LazyLoadingMiddleware
Amazium\SampleApp\UI\Web\Page\Address\Show
Zend\Expressive\Middleware\LazyLoadingMiddleware
Zend\Stratigility\Middleware\ErrorHandler
Zend\Expressive\Middleware\LazyLoadingMiddleware
Zend\Expressive\Helper\ServerUrlMiddleware
Zend\Expressive\Middleware\LazyLoadingMiddleware
Zend\Expressive\Session\SessionMiddleware
Zend\Expressive\Middleware\LazyLoadingMiddleware
Amazium\Kernel\Application\Context\ApplicationContextMiddleware
Zend\Expressive\Middleware\LazyLoadingMiddleware
Zend\Expressive\Router\Middleware\RouteMiddleware
Zend\Expressive\Middleware\LazyLoadingMiddleware
Zend\Expressive\Router\Middleware\ImplicitHeadMiddleware
Zend\Expressive\Middleware\LazyLoadingMiddleware
Zend\Expressive\Router\Middleware\ImplicitOptionsMiddleware
Zend\Expressive\Middleware\LazyLoadingMiddleware
Zend\Expressive\Router\Middleware\MethodNotAllowedMiddleware
Zend\Expressive\Middleware\LazyLoadingMiddleware
Zend\Expressive\Helper\UrlHelperMiddleware
Zend\Expressive\Middleware\LazyLoadingMiddleware
Zend\Expressive\Router\Middleware\DispatchMiddleware
Zend\Expressive\Middleware\LazyLoadingMiddleware
Amazium\SampleApp\UI\Web\Page\Identity\Show
Zend\Expressive\Middleware\LazyLoadingMiddleware
Zend\Stratigility\Middleware\ErrorHandler
Zend\Expressive\Middleware\LazyLoadingMiddleware
Zend\Expressive\Helper\ServerUrlMiddleware
Zend\Expressive\Middleware\LazyLoadingMiddleware
Zend\Expressive\Session\SessionMiddleware
Zend\Expressive\Middleware\LazyLoadingMiddleware
Amazium\Kernel\Application\Context\ApplicationContextMiddleware
Zend\Expressive\Middleware\LazyLoadingMiddleware
Zend\Expressive\Router\Middleware\RouteMiddleware
Zend\Expressive\Middleware\LazyLoadingMiddleware
Zend\Expressive\Router\Middleware\ImplicitHeadMiddleware
Zend\Expressive\Middleware\LazyLoadingMiddleware
Zend\Expressive\Router\Middleware\ImplicitOptionsMiddleware
Zend\Expressive\Middleware\LazyLoadingMiddleware
Zend\Expressive\Router\Middleware\MethodNotAllowedMiddleware
Zend\Expressive\Middleware\LazyLoadingMiddleware
Zend\Expressive\Helper\UrlHelperMiddleware
Zend\Expressive\Middleware\LazyLoadingMiddleware
Zend\Expressive\Router\Middleware\DispatchMiddleware
Zend\Expressive\Middleware\LazyLoadingMiddleware
Amazium\SampleApp\UI\Web\Page\Address\Show
Zend\Expressive\Middleware\LazyLoadingMiddleware
Zend\Stratigility\Middleware\ErrorHandler
Zend\Expressive\Middleware\LazyLoadingMiddleware
Zend\Expressive\Helper\ServerUrlMiddleware
Zend\Expressive\Middleware\LazyLoadingMiddleware
Zend\Expressive\Session\SessionMiddleware
Zend\Expressive\Middleware\LazyLoadingMiddleware
Amazium\Kernel\Application\Context\ApplicationContextMiddleware
Zend\Expressive\Middleware\LazyLoadingMiddleware
Zend\Expressive\Router\Middleware\RouteMiddleware
Zend\Expressive\Middleware\LazyLoadingMiddleware
Zend\Expressive\Router\Middleware\ImplicitHeadMiddleware
Zend\Expressive\Middleware\LazyLoadingMiddleware
Zend\Expressive\Router\Middleware\ImplicitOptionsMiddleware
Zend\Expressive\Middleware\LazyLoadingMiddleware
Zend\Expressive\Router\Middleware\MethodNotAllowedMiddleware
Zend\Expressive\Middleware\LazyLoadingMiddleware
Zend\Expressive\Helper\UrlHelperMiddleware
Zend\Expressive\Middleware\LazyLoadingMiddleware
Zend\Expressive\Router\Middleware\DispatchMiddleware
Zend\Expressive\Middleware\LazyLoadingMiddleware
Amazium\SampleApp\UI\Web\Page\Address\Index
Zend\Expressive\Middleware\LazyLoadingMiddleware
Zend\Stratigility\Middleware\ErrorHandler
Zend\Expressive\Middleware\LazyLoadingMiddleware
Zend\Expressive\Helper\ServerUrlMiddleware
Zend\Expressive\Middleware\LazyLoadingMiddleware
Zend\Expressive\Session\SessionMiddleware
Zend\Expressive\Middleware\LazyLoadingMiddleware
Amazium\Kernel\Application\Context\ApplicationContextMiddleware
Zend\Expressive\Middleware\LazyLoadingMiddleware
Zend\Expressive\Router\Middleware\RouteMiddleware
Zend\Expressive\Middleware\LazyLoadingMiddleware
Zend\Expressive\Router\Middleware\ImplicitHeadMiddleware
Zend\Expressive\Middleware\LazyLoadingMiddleware
Zend\Expressive\Router\Middleware\ImplicitOptionsMiddleware
Zend\Expressive\Middleware\LazyLoadingMiddleware
Zend\Expressive\Router\Middleware\MethodNotAllowedMiddleware
Zend\Expressive\Middleware\LazyLoadingMiddleware
Zend\Expressive\Helper\UrlHelperMiddleware
Zend\Expressive\Middleware\LazyLoadingMiddleware
Zend\Expressive\Router\Middleware\DispatchMiddleware
Zend\Expressive\Middleware\LazyLoadingMiddleware
Amazium\SampleApp\UI\Web\Page\Address\Index
Zend\Expressive\Middleware\LazyLoadingMiddleware
Zend\Stratigility\Middleware\ErrorHandler
Zend\Expressive\Middleware\LazyLoadingMiddleware
Zend\Expressive\Helper\ServerUrlMiddleware
Zend\Expressive\Middleware\LazyLoadingMiddleware
Zend\Expressive\Session\SessionMiddleware
Zend\Expressive\Middleware\LazyLoadingMiddleware
Amazium\Kernel\Application\Context\ApplicationContextMiddleware
Zend\Expressive\Middleware\LazyLoadingMiddleware
Zend\Expressive\Router\Middleware\RouteMiddleware
Zend\Expressive\Middleware\LazyLoadingMiddleware
Zend\Expressive\Router\Middleware\ImplicitHeadMiddleware
Zend\Expressive\Middleware\LazyLoadingMiddleware
Zend\Expressive\Router\Middleware\ImplicitOptionsMiddleware
Zend\Expressive\Middleware\LazyLoadingMiddleware
Zend\Expressive\Router\Middleware\MethodNotAllowedMiddleware
Zend\Expressive\Middleware\LazyLoadingMiddleware
Zend\Expressive\Helper\UrlHelperMiddleware
Zend\Expressive\Middleware\LazyLoadingMiddleware
Zend\Expressive\Router\Middleware\DispatchMiddleware
Zend\Expressive\Middleware\LazyLoadingMiddleware
Amazium\SampleApp\UI\Web\Page\Address\Index
Zend\Expressive\Middleware\LazyLoadingMiddleware
Zend\Stratigility\Middleware\ErrorHandler
Zend\Expressive\Middleware\LazyLoadingMiddleware
Zend\Expressive\Helper\ServerUrlMiddleware
Zend\Expressive\Middleware\LazyLoadingMiddleware
Zend\Expressive\Session\SessionMiddleware
Zend\Expressive\Middleware\LazyLoadingMiddleware
Amazium\Kernel\Application\Context\ApplicationContextMiddleware
Zend\Expressive\Middleware\LazyLoadingMiddleware
Zend\Expressive\Router\Middleware\RouteMiddleware
Zend\Expressive\Middleware\LazyLoadingMiddleware
Zend\Expressive\Router\Middleware\ImplicitHeadMiddleware
Zend\Expressive\Middleware\LazyLoadingMiddleware
Zend\Expressive\Router\Middleware\ImplicitOptionsMiddleware
Zend\Expressive\Middleware\LazyLoadingMiddleware
Zend\Expressive\Router\Middleware\MethodNotAllowedMiddleware
Zend\Expressive\Middleware\LazyLoadingMiddleware
Zend\Expressive\Helper\UrlHelperMiddleware
Zend\Expressive\Middleware\LazyLoadingMiddleware
Zend\Expressive\Router\Middleware\DispatchMiddleware
Zend\Expressive\Middleware\LazyLoadingMiddleware
Amazium\SampleApp\UI\Web\Page\Address\Index
Zend\Expressive\Middleware\LazyLoadingMiddleware
Zend\Stratigility\Middleware\ErrorHandler
Zend\Expressive\Middleware\LazyLoadingMiddleware
Zend\Expressive\Helper\ServerUrlMiddleware
Zend\Expressive\Middleware\LazyLoadingMiddleware
Zend\Expressive\Session\SessionMiddleware
Zend\Expressive\Middleware\LazyLoadingMiddleware
Amazium\Kernel\Application\Context\ApplicationContextMiddleware
Zend\Expressive\Middleware\LazyLoadingMiddleware
Zend\Expressive\Router\Middleware\RouteMiddleware
Zend\Expressive\Middleware\LazyLoadingMiddleware
Zend\Expressive\Router\Middleware\ImplicitHeadMiddleware
Zend\Expressive\Middleware\LazyLoadingMiddleware
Zend\Expressive\Router\Middleware\ImplicitOptionsMiddleware
Zend\Expressive\Middleware\LazyLoadingMiddleware
Zend\Expressive\Router\Middleware\MethodNotAllowedMiddleware
Zend\Expressive\Middleware\LazyLoadingMiddleware
Zend\Expressive\Helper\UrlHelperMiddleware
Zend\Expressive\Middleware\LazyLoadingMiddleware
Zend\Expressive\Router\Middleware\DispatchMiddleware
Zend\Expressive\Middleware\LazyLoadingMiddleware
Amazium\SampleApp\UI\Web\Page\Address\Index
Zend\Expressive\Middleware\LazyLoadingMiddleware
Zend\Stratigility\Middleware\ErrorHandler
Zend\Expressive\Middleware\LazyLoadingMiddleware
Zend\Expressive\Helper\ServerUrlMiddleware
Zend\Expressive\Middleware\LazyLoadingMiddleware
Zend\Expressive\Session\SessionMiddleware
Zend\Expressive\Middleware\LazyLoadingMiddleware
Amazium\Kernel\Application\Context\ApplicationContextMiddleware
Zend\Expressive\Middleware\LazyLoadingMiddleware
Zend\Expressive\Router\Middleware\RouteMiddleware
Zend\Expressive\Middleware\LazyLoadingMiddleware
Zend\Expressive\Router\Middleware\ImplicitHeadMiddleware
Zend\Expressive\Middleware\LazyLoadingMiddleware
Zend\Expressive\Router\Middleware\ImplicitOptionsMiddleware
Zend\Expressive\Middleware\LazyLoadingMiddleware
Zend\Expressive\Router\Middleware\MethodNotAllowedMiddleware
Zend\Expressive\Middleware\LazyLoadingMiddleware
Zend\Expressive\Helper\UrlHelperMiddleware
Zend\Expressive\Middleware\LazyLoadingMiddleware
Zend\Expressive\Router\Middleware\DispatchMiddleware
Zend\Expressive\Middleware\LazyLoadingMiddleware
Amazium\SampleApp\UI\Web\Page\Address\Index
Zend\Expressive\Middleware\LazyLoadingMiddleware
Zend\Stratigility\Middleware\ErrorHandler
Zend\Expressive\Middleware\LazyLoadingMiddleware
Zend\Expressive\Helper\ServerUrlMiddleware
Zend\Expressive\Middleware\LazyLoadingMiddleware
Zend\Expressive\Session\SessionMiddleware
Zend\Expressive\Middleware\LazyLoadingMiddleware
Amazium\Kernel\Application\Context\ApplicationContextMiddleware
Zend\Expressive\Middleware\LazyLoadingMiddleware
Zend\Expressive\Router\Middleware\RouteMiddleware
Zend\Expressive\Middleware\LazyLoadingMiddleware
Zend\Expressive\Router\Middleware\ImplicitHeadMiddleware
Zend\Expressive\Middleware\LazyLoadingMiddleware
Zend\Expressive\Router\Middleware\ImplicitOptionsMiddleware
Zend\Expressive\Middleware\LazyLoadingMiddleware
Zend\Expressive\Router\Middleware\MethodNotAllowedMiddleware
Zend\Expressive\Middleware\LazyLoadingMiddleware
Zend\Expressive\Helper\UrlHelperMiddleware
Zend\Expressive\Middleware\LazyLoadingMiddleware
Zend\Expressive\Router\Middleware\DispatchMiddleware
Zend\Expressive\Middleware\LazyLoadingMiddleware
Amazium\SampleApp\UI\Web\Page\Address\Index
Zend\Expressive\Middleware\LazyLoadingMiddleware
Zend\Stratigility\Middleware\ErrorHandler
Zend\Expressive\Middleware\LazyLoadingMiddleware
Zend\Expressive\Helper\ServerUrlMiddleware
Zend\Expressive\Middleware\LazyLoadingMiddleware
Zend\Expressive\Session\SessionMiddleware
Zend\Expressive\Middleware\LazyLoadingMiddleware
Amazium\Kernel\Application\Context\ApplicationContextMiddleware
Zend\Expressive\Middleware\LazyLoadingMiddleware
Zend\Expressive\Router\Middleware\RouteMiddleware
Zend\Expressive\Middleware\LazyLoadingMiddleware
Zend\Expressive\Router\Middleware\ImplicitHeadMiddleware
Zend\Expressive\Middleware\LazyLoadingMiddleware
Zend\Expressive\Router\Middleware\ImplicitOptionsMiddleware
Zend\Expressive\Middleware\LazyLoadingMiddleware
Zend\Expressive\Router\Middleware\MethodNotAllowedMiddleware
Zend\Expressive\Middleware\LazyLoadingMiddleware
Zend\Expressive\Helper\UrlHelperMiddleware
Zend\Expressive\Middleware\LazyLoadingMiddleware
Zend\Expressive\Router\Middleware\DispatchMiddleware
Zend\Expressive\Middleware\LazyLoadingMiddleware
Amazium\SampleApp\UI\Web\Page\BankAccount\Index
Zend\Expressive\Middleware\LazyLoadingMiddleware
Zend\Stratigility\Middleware\ErrorHandler
Zend\Expressive\Middleware\LazyLoadingMiddleware
Zend\Expressive\Helper\ServerUrlMiddleware
Zend\Expressive\Middleware\LazyLoadingMiddleware
Zend\Expressive\Session\SessionMiddleware
Zend\Expressive\Middleware\LazyLoadingMiddleware
Amazium\Kernel\Application\Context\ApplicationContextMiddleware
Zend\Expressive\Middleware\LazyLoadingMiddleware
Zend\Expressive\Router\Middleware\RouteMiddleware
Zend\Expressive\Middleware\LazyLoadingMiddleware
Zend\Expressive\Router\Middleware\ImplicitHeadMiddleware
Zend\Expressive\Middleware\LazyLoadingMiddleware
Zend\Expressive\Router\Middleware\ImplicitOptionsMiddleware
Zend\Expressive\Middleware\LazyLoadingMiddleware
Zend\Expressive\Router\Middleware\MethodNotAllowedMiddleware
Zend\Expressive\Middleware\LazyLoadingMiddleware
Zend\Expressive\Helper\UrlHelperMiddleware
Zend\Expressive\Middleware\LazyLoadingMiddleware
Zend\Expressive\Router\Middleware\DispatchMiddleware
Zend\Expressive\Middleware\LazyLoadingMiddleware
Amazium\SampleApp\UI\Web\Page\BankAccount\Index
Zend\Expressive\Middleware\LazyLoadingMiddleware
Zend\Stratigility\Middleware\ErrorHandler
Zend\Expressive\Middleware\LazyLoadingMiddleware
Zend\Expressive\Helper\ServerUrlMiddleware
Zend\Expressive\Middleware\LazyLoadingMiddleware
Zend\Expressive\Session\SessionMiddleware
Zend\Expressive\Middleware\LazyLoadingMiddleware
Amazium\Kernel\Application\Context\ApplicationContextMiddleware
Zend\Expressive\Middleware\LazyLoadingMiddleware
Zend\Expressive\Router\Middleware\RouteMiddleware
Zend\Expressive\Middleware\LazyLoadingMiddleware
Zend\Expressive\Router\Middleware\ImplicitHeadMiddleware
Zend\Expressive\Middleware\LazyLoadingMiddleware
Zend\Expressive\Router\Middleware\ImplicitOptionsMiddleware
Zend\Expressive\Middleware\LazyLoadingMiddleware
Zend\Expressive\Router\Middleware\MethodNotAllowedMiddleware
Zend\Expressive\Middleware\LazyLoadingMiddleware
Zend\Expressive\Helper\UrlHelperMiddleware
Zend\Expressive\Middleware\LazyLoadingMiddleware
Zend\Expressive\Router\Middleware\DispatchMiddleware
Zend\Expressive\Middleware\LazyLoadingMiddleware
Amazium\SampleApp\UI\Web\Page\BankAccount\Index
Zend\Expressive\Middleware\LazyLoadingMiddleware
Zend\Stratigility\Middleware\ErrorHandler
Zend\Expressive\Middleware\LazyLoadingMiddleware
Zend\Expressive\Helper\ServerUrlMiddleware
Zend\Expressive\Middleware\LazyLoadingMiddleware
Zend\Expressive\Session\SessionMiddleware
Zend\Expressive\Middleware\LazyLoadingMiddleware
Amazium\Kernel\Application\Context\ApplicationContextMiddleware
Zend\Expressive\Middleware\LazyLoadingMiddleware
Zend\Expressive\Router\Middleware\RouteMiddleware
Zend\Expressive\Middleware\LazyLoadingMiddleware
Zend\Expressive\Router\Middleware\ImplicitHeadMiddleware
Zend\Expressive\Middleware\LazyLoadingMiddleware
Zend\Expressive\Router\Middleware\ImplicitOptionsMiddleware
Zend\Expressive\Middleware\LazyLoadingMiddleware
Zend\Expressive\Router\Middleware\MethodNotAllowedMiddleware
Zend\Expressive\Middleware\LazyLoadingMiddleware
Zend\Expressive\Helper\UrlHelperMiddleware
Zend\Expressive\Middleware\LazyLoadingMiddleware
Zend\Expressive\Router\Middleware\DispatchMiddleware
Zend\Expressive\Middleware\LazyLoadingMiddleware
Amazium\SampleApp\UI\Web\Page\BankAccount\Show
Zend\Expressive\Middleware\LazyLoadingMiddleware
Zend\Stratigility\Middleware\ErrorHandler
Zend\Expressive\Middleware\LazyLoadingMiddleware
Zend\Expressive\Helper\ServerUrlMiddleware
Zend\Expressive\Middleware\LazyLoadingMiddleware
Zend\Expressive\Session\SessionMiddleware
Zend\Expressive\Middleware\LazyLoadingMiddleware
Amazium\Kernel\Application\Context\ApplicationContextMiddleware
Zend\Expressive\Middleware\LazyLoadingMiddleware
Zend\Expressive\Router\Middleware\RouteMiddleware
Zend\Expressive\Middleware\LazyLoadingMiddleware
Zend\Expressive\Router\Middleware\ImplicitHeadMiddleware
Zend\Expressive\Middleware\LazyLoadingMiddleware
Zend\Expressive\Router\Middleware\ImplicitOptionsMiddleware
Zend\Expressive\Middleware\LazyLoadingMiddleware
Zend\Expressive\Router\Middleware\MethodNotAllowedMiddleware
Zend\Expressive\Middleware\LazyLoadingMiddleware
Zend\Expressive\Helper\UrlHelperMiddleware
Zend\Expressive\Middleware\LazyLoadingMiddleware
Zend\Expressive\Router\Middleware\DispatchMiddleware
Zend\Expressive\Middleware\LazyLoadingMiddleware
Amazium\SampleApp\UI\Web\Page\BankAccount\Index
Zend\Expressive\Middleware\LazyLoadingMiddleware
Zend\Stratigility\Middleware\ErrorHandler
Zend\Expressive\Middleware\LazyLoadingMiddleware
Zend\Expressive\Helper\ServerUrlMiddleware
Zend\Expressive\Middleware\LazyLoadingMiddleware
Zend\Expressive\Session\SessionMiddleware
Zend\Expressive\Middleware\LazyLoadingMiddleware
Amazium\Kernel\Application\Context\ApplicationContextMiddleware
Zend\Expressive\Middleware\LazyLoadingMiddleware
Zend\Expressive\Router\Middleware\RouteMiddleware
Zend\Expressive\Middleware\LazyLoadingMiddleware
Zend\Expressive\Router\Middleware\ImplicitHeadMiddleware
Zend\Expressive\Middleware\LazyLoadingMiddleware
Zend\Expressive\Router\Middleware\ImplicitOptionsMiddleware
Zend\Expressive\Middleware\LazyLoadingMiddleware
Zend\Expressive\Router\Middleware\MethodNotAllowedMiddleware
Zend\Expressive\Middleware\LazyLoadingMiddleware
Zend\Expressive\Helper\UrlHelperMiddleware
Zend\Expressive\Middleware\LazyLoadingMiddleware
Zend\Expressive\Router\Middleware\DispatchMiddleware
Zend\Expressive\Middleware\LazyLoadingMiddleware
Amazium\SampleApp\UI\Web\Page\BankAccount\Show
Zend\Expressive\Middleware\LazyLoadingMiddleware
Zend\Stratigility\Middleware\ErrorHandler
Zend\Expressive\Middleware\LazyLoadingMiddleware
Zend\Expressive\Helper\ServerUrlMiddleware
Zend\Expressive\Middleware\LazyLoadingMiddleware
Zend\Expressive\Session\SessionMiddleware
Zend\Expressive\Middleware\LazyLoadingMiddleware
Amazium\Kernel\Application\Context\ApplicationContextMiddleware
Zend\Expressive\Middleware\LazyLoadingMiddleware
Zend\Expressive\Router\Middleware\RouteMiddleware
Zend\Expressive\Middleware\LazyLoadingMiddleware
Zend\Expressive\Router\Middleware\ImplicitHeadMiddleware
Zend\Expressive\Middleware\LazyLoadingMiddleware
Zend\Expressive\Router\Middleware\ImplicitOptionsMiddleware
Zend\Expressive\Middleware\LazyLoadingMiddleware
Zend\Expressive\Router\Middleware\MethodNotAllowedMiddleware
Zend\Expressive\Middleware\LazyLoadingMiddleware
Zend\Expressive\Helper\UrlHelperMiddleware
Zend\Expressive\Middleware\LazyLoadingMiddleware
Zend\Expressive\Router\Middleware\DispatchMiddleware
Zend\Expressive\Middleware\LazyLoadingMiddleware
Amazium\SampleApp\UI\Web\Page\BankAccount\Index
Zend\Expressive\Middleware\LazyLoadingMiddleware
Zend\Stratigility\Middleware\ErrorHandler
Zend\Expressive\Middleware\LazyLoadingMiddleware
Zend\Expressive\Helper\ServerUrlMiddleware
Zend\Expressive\Middleware\LazyLoadingMiddleware
Zend\Expressive\Session\SessionMiddleware
Zend\Expressive\Middleware\LazyLoadingMiddleware
Amazium\Kernel\Application\Context\ApplicationContextMiddleware
Zend\Expressive\Middleware\LazyLoadingMiddleware
Zend\Expressive\Router\Middleware\RouteMiddleware
Zend\Expressive\Middleware\LazyLoadingMiddleware
Zend\Expressive\Router\Middleware\ImplicitHeadMiddleware
Zend\Expressive\Middleware\LazyLoadingMiddleware
Zend\Expressive\Router\Middleware\ImplicitOptionsMiddleware
Zend\Expressive\Middleware\LazyLoadingMiddleware
Zend\Expressive\Router\Middleware\MethodNotAllowedMiddleware
Zend\Expressive\Middleware\LazyLoadingMiddleware
Zend\Expressive\Helper\UrlHelperMiddleware
Zend\Expressive\Middleware\LazyLoadingMiddleware
Zend\Expressive\Router\Middleware\DispatchMiddleware
Zend\Expressive\Middleware\LazyLoadingMiddleware
Amazium\SampleApp\UI\Web\Page\BankAccount\Show
Zend\Expressive\Middleware\LazyLoadingMiddleware
Zend\Stratigility\Middleware\ErrorHandler
Zend\Expressive\Middleware\LazyLoadingMiddleware
Zend\Expressive\Helper\ServerUrlMiddleware
Zend\Expressive\Middleware\LazyLoadingMiddleware
Zend\Expressive\Session\SessionMiddleware
Zend\Expressive\Middleware\LazyLoadingMiddleware
Amazium\Kernel\Application\Context\ApplicationContextMiddleware
Zend\Expressive\Middleware\LazyLoadingMiddleware
Zend\Expressive\Router\Middleware\RouteMiddleware
Zend\Expressive\Middleware\LazyLoadingMiddleware
Zend\Expressive\Router\Middleware\ImplicitHeadMiddleware
Zend\Expressive\Middleware\LazyLoadingMiddleware
Zend\Expressive\Router\Middleware\ImplicitOptionsMiddleware
Zend\Expressive\Middleware\LazyLoadingMiddleware
Zend\Expressive\Router\Middleware\MethodNotAllowedMiddleware
Zend\Expressive\Middleware\LazyLoadingMiddleware
Zend\Expressive\Helper\UrlHelperMiddleware
Zend\Expressive\Middleware\LazyLoadingMiddleware
Zend\Expressive\Router\Middleware\DispatchMiddleware
Zend\Expressive\Middleware\LazyLoadingMiddleware
Amazium\SampleApp\UI\Web\Page\BankAccount\Show
Zend\Expressive\Middleware\LazyLoadingMiddleware
Zend\Stratigility\Middleware\ErrorHandler
Zend\Expressive\Middleware\LazyLoadingMiddleware
Zend\Expressive\Helper\ServerUrlMiddleware
Zend\Expressive\Middleware\LazyLoadingMiddleware
Zend\Expressive\Session\SessionMiddleware
Zend\Expressive\Middleware\LazyLoadingMiddleware
Amazium\Kernel\Application\Context\ApplicationContextMiddleware
Zend\Expressive\Middleware\LazyLoadingMiddleware
Zend\Expressive\Router\Middleware\RouteMiddleware
Zend\Expressive\Middleware\LazyLoadingMiddleware
Zend\Expressive\Router\Middleware\ImplicitHeadMiddleware
Zend\Expressive\Middleware\LazyLoadingMiddleware
Zend\Expressive\Router\Middleware\ImplicitOptionsMiddleware
Zend\Expressive\Middleware\LazyLoadingMiddleware
Zend\Expressive\Router\Middleware\MethodNotAllowedMiddleware
Zend\Expressive\Middleware\LazyLoadingMiddleware
Zend\Expressive\Helper\UrlHelperMiddleware
Zend\Expressive\Middleware\LazyLoadingMiddleware
Zend\Expressive\Router\Middleware\DispatchMiddleware
Zend\Expressive\Middleware\LazyLoadingMiddleware
Amazium\SampleApp\UI\Web\Page\Address\Show
Zend\Expressive\Middleware\LazyLoadingMiddleware
Zend\Stratigility\Middleware\ErrorHandler
Zend\Expressive\Middleware\LazyLoadingMiddleware
Zend\Expressive\Helper\ServerUrlMiddleware
Zend\Expressive\Middleware\LazyLoadingMiddleware
Zend\Expressive\Session\SessionMiddleware
Zend\Expressive\Middleware\LazyLoadingMiddleware
Amazium\Kernel\Application\Context\ApplicationContextMiddleware
Zend\Expressive\Middleware\LazyLoadingMiddleware
Zend\Expressive\Router\Middleware\RouteMiddleware
Zend\Expressive\Middleware\LazyLoadingMiddleware
Zend\Expressive\Router\Middleware\ImplicitHeadMiddleware
Zend\Expressive\Middleware\LazyLoadingMiddleware
Zend\Expressive\Router\Middleware\ImplicitOptionsMiddleware
Zend\Expressive\Middleware\LazyLoadingMiddleware
Zend\Expressive\Router\Middleware\MethodNotAllowedMiddleware
Zend\Expressive\Middleware\LazyLoadingMiddleware
Zend\Expressive\Helper\UrlHelperMiddleware
Zend\Expressive\Middleware\LazyLoadingMiddleware
Zend\Expressive\Router\Middleware\DispatchMiddleware
Zend\Expressive\Middleware\LazyLoadingMiddleware
Amazium\SampleApp\UI\Web\Page\Identity\Show
Zend\Expressive\Middleware\LazyLoadingMiddleware
Zend\Stratigility\Middleware\ErrorHandler
Zend\Expressive\Middleware\LazyLoadingMiddleware
Zend\Expressive\Helper\ServerUrlMiddleware
Zend\Expressive\Middleware\LazyLoadingMiddleware
Zend\Expressive\Session\SessionMiddleware
Zend\Expressive\Middleware\LazyLoadingMiddleware
Amazium\Kernel\Application\Context\ApplicationContextMiddleware
Zend\Expressive\Middleware\LazyLoadingMiddleware
Zend\Expressive\Router\Middleware\RouteMiddleware
Zend\Expressive\Middleware\LazyLoadingMiddleware
Zend\Expressive\Router\Middleware\ImplicitHeadMiddleware
Zend\Expressive\Middleware\LazyLoadingMiddleware
Zend\Expressive\Router\Middleware\ImplicitOptionsMiddleware
Zend\Expressive\Middleware\LazyLoadingMiddleware
Zend\Expressive\Router\Middleware\MethodNotAllowedMiddleware
Zend\Expressive\Middleware\LazyLoadingMiddleware
Zend\Expressive\Helper\UrlHelperMiddleware
Zend\Expressive\Middleware\LazyLoadingMiddleware
Zend\Expressive\Router\Middleware\DispatchMiddleware
Zend\Expressive\Middleware\LazyLoadingMiddleware
Amazium\SampleApp\UI\Web\Page\Address\Show
Zend\Expressive\Middleware\LazyLoadingMiddleware
Zend\Stratigility\Middleware\ErrorHandler
Zend\Expressive\Middleware\LazyLoadingMiddleware
Zend\Expressive\Helper\ServerUrlMiddleware
Zend\Expressive\Middleware\LazyLoadingMiddleware
Zend\Expressive\Session\SessionMiddleware
Zend\Expressive\Middleware\LazyLoadingMiddleware
Amazium\Kernel\Application\Context\ApplicationContextMiddleware
Zend\Expressive\Middleware\LazyLoadingMiddleware
Zend\Expressive\Router\Middleware\RouteMiddleware
Zend\Expressive\Middleware\LazyLoadingMiddleware
Zend\Expressive\Router\Middleware\ImplicitHeadMiddleware
Zend\Expressive\Middleware\LazyLoadingMiddleware
Zend\Expressive\Router\Middleware\ImplicitOptionsMiddleware
Zend\Expressive\Middleware\LazyLoadingMiddleware
Zend\Expressive\Router\Middleware\MethodNotAllowedMiddleware
Zend\Expressive\Middleware\LazyLoadingMiddleware
Zend\Expressive\Helper\UrlHelperMiddleware
Zend\Expressive\Middleware\LazyLoadingMiddleware
Zend\Expressive\Router\Middleware\DispatchMiddleware
Zend\Expressive\Middleware\LazyLoadingMiddleware
Amazium\SampleApp\UI\Web\Page\BankAccount\Show
Zend\Expressive\Middleware\LazyLoadingMiddleware
Zend\Stratigility\Middleware\ErrorHandler
Zend\Expressive\Middleware\LazyLoadingMiddleware
Zend\Expressive\Helper\ServerUrlMiddleware
Zend\Expressive\Middleware\LazyLoadingMiddleware
Zend\Expressive\Session\SessionMiddleware
Zend\Expressive\Middleware\LazyLoadingMiddleware
Amazium\Kernel\Application\Context\ApplicationContextMiddleware
Zend\Expressive\Middleware\LazyLoadingMiddleware
Zend\Expressive\Router\Middleware\RouteMiddleware
Zend\Expressive\Middleware\LazyLoadingMiddleware
Zend\Expressive\Router\Middleware\ImplicitHeadMiddleware
Zend\Expressive\Middleware\LazyLoadingMiddleware
Zend\Expressive\Router\Middleware\ImplicitOptionsMiddleware
Zend\Expressive\Middleware\LazyLoadingMiddleware
Zend\Expressive\Router\Middleware\MethodNotAllowedMiddleware
Zend\Expressive\Middleware\LazyLoadingMiddleware
Zend\Expressive\Helper\UrlHelperMiddleware
Zend\Expressive\Middleware\LazyLoadingMiddleware
Zend\Expressive\Router\Middleware\DispatchMiddleware
Zend\Expressive\Middleware\LazyLoadingMiddleware
Amazium\SampleApp\UI\Web\Page\BankAccount\Index
Zend\Expressive\Middleware\LazyLoadingMiddleware
Zend\Stratigility\Middleware\ErrorHandler
Zend\Expressive\Middleware\LazyLoadingMiddleware
Zend\Expressive\Helper\ServerUrlMiddleware
Zend\Expressive\Middleware\LazyLoadingMiddleware
Zend\Expressive\Session\SessionMiddleware
Zend\Expressive\Middleware\LazyLoadingMiddleware
Amazium\Kernel\Application\Context\ApplicationContextMiddleware
Zend\Expressive\Middleware\LazyLoadingMiddleware
Zend\Expressive\Router\Middleware\RouteMiddleware
Zend\Expressive\Middleware\LazyLoadingMiddleware
Zend\Expressive\Router\Middleware\ImplicitHeadMiddleware
Zend\Expressive\Middleware\LazyLoadingMiddleware
Zend\Expressive\Router\Middleware\ImplicitOptionsMiddleware
Zend\Expressive\Middleware\LazyLoadingMiddleware
Zend\Expressive\Router\Middleware\MethodNotAllowedMiddleware
Zend\Expressive\Middleware\LazyLoadingMiddleware
Zend\Expressive\Helper\UrlHelperMiddleware
Zend\Expressive\Middleware\LazyLoadingMiddleware
Zend\Expressive\Router\Middleware\DispatchMiddleware
Zend\Expressive\Middleware\LazyLoadingMiddleware
Amazium\SampleApp\UI\Web\Page\Address\Index
Zend\Expressive\Middleware\LazyLoadingMiddleware
Zend\Stratigility\Middleware\ErrorHandler
Zend\Expressive\Middleware\LazyLoadingMiddleware
Zend\Expressive\Helper\ServerUrlMiddleware
Zend\Expressive\Middleware\LazyLoadingMiddleware
Zend\Expressive\Session\SessionMiddleware
Zend\Expressive\Middleware\LazyLoadingMiddleware
Amazium\Kernel\Application\Context\ApplicationContextMiddleware
Zend\Expressive\Middleware\LazyLoadingMiddleware
Zend\Expressive\Router\Middleware\RouteMiddleware
Zend\Expressive\Middleware\LazyLoadingMiddleware
Zend\Expressive\Router\Middleware\ImplicitHeadMiddleware
Zend\Expressive\Middleware\LazyLoadingMiddleware
Zend\Expressive\Router\Middleware\ImplicitOptionsMiddleware
Zend\Expressive\Middleware\LazyLoadingMiddleware
Zend\Expressive\Router\Middleware\MethodNotAllowedMiddleware
Zend\Expressive\Middleware\LazyLoadingMiddleware
Zend\Expressive\Helper\UrlHelperMiddleware
Zend\Expressive\Middleware\LazyLoadingMiddleware
Zend\Expressive\Router\Middleware\DispatchMiddleware
Zend\Expressive\Middleware\LazyLoadingMiddleware
Amazium\SampleApp\UI\Web\Page\BankAccount\Index
Zend\Expressive\Middleware\LazyLoadingMiddleware
Zend\Stratigility\Middleware\ErrorHandler
Zend\Expressive\Middleware\LazyLoadingMiddleware
Zend\Expressive\Helper\ServerUrlMiddleware
Zend\Expressive\Middleware\LazyLoadingMiddleware
Zend\Expressive\Session\SessionMiddleware
Zend\Expressive\Middleware\LazyLoadingMiddleware
Amazium\Kernel\Application\Context\ApplicationContextMiddleware
Zend\Expressive\Middleware\LazyLoadingMiddleware
Zend\Expressive\Router\Middleware\RouteMiddleware
Zend\Expressive\Middleware\LazyLoadingMiddleware
Zend\Expressive\Router\Middleware\ImplicitHeadMiddleware
Zend\Expressive\Middleware\LazyLoadingMiddleware
Zend\Expressive\Router\Middleware\ImplicitOptionsMiddleware
Zend\Expressive\Middleware\LazyLoadingMiddleware
Zend\Expressive\Router\Middleware\MethodNotAllowedMiddleware
Zend\Expressive\Middleware\LazyLoadingMiddleware
Zend\Expressive\Helper\UrlHelperMiddleware
Zend\Expressive\Middleware\LazyLoadingMiddleware
Zend\Expressive\Router\Middleware\DispatchMiddleware
Zend\Expressive\Middleware\LazyLoadingMiddleware
Amazium\SampleApp\UI\Web\Page\Phone\Index
Zend\Expressive\Middleware\LazyLoadingMiddleware
Zend\Stratigility\Middleware\ErrorHandler
Zend\Expressive\Middleware\LazyLoadingMiddleware
Zend\Expressive\Helper\ServerUrlMiddleware
Zend\Expressive\Middleware\LazyLoadingMiddleware
Zend\Expressive\Session\SessionMiddleware
Zend\Expressive\Middleware\LazyLoadingMiddleware
Amazium\Kernel\Application\Context\ApplicationContextMiddleware
Zend\Expressive\Middleware\LazyLoadingMiddleware
Zend\Expressive\Router\Middleware\RouteMiddleware
Zend\Expressive\Middleware\LazyLoadingMiddleware
Zend\Expressive\Router\Middleware\ImplicitHeadMiddleware
Zend\Expressive\Middleware\LazyLoadingMiddleware
Zend\Expressive\Router\Middleware\ImplicitOptionsMiddleware
Zend\Expressive\Middleware\LazyLoadingMiddleware
Zend\Expressive\Router\Middleware\MethodNotAllowedMiddleware
Zend\Expressive\Middleware\LazyLoadingMiddleware
Zend\Expressive\Helper\UrlHelperMiddleware
Zend\Expressive\Middleware\LazyLoadingMiddleware
Zend\Expressive\Router\Middleware\DispatchMiddleware
Zend\Expressive\Middleware\LazyLoadingMiddleware
Amazium\SampleApp\UI\Web\Page\Address\Index
Zend\Expressive\Middleware\LazyLoadingMiddleware
Zend\Stratigility\Middleware\ErrorHandler
Zend\Expressive\Middleware\LazyLoadingMiddleware
Zend\Expressive\Helper\ServerUrlMiddleware
Zend\Expressive\Middleware\LazyLoadingMiddleware
Zend\Expressive\Session\SessionMiddleware
Zend\Expressive\Middleware\LazyLoadingMiddleware
Amazium\Kernel\Application\Context\ApplicationContextMiddleware
Zend\Expressive\Middleware\LazyLoadingMiddleware
Zend\Expressive\Router\Middleware\RouteMiddleware
Zend\Expressive\Middleware\LazyLoadingMiddleware
Zend\Expressive\Router\Middleware\ImplicitHeadMiddleware
Zend\Expressive\Middleware\LazyLoadingMiddleware
Zend\Expressive\Router\Middleware\ImplicitOptionsMiddleware
Zend\Expressive\Middleware\LazyLoadingMiddleware
Zend\Expressive\Router\Middleware\MethodNotAllowedMiddleware
Zend\Expressive\Middleware\LazyLoadingMiddleware
Zend\Expressive\Helper\UrlHelperMiddleware
Zend\Expressive\Middleware\LazyLoadingMiddleware
Zend\Expressive\Router\Middleware\DispatchMiddleware
Zend\Expressive\Middleware\LazyLoadingMiddleware
Amazium\SampleApp\UI\Web\Page\BankAccount\Index
Zend\Expressive\Middleware\LazyLoadingMiddleware
Zend\Stratigility\Middleware\ErrorHandler
Zend\Expressive\Middleware\LazyLoadingMiddleware
Zend\Expressive\Helper\ServerUrlMiddleware
Zend\Expressive\Middleware\LazyLoadingMiddleware
Zend\Expressive\Session\SessionMiddleware
Zend\Expressive\Middleware\LazyLoadingMiddleware
Amazium\Kernel\Application\Context\ApplicationContextMiddleware
Zend\Expressive\Middleware\LazyLoadingMiddleware
Zend\Expressive\Router\Middleware\RouteMiddleware
Zend\Expressive\Middleware\LazyLoadingMiddleware
Zend\Expressive\Router\Middleware\ImplicitHeadMiddleware
Zend\Expressive\Middleware\LazyLoadingMiddleware
Zend\Expressive\Router\Middleware\ImplicitOptionsMiddleware
Zend\Expressive\Middleware\LazyLoadingMiddleware
Zend\Expressive\Router\Middleware\MethodNotAllowedMiddleware
Zend\Expressive\Middleware\LazyLoadingMiddleware
Zend\Expressive\Helper\UrlHelperMiddleware
Zend\Expressive\Middleware\LazyLoadingMiddleware
Zend\Expressive\Router\Middleware\DispatchMiddleware
Zend\Expressive\Middleware\LazyLoadingMiddleware
Amazium\SampleApp\UI\Web\Page\Phone\Index
Zend\Expressive\Middleware\LazyLoadingMiddleware
Zend\Stratigility\Middleware\ErrorHandler
Zend\Expressive\Middleware\LazyLoadingMiddleware
Zend\Expressive\Helper\ServerUrlMiddleware
Zend\Expressive\Middleware\LazyLoadingMiddleware
Zend\Expressive\Session\SessionMiddleware
Zend\Expressive\Middleware\LazyLoadingMiddleware
Amazium\Kernel\Application\Context\ApplicationContextMiddleware
Zend\Expressive\Middleware\LazyLoadingMiddleware
Zend\Expressive\Router\Middleware\RouteMiddleware
Zend\Expressive\Middleware\LazyLoadingMiddleware
Zend\Expressive\Router\Middleware\ImplicitHeadMiddleware
Zend\Expressive\Middleware\LazyLoadingMiddleware
Zend\Expressive\Router\Middleware\ImplicitOptionsMiddleware
Zend\Expressive\Middleware\LazyLoadingMiddleware
Zend\Expressive\Router\Middleware\MethodNotAllowedMiddleware
Zend\Expressive\Middleware\LazyLoadingMiddleware
Zend\Expressive\Helper\UrlHelperMiddleware
Zend\Expressive\Middleware\LazyLoadingMiddleware
Zend\Expressive\Router\Middleware\DispatchMiddleware
Zend\Expressive\Middleware\LazyLoadingMiddleware
Amazium\SampleApp\UI\Web\Page\BankAccount\Index
Zend\Expressive\Middleware\LazyLoadingMiddleware
Zend\Stratigility\Middleware\ErrorHandler
Zend\Expressive\Middleware\LazyLoadingMiddleware
Zend\Expressive\Helper\ServerUrlMiddleware
Zend\Expressive\Middleware\LazyLoadingMiddleware
Zend\Expressive\Session\SessionMiddleware
Zend\Expressive\Middleware\LazyLoadingMiddleware
Amazium\Kernel\Application\Context\ApplicationContextMiddleware
Zend\Expressive\Middleware\LazyLoadingMiddleware
Zend\Expressive\Router\Middleware\RouteMiddleware
Zend\Expressive\Middleware\LazyLoadingMiddleware
Zend\Expressive\Router\Middleware\ImplicitHeadMiddleware
Zend\Expressive\Middleware\LazyLoadingMiddleware
Zend\Expressive\Router\Middleware\ImplicitOptionsMiddleware
Zend\Expressive\Middleware\LazyLoadingMiddleware
Zend\Expressive\Router\Middleware\MethodNotAllowedMiddleware
Zend\Expressive\Middleware\LazyLoadingMiddleware
Zend\Expressive\Helper\UrlHelperMiddleware
Zend\Expressive\Middleware\LazyLoadingMiddleware
Zend\Expressive\Router\Middleware\DispatchMiddleware
Zend\Expressive\Middleware\LazyLoadingMiddleware
Amazium\SampleApp\UI\Web\Page\BankAccount\Show
Zend\Expressive\Middleware\LazyLoadingMiddleware
Zend\Stratigility\Middleware\ErrorHandler
Zend\Expressive\Middleware\LazyLoadingMiddleware
Zend\Expressive\Helper\ServerUrlMiddleware
Zend\Expressive\Middleware\LazyLoadingMiddleware
Zend\Expressive\Session\SessionMiddleware
Zend\Expressive\Middleware\LazyLoadingMiddleware
Amazium\Kernel\Application\Context\ApplicationContextMiddleware
Zend\Expressive\Middleware\LazyLoadingMiddleware
Zend\Expressive\Router\Middleware\RouteMiddleware
Zend\Expressive\Middleware\LazyLoadingMiddleware
Zend\Expressive\Router\Middleware\ImplicitHeadMiddleware
Zend\Expressive\Middleware\LazyLoadingMiddleware
Zend\Expressive\Router\Middleware\ImplicitOptionsMiddleware
Zend\Expressive\Middleware\LazyLoadingMiddleware
Zend\Expressive\Router\Middleware\MethodNotAllowedMiddleware
Zend\Expressive\Middleware\LazyLoadingMiddleware
Zend\Expressive\Helper\UrlHelperMiddleware
Zend\Expressive\Middleware\LazyLoadingMiddleware
Zend\Expressive\Router\Middleware\DispatchMiddleware
Zend\Expressive\Middleware\LazyLoadingMiddleware
Amazium\SampleApp\UI\Web\Page\Address\Show
Zend\Expressive\Middleware\LazyLoadingMiddleware
Zend\Stratigility\Middleware\ErrorHandler
Zend\Expressive\Middleware\LazyLoadingMiddleware
Zend\Expressive\Helper\ServerUrlMiddleware
Zend\Expressive\Middleware\LazyLoadingMiddleware
Zend\Expressive\Session\SessionMiddleware
Zend\Expressive\Middleware\LazyLoadingMiddleware
Amazium\Kernel\Application\Context\ApplicationContextMiddleware
Zend\Expressive\Middleware\LazyLoadingMiddleware
Zend\Expressive\Router\Middleware\RouteMiddleware
Zend\Expressive\Middleware\LazyLoadingMiddleware
Zend\Expressive\Router\Middleware\ImplicitHeadMiddleware
Zend\Expressive\Middleware\LazyLoadingMiddleware
Zend\Expressive\Router\Middleware\ImplicitOptionsMiddleware
Zend\Expressive\Middleware\LazyLoadingMiddleware
Zend\Expressive\Router\Middleware\MethodNotAllowedMiddleware
Zend\Expressive\Middleware\LazyLoadingMiddleware
Zend\Expressive\Helper\UrlHelperMiddleware
Zend\Expressive\Middleware\LazyLoadingMiddleware
Zend\Expressive\Router\Middleware\DispatchMiddleware
Zend\Expressive\Middleware\LazyLoadingMiddleware
Amazium\SampleApp\UI\Web\Page\BankAccount\Show
Zend\Expressive\Middleware\LazyLoadingMiddleware
Zend\Stratigility\Middleware\ErrorHandler
Zend\Expressive\Middleware\LazyLoadingMiddleware
Zend\Expressive\Helper\ServerUrlMiddleware
Zend\Expressive\Middleware\LazyLoadingMiddleware
Zend\Expressive\Session\SessionMiddleware
Zend\Expressive\Middleware\LazyLoadingMiddleware
Amazium\Kernel\Application\Context\ApplicationContextMiddleware
Zend\Expressive\Middleware\LazyLoadingMiddleware
Zend\Expressive\Router\Middleware\RouteMiddleware
Zend\Expressive\Middleware\LazyLoadingMiddleware
Zend\Expressive\Router\Middleware\ImplicitHeadMiddleware
Zend\Expressive\Middleware\LazyLoadingMiddleware
Zend\Expressive\Router\Middleware\ImplicitOptionsMiddleware
Zend\Expressive\Middleware\LazyLoadingMiddleware
Zend\Expressive\Router\Middleware\MethodNotAllowedMiddleware
Zend\Expressive\Middleware\LazyLoadingMiddleware
Zend\Expressive\Helper\UrlHelperMiddleware
Zend\Expressive\Middleware\LazyLoadingMiddleware
Zend\Expressive\Router\Middleware\DispatchMiddleware
Zend\Expressive\Middleware\LazyLoadingMiddleware
Amazium\SampleApp\UI\Web\Page\BankAccount\Index
Zend\Expressive\Middleware\LazyLoadingMiddleware
Zend\Stratigility\Middleware\ErrorHandler
Zend\Expressive\Middleware\LazyLoadingMiddleware
Zend\Expressive\Helper\ServerUrlMiddleware
Zend\Expressive\Middleware\LazyLoadingMiddleware
Zend\Expressive\Session\SessionMiddleware
Zend\Expressive\Middleware\LazyLoadingMiddleware
Amazium\Kernel\Application\Context\ApplicationContextMiddleware
Zend\Expressive\Middleware\LazyLoadingMiddleware
Zend\Expressive\Router\Middleware\RouteMiddleware
Zend\Expressive\Middleware\LazyLoadingMiddleware
Zend\Expressive\Router\Middleware\ImplicitHeadMiddleware
Zend\Expressive\Middleware\LazyLoadingMiddleware
Zend\Expressive\Router\Middleware\ImplicitOptionsMiddleware
Zend\Expressive\Middleware\LazyLoadingMiddleware
Zend\Expressive\Router\Middleware\MethodNotAllowedMiddleware
Zend\Expressive\Middleware\LazyLoadingMiddleware
Zend\Expressive\Helper\UrlHelperMiddleware
Zend\Expressive\Middleware\LazyLoadingMiddleware
Zend\Expressive\Router\Middleware\DispatchMiddleware
Zend\Expressive\Middleware\LazyLoadingMiddleware
Amazium\SampleApp\UI\Web\Page\Address\Index
Zend\Expressive\Middleware\LazyLoadingMiddleware
Zend\Stratigility\Middleware\ErrorHandler
Zend\Expressive\Middleware\LazyLoadingMiddleware
Zend\Expressive\Helper\ServerUrlMiddleware
Zend\Expressive\Middleware\LazyLoadingMiddleware
Zend\Expressive\Session\SessionMiddleware
Zend\Expressive\Middleware\LazyLoadingMiddleware
Amazium\Kernel\Application\Context\ApplicationContextMiddleware
Zend\Expressive\Middleware\LazyLoadingMiddleware
Zend\Expressive\Router\Middleware\RouteMiddleware
Zend\Expressive\Middleware\LazyLoadingMiddleware
Zend\Expressive\Router\Middleware\ImplicitHeadMiddleware
Zend\Expressive\Middleware\LazyLoadingMiddleware
Zend\Expressive\Router\Middleware\ImplicitOptionsMiddleware
Zend\Expressive\Middleware\LazyLoadingMiddleware
Zend\Expressive\Router\Middleware\MethodNotAllowedMiddleware
Zend\Expressive\Middleware\LazyLoadingMiddleware
Zend\Expressive\Helper\UrlHelperMiddleware
Zend\Expressive\Middleware\LazyLoadingMiddleware
Zend\Expressive\Router\Middleware\DispatchMiddleware
Zend\Expressive\Middleware\LazyLoadingMiddleware
Amazium\SampleApp\UI\Web\Page\BankAccount\Index
Zend\Expressive\Middleware\LazyLoadingMiddleware
Zend\Stratigility\Middleware\ErrorHandler
Zend\Expressive\Middleware\LazyLoadingMiddleware
Zend\Expressive\Helper\ServerUrlMiddleware
Zend\Expressive\Middleware\LazyLoadingMiddleware
Zend\Expressive\Session\SessionMiddleware
Zend\Expressive\Middleware\LazyLoadingMiddleware
Amazium\Kernel\Application\Context\ApplicationContextMiddleware
Zend\Expressive\Middleware\LazyLoadingMiddleware
Zend\Expressive\Router\Middleware\RouteMiddleware
Zend\Expressive\Middleware\LazyLoadingMiddleware
Zend\Expressive\Router\Middleware\ImplicitHeadMiddleware
Zend\Expressive\Middleware\LazyLoadingMiddleware
Zend\Expressive\Router\Middleware\ImplicitOptionsMiddleware
Zend\Expressive\Middleware\LazyLoadingMiddleware
Zend\Expressive\Router\Middleware\MethodNotAllowedMiddleware
Zend\Expressive\Middleware\LazyLoadingMiddleware
Zend\Expressive\Helper\UrlHelperMiddleware
Zend\Expressive\Middleware\LazyLoadingMiddleware
Zend\Expressive\Router\Middleware\DispatchMiddleware
Zend\Expressive\Middleware\LazyLoadingMiddleware
Amazium\SampleApp\UI\Web\Page\BankAccount\Index
Zend\Expressive\Middleware\LazyLoadingMiddleware
Zend\Stratigility\Middleware\ErrorHandler
Zend\Expressive\Middleware\LazyLoadingMiddleware
Zend\Expressive\Helper\ServerUrlMiddleware
Zend\Expressive\Middleware\LazyLoadingMiddleware
Zend\Expressive\Session\SessionMiddleware
Zend\Expressive\Middleware\LazyLoadingMiddleware
Amazium\Kernel\Application\Context\ApplicationContextMiddleware
Zend\Expressive\Middleware\LazyLoadingMiddleware
Zend\Expressive\Router\Middleware\RouteMiddleware
Zend\Expressive\Middleware\LazyLoadingMiddleware
Zend\Expressive\Router\Middleware\ImplicitHeadMiddleware
Zend\Expressive\Middleware\LazyLoadingMiddleware
Zend\Expressive\Router\Middleware\ImplicitOptionsMiddleware
Zend\Expressive\Middleware\LazyLoadingMiddleware
Zend\Expressive\Router\Middleware\MethodNotAllowedMiddleware
Zend\Expressive\Middleware\LazyLoadingMiddleware
Zend\Expressive\Helper\UrlHelperMiddleware
Zend\Expressive\Middleware\LazyLoadingMiddleware
Zend\Expressive\Router\Middleware\DispatchMiddleware
Zend\Expressive\Middleware\LazyLoadingMiddleware
Amazium\SampleApp\UI\Web\Page\Identity\Index
Zend\Expressive\Middleware\LazyLoadingMiddleware
Zend\Stratigility\Middleware\ErrorHandler
Zend\Expressive\Middleware\LazyLoadingMiddleware
Zend\Expressive\Helper\ServerUrlMiddleware
Zend\Expressive\Middleware\LazyLoadingMiddleware
Zend\Expressive\Session\SessionMiddleware
Zend\Expressive\Middleware\LazyLoadingMiddleware
Amazium\Kernel\Application\Context\ApplicationContextMiddleware
Zend\Expressive\Middleware\LazyLoadingMiddleware
Zend\Expressive\Router\Middleware\RouteMiddleware
Zend\Expressive\Middleware\LazyLoadingMiddleware
Zend\Expressive\Router\Middleware\ImplicitHeadMiddleware
Zend\Expressive\Middleware\LazyLoadingMiddleware
Zend\Expressive\Router\Middleware\ImplicitOptionsMiddleware
Zend\Expressive\Middleware\LazyLoadingMiddleware
Zend\Expressive\Router\Middleware\MethodNotAllowedMiddleware
Zend\Expressive\Middleware\LazyLoadingMiddleware
Zend\Expressive\Helper\UrlHelperMiddleware
Zend\Expressive\Middleware\LazyLoadingMiddleware
Zend\Expressive\Router\Middleware\DispatchMiddleware
Zend\Expressive\Middleware\LazyLoadingMiddleware
Amazium\SampleApp\UI\Web\Page\Identity\Index
Zend\Expressive\Middleware\LazyLoadingMiddleware
Zend\Stratigility\Middleware\ErrorHandler
Zend\Expressive\Middleware\LazyLoadingMiddleware
Zend\Expressive\Helper\ServerUrlMiddleware
Zend\Expressive\Middleware\LazyLoadingMiddleware
Zend\Expressive\Session\SessionMiddleware
Zend\Expressive\Middleware\LazyLoadingMiddleware
Amazium\Kernel\Application\Context\ApplicationContextMiddleware
Zend\Expressive\Middleware\LazyLoadingMiddleware
Zend\Expressive\Router\Middleware\RouteMiddleware
Zend\Expressive\Middleware\LazyLoadingMiddleware
Zend\Expressive\Router\Middleware\ImplicitHeadMiddleware
Zend\Expressive\Middleware\LazyLoadingMiddleware
Zend\Expressive\Router\Middleware\ImplicitOptionsMiddleware
Zend\Expressive\Middleware\LazyLoadingMiddleware
Zend\Expressive\Router\Middleware\MethodNotAllowedMiddleware
Zend\Expressive\Middleware\LazyLoadingMiddleware
Zend\Expressive\Helper\UrlHelperMiddleware
Zend\Expressive\Middleware\LazyLoadingMiddleware
Zend\Expressive\Router\Middleware\DispatchMiddleware
Zend\Expressive\Middleware\LazyLoadingMiddleware
Amazium\SampleApp\UI\Web\Page\Identity\Index
Zend\Expressive\Middleware\LazyLoadingMiddleware
Zend\Stratigility\Middleware\ErrorHandler
Zend\Expressive\Middleware\LazyLoadingMiddleware
Zend\Expressive\Helper\ServerUrlMiddleware
Zend\Expressive\Middleware\LazyLoadingMiddleware
Zend\Expressive\Session\SessionMiddleware
Zend\Expressive\Middleware\LazyLoadingMiddleware
Amazium\Kernel\Application\Context\ApplicationContextMiddleware
Zend\Expressive\Middleware\LazyLoadingMiddleware
Zend\Expressive\Router\Middleware\RouteMiddleware
Zend\Expressive\Middleware\LazyLoadingMiddleware
Zend\Expressive\Router\Middleware\ImplicitHeadMiddleware
Zend\Expressive\Middleware\LazyLoadingMiddleware
Zend\Expressive\Router\Middleware\ImplicitOptionsMiddleware
Zend\Expressive\Middleware\LazyLoadingMiddleware
Zend\Expressive\Router\Middleware\MethodNotAllowedMiddleware
Zend\Expressive\Middleware\LazyLoadingMiddleware
Zend\Expressive\Helper\UrlHelperMiddleware
Zend\Expressive\Middleware\LazyLoadingMiddleware
Zend\Expressive\Router\Middleware\DispatchMiddleware
Zend\Expressive\Middleware\LazyLoadingMiddleware
Amazium\SampleApp\UI\Web\Page\Identity\Index
Zend\Expressive\Middleware\LazyLoadingMiddleware
Zend\Stratigility\Middleware\ErrorHandler
Zend\Expressive\Middleware\LazyLoadingMiddleware
Zend\Expressive\Helper\ServerUrlMiddleware
Zend\Expressive\Middleware\LazyLoadingMiddleware
Zend\Expressive\Session\SessionMiddleware
Zend\Expressive\Middleware\LazyLoadingMiddleware
Amazium\Kernel\Application\Context\ApplicationContextMiddleware
Zend\Expressive\Middleware\LazyLoadingMiddleware
Zend\Expressive\Router\Middleware\RouteMiddleware
Zend\Expressive\Middleware\LazyLoadingMiddleware
Zend\Expressive\Router\Middleware\ImplicitHeadMiddleware
Zend\Expressive\Middleware\LazyLoadingMiddleware
Zend\Expressive\Router\Middleware\ImplicitOptionsMiddleware
Zend\Expressive\Middleware\LazyLoadingMiddleware
Zend\Expressive\Router\Middleware\MethodNotAllowedMiddleware
Zend\Expressive\Middleware\LazyLoadingMiddleware
Zend\Expressive\Helper\UrlHelperMiddleware
Zend\Expressive\Middleware\LazyLoadingMiddleware
Zend\Expressive\Router\Middleware\DispatchMiddleware
Zend\Expressive\Middleware\LazyLoadingMiddleware
Amazium\SampleApp\UI\Web\Page\Identity\Index
Zend\Expressive\Middleware\LazyLoadingMiddleware
Zend\Stratigility\Middleware\ErrorHandler
Zend\Expressive\Middleware\LazyLoadingMiddleware
Zend\Expressive\Helper\ServerUrlMiddleware
Zend\Expressive\Middleware\LazyLoadingMiddleware
Zend\Expressive\Session\SessionMiddleware
Zend\Expressive\Middleware\LazyLoadingMiddleware
Amazium\Kernel\Application\Context\ApplicationContextMiddleware
Zend\Expressive\Middleware\LazyLoadingMiddleware
Zend\Expressive\Router\Middleware\RouteMiddleware
Zend\Expressive\Middleware\LazyLoadingMiddleware
Zend\Expressive\Router\Middleware\ImplicitHeadMiddleware
Zend\Expressive\Middleware\LazyLoadingMiddleware
Zend\Expressive\Router\Middleware\ImplicitOptionsMiddleware
Zend\Expressive\Middleware\LazyLoadingMiddleware
Zend\Expressive\Router\Middleware\MethodNotAllowedMiddleware
Zend\Expressive\Middleware\LazyLoadingMiddleware
Zend\Expressive\Helper\UrlHelperMiddleware
Zend\Expressive\Middleware\LazyLoadingMiddleware
Zend\Expressive\Router\Middleware\DispatchMiddleware
Zend\Expressive\Middleware\LazyLoadingMiddleware
Amazium\SampleApp\UI\Web\Page\Identity\Index
Zend\Expressive\Middleware\LazyLoadingMiddleware
Zend\Stratigility\Middleware\ErrorHandler
Zend\Expressive\Middleware\LazyLoadingMiddleware
Zend\Expressive\Helper\ServerUrlMiddleware
Zend\Expressive\Middleware\LazyLoadingMiddleware
Zend\Expressive\Session\SessionMiddleware
Zend\Expressive\Middleware\LazyLoadingMiddleware
Amazium\Kernel\Application\Context\ApplicationContextMiddleware
Zend\Expressive\Middleware\LazyLoadingMiddleware
Zend\Expressive\Router\Middleware\RouteMiddleware
Zend\Expressive\Middleware\LazyLoadingMiddleware
Zend\Expressive\Router\Middleware\ImplicitHeadMiddleware
Zend\Expressive\Middleware\LazyLoadingMiddleware
Zend\Expressive\Router\Middleware\ImplicitOptionsMiddleware
Zend\Expressive\Middleware\LazyLoadingMiddleware
Zend\Expressive\Router\Middleware\MethodNotAllowedMiddleware
Zend\Expressive\Middleware\LazyLoadingMiddleware
Zend\Expressive\Helper\UrlHelperMiddleware
Zend\Expressive\Middleware\LazyLoadingMiddleware
Zend\Expressive\Router\Middleware\DispatchMiddleware
Zend\Expressive\Middleware\LazyLoadingMiddleware
Amazium\SampleApp\UI\Web\Page\Identity\Index
Zend\Expressive\Middleware\LazyLoadingMiddleware
Zend\Stratigility\Middleware\ErrorHandler
Zend\Expressive\Middleware\LazyLoadingMiddleware
Zend\Expressive\Helper\ServerUrlMiddleware
Zend\Expressive\Middleware\LazyLoadingMiddleware
Zend\Expressive\Session\SessionMiddleware
Zend\Expressive\Middleware\LazyLoadingMiddleware
Amazium\Kernel\Application\Context\ApplicationContextMiddleware
Zend\Expressive\Middleware\LazyLoadingMiddleware
Zend\Expressive\Router\Middleware\RouteMiddleware
Zend\Expressive\Middleware\LazyLoadingMiddleware
Zend\Expressive\Router\Middleware\ImplicitHeadMiddleware
Zend\Expressive\Middleware\LazyLoadingMiddleware
Zend\Expressive\Router\Middleware\ImplicitOptionsMiddleware
Zend\Expressive\Middleware\LazyLoadingMiddleware
Zend\Expressive\Router\Middleware\MethodNotAllowedMiddleware
Zend\Expressive\Middleware\LazyLoadingMiddleware
Zend\Expressive\Helper\UrlHelperMiddleware
Zend\Expressive\Middleware\LazyLoadingMiddleware
Zend\Expressive\Router\Middleware\DispatchMiddleware
Zend\Expressive\Middleware\LazyLoadingMiddleware
Amazium\SampleApp\UI\Web\Page\Identity\Index
Zend\Expressive\Middleware\LazyLoadingMiddleware
Zend\Stratigility\Middleware\ErrorHandler
Zend\Expressive\Middleware\LazyLoadingMiddleware
Zend\Expressive\Helper\ServerUrlMiddleware
Zend\Expressive\Middleware\LazyLoadingMiddleware
Zend\Expressive\Session\SessionMiddleware
Zend\Expressive\Middleware\LazyLoadingMiddleware
Amazium\Kernel\Application\Context\ApplicationContextMiddleware
Zend\Expressive\Middleware\LazyLoadingMiddleware
Zend\Expressive\Router\Middleware\RouteMiddleware
Zend\Expressive\Middleware\LazyLoadingMiddleware
Zend\Expressive\Router\Middleware\ImplicitHeadMiddleware
Zend\Expressive\Middleware\LazyLoadingMiddleware
Zend\Expressive\Router\Middleware\ImplicitOptionsMiddleware
Zend\Expressive\Middleware\LazyLoadingMiddleware
Zend\Expressive\Router\Middleware\MethodNotAllowedMiddleware
Zend\Expressive\Middleware\LazyLoadingMiddleware
Zend\Expressive\Helper\UrlHelperMiddleware
Zend\Expressive\Middleware\LazyLoadingMiddleware
Zend\Expressive\Router\Middleware\DispatchMiddleware
Zend\Expressive\Middleware\LazyLoadingMiddleware
Amazium\SampleApp\UI\Web\Page\Identity\Activate
Zend\Expressive\Middleware\LazyLoadingMiddleware
Zend\Stratigility\Middleware\ErrorHandler
Zend\Expressive\Middleware\LazyLoadingMiddleware
Zend\Expressive\Helper\ServerUrlMiddleware
Zend\Expressive\Middleware\LazyLoadingMiddleware
Zend\Expressive\Session\SessionMiddleware
Zend\Expressive\Middleware\LazyLoadingMiddleware
Amazium\Kernel\Application\Context\ApplicationContextMiddleware
Zend\Expressive\Middleware\LazyLoadingMiddleware
Zend\Expressive\Router\Middleware\RouteMiddleware
Zend\Expressive\Middleware\LazyLoadingMiddleware
Zend\Expressive\Router\Middleware\ImplicitHeadMiddleware
Zend\Expressive\Middleware\LazyLoadingMiddleware
Zend\Expressive\Router\Middleware\ImplicitOptionsMiddleware
Zend\Expressive\Middleware\LazyLoadingMiddleware
Zend\Expressive\Router\Middleware\MethodNotAllowedMiddleware
Zend\Expressive\Middleware\LazyLoadingMiddleware
Zend\Expressive\Helper\UrlHelperMiddleware
Zend\Expressive\Middleware\LazyLoadingMiddleware
Zend\Expressive\Router\Middleware\DispatchMiddleware
Zend\Expressive\Middleware\LazyLoadingMiddleware
Amazium\SampleApp\UI\Web\Page\Identity\Activate
Zend\Expressive\Middleware\LazyLoadingMiddleware
Zend\Stratigility\Middleware\ErrorHandler
Zend\Expressive\Middleware\LazyLoadingMiddleware
Zend\Expressive\Helper\ServerUrlMiddleware
Zend\Expressive\Middleware\LazyLoadingMiddleware
Zend\Expressive\Session\SessionMiddleware
Zend\Expressive\Middleware\LazyLoadingMiddleware
Amazium\Kernel\Application\Context\ApplicationContextMiddleware
Zend\Expressive\Middleware\LazyLoadingMiddleware
Zend\Expressive\Router\Middleware\RouteMiddleware
Zend\Expressive\Middleware\LazyLoadingMiddleware
Zend\Expressive\Router\Middleware\ImplicitHeadMiddleware
Zend\Expressive\Middleware\LazyLoadingMiddleware
Zend\Expressive\Router\Middleware\ImplicitOptionsMiddleware
Zend\Expressive\Middleware\LazyLoadingMiddleware
Zend\Expressive\Router\Middleware\MethodNotAllowedMiddleware
Zend\Expressive\Middleware\LazyLoadingMiddleware
Zend\Expressive\Helper\UrlHelperMiddleware
Zend\Expressive\Middleware\LazyLoadingMiddleware
Zend\Expressive\Router\Middleware\DispatchMiddleware
Zend\Expressive\Middleware\LazyLoadingMiddleware
Amazium\SampleApp\UI\Web\Page\Identity\Activate
Zend\Expressive\Middleware\LazyLoadingMiddleware
Zend\Stratigility\Middleware\ErrorHandler
Zend\Expressive\Middleware\LazyLoadingMiddleware
Zend\Expressive\Helper\ServerUrlMiddleware
Zend\Expressive\Middleware\LazyLoadingMiddleware
Zend\Expressive\Session\SessionMiddleware
Zend\Expressive\Middleware\LazyLoadingMiddleware
Amazium\Kernel\Application\Context\ApplicationContextMiddleware
Zend\Expressive\Middleware\LazyLoadingMiddleware
Zend\Expressive\Router\Middleware\RouteMiddleware
Zend\Expressive\Middleware\LazyLoadingMiddleware
Zend\Expressive\Router\Middleware\ImplicitHeadMiddleware
Zend\Expressive\Middleware\LazyLoadingMiddleware
Zend\Expressive\Router\Middleware\ImplicitOptionsMiddleware
Zend\Expressive\Middleware\LazyLoadingMiddleware
Zend\Expressive\Router\Middleware\MethodNotAllowedMiddleware
Zend\Expressive\Middleware\LazyLoadingMiddleware
Zend\Expressive\Helper\UrlHelperMiddleware
Zend\Expressive\Middleware\LazyLoadingMiddleware
Zend\Expressive\Router\Middleware\DispatchMiddleware
Zend\Expressive\Middleware\LazyLoadingMiddleware
Amazium\SampleApp\UI\Web\Page\Identity\Index
Zend\Expressive\Middleware\LazyLoadingMiddleware
Zend\Stratigility\Middleware\ErrorHandler
Zend\Expressive\Middleware\LazyLoadingMiddleware
Zend\Expressive\Helper\ServerUrlMiddleware
Zend\Expressive\Middleware\LazyLoadingMiddleware
Zend\Expressive\Session\SessionMiddleware
Zend\Expressive\Middleware\LazyLoadingMiddleware
Amazium\Kernel\Application\Context\ApplicationContextMiddleware
Zend\Expressive\Middleware\LazyLoadingMiddleware
Zend\Expressive\Router\Middleware\RouteMiddleware
Zend\Expressive\Middleware\LazyLoadingMiddleware
Zend\Expressive\Router\Middleware\ImplicitHeadMiddleware
Zend\Expressive\Middleware\LazyLoadingMiddleware
Zend\Expressive\Router\Middleware\ImplicitOptionsMiddleware
Zend\Expressive\Middleware\LazyLoadingMiddleware
Zend\Expressive\Router\Middleware\MethodNotAllowedMiddleware
Zend\Expressive\Middleware\LazyLoadingMiddleware
Zend\Expressive\Helper\UrlHelperMiddleware
Zend\Expressive\Middleware\LazyLoadingMiddleware
Zend\Expressive\Router\Middleware\DispatchMiddleware
Zend\Expressive\Middleware\LazyLoadingMiddleware
Amazium\SampleApp\UI\Web\Page\Identity\Show
Zend\Expressive\Middleware\LazyLoadingMiddleware
Zend\Stratigility\Middleware\ErrorHandler
Zend\Expressive\Middleware\LazyLoadingMiddleware
Zend\Expressive\Helper\ServerUrlMiddleware
Zend\Expressive\Middleware\LazyLoadingMiddleware
Zend\Expressive\Session\SessionMiddleware
Zend\Expressive\Middleware\LazyLoadingMiddleware
Amazium\Kernel\Application\Context\ApplicationContextMiddleware
Zend\Expressive\Middleware\LazyLoadingMiddleware
Zend\Expressive\Router\Middleware\RouteMiddleware
Zend\Expressive\Middleware\LazyLoadingMiddleware
Zend\Expressive\Router\Middleware\ImplicitHeadMiddleware
Zend\Expressive\Middleware\LazyLoadingMiddleware
Zend\Expressive\Router\Middleware\ImplicitOptionsMiddleware
Zend\Expressive\Middleware\LazyLoadingMiddleware
Zend\Expressive\Router\Middleware\MethodNotAllowedMiddleware
Zend\Expressive\Middleware\LazyLoadingMiddleware
Zend\Expressive\Helper\UrlHelperMiddleware
Zend\Expressive\Middleware\LazyLoadingMiddleware
Zend\Expressive\Router\Middleware\DispatchMiddleware
Zend\Expressive\Middleware\LazyLoadingMiddleware
Amazium\SampleApp\UI\Web\Page\Identity\Show
Zend\Expressive\Middleware\LazyLoadingMiddleware
Zend\Stratigility\Middleware\ErrorHandler
Zend\Expressive\Middleware\LazyLoadingMiddleware
Zend\Expressive\Helper\ServerUrlMiddleware
Zend\Expressive\Middleware\LazyLoadingMiddleware
Zend\Expressive\Session\SessionMiddleware
Zend\Expressive\Middleware\LazyLoadingMiddleware
Amazium\Kernel\Application\Context\ApplicationContextMiddleware
Zend\Expressive\Middleware\LazyLoadingMiddleware
Zend\Expressive\Router\Middleware\RouteMiddleware
Zend\Expressive\Middleware\LazyLoadingMiddleware
Zend\Expressive\Router\Middleware\ImplicitHeadMiddleware
Zend\Expressive\Middleware\LazyLoadingMiddleware
Zend\Expressive\Router\Middleware\ImplicitOptionsMiddleware
Zend\Expressive\Middleware\LazyLoadingMiddleware
Zend\Expressive\Router\Middleware\MethodNotAllowedMiddleware
Zend\Expressive\Middleware\LazyLoadingMiddleware
Zend\Expressive\Helper\UrlHelperMiddleware
Zend\Expressive\Middleware\LazyLoadingMiddleware
Zend\Expressive\Router\Middleware\DispatchMiddleware
Zend\Expressive\Middleware\LazyLoadingMiddleware
Amazium\SampleApp\UI\Web\Page\Identity\Edit
Zend\Expressive\Middleware\LazyLoadingMiddleware
Zend\Stratigility\Middleware\ErrorHandler
Zend\Expressive\Middleware\LazyLoadingMiddleware
Zend\Expressive\Helper\ServerUrlMiddleware
Zend\Expressive\Middleware\LazyLoadingMiddleware
Zend\Expressive\Session\SessionMiddleware
Zend\Expressive\Middleware\LazyLoadingMiddleware
Amazium\Kernel\Application\Context\ApplicationContextMiddleware
Zend\Expressive\Middleware\LazyLoadingMiddleware
Zend\Expressive\Router\Middleware\RouteMiddleware
Zend\Expressive\Middleware\LazyLoadingMiddleware
Zend\Expressive\Router\Middleware\ImplicitHeadMiddleware
Zend\Expressive\Middleware\LazyLoadingMiddleware
Zend\Expressive\Router\Middleware\ImplicitOptionsMiddleware
Zend\Expressive\Middleware\LazyLoadingMiddleware
Zend\Expressive\Router\Middleware\MethodNotAllowedMiddleware
Zend\Expressive\Middleware\LazyLoadingMiddleware
Zend\Expressive\Helper\UrlHelperMiddleware
Zend\Expressive\Middleware\LazyLoadingMiddleware
Zend\Expressive\Router\Middleware\DispatchMiddleware
Zend\Expressive\Middleware\LazyLoadingMiddleware
Amazium\SampleApp\UI\Web\Page\Identity\Edit
Zend\Expressive\Middleware\LazyLoadingMiddleware
Zend\Stratigility\Middleware\ErrorHandler
Zend\Expressive\Middleware\LazyLoadingMiddleware
Zend\Expressive\Helper\ServerUrlMiddleware
Zend\Expressive\Middleware\LazyLoadingMiddleware
Zend\Expressive\Session\SessionMiddleware
Zend\Expressive\Middleware\LazyLoadingMiddleware
Amazium\Kernel\Application\Context\ApplicationContextMiddleware
Zend\Expressive\Middleware\LazyLoadingMiddleware
Zend\Expressive\Router\Middleware\RouteMiddleware
Zend\Expressive\Middleware\LazyLoadingMiddleware
Zend\Expressive\Router\Middleware\ImplicitHeadMiddleware
Zend\Expressive\Middleware\LazyLoadingMiddleware
Zend\Expressive\Router\Middleware\ImplicitOptionsMiddleware
Zend\Expressive\Middleware\LazyLoadingMiddleware
Zend\Expressive\Router\Middleware\MethodNotAllowedMiddleware
Zend\Expressive\Middleware\LazyLoadingMiddleware
Zend\Expressive\Helper\UrlHelperMiddleware
Zend\Expressive\Middleware\LazyLoadingMiddleware
Zend\Expressive\Router\Middleware\DispatchMiddleware
Zend\Expressive\Middleware\LazyLoadingMiddleware
Amazium\SampleApp\UI\Web\Page\Identity\Edit
Zend\Expressive\Middleware\LazyLoadingMiddleware
Zend\Stratigility\Middleware\ErrorHandler
Zend\Expressive\Middleware\LazyLoadingMiddleware
Zend\Expressive\Helper\ServerUrlMiddleware
Zend\Expressive\Middleware\LazyLoadingMiddleware
Zend\Expressive\Session\SessionMiddleware
Zend\Expressive\Middleware\LazyLoadingMiddleware
Amazium\Kernel\Application\Context\ApplicationContextMiddleware
Zend\Expressive\Middleware\LazyLoadingMiddleware
Zend\Expressive\Router\Middleware\RouteMiddleware
Zend\Expressive\Middleware\LazyLoadingMiddleware
Zend\Expressive\Router\Middleware\ImplicitHeadMiddleware
Zend\Expressive\Middleware\LazyLoadingMiddleware
Zend\Expressive\Router\Middleware\ImplicitOptionsMiddleware
Zend\Expressive\Middleware\LazyLoadingMiddleware
Zend\Expressive\Router\Middleware\MethodNotAllowedMiddleware
Zend\Expressive\Middleware\LazyLoadingMiddleware
Zend\Expressive\Helper\UrlHelperMiddleware
Zend\Expressive\Middleware\LazyLoadingMiddleware
Zend\Expressive\Router\Middleware\DispatchMiddleware
Zend\Expressive\Middleware\LazyLoadingMiddleware
Amazium\SampleApp\UI\Web\Page\Identity\Edit
Zend\Expressive\Middleware\LazyLoadingMiddleware
Zend\Stratigility\Middleware\ErrorHandler
Zend\Expressive\Middleware\LazyLoadingMiddleware
Zend\Expressive\Helper\ServerUrlMiddleware
Zend\Expressive\Middleware\LazyLoadingMiddleware
Zend\Expressive\Session\SessionMiddleware
Zend\Expressive\Middleware\LazyLoadingMiddleware
Amazium\Kernel\Application\Context\ApplicationContextMiddleware
Zend\Expressive\Middleware\LazyLoadingMiddleware
Zend\Expressive\Router\Middleware\RouteMiddleware
Zend\Expressive\Middleware\LazyLoadingMiddleware
Zend\Expressive\Router\Middleware\ImplicitHeadMiddleware
Zend\Expressive\Middleware\LazyLoadingMiddleware
Zend\Expressive\Router\Middleware\ImplicitOptionsMiddleware
Zend\Expressive\Middleware\LazyLoadingMiddleware
Zend\Expressive\Router\Middleware\MethodNotAllowedMiddleware
Zend\Expressive\Middleware\LazyLoadingMiddleware
Zend\Expressive\Helper\UrlHelperMiddleware
Zend\Expressive\Middleware\LazyLoadingMiddleware
Zend\Expressive\Router\Middleware\DispatchMiddleware
Zend\Expressive\Middleware\LazyLoadingMiddleware
Amazium\SampleApp\UI\Web\Page\Identity\Update
Zend\Expressive\Middleware\LazyLoadingMiddleware
Zend\Stratigility\Middleware\ErrorHandler
Zend\Expressive\Middleware\LazyLoadingMiddleware
Zend\Expressive\Helper\ServerUrlMiddleware
Zend\Expressive\Middleware\LazyLoadingMiddleware
Zend\Expressive\Session\SessionMiddleware
Zend\Expressive\Middleware\LazyLoadingMiddleware
Amazium\Kernel\Application\Context\ApplicationContextMiddleware
Zend\Expressive\Middleware\LazyLoadingMiddleware
Zend\Expressive\Router\Middleware\RouteMiddleware
Zend\Expressive\Middleware\LazyLoadingMiddleware
Zend\Expressive\Router\Middleware\ImplicitHeadMiddleware
Zend\Expressive\Middleware\LazyLoadingMiddleware
Zend\Expressive\Router\Middleware\ImplicitOptionsMiddleware
Zend\Expressive\Middleware\LazyLoadingMiddleware
Zend\Expressive\Router\Middleware\MethodNotAllowedMiddleware
Zend\Expressive\Middleware\LazyLoadingMiddleware
Zend\Expressive\Helper\UrlHelperMiddleware
Zend\Expressive\Middleware\LazyLoadingMiddleware
Zend\Expressive\Router\Middleware\DispatchMiddleware
Zend\Expressive\Middleware\LazyLoadingMiddleware
Amazium\SampleApp\UI\Web\Page\Identity\Show
Zend\Expressive\Middleware\LazyLoadingMiddleware
Zend\Stratigility\Middleware\ErrorHandler
Zend\Expressive\Middleware\LazyLoadingMiddleware
Zend\Expressive\Helper\ServerUrlMiddleware
Zend\Expressive\Middleware\LazyLoadingMiddleware
Zend\Expressive\Session\SessionMiddleware
Zend\Expressive\Middleware\LazyLoadingMiddleware
Amazium\Kernel\Application\Context\ApplicationContextMiddleware
Zend\Expressive\Middleware\LazyLoadingMiddleware
Zend\Expressive\Router\Middleware\RouteMiddleware
Zend\Expressive\Middleware\LazyLoadingMiddleware
Zend\Expressive\Router\Middleware\ImplicitHeadMiddleware
Zend\Expressive\Middleware\LazyLoadingMiddleware
Zend\Expressive\Router\Middleware\ImplicitOptionsMiddleware
Zend\Expressive\Middleware\LazyLoadingMiddleware
Zend\Expressive\Router\Middleware\MethodNotAllowedMiddleware
Zend\Expressive\Middleware\LazyLoadingMiddleware
Zend\Expressive\Helper\UrlHelperMiddleware
Zend\Expressive\Middleware\LazyLoadingMiddleware
Zend\Expressive\Router\Middleware\DispatchMiddleware
Zend\Expressive\Middleware\LazyLoadingMiddleware
Amazium\SampleApp\UI\Web\Page\Identity\Destroy
Zend\Expressive\Middleware\LazyLoadingMiddleware
Zend\Stratigility\Middleware\ErrorHandler
Zend\Expressive\Middleware\LazyLoadingMiddleware
Zend\Expressive\Helper\ServerUrlMiddleware
Zend\Expressive\Middleware\LazyLoadingMiddleware
Zend\Expressive\Session\SessionMiddleware
Zend\Expressive\Middleware\LazyLoadingMiddleware
Amazium\Kernel\Application\Context\ApplicationContextMiddleware
Zend\Expressive\Middleware\LazyLoadingMiddleware
Zend\Expressive\Router\Middleware\RouteMiddleware
Zend\Expressive\Middleware\LazyLoadingMiddleware
Zend\Expressive\Router\Middleware\ImplicitHeadMiddleware
Zend\Expressive\Middleware\LazyLoadingMiddleware
Zend\Expressive\Router\Middleware\ImplicitOptionsMiddleware
Zend\Expressive\Middleware\LazyLoadingMiddleware
Zend\Expressive\Router\Middleware\MethodNotAllowedMiddleware
Zend\Expressive\Middleware\LazyLoadingMiddleware
Zend\Expressive\Helper\UrlHelperMiddleware
Zend\Expressive\Middleware\LazyLoadingMiddleware
Zend\Expressive\Router\Middleware\DispatchMiddleware
Zend\Expressive\Middleware\LazyLoadingMiddleware
Amazium\SampleApp\UI\Web\Page\Identity\Index
Zend\Expressive\Middleware\LazyLoadingMiddleware
Zend\Stratigility\Middleware\ErrorHandler
Zend\Expressive\Middleware\LazyLoadingMiddleware
Zend\Expressive\Helper\ServerUrlMiddleware
Zend\Expressive\Middleware\LazyLoadingMiddleware
Zend\Expressive\Session\SessionMiddleware
Zend\Expressive\Middleware\LazyLoadingMiddleware
Amazium\Kernel\Application\Context\ApplicationContextMiddleware
Zend\Expressive\Middleware\LazyLoadingMiddleware
Zend\Expressive\Router\Middleware\RouteMiddleware
Zend\Expressive\Middleware\LazyLoadingMiddleware
Zend\Expressive\Router\Middleware\ImplicitHeadMiddleware
Zend\Expressive\Middleware\LazyLoadingMiddleware
Zend\Expressive\Router\Middleware\ImplicitOptionsMiddleware
Zend\Expressive\Middleware\LazyLoadingMiddleware
Zend\Expressive\Router\Middleware\MethodNotAllowedMiddleware
Zend\Expressive\Middleware\LazyLoadingMiddleware
Zend\Expressive\Helper\UrlHelperMiddleware
Zend\Expressive\Middleware\LazyLoadingMiddleware
Zend\Expressive\Router\Middleware\DispatchMiddleware
Zend\Expressive\Middleware\LazyLoadingMiddleware
Amazium\SampleApp\UI\Web\Page\Identity\Show
Zend\Expressive\Middleware\LazyLoadingMiddleware
Zend\Stratigility\Middleware\ErrorHandler
Zend\Expressive\Middleware\LazyLoadingMiddleware
Zend\Expressive\Helper\ServerUrlMiddleware
Zend\Expressive\Middleware\LazyLoadingMiddleware
Zend\Expressive\Session\SessionMiddleware
Zend\Expressive\Middleware\LazyLoadingMiddleware
Amazium\Kernel\Application\Context\ApplicationContextMiddleware
Zend\Expressive\Middleware\LazyLoadingMiddleware
Zend\Expressive\Router\Middleware\RouteMiddleware
Zend\Expressive\Middleware\LazyLoadingMiddleware
Zend\Expressive\Router\Middleware\ImplicitHeadMiddleware
Zend\Expressive\Middleware\LazyLoadingMiddleware
Zend\Expressive\Router\Middleware\ImplicitOptionsMiddleware
Zend\Expressive\Middleware\LazyLoadingMiddleware
Zend\Expressive\Router\Middleware\MethodNotAllowedMiddleware
Zend\Expressive\Middleware\LazyLoadingMiddleware
Zend\Expressive\Helper\UrlHelperMiddleware
Zend\Expressive\Middleware\LazyLoadingMiddleware
Zend\Expressive\Router\Middleware\DispatchMiddleware
Zend\Expressive\Middleware\LazyLoadingMiddleware
Amazium\SampleApp\UI\Web\Page\Identity\Index
Zend\Expressive\Middleware\LazyLoadingMiddleware
Zend\Stratigility\Middleware\ErrorHandler
Zend\Expressive\Middleware\LazyLoadingMiddleware
Zend\Expressive\Helper\ServerUrlMiddleware
Zend\Expressive\Middleware\LazyLoadingMiddleware
Zend\Expressive\Session\SessionMiddleware
Zend\Expressive\Middleware\LazyLoadingMiddleware
Amazium\Kernel\Application\Context\ApplicationContextMiddleware
Zend\Expressive\Middleware\LazyLoadingMiddleware
Zend\Expressive\Router\Middleware\RouteMiddleware
Zend\Expressive\Middleware\LazyLoadingMiddleware
Zend\Expressive\Router\Middleware\ImplicitHeadMiddleware
Zend\Expressive\Middleware\LazyLoadingMiddleware
Zend\Expressive\Router\Middleware\ImplicitOptionsMiddleware
Zend\Expressive\Middleware\LazyLoadingMiddleware
Zend\Expressive\Router\Middleware\MethodNotAllowedMiddleware
Zend\Expressive\Middleware\LazyLoadingMiddleware
Zend\Expressive\Helper\UrlHelperMiddleware
Zend\Expressive\Middleware\LazyLoadingMiddleware
Zend\Expressive\Router\Middleware\DispatchMiddleware
Zend\Expressive\Middleware\LazyLoadingMiddleware
Amazium\SampleApp\UI\Web\Page\Identity\Show
Zend\Expressive\Middleware\LazyLoadingMiddleware
Zend\Stratigility\Middleware\ErrorHandler
Zend\Expressive\Middleware\LazyLoadingMiddleware
Zend\Expressive\Helper\ServerUrlMiddleware
Zend\Expressive\Middleware\LazyLoadingMiddleware
Zend\Expressive\Session\SessionMiddleware
Zend\Expressive\Middleware\LazyLoadingMiddleware
Amazium\Kernel\Application\Context\ApplicationContextMiddleware
Zend\Expressive\Middleware\LazyLoadingMiddleware
Zend\Expressive\Router\Middleware\RouteMiddleware
Zend\Expressive\Middleware\LazyLoadingMiddleware
Zend\Expressive\Router\Middleware\ImplicitHeadMiddleware
Zend\Expressive\Middleware\LazyLoadingMiddleware
Zend\Expressive\Router\Middleware\ImplicitOptionsMiddleware
Zend\Expressive\Middleware\LazyLoadingMiddleware
Zend\Expressive\Router\Middleware\MethodNotAllowedMiddleware
Zend\Expressive\Middleware\LazyLoadingMiddleware
Zend\Expressive\Helper\UrlHelperMiddleware
Zend\Expressive\Middleware\LazyLoadingMiddleware
Zend\Expressive\Router\Middleware\DispatchMiddleware
Zend\Expressive\Middleware\LazyLoadingMiddleware
Amazium\SampleApp\UI\Web\Page\Identity\Activate
Zend\Expressive\Middleware\LazyLoadingMiddleware
Zend\Stratigility\Middleware\ErrorHandler
Zend\Expressive\Middleware\LazyLoadingMiddleware
Zend\Expressive\Helper\ServerUrlMiddleware
Zend\Expressive\Middleware\LazyLoadingMiddleware
Zend\Expressive\Session\SessionMiddleware
Zend\Expressive\Middleware\LazyLoadingMiddleware
Amazium\Kernel\Application\Context\ApplicationContextMiddleware
Zend\Expressive\Middleware\LazyLoadingMiddleware
Zend\Expressive\Router\Middleware\RouteMiddleware
Zend\Expressive\Middleware\LazyLoadingMiddleware
Zend\Expressive\Router\Middleware\ImplicitHeadMiddleware
Zend\Expressive\Middleware\LazyLoadingMiddleware
Zend\Expressive\Router\Middleware\ImplicitOptionsMiddleware
Zend\Expressive\Middleware\LazyLoadingMiddleware
Zend\Expressive\Router\Middleware\MethodNotAllowedMiddleware
Zend\Expressive\Middleware\LazyLoadingMiddleware
Zend\Expressive\Helper\UrlHelperMiddleware
Zend\Expressive\Middleware\LazyLoadingMiddleware
Zend\Expressive\Router\Middleware\DispatchMiddleware
Zend\Expressive\Middleware\LazyLoadingMiddleware
Amazium\SampleApp\UI\Web\Page\Identity\Index
Zend\Expressive\Middleware\LazyLoadingMiddleware
Zend\Stratigility\Middleware\ErrorHandler
Zend\Expressive\Middleware\LazyLoadingMiddleware
Zend\Expressive\Helper\ServerUrlMiddleware
Zend\Expressive\Middleware\LazyLoadingMiddleware
Zend\Expressive\Session\SessionMiddleware
Zend\Expressive\Middleware\LazyLoadingMiddleware
Amazium\Kernel\Application\Context\ApplicationContextMiddleware
Zend\Expressive\Middleware\LazyLoadingMiddleware
Zend\Expressive\Router\Middleware\RouteMiddleware
Zend\Expressive\Middleware\LazyLoadingMiddleware
Zend\Expressive\Router\Middleware\ImplicitHeadMiddleware
Zend\Expressive\Middleware\LazyLoadingMiddleware
Zend\Expressive\Router\Middleware\ImplicitOptionsMiddleware
Zend\Expressive\Middleware\LazyLoadingMiddleware
Zend\Expressive\Router\Middleware\MethodNotAllowedMiddleware
Zend\Expressive\Middleware\LazyLoadingMiddleware
Zend\Expressive\Helper\UrlHelperMiddleware
Zend\Expressive\Middleware\LazyLoadingMiddleware
Zend\Expressive\Router\Middleware\DispatchMiddleware
Zend\Expressive\Middleware\LazyLoadingMiddleware
Amazium\SampleApp\UI\Web\Page\Identity\Destroy
Zend\Expressive\Middleware\LazyLoadingMiddleware
Zend\Stratigility\Middleware\ErrorHandler
Zend\Expressive\Middleware\LazyLoadingMiddleware
Zend\Expressive\Helper\ServerUrlMiddleware
Zend\Expressive\Middleware\LazyLoadingMiddleware
Zend\Expressive\Session\SessionMiddleware
Zend\Expressive\Middleware\LazyLoadingMiddleware
Amazium\Kernel\Application\Context\ApplicationContextMiddleware
Zend\Expressive\Middleware\LazyLoadingMiddleware
Zend\Expressive\Router\Middleware\RouteMiddleware
Zend\Expressive\Middleware\LazyLoadingMiddleware
Zend\Expressive\Router\Middleware\ImplicitHeadMiddleware
Zend\Expressive\Middleware\LazyLoadingMiddleware
Zend\Expressive\Router\Middleware\ImplicitOptionsMiddleware
Zend\Expressive\Middleware\LazyLoadingMiddleware
Zend\Expressive\Router\Middleware\MethodNotAllowedMiddleware
Zend\Expressive\Middleware\LazyLoadingMiddleware
Zend\Expressive\Helper\UrlHelperMiddleware
Zend\Expressive\Middleware\LazyLoadingMiddleware
Zend\Expressive\Router\Middleware\DispatchMiddleware
Zend\Expressive\Middleware\LazyLoadingMiddleware
Amazium\SampleApp\UI\Web\Page\Identity\Index
Zend\Expressive\Middleware\LazyLoadingMiddleware
Zend\Stratigility\Middleware\ErrorHandler
Zend\Expressive\Middleware\LazyLoadingMiddleware
Zend\Expressive\Helper\ServerUrlMiddleware
Zend\Expressive\Middleware\LazyLoadingMiddleware
Zend\Expressive\Session\SessionMiddleware
Zend\Expressive\Middleware\LazyLoadingMiddleware
Amazium\Kernel\Application\Context\ApplicationContextMiddleware
Zend\Expressive\Middleware\LazyLoadingMiddleware
Zend\Expressive\Router\Middleware\RouteMiddleware
Zend\Expressive\Middleware\LazyLoadingMiddleware
Zend\Expressive\Router\Middleware\ImplicitHeadMiddleware
Zend\Expressive\Middleware\LazyLoadingMiddleware
Zend\Expressive\Router\Middleware\ImplicitOptionsMiddleware
Zend\Expressive\Middleware\LazyLoadingMiddleware
Zend\Expressive\Router\Middleware\MethodNotAllowedMiddleware
Zend\Expressive\Middleware\LazyLoadingMiddleware
Zend\Expressive\Helper\UrlHelperMiddleware
Zend\Expressive\Middleware\LazyLoadingMiddleware
Zend\Expressive\Router\Middleware\DispatchMiddleware
Zend\Expressive\Middleware\LazyLoadingMiddleware
Amazium\SampleApp\UI\Web\Page\Identity\Create
Zend\Expressive\Middleware\LazyLoadingMiddleware
Zend\Stratigility\Middleware\ErrorHandler
Zend\Expressive\Middleware\LazyLoadingMiddleware
Zend\Expressive\Helper\ServerUrlMiddleware
Zend\Expressive\Middleware\LazyLoadingMiddleware
Zend\Expressive\Session\SessionMiddleware
Zend\Expressive\Middleware\LazyLoadingMiddleware
Amazium\Kernel\Application\Context\ApplicationContextMiddleware
Zend\Expressive\Middleware\LazyLoadingMiddleware
Zend\Expressive\Router\Middleware\RouteMiddleware
Zend\Expressive\Middleware\LazyLoadingMiddleware
Zend\Expressive\Router\Middleware\ImplicitHeadMiddleware
Zend\Expressive\Middleware\LazyLoadingMiddleware
Zend\Expressive\Router\Middleware\ImplicitOptionsMiddleware
Zend\Expressive\Middleware\LazyLoadingMiddleware
Zend\Expressive\Router\Middleware\MethodNotAllowedMiddleware
Zend\Expressive\Middleware\LazyLoadingMiddleware
Zend\Expressive\Helper\UrlHelperMiddleware
Zend\Expressive\Middleware\LazyLoadingMiddleware
Zend\Expressive\Router\Middleware\DispatchMiddleware
Zend\Expressive\Middleware\LazyLoadingMiddleware
Amazium\SampleApp\UI\Web\Page\Identity\Store
Zend\Expressive\Middleware\LazyLoadingMiddleware
Zend\Stratigility\Middleware\ErrorHandler
Zend\Expressive\Middleware\LazyLoadingMiddleware
Zend\Expressive\Helper\ServerUrlMiddleware
Zend\Expressive\Middleware\LazyLoadingMiddleware
Zend\Expressive\Session\SessionMiddleware
Zend\Expressive\Middleware\LazyLoadingMiddleware
Amazium\Kernel\Application\Context\ApplicationContextMiddleware
Zend\Expressive\Middleware\LazyLoadingMiddleware
Zend\Expressive\Router\Middleware\RouteMiddleware
Zend\Expressive\Middleware\LazyLoadingMiddleware
Zend\Expressive\Router\Middleware\ImplicitHeadMiddleware
Zend\Expressive\Middleware\LazyLoadingMiddleware
Zend\Expressive\Router\Middleware\ImplicitOptionsMiddleware
Zend\Expressive\Middleware\LazyLoadingMiddleware
Zend\Expressive\Router\Middleware\MethodNotAllowedMiddleware
Zend\Expressive\Middleware\LazyLoadingMiddleware
Zend\Expressive\Helper\UrlHelperMiddleware
Zend\Expressive\Middleware\LazyLoadingMiddleware
Zend\Expressive\Router\Middleware\DispatchMiddleware
Zend\Expressive\Middleware\LazyLoadingMiddleware
Amazium\SampleApp\UI\Web\Page\Identity\Show
Zend\Expressive\Middleware\LazyLoadingMiddleware
Zend\Stratigility\Middleware\ErrorHandler
Zend\Expressive\Middleware\LazyLoadingMiddleware
Zend\Expressive\Helper\ServerUrlMiddleware
Zend\Expressive\Middleware\LazyLoadingMiddleware
Zend\Expressive\Session\SessionMiddleware
Zend\Expressive\Middleware\LazyLoadingMiddleware
Amazium\Kernel\Application\Context\ApplicationContextMiddleware
Zend\Expressive\Middleware\LazyLoadingMiddleware
Zend\Expressive\Router\Middleware\RouteMiddleware
Zend\Expressive\Middleware\LazyLoadingMiddleware
Zend\Expressive\Router\Middleware\ImplicitHeadMiddleware
Zend\Expressive\Middleware\LazyLoadingMiddleware
Zend\Expressive\Router\Middleware\ImplicitOptionsMiddleware
Zend\Expressive\Middleware\LazyLoadingMiddleware
Zend\Expressive\Router\Middleware\MethodNotAllowedMiddleware
Zend\Expressive\Middleware\LazyLoadingMiddleware
Zend\Expressive\Helper\UrlHelperMiddleware
Zend\Expressive\Middleware\LazyLoadingMiddleware
Zend\Expressive\Router\Middleware\DispatchMiddleware
Zend\Expressive\Middleware\LazyLoadingMiddleware
Amazium\SampleApp\UI\Web\Page\Identity\Index
Zend\Expressive\Middleware\LazyLoadingMiddleware
Zend\Stratigility\Middleware\ErrorHandler
Zend\Expressive\Middleware\LazyLoadingMiddleware
Zend\Expressive\Helper\ServerUrlMiddleware
Zend\Expressive\Middleware\LazyLoadingMiddleware
Zend\Expressive\Session\SessionMiddleware
Zend\Expressive\Middleware\LazyLoadingMiddleware
Amazium\Kernel\Application\Context\ApplicationContextMiddleware
Zend\Expressive\Middleware\LazyLoadingMiddleware
Zend\Expressive\Router\Middleware\RouteMiddleware
Zend\Expressive\Middleware\LazyLoadingMiddleware
Zend\Expressive\Router\Middleware\ImplicitHeadMiddleware
Zend\Expressive\Middleware\LazyLoadingMiddleware
Zend\Expressive\Router\Middleware\ImplicitOptionsMiddleware
Zend\Expressive\Middleware\LazyLoadingMiddleware
Zend\Expressive\Router\Middleware\MethodNotAllowedMiddleware
Zend\Expressive\Middleware\LazyLoadingMiddleware
Zend\Expressive\Helper\UrlHelperMiddleware
Zend\Expressive\Middleware\LazyLoadingMiddleware
Zend\Expressive\Router\Middleware\DispatchMiddleware
Zend\Expressive\Middleware\LazyLoadingMiddleware
Amazium\SampleApp\UI\Web\Page\Identity\Index
Zend\Expressive\Middleware\LazyLoadingMiddleware
Zend\Stratigility\Middleware\ErrorHandler
Zend\Expressive\Middleware\LazyLoadingMiddleware
Zend\Expressive\Helper\ServerUrlMiddleware
Zend\Expressive\Middleware\LazyLoadingMiddleware
Zend\Expressive\Session\SessionMiddleware
Zend\Expressive\Middleware\LazyLoadingMiddleware
Amazium\Kernel\Application\Context\ApplicationContextMiddleware
Zend\Expressive\Middleware\LazyLoadingMiddleware
Zend\Expressive\Router\Middleware\RouteMiddleware
Zend\Expressive\Middleware\LazyLoadingMiddleware
Zend\Expressive\Router\Middleware\ImplicitHeadMiddleware
Zend\Expressive\Middleware\LazyLoadingMiddleware
Zend\Expressive\Router\Middleware\ImplicitOptionsMiddleware
Zend\Expressive\Middleware\LazyLoadingMiddleware
Zend\Expressive\Router\Middleware\MethodNotAllowedMiddleware
Zend\Expressive\Middleware\LazyLoadingMiddleware
Zend\Expressive\Helper\UrlHelperMiddleware
Zend\Expressive\Middleware\LazyLoadingMiddleware
Zend\Expressive\Router\Middleware\DispatchMiddleware
Zend\Expressive\Middleware\LazyLoadingMiddleware
Amazium\SampleApp\UI\Web\Page\Identity\Index
Zend\Expressive\Middleware\LazyLoadingMiddleware
Zend\Stratigility\Middleware\ErrorHandler
Zend\Expressive\Middleware\LazyLoadingMiddleware
Zend\Expressive\Helper\ServerUrlMiddleware
Zend\Expressive\Middleware\LazyLoadingMiddleware
Zend\Expressive\Session\SessionMiddleware
Zend\Expressive\Middleware\LazyLoadingMiddleware
Amazium\Kernel\Application\Context\ApplicationContextMiddleware
Zend\Expressive\Middleware\LazyLoadingMiddleware
Zend\Expressive\Router\Middleware\RouteMiddleware
Zend\Expressive\Middleware\LazyLoadingMiddleware
Zend\Expressive\Router\Middleware\ImplicitHeadMiddleware
Zend\Expressive\Middleware\LazyLoadingMiddleware
Zend\Expressive\Router\Middleware\ImplicitOptionsMiddleware
Zend\Expressive\Middleware\LazyLoadingMiddleware
Zend\Expressive\Router\Middleware\MethodNotAllowedMiddleware
Zend\Expressive\Middleware\LazyLoadingMiddleware
Zend\Expressive\Helper\UrlHelperMiddleware
Zend\Expressive\Middleware\LazyLoadingMiddleware
Zend\Expressive\Router\Middleware\DispatchMiddleware
Zend\Expressive\Middleware\LazyLoadingMiddleware
Amazium\SampleApp\UI\Web\Page\Identity\Index
Zend\Expressive\Middleware\LazyLoadingMiddleware
Zend\Stratigility\Middleware\ErrorHandler
Zend\Expressive\Middleware\LazyLoadingMiddleware
Zend\Expressive\Helper\ServerUrlMiddleware
Zend\Expressive\Middleware\LazyLoadingMiddleware
Zend\Expressive\Session\SessionMiddleware
Zend\Expressive\Middleware\LazyLoadingMiddleware
Amazium\Kernel\Application\Context\ApplicationContextMiddleware
Zend\Expressive\Middleware\LazyLoadingMiddleware
Zend\Expressive\Router\Middleware\RouteMiddleware
Zend\Expressive\Middleware\LazyLoadingMiddleware
Zend\Expressive\Router\Middleware\ImplicitHeadMiddleware
Zend\Expressive\Middleware\LazyLoadingMiddleware
Zend\Expressive\Router\Middleware\ImplicitOptionsMiddleware
Zend\Expressive\Middleware\LazyLoadingMiddleware
Zend\Expressive\Router\Middleware\MethodNotAllowedMiddleware
Zend\Expressive\Middleware\LazyLoadingMiddleware
Zend\Expressive\Helper\UrlHelperMiddleware
Zend\Expressive\Middleware\LazyLoadingMiddleware
Zend\Expressive\Router\Middleware\DispatchMiddleware
Zend\Expressive\Middleware\LazyLoadingMiddleware
Amazium\SampleApp\UI\Web\Page\Identity\Index
Zend\Expressive\Middleware\LazyLoadingMiddleware
Zend\Stratigility\Middleware\ErrorHandler
Zend\Expressive\Middleware\LazyLoadingMiddleware
Zend\Expressive\Helper\ServerUrlMiddleware
Zend\Expressive\Middleware\LazyLoadingMiddleware
Zend\Expressive\Session\SessionMiddleware
Zend\Expressive\Middleware\LazyLoadingMiddleware
Amazium\Kernel\Application\Context\ApplicationContextMiddleware
Zend\Expressive\Middleware\LazyLoadingMiddleware
Zend\Expressive\Router\Middleware\RouteMiddleware
Zend\Expressive\Middleware\LazyLoadingMiddleware
Zend\Expressive\Router\Middleware\ImplicitHeadMiddleware
Zend\Expressive\Middleware\LazyLoadingMiddleware
Zend\Expressive\Router\Middleware\ImplicitOptionsMiddleware
Zend\Expressive\Middleware\LazyLoadingMiddleware
Zend\Expressive\Router\Middleware\MethodNotAllowedMiddleware
Zend\Expressive\Middleware\LazyLoadingMiddleware
Zend\Expressive\Helper\UrlHelperMiddleware
Zend\Expressive\Middleware\LazyLoadingMiddleware
Zend\Expressive\Router\Middleware\DispatchMiddleware
Zend\Expressive\Middleware\LazyLoadingMiddleware
Amazium\SampleApp\UI\Web\Page\Identity\Show
Zend\Expressive\Middleware\LazyLoadingMiddleware
Zend\Stratigility\Middleware\ErrorHandler
Zend\Expressive\Middleware\LazyLoadingMiddleware
Zend\Expressive\Helper\ServerUrlMiddleware
Zend\Expressive\Middleware\LazyLoadingMiddleware
Zend\Expressive\Session\SessionMiddleware
Zend\Expressive\Middleware\LazyLoadingMiddleware
Amazium\Kernel\Application\Context\ApplicationContextMiddleware
Zend\Expressive\Middleware\LazyLoadingMiddleware
Zend\Expressive\Router\Middleware\RouteMiddleware
Zend\Expressive\Middleware\LazyLoadingMiddleware
Zend\Expressive\Router\Middleware\ImplicitHeadMiddleware
Zend\Expressive\Middleware\LazyLoadingMiddleware
Zend\Expressive\Router\Middleware\ImplicitOptionsMiddleware
Zend\Expressive\Middleware\LazyLoadingMiddleware
Zend\Expressive\Router\Middleware\MethodNotAllowedMiddleware
Zend\Expressive\Middleware\LazyLoadingMiddleware
Zend\Expressive\Helper\UrlHelperMiddleware
Zend\Expressive\Middleware\LazyLoadingMiddleware
Zend\Expressive\Router\Middleware\DispatchMiddleware
Zend\Expressive\Middleware\LazyLoadingMiddleware
Amazium\SampleApp\UI\Web\Page\Identity\Activate
Zend\Expressive\Middleware\LazyLoadingMiddleware
Zend\Stratigility\Middleware\ErrorHandler
Zend\Expressive\Middleware\LazyLoadingMiddleware
Zend\Expressive\Helper\ServerUrlMiddleware
Zend\Expressive\Middleware\LazyLoadingMiddleware
Zend\Expressive\Session\SessionMiddleware
Zend\Expressive\Middleware\LazyLoadingMiddleware
Amazium\Kernel\Application\Context\ApplicationContextMiddleware
Zend\Expressive\Middleware\LazyLoadingMiddleware
Zend\Expressive\Router\Middleware\RouteMiddleware
Zend\Expressive\Middleware\LazyLoadingMiddleware
Zend\Expressive\Router\Middleware\ImplicitHeadMiddleware
Zend\Expressive\Middleware\LazyLoadingMiddleware
Zend\Expressive\Router\Middleware\ImplicitOptionsMiddleware
Zend\Expressive\Middleware\LazyLoadingMiddleware
Zend\Expressive\Router\Middleware\MethodNotAllowedMiddleware
Zend\Expressive\Middleware\LazyLoadingMiddleware
Zend\Expressive\Helper\UrlHelperMiddleware
Zend\Expressive\Middleware\LazyLoadingMiddleware
Zend\Expressive\Router\Middleware\DispatchMiddleware
Zend\Expressive\Middleware\LazyLoadingMiddleware
Amazium\SampleApp\UI\Web\Page\Identity\Index
Zend\Expressive\Middleware\LazyLoadingMiddleware
Zend\Stratigility\Middleware\ErrorHandler
Zend\Expressive\Middleware\LazyLoadingMiddleware
Zend\Expressive\Helper\ServerUrlMiddleware
Zend\Expressive\Middleware\LazyLoadingMiddleware
Zend\Expressive\Session\SessionMiddleware
Zend\Expressive\Middleware\LazyLoadingMiddleware
Amazium\Kernel\Application\Context\ApplicationContextMiddleware
Zend\Expressive\Middleware\LazyLoadingMiddleware
Zend\Expressive\Router\Middleware\RouteMiddleware
Zend\Expressive\Middleware\LazyLoadingMiddleware
Zend\Expressive\Router\Middleware\ImplicitHeadMiddleware
Zend\Expressive\Middleware\LazyLoadingMiddleware
Zend\Expressive\Router\Middleware\ImplicitOptionsMiddleware
Zend\Expressive\Middleware\LazyLoadingMiddleware
Zend\Expressive\Router\Middleware\MethodNotAllowedMiddleware
Zend\Expressive\Middleware\LazyLoadingMiddleware
Zend\Expressive\Helper\UrlHelperMiddleware
Zend\Expressive\Middleware\LazyLoadingMiddleware
Zend\Expressive\Router\Middleware\DispatchMiddleware
Zend\Expressive\Middleware\LazyLoadingMiddleware
Amazium\SampleApp\UI\Web\Page\Identity\Index
Zend\Expressive\Middleware\LazyLoadingMiddleware
Zend\Stratigility\Middleware\ErrorHandler
Zend\Expressive\Middleware\LazyLoadingMiddleware
Zend\Expressive\Helper\ServerUrlMiddleware
Zend\Expressive\Middleware\LazyLoadingMiddleware
Zend\Expressive\Session\SessionMiddleware
Zend\Expressive\Middleware\LazyLoadingMiddleware
Amazium\Kernel\Application\Context\ApplicationContextMiddleware
Zend\Expressive\Middleware\LazyLoadingMiddleware
Zend\Expressive\Router\Middleware\RouteMiddleware
Zend\Expressive\Middleware\LazyLoadingMiddleware
Zend\Expressive\Router\Middleware\ImplicitHeadMiddleware
Zend\Expressive\Middleware\LazyLoadingMiddleware
Zend\Expressive\Router\Middleware\ImplicitOptionsMiddleware
Zend\Expressive\Middleware\LazyLoadingMiddleware
Zend\Expressive\Router\Middleware\MethodNotAllowedMiddleware
Zend\Expressive\Middleware\LazyLoadingMiddleware
Zend\Expressive\Helper\UrlHelperMiddleware
Zend\Expressive\Middleware\LazyLoadingMiddleware
Zend\Expressive\Router\Middleware\DispatchMiddleware
Zend\Expressive\Middleware\LazyLoadingMiddleware
Amazium\SampleApp\UI\Web\Page\Address\Index
Zend\Expressive\Middleware\LazyLoadingMiddleware
Zend\Stratigility\Middleware\ErrorHandler
Zend\Expressive\Middleware\LazyLoadingMiddleware
Zend\Expressive\Helper\ServerUrlMiddleware
Zend\Expressive\Middleware\LazyLoadingMiddleware
Zend\Expressive\Session\SessionMiddleware
Zend\Expressive\Middleware\LazyLoadingMiddleware
Amazium\Kernel\Application\Context\ApplicationContextMiddleware
Zend\Expressive\Middleware\LazyLoadingMiddleware
Zend\Expressive\Router\Middleware\RouteMiddleware
Zend\Expressive\Middleware\LazyLoadingMiddleware
Zend\Expressive\Router\Middleware\ImplicitHeadMiddleware
Zend\Expressive\Middleware\LazyLoadingMiddleware
Zend\Expressive\Router\Middleware\ImplicitOptionsMiddleware
Zend\Expressive\Middleware\LazyLoadingMiddleware
Zend\Expressive\Router\Middleware\MethodNotAllowedMiddleware
Zend\Expressive\Middleware\LazyLoadingMiddleware
Zend\Expressive\Helper\UrlHelperMiddleware
Zend\Expressive\Middleware\LazyLoadingMiddleware
Zend\Expressive\Router\Middleware\DispatchMiddleware
Zend\Expressive\Middleware\LazyLoadingMiddleware
Amazium\SampleApp\UI\Web\Page\Identity\Index
Zend\Expressive\Middleware\LazyLoadingMiddleware
Zend\Stratigility\Middleware\ErrorHandler
Zend\Expressive\Middleware\LazyLoadingMiddleware
Zend\Expressive\Helper\ServerUrlMiddleware
Zend\Expressive\Middleware\LazyLoadingMiddleware
Zend\Expressive\Session\SessionMiddleware
Zend\Expressive\Middleware\LazyLoadingMiddleware
Amazium\Kernel\Application\Context\ApplicationContextMiddleware
Zend\Expressive\Middleware\LazyLoadingMiddleware
Zend\Expressive\Router\Middleware\RouteMiddleware
Zend\Expressive\Middleware\LazyLoadingMiddleware
Zend\Expressive\Router\Middleware\ImplicitHeadMiddleware
Zend\Expressive\Middleware\LazyLoadingMiddleware
Zend\Expressive\Router\Middleware\ImplicitOptionsMiddleware
Zend\Expressive\Middleware\LazyLoadingMiddleware
Zend\Expressive\Router\Middleware\MethodNotAllowedMiddleware
Zend\Expressive\Middleware\LazyLoadingMiddleware
Zend\Expressive\Helper\UrlHelperMiddleware
Zend\Expressive\Middleware\LazyLoadingMiddleware
Zend\Expressive\Router\Middleware\DispatchMiddleware
Zend\Expressive\Middleware\LazyLoadingMiddleware
Amazium\SampleApp\UI\Web\Page\Identity\Index
Zend\Expressive\Middleware\LazyLoadingMiddleware
Zend\Stratigility\Middleware\ErrorHandler
Zend\Expressive\Middleware\LazyLoadingMiddleware
Zend\Expressive\Helper\ServerUrlMiddleware
Zend\Expressive\Middleware\LazyLoadingMiddleware
Zend\Expressive\Session\SessionMiddleware
Zend\Expressive\Middleware\LazyLoadingMiddleware
Amazium\Kernel\Application\Context\ApplicationContextMiddleware
Zend\Expressive\Middleware\LazyLoadingMiddleware
Zend\Expressive\Router\Middleware\RouteMiddleware
Zend\Expressive\Middleware\LazyLoadingMiddleware
Zend\Expressive\Router\Middleware\ImplicitHeadMiddleware
Zend\Expressive\Middleware\LazyLoadingMiddleware
Zend\Expressive\Router\Middleware\ImplicitOptionsMiddleware
Zend\Expressive\Middleware\LazyLoadingMiddleware
Zend\Expressive\Router\Middleware\MethodNotAllowedMiddleware
Zend\Expressive\Middleware\LazyLoadingMiddleware
Zend\Expressive\Helper\UrlHelperMiddleware
Zend\Expressive\Middleware\LazyLoadingMiddleware
Zend\Expressive\Router\Middleware\DispatchMiddleware
Zend\Expressive\Middleware\LazyLoadingMiddleware
Amazium\SampleApp\UI\Web\Page\Card\Index
Zend\Expressive\Middleware\LazyLoadingMiddleware
Zend\Stratigility\Middleware\ErrorHandler
Zend\Expressive\Middleware\LazyLoadingMiddleware
Zend\Expressive\Helper\ServerUrlMiddleware
Zend\Expressive\Middleware\LazyLoadingMiddleware
Zend\Expressive\Session\SessionMiddleware
Zend\Expressive\Middleware\LazyLoadingMiddleware
Amazium\Kernel\Application\Context\ApplicationContextMiddleware
Zend\Expressive\Middleware\LazyLoadingMiddleware
Zend\Expressive\Router\Middleware\RouteMiddleware
Zend\Expressive\Middleware\LazyLoadingMiddleware
Zend\Expressive\Router\Middleware\ImplicitHeadMiddleware
Zend\Expressive\Middleware\LazyLoadingMiddleware
Zend\Expressive\Router\Middleware\ImplicitOptionsMiddleware
Zend\Expressive\Middleware\LazyLoadingMiddleware
Zend\Expressive\Router\Middleware\MethodNotAllowedMiddleware
Zend\Expressive\Middleware\LazyLoadingMiddleware
Zend\Expressive\Helper\UrlHelperMiddleware
Zend\Expressive\Middleware\LazyLoadingMiddleware
Zend\Expressive\Router\Middleware\DispatchMiddleware
Zend\Expressive\Middleware\LazyLoadingMiddleware
Amazium\SampleApp\UI\Web\Page\Card\Index
Zend\Expressive\Middleware\LazyLoadingMiddleware
Zend\Stratigility\Middleware\ErrorHandler
Zend\Expressive\Middleware\LazyLoadingMiddleware
Zend\Expressive\Helper\ServerUrlMiddleware
Zend\Expressive\Middleware\LazyLoadingMiddleware
Zend\Expressive\Session\SessionMiddleware
Zend\Expressive\Middleware\LazyLoadingMiddleware
Amazium\Kernel\Application\Context\ApplicationContextMiddleware
Zend\Expressive\Middleware\LazyLoadingMiddleware
Zend\Expressive\Router\Middleware\RouteMiddleware
Zend\Expressive\Middleware\LazyLoadingMiddleware
Zend\Expressive\Router\Middleware\ImplicitHeadMiddleware
Zend\Expressive\Middleware\LazyLoadingMiddleware
Zend\Expressive\Router\Middleware\ImplicitOptionsMiddleware
Zend\Expressive\Middleware\LazyLoadingMiddleware
Zend\Expressive\Router\Middleware\MethodNotAllowedMiddleware
Zend\Expressive\Middleware\LazyLoadingMiddleware
Zend\Expressive\Helper\UrlHelperMiddleware
Zend\Expressive\Middleware\LazyLoadingMiddleware
Zend\Expressive\Router\Middleware\DispatchMiddleware
Zend\Expressive\Middleware\LazyLoadingMiddleware
Amazium\SampleApp\UI\Web\Page\Card\Index
Zend\Expressive\Middleware\LazyLoadingMiddleware
Zend\Stratigility\Middleware\ErrorHandler
Zend\Expressive\Middleware\LazyLoadingMiddleware
Zend\Expressive\Helper\ServerUrlMiddleware
Zend\Expressive\Middleware\LazyLoadingMiddleware
Zend\Expressive\Session\SessionMiddleware
Zend\Expressive\Middleware\LazyLoadingMiddleware
Amazium\Kernel\Application\Context\ApplicationContextMiddleware
Zend\Expressive\Middleware\LazyLoadingMiddleware
Zend\Expressive\Router\Middleware\RouteMiddleware
Zend\Expressive\Middleware\LazyLoadingMiddleware
Zend\Expressive\Router\Middleware\ImplicitHeadMiddleware
Zend\Expressive\Middleware\LazyLoadingMiddleware
Zend\Expressive\Router\Middleware\ImplicitOptionsMiddleware
Zend\Expressive\Middleware\LazyLoadingMiddleware
Zend\Expressive\Router\Middleware\MethodNotAllowedMiddleware
Zend\Expressive\Middleware\LazyLoadingMiddleware
Zend\Expressive\Helper\UrlHelperMiddleware
Zend\Expressive\Middleware\LazyLoadingMiddleware
Zend\Expressive\Router\Middleware\DispatchMiddleware
Zend\Expressive\Middleware\LazyLoadingMiddleware
Amazium\SampleApp\UI\Web\Page\Card\Index
Zend\Expressive\Middleware\LazyLoadingMiddleware
Zend\Stratigility\Middleware\ErrorHandler
Zend\Expressive\Middleware\LazyLoadingMiddleware
Zend\Expressive\Helper\ServerUrlMiddleware
Zend\Expressive\Middleware\LazyLoadingMiddleware
Zend\Expressive\Session\SessionMiddleware
Zend\Expressive\Middleware\LazyLoadingMiddleware
Amazium\Kernel\Application\Context\ApplicationContextMiddleware
Zend\Expressive\Middleware\LazyLoadingMiddleware
Zend\Expressive\Router\Middleware\RouteMiddleware
Zend\Expressive\Middleware\LazyLoadingMiddleware
Zend\Expressive\Router\Middleware\ImplicitHeadMiddleware
Zend\Expressive\Middleware\LazyLoadingMiddleware
Zend\Expressive\Router\Middleware\ImplicitOptionsMiddleware
Zend\Expressive\Middleware\LazyLoadingMiddleware
Zend\Expressive\Router\Middleware\MethodNotAllowedMiddleware
Zend\Expressive\Middleware\LazyLoadingMiddleware
Zend\Expressive\Helper\UrlHelperMiddleware
Zend\Expressive\Middleware\LazyLoadingMiddleware
Zend\Expressive\Router\Middleware\DispatchMiddleware
Zend\Expressive\Middleware\LazyLoadingMiddleware
Amazium\SampleApp\UI\Web\Page\Card\Index
Zend\Expressive\Middleware\LazyLoadingMiddleware
Zend\Stratigility\Middleware\ErrorHandler
Zend\Expressive\Middleware\LazyLoadingMiddleware
Zend\Expressive\Helper\ServerUrlMiddleware
Zend\Expressive\Middleware\LazyLoadingMiddleware
Zend\Expressive\Session\SessionMiddleware
Zend\Expressive\Middleware\LazyLoadingMiddleware
Amazium\Kernel\Application\Context\ApplicationContextMiddleware
Zend\Expressive\Middleware\LazyLoadingMiddleware
Zend\Expressive\Router\Middleware\RouteMiddleware
Zend\Expressive\Middleware\LazyLoadingMiddleware
Zend\Expressive\Router\Middleware\ImplicitHeadMiddleware
Zend\Expressive\Middleware\LazyLoadingMiddleware
Zend\Expressive\Router\Middleware\ImplicitOptionsMiddleware
Zend\Expressive\Middleware\LazyLoadingMiddleware
Zend\Expressive\Router\Middleware\MethodNotAllowedMiddleware
Zend\Expressive\Middleware\LazyLoadingMiddleware
Zend\Expressive\Helper\UrlHelperMiddleware
Zend\Expressive\Middleware\LazyLoadingMiddleware
Zend\Expressive\Router\Middleware\DispatchMiddleware
Zend\Expressive\Middleware\LazyLoadingMiddleware
Amazium\SampleApp\UI\Web\Page\Card\Index
Zend\Expressive\Middleware\LazyLoadingMiddleware
Zend\Stratigility\Middleware\ErrorHandler
Zend\Expressive\Middleware\LazyLoadingMiddleware
Zend\Expressive\Helper\ServerUrlMiddleware
Zend\Expressive\Middleware\LazyLoadingMiddleware
Zend\Expressive\Session\SessionMiddleware
Zend\Expressive\Middleware\LazyLoadingMiddleware
Amazium\Kernel\Application\Context\ApplicationContextMiddleware
Zend\Expressive\Middleware\LazyLoadingMiddleware
Zend\Expressive\Router\Middleware\RouteMiddleware
Zend\Expressive\Middleware\LazyLoadingMiddleware
Zend\Expressive\Router\Middleware\ImplicitHeadMiddleware
Zend\Expressive\Middleware\LazyLoadingMiddleware
Zend\Expressive\Router\Middleware\ImplicitOptionsMiddleware
Zend\Expressive\Middleware\LazyLoadingMiddleware
Zend\Expressive\Router\Middleware\MethodNotAllowedMiddleware
Zend\Expressive\Middleware\LazyLoadingMiddleware
Zend\Expressive\Helper\UrlHelperMiddleware
Zend\Expressive\Middleware\LazyLoadingMiddleware
Zend\Expressive\Router\Middleware\DispatchMiddleware
Zend\Expressive\Middleware\LazyLoadingMiddleware
Amazium\SampleApp\UI\Web\Page\Card\Index
Zend\Expressive\Middleware\LazyLoadingMiddleware
Zend\Stratigility\Middleware\ErrorHandler
Zend\Expressive\Middleware\LazyLoadingMiddleware
Zend\Expressive\Helper\ServerUrlMiddleware
Zend\Expressive\Middleware\LazyLoadingMiddleware
Zend\Expressive\Session\SessionMiddleware
Zend\Expressive\Middleware\LazyLoadingMiddleware
Amazium\Kernel\Application\Context\ApplicationContextMiddleware
Zend\Expressive\Middleware\LazyLoadingMiddleware
Zend\Expressive\Router\Middleware\RouteMiddleware
Zend\Expressive\Middleware\LazyLoadingMiddleware
Zend\Expressive\Router\Middleware\ImplicitHeadMiddleware
Zend\Expressive\Middleware\LazyLoadingMiddleware
Zend\Expressive\Router\Middleware\ImplicitOptionsMiddleware
Zend\Expressive\Middleware\LazyLoadingMiddleware
Zend\Expressive\Router\Middleware\MethodNotAllowedMiddleware
Zend\Expressive\Middleware\LazyLoadingMiddleware
Zend\Expressive\Helper\UrlHelperMiddleware
Zend\Expressive\Middleware\LazyLoadingMiddleware
Zend\Expressive\Router\Middleware\DispatchMiddleware
Zend\Expressive\Middleware\LazyLoadingMiddleware
Amazium\SampleApp\UI\Web\Page\Identity\Show
Zend\Expressive\Middleware\LazyLoadingMiddleware
Zend\Stratigility\Middleware\ErrorHandler
Zend\Expressive\Middleware\LazyLoadingMiddleware
Zend\Expressive\Helper\ServerUrlMiddleware
Zend\Expressive\Middleware\LazyLoadingMiddleware
Zend\Expressive\Session\SessionMiddleware
Zend\Expressive\Middleware\LazyLoadingMiddleware
Amazium\Kernel\Application\Context\ApplicationContextMiddleware
Zend\Expressive\Middleware\LazyLoadingMiddleware
Zend\Expressive\Router\Middleware\RouteMiddleware
Zend\Expressive\Middleware\LazyLoadingMiddleware
Zend\Expressive\Router\Middleware\ImplicitHeadMiddleware
Zend\Expressive\Middleware\LazyLoadingMiddleware
Zend\Expressive\Router\Middleware\ImplicitOptionsMiddleware
Zend\Expressive\Middleware\LazyLoadingMiddleware
Zend\Expressive\Router\Middleware\MethodNotAllowedMiddleware
Zend\Expressive\Middleware\LazyLoadingMiddleware
Zend\Expressive\Helper\UrlHelperMiddleware
Zend\Expressive\Middleware\LazyLoadingMiddleware
Zend\Expressive\Router\Middleware\DispatchMiddleware
Zend\Expressive\Middleware\LazyLoadingMiddleware
Amazium\SampleApp\UI\Web\Page\Card\Index
Zend\Expressive\Middleware\LazyLoadingMiddleware
Zend\Stratigility\Middleware\ErrorHandler
Zend\Expressive\Middleware\LazyLoadingMiddleware
Zend\Expressive\Helper\ServerUrlMiddleware
Zend\Expressive\Middleware\LazyLoadingMiddleware
Zend\Expressive\Session\SessionMiddleware
Zend\Expressive\Middleware\LazyLoadingMiddleware
Amazium\Kernel\Application\Context\ApplicationContextMiddleware
Zend\Expressive\Middleware\LazyLoadingMiddleware
Zend\Expressive\Router\Middleware\RouteMiddleware
Zend\Expressive\Middleware\LazyLoadingMiddleware
Zend\Expressive\Router\Middleware\ImplicitHeadMiddleware
Zend\Expressive\Middleware\LazyLoadingMiddleware
Zend\Expressive\Router\Middleware\ImplicitOptionsMiddleware
Zend\Expressive\Middleware\LazyLoadingMiddleware
Zend\Expressive\Router\Middleware\MethodNotAllowedMiddleware
Zend\Expressive\Middleware\LazyLoadingMiddleware
Zend\Expressive\Helper\UrlHelperMiddleware
Zend\Expressive\Middleware\LazyLoadingMiddleware
Zend\Expressive\Router\Middleware\DispatchMiddleware
Zend\Expressive\Middleware\LazyLoadingMiddleware
Amazium\SampleApp\UI\Web\Page\BankAccount\Show
Zend\Expressive\Middleware\LazyLoadingMiddleware
Zend\Stratigility\Middleware\ErrorHandler
Zend\Expressive\Middleware\LazyLoadingMiddleware
Zend\Expressive\Helper\ServerUrlMiddleware
Zend\Expressive\Middleware\LazyLoadingMiddleware
Zend\Expressive\Session\SessionMiddleware
Zend\Expressive\Middleware\LazyLoadingMiddleware
Amazium\Kernel\Application\Context\ApplicationContextMiddleware
Zend\Expressive\Middleware\LazyLoadingMiddleware
Zend\Expressive\Router\Middleware\RouteMiddleware
Zend\Expressive\Middleware\LazyLoadingMiddleware
Zend\Expressive\Router\Middleware\ImplicitHeadMiddleware
Zend\Expressive\Middleware\LazyLoadingMiddleware
Zend\Expressive\Router\Middleware\ImplicitOptionsMiddleware
Zend\Expressive\Middleware\LazyLoadingMiddleware
Zend\Expressive\Router\Middleware\MethodNotAllowedMiddleware
Zend\Expressive\Middleware\LazyLoadingMiddleware
Zend\Expressive\Helper\UrlHelperMiddleware
Zend\Expressive\Middleware\LazyLoadingMiddleware
Zend\Expressive\Router\Middleware\DispatchMiddleware
Zend\Expressive\Middleware\LazyLoadingMiddleware
Amazium\SampleApp\UI\Web\Page\Card\Index
Zend\Expressive\Middleware\LazyLoadingMiddleware
Zend\Stratigility\Middleware\ErrorHandler
Zend\Expressive\Middleware\LazyLoadingMiddleware
Zend\Expressive\Helper\ServerUrlMiddleware
Zend\Expressive\Middleware\LazyLoadingMiddleware
Zend\Expressive\Session\SessionMiddleware
Zend\Expressive\Middleware\LazyLoadingMiddleware
Amazium\Kernel\Application\Context\ApplicationContextMiddleware
Zend\Expressive\Middleware\LazyLoadingMiddleware
Zend\Expressive\Router\Middleware\RouteMiddleware
Zend\Expressive\Middleware\LazyLoadingMiddleware
Zend\Expressive\Router\Middleware\ImplicitHeadMiddleware
Zend\Expressive\Middleware\LazyLoadingMiddleware
Zend\Expressive\Router\Middleware\ImplicitOptionsMiddleware
Zend\Expressive\Middleware\LazyLoadingMiddleware
Zend\Expressive\Router\Middleware\MethodNotAllowedMiddleware
Zend\Expressive\Middleware\LazyLoadingMiddleware
Zend\Expressive\Helper\UrlHelperMiddleware
Zend\Expressive\Middleware\LazyLoadingMiddleware
Zend\Expressive\Router\Middleware\DispatchMiddleware
Zend\Expressive\Middleware\LazyLoadingMiddleware
Amazium\SampleApp\UI\Web\Page\BankAccount\Show
Zend\Expressive\Middleware\LazyLoadingMiddleware
Zend\Stratigility\Middleware\ErrorHandler
Zend\Expressive\Middleware\LazyLoadingMiddleware
Zend\Expressive\Helper\ServerUrlMiddleware
Zend\Expressive\Middleware\LazyLoadingMiddleware
Zend\Expressive\Session\SessionMiddleware
Zend\Expressive\Middleware\LazyLoadingMiddleware
Amazium\Kernel\Application\Context\ApplicationContextMiddleware
Zend\Expressive\Middleware\LazyLoadingMiddleware
Zend\Expressive\Router\Middleware\RouteMiddleware
Zend\Expressive\Middleware\LazyLoadingMiddleware
Zend\Expressive\Router\Middleware\ImplicitHeadMiddleware
Zend\Expressive\Middleware\LazyLoadingMiddleware
Zend\Expressive\Router\Middleware\ImplicitOptionsMiddleware
Zend\Expressive\Middleware\LazyLoadingMiddleware
Zend\Expressive\Router\Middleware\MethodNotAllowedMiddleware
Zend\Expressive\Middleware\LazyLoadingMiddleware
Zend\Expressive\Helper\UrlHelperMiddleware
Zend\Expressive\Middleware\LazyLoadingMiddleware
Zend\Expressive\Router\Middleware\DispatchMiddleware
Zend\Expressive\Middleware\LazyLoadingMiddleware
Amazium\SampleApp\UI\Web\Page\BankAccount\Show
Zend\Expressive\Middleware\LazyLoadingMiddleware
Zend\Stratigility\Middleware\ErrorHandler
Zend\Expressive\Middleware\LazyLoadingMiddleware
Zend\Expressive\Helper\ServerUrlMiddleware
Zend\Expressive\Middleware\LazyLoadingMiddleware
Zend\Expressive\Session\SessionMiddleware
Zend\Expressive\Middleware\LazyLoadingMiddleware
Amazium\Kernel\Application\Context\ApplicationContextMiddleware
Zend\Expressive\Middleware\LazyLoadingMiddleware
Zend\Expressive\Router\Middleware\RouteMiddleware
Zend\Expressive\Middleware\LazyLoadingMiddleware
Zend\Expressive\Router\Middleware\ImplicitHeadMiddleware
Zend\Expressive\Middleware\LazyLoadingMiddleware
Zend\Expressive\Router\Middleware\ImplicitOptionsMiddleware
Zend\Expressive\Middleware\LazyLoadingMiddleware
Zend\Expressive\Router\Middleware\MethodNotAllowedMiddleware
Zend\Expressive\Middleware\LazyLoadingMiddleware
Zend\Expressive\Helper\UrlHelperMiddleware
Zend\Expressive\Middleware\LazyLoadingMiddleware
Zend\Expressive\Router\Middleware\DispatchMiddleware
Zend\Expressive\Middleware\LazyLoadingMiddleware
Amazium\SampleApp\UI\Web\Page\Address\Show
Zend\Expressive\Middleware\LazyLoadingMiddleware
Zend\Stratigility\Middleware\ErrorHandler
Zend\Expressive\Middleware\LazyLoadingMiddleware
Zend\Expressive\Helper\ServerUrlMiddleware
Zend\Expressive\Middleware\LazyLoadingMiddleware
Zend\Expressive\Session\SessionMiddleware
Zend\Expressive\Middleware\LazyLoadingMiddleware
Amazium\Kernel\Application\Context\ApplicationContextMiddleware
Zend\Expressive\Middleware\LazyLoadingMiddleware
Zend\Expressive\Router\Middleware\RouteMiddleware
Zend\Expressive\Middleware\LazyLoadingMiddleware
Zend\Expressive\Router\Middleware\ImplicitHeadMiddleware
Zend\Expressive\Middleware\LazyLoadingMiddleware
Zend\Expressive\Router\Middleware\ImplicitOptionsMiddleware
Zend\Expressive\Middleware\LazyLoadingMiddleware
Zend\Expressive\Router\Middleware\MethodNotAllowedMiddleware
Zend\Expressive\Middleware\LazyLoadingMiddleware
Zend\Expressive\Helper\UrlHelperMiddleware
Zend\Expressive\Middleware\LazyLoadingMiddleware
Zend\Expressive\Router\Middleware\DispatchMiddleware
Zend\Expressive\Middleware\LazyLoadingMiddleware
Amazium\SampleApp\UI\Web\Page\Identity\Show
Zend\Expressive\Middleware\LazyLoadingMiddleware
Zend\Stratigility\Middleware\ErrorHandler
Zend\Expressive\Middleware\LazyLoadingMiddleware
Zend\Expressive\Helper\ServerUrlMiddleware
Zend\Expressive\Middleware\LazyLoadingMiddleware
Zend\Expressive\Session\SessionMiddleware
Zend\Expressive\Middleware\LazyLoadingMiddleware
Amazium\Kernel\Application\Context\ApplicationContextMiddleware
Zend\Expressive\Middleware\LazyLoadingMiddleware
Zend\Expressive\Router\Middleware\RouteMiddleware
Zend\Expressive\Middleware\LazyLoadingMiddleware
Zend\Expressive\Router\Middleware\ImplicitHeadMiddleware
Zend\Expressive\Middleware\LazyLoadingMiddleware
Zend\Expressive\Router\Middleware\ImplicitOptionsMiddleware
Zend\Expressive\Middleware\LazyLoadingMiddleware
Zend\Expressive\Router\Middleware\MethodNotAllowedMiddleware
Zend\Expressive\Middleware\LazyLoadingMiddleware
Zend\Expressive\Helper\UrlHelperMiddleware
Zend\Expressive\Middleware\LazyLoadingMiddleware
Zend\Expressive\Router\Middleware\DispatchMiddleware
Zend\Expressive\Middleware\LazyLoadingMiddleware
Amazium\SampleApp\UI\Web\Page\Identity\Index
Zend\Expressive\Middleware\LazyLoadingMiddleware
Zend\Stratigility\Middleware\ErrorHandler
Zend\Expressive\Middleware\LazyLoadingMiddleware
Zend\Expressive\Helper\ServerUrlMiddleware
Zend\Expressive\Middleware\LazyLoadingMiddleware
Zend\Expressive\Session\SessionMiddleware
Zend\Expressive\Middleware\LazyLoadingMiddleware
Amazium\Kernel\Application\Context\ApplicationContextMiddleware
Zend\Expressive\Middleware\LazyLoadingMiddleware
Zend\Expressive\Router\Middleware\RouteMiddleware
Zend\Expressive\Middleware\LazyLoadingMiddleware
Zend\Expressive\Router\Middleware\ImplicitHeadMiddleware
Zend\Expressive\Middleware\LazyLoadingMiddleware
Zend\Expressive\Router\Middleware\ImplicitOptionsMiddleware
Zend\Expressive\Middleware\LazyLoadingMiddleware
Zend\Expressive\Router\Middleware\MethodNotAllowedMiddleware
Zend\Expressive\Middleware\LazyLoadingMiddleware
Zend\Expressive\Helper\UrlHelperMiddleware
Zend\Expressive\Middleware\LazyLoadingMiddleware
Zend\Expressive\Router\Middleware\DispatchMiddleware
Zend\Expressive\Middleware\LazyLoadingMiddleware
Amazium\SampleApp\UI\Web\Page\Identity\Create
Zend\Expressive\Middleware\LazyLoadingMiddleware
Zend\Stratigility\Middleware\ErrorHandler
Zend\Expressive\Middleware\LazyLoadingMiddleware
Zend\Expressive\Helper\ServerUrlMiddleware
Zend\Expressive\Middleware\LazyLoadingMiddleware
Zend\Expressive\Session\SessionMiddleware
Zend\Expressive\Middleware\LazyLoadingMiddleware
Amazium\Kernel\Application\Context\ApplicationContextMiddleware
Zend\Expressive\Middleware\LazyLoadingMiddleware
Zend\Expressive\Router\Middleware\RouteMiddleware
Zend\Expressive\Middleware\LazyLoadingMiddleware
Zend\Expressive\Router\Middleware\ImplicitHeadMiddleware
Zend\Expressive\Middleware\LazyLoadingMiddleware
Zend\Expressive\Router\Middleware\ImplicitOptionsMiddleware
Zend\Expressive\Middleware\LazyLoadingMiddleware
Zend\Expressive\Router\Middleware\MethodNotAllowedMiddleware
Zend\Expressive\Middleware\LazyLoadingMiddleware
Zend\Expressive\Helper\UrlHelperMiddleware
Zend\Expressive\Middleware\LazyLoadingMiddleware
Zend\Expressive\Router\Middleware\DispatchMiddleware
Zend\Expressive\Middleware\LazyLoadingMiddleware
Amazium\SampleApp\UI\Web\Page\Identity\Index
Zend\Expressive\Middleware\LazyLoadingMiddleware
Zend\Stratigility\Middleware\ErrorHandler
Zend\Expressive\Middleware\LazyLoadingMiddleware
Zend\Expressive\Helper\ServerUrlMiddleware
Zend\Expressive\Middleware\LazyLoadingMiddleware
Zend\Expressive\Session\SessionMiddleware
Zend\Expressive\Middleware\LazyLoadingMiddleware
Amazium\Kernel\Application\Context\ApplicationContextMiddleware
Zend\Expressive\Middleware\LazyLoadingMiddleware
Zend\Expressive\Router\Middleware\RouteMiddleware
Zend\Expressive\Middleware\LazyLoadingMiddleware
Zend\Expressive\Router\Middleware\ImplicitHeadMiddleware
Zend\Expressive\Middleware\LazyLoadingMiddleware
Zend\Expressive\Router\Middleware\ImplicitOptionsMiddleware
Zend\Expressive\Middleware\LazyLoadingMiddleware
Zend\Expressive\Router\Middleware\MethodNotAllowedMiddleware
Zend\Expressive\Middleware\LazyLoadingMiddleware
Zend\Expressive\Helper\UrlHelperMiddleware
Zend\Expressive\Middleware\LazyLoadingMiddleware
Zend\Expressive\Router\Middleware\DispatchMiddleware
Zend\Expressive\Middleware\LazyLoadingMiddleware
Amazium\SampleApp\UI\Web\Page\Identity\Index
Zend\Expressive\Middleware\LazyLoadingMiddleware
Zend\Stratigility\Middleware\ErrorHandler
Zend\Expressive\Middleware\LazyLoadingMiddleware
Zend\Expressive\Helper\ServerUrlMiddleware
Zend\Expressive\Middleware\LazyLoadingMiddleware
Zend\Expressive\Session\SessionMiddleware
Zend\Expressive\Middleware\LazyLoadingMiddleware
Amazium\Kernel\Application\Context\ApplicationContextMiddleware
Zend\Expressive\Middleware\LazyLoadingMiddleware
Zend\Expressive\Router\Middleware\RouteMiddleware
Zend\Expressive\Middleware\LazyLoadingMiddleware
Zend\Expressive\Router\Middleware\ImplicitHeadMiddleware
Zend\Expressive\Middleware\LazyLoadingMiddleware
Zend\Expressive\Router\Middleware\ImplicitOptionsMiddleware
Zend\Expressive\Middleware\LazyLoadingMiddleware
Zend\Expressive\Router\Middleware\MethodNotAllowedMiddleware
Zend\Expressive\Middleware\LazyLoadingMiddleware
Zend\Expressive\Helper\UrlHelperMiddleware
Zend\Expressive\Middleware\LazyLoadingMiddleware
Zend\Expressive\Router\Middleware\DispatchMiddleware
Zend\Expressive\Middleware\LazyLoadingMiddleware
Amazium\SampleApp\UI\Web\Page\Identity\Index
Zend\Expressive\Middleware\LazyLoadingMiddleware
Zend\Stratigility\Middleware\ErrorHandler
Zend\Expressive\Middleware\LazyLoadingMiddleware
Zend\Expressive\Helper\ServerUrlMiddleware
Zend\Expressive\Middleware\LazyLoadingMiddleware
Zend\Expressive\Session\SessionMiddleware
Zend\Expressive\Middleware\LazyLoadingMiddleware
Amazium\Kernel\Application\Context\ApplicationContextMiddleware
Zend\Expressive\Middleware\LazyLoadingMiddleware
Zend\Expressive\Router\Middleware\RouteMiddleware
Zend\Expressive\Middleware\LazyLoadingMiddleware
Zend\Expressive\Router\Middleware\ImplicitHeadMiddleware
Zend\Expressive\Middleware\LazyLoadingMiddleware
Zend\Expressive\Router\Middleware\ImplicitOptionsMiddleware
Zend\Expressive\Middleware\LazyLoadingMiddleware
Zend\Expressive\Router\Middleware\MethodNotAllowedMiddleware
Zend\Expressive\Middleware\LazyLoadingMiddleware
Zend\Expressive\Helper\UrlHelperMiddleware
Zend\Expressive\Middleware\LazyLoadingMiddleware
Zend\Expressive\Router\Middleware\DispatchMiddleware
Zend\Expressive\Middleware\LazyLoadingMiddleware
Amazium\SampleApp\UI\Web\Page\Address\Index
Zend\Expressive\Middleware\LazyLoadingMiddleware
Zend\Stratigility\Middleware\ErrorHandler
Zend\Expressive\Middleware\LazyLoadingMiddleware
Zend\Expressive\Helper\ServerUrlMiddleware
Zend\Expressive\Middleware\LazyLoadingMiddleware
Zend\Expressive\Session\SessionMiddleware
Zend\Expressive\Middleware\LazyLoadingMiddleware
Amazium\Kernel\Application\Context\ApplicationContextMiddleware
Zend\Expressive\Middleware\LazyLoadingMiddleware
Zend\Expressive\Router\Middleware\RouteMiddleware
Zend\Expressive\Middleware\LazyLoadingMiddleware
Zend\Expressive\Router\Middleware\ImplicitHeadMiddleware
Zend\Expressive\Middleware\LazyLoadingMiddleware
Zend\Expressive\Router\Middleware\ImplicitOptionsMiddleware
Zend\Expressive\Middleware\LazyLoadingMiddleware
Zend\Expressive\Router\Middleware\MethodNotAllowedMiddleware
Zend\Expressive\Middleware\LazyLoadingMiddleware
Zend\Expressive\Helper\UrlHelperMiddleware
Zend\Expressive\Middleware\LazyLoadingMiddleware
Zend\Expressive\Router\Middleware\DispatchMiddleware
Zend\Expressive\Middleware\LazyLoadingMiddleware
Amazium\SampleApp\UI\Web\Page\Identity\Index
Zend\Expressive\Middleware\LazyLoadingMiddleware
Zend\Stratigility\Middleware\ErrorHandler
Zend\Expressive\Middleware\LazyLoadingMiddleware
Zend\Expressive\Helper\ServerUrlMiddleware
Zend\Expressive\Middleware\LazyLoadingMiddleware
Zend\Expressive\Session\SessionMiddleware
Zend\Expressive\Middleware\LazyLoadingMiddleware
Amazium\Kernel\Application\Context\ApplicationContextMiddleware
Zend\Expressive\Middleware\LazyLoadingMiddleware
Zend\Expressive\Router\Middleware\RouteMiddleware
Zend\Expressive\Middleware\LazyLoadingMiddleware
Zend\Expressive\Router\Middleware\ImplicitHeadMiddleware
Zend\Expressive\Middleware\LazyLoadingMiddleware
Zend\Expressive\Router\Middleware\ImplicitOptionsMiddleware
Zend\Expressive\Middleware\LazyLoadingMiddleware
Zend\Expressive\Router\Middleware\MethodNotAllowedMiddleware
Zend\Expressive\Middleware\LazyLoadingMiddleware
Zend\Expressive\Helper\UrlHelperMiddleware
Zend\Expressive\Middleware\LazyLoadingMiddleware
Zend\Expressive\Router\Middleware\DispatchMiddleware
Zend\Expressive\Middleware\LazyLoadingMiddleware
Amazium\SampleApp\UI\Web\Page\Identity\Index
Zend\Expressive\Middleware\LazyLoadingMiddleware
Zend\Stratigility\Middleware\ErrorHandler
Zend\Expressive\Middleware\LazyLoadingMiddleware
Zend\Expressive\Helper\ServerUrlMiddleware
Zend\Expressive\Middleware\LazyLoadingMiddleware
Zend\Expressive\Session\SessionMiddleware
Zend\Expressive\Middleware\LazyLoadingMiddleware
Amazium\Kernel\Application\Context\ApplicationContextMiddleware
Zend\Expressive\Middleware\LazyLoadingMiddleware
Zend\Expressive\Router\Middleware\RouteMiddleware
Zend\Expressive\Middleware\LazyLoadingMiddleware
Zend\Expressive\Router\Middleware\ImplicitHeadMiddleware
Zend\Expressive\Middleware\LazyLoadingMiddleware
Zend\Expressive\Router\Middleware\ImplicitOptionsMiddleware
Zend\Expressive\Middleware\LazyLoadingMiddleware
Zend\Expressive\Router\Middleware\MethodNotAllowedMiddleware
Zend\Expressive\Middleware\LazyLoadingMiddleware
Zend\Expressive\Helper\UrlHelperMiddleware
Zend\Expressive\Middleware\LazyLoadingMiddleware
Zend\Expressive\Router\Middleware\DispatchMiddleware
Zend\Expressive\Middleware\LazyLoadingMiddleware
Amazium\SampleApp\UI\Web\Page\Identity\Index
Zend\Expressive\Middleware\LazyLoadingMiddleware
Zend\Stratigility\Middleware\ErrorHandler
Zend\Expressive\Middleware\LazyLoadingMiddleware
Zend\Expressive\Helper\ServerUrlMiddleware
Zend\Expressive\Middleware\LazyLoadingMiddleware
Zend\Expressive\Session\SessionMiddleware
Zend\Expressive\Middleware\LazyLoadingMiddleware
Amazium\Kernel\Application\Context\ApplicationContextMiddleware
Zend\Expressive\Middleware\LazyLoadingMiddleware
Zend\Expressive\Router\Middleware\RouteMiddleware
Zend\Expressive\Middleware\LazyLoadingMiddleware
Zend\Expressive\Router\Middleware\ImplicitHeadMiddleware
Zend\Expressive\Middleware\LazyLoadingMiddleware
Zend\Expressive\Router\Middleware\ImplicitOptionsMiddleware
Zend\Expressive\Middleware\LazyLoadingMiddleware
Zend\Expressive\Router\Middleware\MethodNotAllowedMiddleware
Zend\Expressive\Middleware\LazyLoadingMiddleware
Zend\Expressive\Helper\UrlHelperMiddleware
Zend\Expressive\Middleware\LazyLoadingMiddleware
Zend\Expressive\Router\Middleware\DispatchMiddleware
Zend\Expressive\Middleware\LazyLoadingMiddleware
Amazium\SampleApp\UI\Web\Page\Identity\Index
Zend\Expressive\Middleware\LazyLoadingMiddleware
Zend\Stratigility\Middleware\ErrorHandler
Zend\Expressive\Middleware\LazyLoadingMiddleware
Zend\Expressive\Helper\ServerUrlMiddleware
Zend\Expressive\Middleware\LazyLoadingMiddleware
Zend\Expressive\Session\SessionMiddleware
Zend\Expressive\Middleware\LazyLoadingMiddleware
Amazium\Kernel\Application\Context\ApplicationContextMiddleware
Zend\Expressive\Middleware\LazyLoadingMiddleware
Zend\Expressive\Router\Middleware\RouteMiddleware
Zend\Expressive\Middleware\LazyLoadingMiddleware
Zend\Expressive\Router\Middleware\ImplicitHeadMiddleware
Zend\Expressive\Middleware\LazyLoadingMiddleware
Zend\Expressive\Router\Middleware\ImplicitOptionsMiddleware
Zend\Expressive\Middleware\LazyLoadingMiddleware
Zend\Expressive\Router\Middleware\MethodNotAllowedMiddleware
Zend\Expressive\Middleware\LazyLoadingMiddleware
Zend\Expressive\Helper\UrlHelperMiddleware
Zend\Expressive\Middleware\LazyLoadingMiddleware
Zend\Expressive\Router\Middleware\DispatchMiddleware
Zend\Expressive\Middleware\LazyLoadingMiddleware
Amazium\SampleApp\UI\Web\Page\Address\Index
Zend\Expressive\Middleware\LazyLoadingMiddleware
Zend\Stratigility\Middleware\ErrorHandler
Zend\Expressive\Middleware\LazyLoadingMiddleware
Zend\Expressive\Helper\ServerUrlMiddleware
Zend\Expressive\Middleware\LazyLoadingMiddleware
Zend\Expressive\Session\SessionMiddleware
Zend\Expressive\Middleware\LazyLoadingMiddleware
Amazium\Kernel\Application\Context\ApplicationContextMiddleware
Zend\Expressive\Middleware\LazyLoadingMiddleware
Zend\Expressive\Router\Middleware\RouteMiddleware
Zend\Expressive\Middleware\LazyLoadingMiddleware
Zend\Expressive\Router\Middleware\ImplicitHeadMiddleware
Zend\Expressive\Middleware\LazyLoadingMiddleware
Zend\Expressive\Router\Middleware\ImplicitOptionsMiddleware
Zend\Expressive\Middleware\LazyLoadingMiddleware
Zend\Expressive\Router\Middleware\MethodNotAllowedMiddleware
Zend\Expressive\Middleware\LazyLoadingMiddleware
Zend\Expressive\Helper\UrlHelperMiddleware
Zend\Expressive\Middleware\LazyLoadingMiddleware
Zend\Expressive\Router\Middleware\DispatchMiddleware
Zend\Expressive\Middleware\LazyLoadingMiddleware
Amazium\SampleApp\UI\Web\Page\Identity\Index
Zend\Expressive\Middleware\LazyLoadingMiddleware
Zend\Stratigility\Middleware\ErrorHandler
Zend\Expressive\Middleware\LazyLoadingMiddleware
Zend\Expressive\Helper\ServerUrlMiddleware
Zend\Expressive\Middleware\LazyLoadingMiddleware
Zend\Expressive\Session\SessionMiddleware
Zend\Expressive\Middleware\LazyLoadingMiddleware
Amazium\Kernel\Application\Context\ApplicationContextMiddleware
Zend\Expressive\Middleware\LazyLoadingMiddleware
Zend\Expressive\Router\Middleware\RouteMiddleware
Zend\Expressive\Middleware\LazyLoadingMiddleware
Zend\Expressive\Router\Middleware\ImplicitHeadMiddleware
Zend\Expressive\Middleware\LazyLoadingMiddleware
Zend\Expressive\Router\Middleware\ImplicitOptionsMiddleware
Zend\Expressive\Middleware\LazyLoadingMiddleware
Zend\Expressive\Router\Middleware\MethodNotAllowedMiddleware
Zend\Expressive\Middleware\LazyLoadingMiddleware
Zend\Expressive\Helper\UrlHelperMiddleware
Zend\Expressive\Middleware\LazyLoadingMiddleware
Zend\Expressive\Router\Middleware\DispatchMiddleware
Zend\Expressive\Middleware\LazyLoadingMiddleware
Amazium\SampleApp\UI\Web\Page\Card\Index
Zend\Expressive\Middleware\LazyLoadingMiddleware
Zend\Stratigility\Middleware\ErrorHandler
Zend\Expressive\Middleware\LazyLoadingMiddleware
Zend\Expressive\Helper\ServerUrlMiddleware
Zend\Expressive\Middleware\LazyLoadingMiddleware
Zend\Expressive\Session\SessionMiddleware
Zend\Expressive\Middleware\LazyLoadingMiddleware
Amazium\Kernel\Application\Context\ApplicationContextMiddleware
Zend\Expressive\Middleware\LazyLoadingMiddleware
Zend\Expressive\Router\Middleware\RouteMiddleware
Zend\Expressive\Middleware\LazyLoadingMiddleware
Zend\Expressive\Router\Middleware\ImplicitHeadMiddleware
Zend\Expressive\Middleware\LazyLoadingMiddleware
Zend\Expressive\Router\Middleware\ImplicitOptionsMiddleware
Zend\Expressive\Middleware\LazyLoadingMiddleware
Zend\Expressive\Router\Middleware\MethodNotAllowedMiddleware
Zend\Expressive\Middleware\LazyLoadingMiddleware
Zend\Expressive\Helper\UrlHelperMiddleware
Zend\Expressive\Middleware\LazyLoadingMiddleware
Zend\Expressive\Router\Middleware\DispatchMiddleware
Zend\Expressive\Middleware\LazyLoadingMiddleware
Amazium\SampleApp\UI\Web\Page\Card\Index
Zend\Expressive\Middleware\LazyLoadingMiddleware
Zend\Stratigility\Middleware\ErrorHandler
Zend\Expressive\Middleware\LazyLoadingMiddleware
Zend\Expressive\Helper\ServerUrlMiddleware
Zend\Expressive\Middleware\LazyLoadingMiddleware
Zend\Expressive\Session\SessionMiddleware
Zend\Expressive\Middleware\LazyLoadingMiddleware
Amazium\Kernel\Application\Context\ApplicationContextMiddleware
Zend\Expressive\Middleware\LazyLoadingMiddleware
Zend\Expressive\Router\Middleware\RouteMiddleware
Zend\Expressive\Middleware\LazyLoadingMiddleware
Zend\Expressive\Router\Middleware\ImplicitHeadMiddleware
Zend\Expressive\Middleware\LazyLoadingMiddleware
Zend\Expressive\Router\Middleware\ImplicitOptionsMiddleware
Zend\Expressive\Middleware\LazyLoadingMiddleware
Zend\Expressive\Router\Middleware\MethodNotAllowedMiddleware
Zend\Expressive\Middleware\LazyLoadingMiddleware
Zend\Expressive\Helper\UrlHelperMiddleware
Zend\Expressive\Middleware\LazyLoadingMiddleware
Zend\Expressive\Router\Middleware\DispatchMiddleware
Zend\Expressive\Middleware\LazyLoadingMiddleware
Amazium\SampleApp\UI\Web\Page\Identity\Index
Zend\Expressive\Middleware\LazyLoadingMiddleware
Zend\Stratigility\Middleware\ErrorHandler
Zend\Expressive\Middleware\LazyLoadingMiddleware
Zend\Expressive\Helper\ServerUrlMiddleware
Zend\Expressive\Middleware\LazyLoadingMiddleware
Zend\Expressive\Session\SessionMiddleware
Zend\Expressive\Middleware\LazyLoadingMiddleware
Amazium\Kernel\Application\Context\ApplicationContextMiddleware
Zend\Expressive\Middleware\LazyLoadingMiddleware
Zend\Expressive\Router\Middleware\RouteMiddleware
Zend\Expressive\Middleware\LazyLoadingMiddleware
Zend\Expressive\Router\Middleware\ImplicitHeadMiddleware
Zend\Expressive\Middleware\LazyLoadingMiddleware
Zend\Expressive\Router\Middleware\ImplicitOptionsMiddleware
Zend\Expressive\Middleware\LazyLoadingMiddleware
Zend\Expressive\Router\Middleware\MethodNotAllowedMiddleware
Zend\Expressive\Middleware\LazyLoadingMiddleware
Zend\Expressive\Helper\UrlHelperMiddleware
Zend\Expressive\Middleware\LazyLoadingMiddleware
Zend\Expressive\Router\Middleware\DispatchMiddleware
Zend\Expressive\Middleware\LazyLoadingMiddleware
Amazium\SampleApp\UI\Web\Page\Identity\Activate
Zend\Expressive\Middleware\LazyLoadingMiddleware
Zend\Stratigility\Middleware\ErrorHandler
Zend\Expressive\Middleware\LazyLoadingMiddleware
Zend\Expressive\Helper\ServerUrlMiddleware
Zend\Expressive\Middleware\LazyLoadingMiddleware
Zend\Expressive\Session\SessionMiddleware
Zend\Expressive\Middleware\LazyLoadingMiddleware
Amazium\Kernel\Application\Context\ApplicationContextMiddleware
Zend\Expressive\Middleware\LazyLoadingMiddleware
Zend\Expressive\Router\Middleware\RouteMiddleware
Zend\Expressive\Middleware\LazyLoadingMiddleware
Zend\Expressive\Router\Middleware\ImplicitHeadMiddleware
Zend\Expressive\Middleware\LazyLoadingMiddleware
Zend\Expressive\Router\Middleware\ImplicitOptionsMiddleware
Zend\Expressive\Middleware\LazyLoadingMiddleware
Zend\Expressive\Router\Middleware\MethodNotAllowedMiddleware
Zend\Expressive\Middleware\LazyLoadingMiddleware
Zend\Expressive\Helper\UrlHelperMiddleware
Zend\Expressive\Middleware\LazyLoadingMiddleware
Zend\Expressive\Router\Middleware\DispatchMiddleware
Zend\Expressive\Middleware\LazyLoadingMiddleware
Amazium\SampleApp\UI\Web\Page\Identity\Index
Zend\Expressive\Middleware\LazyLoadingMiddleware
Zend\Stratigility\Middleware\ErrorHandler
Zend\Expressive\Middleware\LazyLoadingMiddleware
Zend\Expressive\Helper\ServerUrlMiddleware
Zend\Expressive\Middleware\LazyLoadingMiddleware
Zend\Expressive\Session\SessionMiddleware
Zend\Expressive\Middleware\LazyLoadingMiddleware
Amazium\Kernel\Application\Context\ApplicationContextMiddleware
Zend\Expressive\Middleware\LazyLoadingMiddleware
Zend\Expressive\Router\Middleware\RouteMiddleware
Zend\Expressive\Middleware\LazyLoadingMiddleware
Zend\Expressive\Router\Middleware\ImplicitHeadMiddleware
Zend\Expressive\Middleware\LazyLoadingMiddleware
Zend\Expressive\Router\Middleware\ImplicitOptionsMiddleware
Zend\Expressive\Middleware\LazyLoadingMiddleware
Zend\Expressive\Router\Middleware\MethodNotAllowedMiddleware
Zend\Expressive\Middleware\LazyLoadingMiddleware
Zend\Expressive\Helper\UrlHelperMiddleware
Zend\Expressive\Middleware\LazyLoadingMiddleware
Zend\Expressive\Router\Middleware\DispatchMiddleware
Zend\Expressive\Middleware\LazyLoadingMiddleware
Amazium\SampleApp\UI\Web\Page\Card\Index
Zend\Expressive\Middleware\LazyLoadingMiddleware
Zend\Stratigility\Middleware\ErrorHandler
Zend\Expressive\Middleware\LazyLoadingMiddleware
Zend\Expressive\Helper\ServerUrlMiddleware
Zend\Expressive\Middleware\LazyLoadingMiddleware
Zend\Expressive\Session\SessionMiddleware
Zend\Expressive\Middleware\LazyLoadingMiddleware
Amazium\Kernel\Application\Context\ApplicationContextMiddleware
Zend\Expressive\Middleware\LazyLoadingMiddleware
Zend\Expressive\Router\Middleware\RouteMiddleware
Zend\Expressive\Middleware\LazyLoadingMiddleware
Zend\Expressive\Router\Middleware\ImplicitHeadMiddleware
Zend\Expressive\Middleware\LazyLoadingMiddleware
Zend\Expressive\Router\Middleware\ImplicitOptionsMiddleware
Zend\Expressive\Middleware\LazyLoadingMiddleware
Zend\Expressive\Router\Middleware\MethodNotAllowedMiddleware
Zend\Expressive\Middleware\LazyLoadingMiddleware
Zend\Expressive\Helper\UrlHelperMiddleware
Zend\Expressive\Middleware\LazyLoadingMiddleware
Zend\Expressive\Router\Middleware\DispatchMiddleware
Zend\Expressive\Middleware\LazyLoadingMiddleware
Amazium\SampleApp\UI\Web\Page\Identity\Index
Zend\Expressive\Middleware\LazyLoadingMiddleware
Zend\Stratigility\Middleware\ErrorHandler
Zend\Expressive\Middleware\LazyLoadingMiddleware
Zend\Expressive\Helper\ServerUrlMiddleware
Zend\Expressive\Middleware\LazyLoadingMiddleware
Zend\Expressive\Session\SessionMiddleware
Zend\Expressive\Middleware\LazyLoadingMiddleware
Amazium\Kernel\Application\Context\ApplicationContextMiddleware
Zend\Expressive\Middleware\LazyLoadingMiddleware
Zend\Expressive\Router\Middleware\RouteMiddleware
Zend\Expressive\Middleware\LazyLoadingMiddleware
Zend\Expressive\Router\Middleware\ImplicitHeadMiddleware
Zend\Expressive\Middleware\LazyLoadingMiddleware
Zend\Expressive\Router\Middleware\ImplicitOptionsMiddleware
Zend\Expressive\Middleware\LazyLoadingMiddleware
Zend\Expressive\Router\Middleware\MethodNotAllowedMiddleware
Zend\Expressive\Middleware\LazyLoadingMiddleware
Zend\Expressive\Helper\UrlHelperMiddleware
Zend\Expressive\Middleware\LazyLoadingMiddleware
Zend\Expressive\Router\Middleware\DispatchMiddleware
Zend\Expressive\Middleware\LazyLoadingMiddleware
Amazium\SampleApp\UI\Web\Page\Identity\Destroy
Zend\Expressive\Middleware\LazyLoadingMiddleware
Zend\Stratigility\Middleware\ErrorHandler
Zend\Expressive\Middleware\LazyLoadingMiddleware
Zend\Expressive\Helper\ServerUrlMiddleware
Zend\Expressive\Middleware\LazyLoadingMiddleware
Zend\Expressive\Session\SessionMiddleware
Zend\Expressive\Middleware\LazyLoadingMiddleware
Amazium\Kernel\Application\Context\ApplicationContextMiddleware
Zend\Expressive\Middleware\LazyLoadingMiddleware
Zend\Expressive\Router\Middleware\RouteMiddleware
Zend\Expressive\Middleware\LazyLoadingMiddleware
Zend\Expressive\Router\Middleware\ImplicitHeadMiddleware
Zend\Expressive\Middleware\LazyLoadingMiddleware
Zend\Expressive\Router\Middleware\ImplicitOptionsMiddleware
Zend\Expressive\Middleware\LazyLoadingMiddleware
Zend\Expressive\Router\Middleware\MethodNotAllowedMiddleware
Zend\Expressive\Middleware\LazyLoadingMiddleware
Zend\Expressive\Helper\UrlHelperMiddleware
Zend\Expressive\Middleware\LazyLoadingMiddleware
Zend\Expressive\Router\Middleware\DispatchMiddleware
Zend\Expressive\Middleware\LazyLoadingMiddleware
Amazium\SampleApp\UI\Web\Page\Identity\Index
Zend\Expressive\Middleware\LazyLoadingMiddleware
Zend\Stratigility\Middleware\ErrorHandler
Zend\Expressive\Middleware\LazyLoadingMiddleware
Zend\Expressive\Helper\ServerUrlMiddleware
Zend\Expressive\Middleware\LazyLoadingMiddleware
Zend\Expressive\Session\SessionMiddleware
Zend\Expressive\Middleware\LazyLoadingMiddleware
Amazium\Kernel\Application\Context\ApplicationContextMiddleware
Zend\Expressive\Middleware\LazyLoadingMiddleware
Zend\Expressive\Router\Middleware\RouteMiddleware
Zend\Expressive\Middleware\LazyLoadingMiddleware
Zend\Expressive\Router\Middleware\ImplicitHeadMiddleware
Zend\Expressive\Middleware\LazyLoadingMiddleware
Zend\Expressive\Router\Middleware\ImplicitOptionsMiddleware
Zend\Expressive\Middleware\LazyLoadingMiddleware
Zend\Expressive\Router\Middleware\MethodNotAllowedMiddleware
Zend\Expressive\Middleware\LazyLoadingMiddleware
Zend\Expressive\Helper\UrlHelperMiddleware
Zend\Expressive\Middleware\LazyLoadingMiddleware
Zend\Expressive\Router\Middleware\DispatchMiddleware
Zend\Expressive\Middleware\LazyLoadingMiddleware
Amazium\SampleApp\UI\Web\Page\Identity\Index
Zend\Expressive\Middleware\LazyLoadingMiddleware
Zend\Stratigility\Middleware\ErrorHandler
Zend\Expressive\Middleware\LazyLoadingMiddleware
Zend\Expressive\Helper\ServerUrlMiddleware
Zend\Expressive\Middleware\LazyLoadingMiddleware
Zend\Expressive\Session\SessionMiddleware
Zend\Expressive\Middleware\LazyLoadingMiddleware
Amazium\Kernel\Application\Context\ApplicationContextMiddleware
Zend\Expressive\Middleware\LazyLoadingMiddleware
Zend\Expressive\Router\Middleware\RouteMiddleware
Zend\Expressive\Middleware\LazyLoadingMiddleware
Zend\Expressive\Router\Middleware\ImplicitHeadMiddleware
Zend\Expressive\Middleware\LazyLoadingMiddleware
Zend\Expressive\Router\Middleware\ImplicitOptionsMiddleware
Zend\Expressive\Middleware\LazyLoadingMiddleware
Zend\Expressive\Router\Middleware\MethodNotAllowedMiddleware
Zend\Expressive\Middleware\LazyLoadingMiddleware
Zend\Expressive\Helper\UrlHelperMiddleware
Zend\Expressive\Middleware\LazyLoadingMiddleware
Zend\Expressive\Router\Middleware\DispatchMiddleware
Zend\Expressive\Middleware\LazyLoadingMiddleware
Amazium\SampleApp\UI\Web\Page\Identity\Index
Zend\Expressive\Middleware\LazyLoadingMiddleware
Zend\Stratigility\Middleware\ErrorHandler
Zend\Expressive\Middleware\LazyLoadingMiddleware
Zend\Expressive\Helper\ServerUrlMiddleware
Zend\Expressive\Middleware\LazyLoadingMiddleware
Zend\Expressive\Session\SessionMiddleware
Zend\Expressive\Middleware\LazyLoadingMiddleware
Amazium\Kernel\Application\Context\ApplicationContextMiddleware
Zend\Expressive\Middleware\LazyLoadingMiddleware
Zend\Expressive\Router\Middleware\RouteMiddleware
Zend\Expressive\Middleware\LazyLoadingMiddleware
Zend\Expressive\Router\Middleware\ImplicitHeadMiddleware
Zend\Expressive\Middleware\LazyLoadingMiddleware
Zend\Expressive\Router\Middleware\ImplicitOptionsMiddleware
Zend\Expressive\Middleware\LazyLoadingMiddleware
Zend\Expressive\Router\Middleware\MethodNotAllowedMiddleware
Zend\Expressive\Middleware\LazyLoadingMiddleware
Zend\Expressive\Helper\UrlHelperMiddleware
Zend\Expressive\Middleware\LazyLoadingMiddleware
Zend\Expressive\Router\Middleware\DispatchMiddleware
Zend\Expressive\Middleware\LazyLoadingMiddleware
Amazium\SampleApp\UI\Web\Page\Identity\Index
Zend\Expressive\Middleware\LazyLoadingMiddleware
Zend\Stratigility\Middleware\ErrorHandler
Zend\Expressive\Middleware\LazyLoadingMiddleware
Zend\Expressive\Helper\ServerUrlMiddleware
Zend\Expressive\Middleware\LazyLoadingMiddleware
Zend\Expressive\Session\SessionMiddleware
Zend\Expressive\Middleware\LazyLoadingMiddleware
Amazium\Kernel\Application\Context\ApplicationContextMiddleware
Zend\Expressive\Middleware\LazyLoadingMiddleware
Zend\Expressive\Router\Middleware\RouteMiddleware
Zend\Expressive\Middleware\LazyLoadingMiddleware
Zend\Expressive\Router\Middleware\ImplicitHeadMiddleware
Zend\Expressive\Middleware\LazyLoadingMiddleware
Zend\Expressive\Router\Middleware\ImplicitOptionsMiddleware
Zend\Expressive\Middleware\LazyLoadingMiddleware
Zend\Expressive\Router\Middleware\MethodNotAllowedMiddleware
Zend\Expressive\Middleware\LazyLoadingMiddleware
Zend\Expressive\Helper\UrlHelperMiddleware
Zend\Expressive\Middleware\LazyLoadingMiddleware
Zend\Expressive\Router\Middleware\DispatchMiddleware
Zend\Expressive\Middleware\LazyLoadingMiddleware
Amazium\SampleApp\UI\Web\Page\Card\Index
Zend\Expressive\Middleware\LazyLoadingMiddleware
Zend\Stratigility\Middleware\ErrorHandler
Zend\Expressive\Middleware\LazyLoadingMiddleware
Zend\Expressive\Helper\ServerUrlMiddleware
Zend\Expressive\Middleware\LazyLoadingMiddleware
Zend\Expressive\Session\SessionMiddleware
Zend\Expressive\Middleware\LazyLoadingMiddleware
Amazium\Kernel\Application\Context\ApplicationContextMiddleware
Zend\Expressive\Middleware\LazyLoadingMiddleware
Zend\Expressive\Router\Middleware\RouteMiddleware
Zend\Expressive\Middleware\LazyLoadingMiddleware
Zend\Expressive\Router\Middleware\ImplicitHeadMiddleware
Zend\Expressive\Middleware\LazyLoadingMiddleware
Zend\Expressive\Router\Middleware\ImplicitOptionsMiddleware
Zend\Expressive\Middleware\LazyLoadingMiddleware
Zend\Expressive\Router\Middleware\MethodNotAllowedMiddleware
Zend\Expressive\Middleware\LazyLoadingMiddleware
Zend\Expressive\Helper\UrlHelperMiddleware
Zend\Expressive\Middleware\LazyLoadingMiddleware
Zend\Expressive\Router\Middleware\DispatchMiddleware
Zend\Expressive\Middleware\LazyLoadingMiddleware
Amazium\SampleApp\UI\Web\Page\Card\Index
Zend\Expressive\Middleware\LazyLoadingMiddleware
Zend\Stratigility\Middleware\ErrorHandler
Zend\Expressive\Middleware\LazyLoadingMiddleware
Zend\Expressive\Helper\ServerUrlMiddleware
Zend\Expressive\Middleware\LazyLoadingMiddleware
Zend\Expressive\Session\SessionMiddleware
Zend\Expressive\Middleware\LazyLoadingMiddleware
Amazium\Kernel\Application\Context\ApplicationContextMiddleware
Zend\Expressive\Middleware\LazyLoadingMiddleware
Zend\Expressive\Router\Middleware\RouteMiddleware
Zend\Expressive\Middleware\LazyLoadingMiddleware
Zend\Expressive\Router\Middleware\ImplicitHeadMiddleware
Zend\Expressive\Middleware\LazyLoadingMiddleware
Zend\Expressive\Router\Middleware\ImplicitOptionsMiddleware
Zend\Expressive\Middleware\LazyLoadingMiddleware
Zend\Expressive\Router\Middleware\MethodNotAllowedMiddleware
Zend\Expressive\Middleware\LazyLoadingMiddleware
Zend\Expressive\Helper\UrlHelperMiddleware
Zend\Expressive\Middleware\LazyLoadingMiddleware
Zend\Expressive\Router\Middleware\DispatchMiddleware
Zend\Expressive\Middleware\LazyLoadingMiddleware
Amazium\SampleApp\UI\Web\Page\Address\Index
Zend\Expressive\Middleware\LazyLoadingMiddleware
Zend\Stratigility\Middleware\ErrorHandler
Zend\Expressive\Middleware\LazyLoadingMiddleware
Zend\Expressive\Helper\ServerUrlMiddleware
Zend\Expressive\Middleware\LazyLoadingMiddleware
Zend\Expressive\Session\SessionMiddleware
Zend\Expressive\Middleware\LazyLoadingMiddleware
Amazium\Kernel\Application\Context\ApplicationContextMiddleware
Zend\Expressive\Middleware\LazyLoadingMiddleware
Zend\Expressive\Router\Middleware\RouteMiddleware
Zend\Expressive\Middleware\LazyLoadingMiddleware
Zend\Expressive\Router\Middleware\ImplicitHeadMiddleware
Zend\Expressive\Middleware\LazyLoadingMiddleware
Zend\Expressive\Router\Middleware\ImplicitOptionsMiddleware
Zend\Expressive\Middleware\LazyLoadingMiddleware
Zend\Expressive\Router\Middleware\MethodNotAllowedMiddleware
Zend\Expressive\Middleware\LazyLoadingMiddleware
Zend\Expressive\Helper\UrlHelperMiddleware
Zend\Expressive\Middleware\LazyLoadingMiddleware
Zend\Expressive\Router\Middleware\DispatchMiddleware
Zend\Expressive\Middleware\LazyLoadingMiddleware
Amazium\SampleApp\UI\Web\Page\Identity\Index
Zend\Expressive\Middleware\LazyLoadingMiddleware
Zend\Stratigility\Middleware\ErrorHandler
Zend\Expressive\Middleware\LazyLoadingMiddleware
Zend\Expressive\Helper\ServerUrlMiddleware
Zend\Expressive\Middleware\LazyLoadingMiddleware
Zend\Expressive\Session\SessionMiddleware
Zend\Expressive\Middleware\LazyLoadingMiddleware
Amazium\Kernel\Application\Context\ApplicationContextMiddleware
Zend\Expressive\Middleware\LazyLoadingMiddleware
Zend\Expressive\Router\Middleware\RouteMiddleware
Zend\Expressive\Middleware\LazyLoadingMiddleware
Zend\Expressive\Router\Middleware\ImplicitHeadMiddleware
Zend\Expressive\Middleware\LazyLoadingMiddleware
Zend\Expressive\Router\Middleware\ImplicitOptionsMiddleware
Zend\Expressive\Middleware\LazyLoadingMiddleware
Zend\Expressive\Router\Middleware\MethodNotAllowedMiddleware
Zend\Expressive\Middleware\LazyLoadingMiddleware
Zend\Expressive\Helper\UrlHelperMiddleware
Zend\Expressive\Middleware\LazyLoadingMiddleware
Zend\Expressive\Router\Middleware\DispatchMiddleware
Zend\Expressive\Middleware\LazyLoadingMiddleware
Amazium\SampleApp\UI\Web\Page\Address\Index
Zend\Expressive\Middleware\LazyLoadingMiddleware
Zend\Stratigility\Middleware\ErrorHandler
Zend\Expressive\Middleware\LazyLoadingMiddleware
Zend\Expressive\Helper\ServerUrlMiddleware
Zend\Expressive\Middleware\LazyLoadingMiddleware
Zend\Expressive\Session\SessionMiddleware
Zend\Expressive\Middleware\LazyLoadingMiddleware
Amazium\Kernel\Application\Context\ApplicationContextMiddleware
Zend\Expressive\Middleware\LazyLoadingMiddleware
Zend\Expressive\Router\Middleware\RouteMiddleware
Zend\Expressive\Middleware\LazyLoadingMiddleware
Zend\Expressive\Router\Middleware\ImplicitHeadMiddleware
Zend\Expressive\Middleware\LazyLoadingMiddleware
Zend\Expressive\Router\Middleware\ImplicitOptionsMiddleware
Zend\Expressive\Middleware\LazyLoadingMiddleware
Zend\Expressive\Router\Middleware\MethodNotAllowedMiddleware
Zend\Expressive\Middleware\LazyLoadingMiddleware
Zend\Expressive\Helper\UrlHelperMiddleware
Zend\Expressive\Middleware\LazyLoadingMiddleware
Zend\Expressive\Router\Middleware\DispatchMiddleware
Zend\Expressive\Middleware\LazyLoadingMiddleware
Amazium\SampleApp\UI\Web\Page\Address\Index
Zend\Expressive\Middleware\LazyLoadingMiddleware
Zend\Stratigility\Middleware\ErrorHandler
Zend\Expressive\Middleware\LazyLoadingMiddleware
Zend\Expressive\Helper\ServerUrlMiddleware
Zend\Expressive\Middleware\LazyLoadingMiddleware
Zend\Expressive\Session\SessionMiddleware
Zend\Expressive\Middleware\LazyLoadingMiddleware
Amazium\Kernel\Application\Context\ApplicationContextMiddleware
Zend\Expressive\Middleware\LazyLoadingMiddleware
Zend\Expressive\Router\Middleware\RouteMiddleware
Zend\Expressive\Middleware\LazyLoadingMiddleware
Zend\Expressive\Router\Middleware\ImplicitHeadMiddleware
Zend\Expressive\Middleware\LazyLoadingMiddleware
Zend\Expressive\Router\Middleware\ImplicitOptionsMiddleware
Zend\Expressive\Middleware\LazyLoadingMiddleware
Zend\Expressive\Router\Middleware\MethodNotAllowedMiddleware
Zend\Expressive\Middleware\LazyLoadingMiddleware
Zend\Expressive\Helper\UrlHelperMiddleware
Zend\Expressive\Middleware\LazyLoadingMiddleware
Zend\Expressive\Router\Middleware\DispatchMiddleware
Zend\Expressive\Middleware\LazyLoadingMiddleware
Amazium\SampleApp\UI\Web\Page\Address\Index
Zend\Expressive\Middleware\LazyLoadingMiddleware
Zend\Stratigility\Middleware\ErrorHandler
Zend\Expressive\Middleware\LazyLoadingMiddleware
Zend\Expressive\Helper\ServerUrlMiddleware
Zend\Expressive\Middleware\LazyLoadingMiddleware
Zend\Expressive\Session\SessionMiddleware
Zend\Expressive\Middleware\LazyLoadingMiddleware
Amazium\Kernel\Application\Context\ApplicationContextMiddleware
Zend\Expressive\Middleware\LazyLoadingMiddleware
Zend\Expressive\Router\Middleware\RouteMiddleware
Zend\Expressive\Middleware\LazyLoadingMiddleware
Zend\Expressive\Router\Middleware\ImplicitHeadMiddleware
Zend\Expressive\Middleware\LazyLoadingMiddleware
Zend\Expressive\Router\Middleware\ImplicitOptionsMiddleware
Zend\Expressive\Middleware\LazyLoadingMiddleware
Zend\Expressive\Router\Middleware\MethodNotAllowedMiddleware
Zend\Expressive\Middleware\LazyLoadingMiddleware
Zend\Expressive\Helper\UrlHelperMiddleware
Zend\Expressive\Middleware\LazyLoadingMiddleware
Zend\Expressive\Router\Middleware\DispatchMiddleware
Zend\Expressive\Middleware\LazyLoadingMiddleware
Amazium\SampleApp\UI\Web\Page\Identity\Index
Zend\Expressive\Middleware\LazyLoadingMiddleware
Zend\Stratigility\Middleware\ErrorHandler
Zend\Expressive\Middleware\LazyLoadingMiddleware
Zend\Expressive\Helper\ServerUrlMiddleware
Zend\Expressive\Middleware\LazyLoadingMiddleware
Zend\Expressive\Session\SessionMiddleware
Zend\Expressive\Middleware\LazyLoadingMiddleware
Amazium\Kernel\Application\Context\ApplicationContextMiddleware
Zend\Expressive\Middleware\LazyLoadingMiddleware
Zend\Expressive\Router\Middleware\RouteMiddleware
Zend\Expressive\Middleware\LazyLoadingMiddleware
Zend\Expressive\Router\Middleware\ImplicitHeadMiddleware
Zend\Expressive\Middleware\LazyLoadingMiddleware
Zend\Expressive\Router\Middleware\ImplicitOptionsMiddleware
Zend\Expressive\Middleware\LazyLoadingMiddleware
Zend\Expressive\Router\Middleware\MethodNotAllowedMiddleware
Zend\Expressive\Middleware\LazyLoadingMiddleware
Zend\Expressive\Helper\UrlHelperMiddleware
Zend\Expressive\Middleware\LazyLoadingMiddleware
Zend\Expressive\Router\Middleware\DispatchMiddleware
Zend\Expressive\Middleware\LazyLoadingMiddleware
Amazium\SampleApp\UI\Web\Page\BankAccount\Index
Zend\Expressive\Middleware\LazyLoadingMiddleware
Zend\Stratigility\Middleware\ErrorHandler
Zend\Expressive\Middleware\LazyLoadingMiddleware
Zend\Expressive\Helper\ServerUrlMiddleware
Zend\Expressive\Middleware\LazyLoadingMiddleware
Zend\Expressive\Session\SessionMiddleware
Zend\Expressive\Middleware\LazyLoadingMiddleware
Amazium\Kernel\Application\Context\ApplicationContextMiddleware
Zend\Expressive\Middleware\LazyLoadingMiddleware
Zend\Expressive\Router\Middleware\RouteMiddleware
Zend\Expressive\Middleware\LazyLoadingMiddleware
Zend\Expressive\Router\Middleware\ImplicitHeadMiddleware
Zend\Expressive\Middleware\LazyLoadingMiddleware
Zend\Expressive\Router\Middleware\ImplicitOptionsMiddleware
Zend\Expressive\Middleware\LazyLoadingMiddleware
Zend\Expressive\Router\Middleware\MethodNotAllowedMiddleware
Zend\Expressive\Middleware\LazyLoadingMiddleware
Zend\Expressive\Helper\UrlHelperMiddleware
Zend\Expressive\Middleware\LazyLoadingMiddleware
Zend\Expressive\Router\Middleware\DispatchMiddleware
Zend\Expressive\Middleware\LazyLoadingMiddleware
Amazium\SampleApp\UI\Web\Page\Identity\Index
Zend\Expressive\Middleware\LazyLoadingMiddleware
Zend\Stratigility\Middleware\ErrorHandler
Zend\Expressive\Middleware\LazyLoadingMiddleware
Zend\Expressive\Helper\ServerUrlMiddleware
Zend\Expressive\Middleware\LazyLoadingMiddleware
Zend\Expressive\Session\SessionMiddleware
Zend\Expressive\Middleware\LazyLoadingMiddleware
Amazium\Kernel\Application\Context\ApplicationContextMiddleware
Zend\Expressive\Middleware\LazyLoadingMiddleware
Zend\Expressive\Router\Middleware\RouteMiddleware
Zend\Expressive\Middleware\LazyLoadingMiddleware
Zend\Expressive\Router\Middleware\ImplicitHeadMiddleware
Zend\Expressive\Middleware\LazyLoadingMiddleware
Zend\Expressive\Router\Middleware\ImplicitOptionsMiddleware
Zend\Expressive\Middleware\LazyLoadingMiddleware
Zend\Expressive\Router\Middleware\MethodNotAllowedMiddleware
Zend\Expressive\Middleware\LazyLoadingMiddleware
Zend\Expressive\Helper\UrlHelperMiddleware
Zend\Expressive\Middleware\LazyLoadingMiddleware
Zend\Expressive\Router\Middleware\DispatchMiddleware
Zend\Expressive\Middleware\LazyLoadingMiddleware
Amazium\SampleApp\UI\Web\Page\Phone\Index
Zend\Expressive\Middleware\LazyLoadingMiddleware
Zend\Stratigility\Middleware\ErrorHandler
Zend\Expressive\Middleware\LazyLoadingMiddleware
Zend\Expressive\Helper\ServerUrlMiddleware
Zend\Expressive\Middleware\LazyLoadingMiddleware
Zend\Expressive\Session\SessionMiddleware
Zend\Expressive\Middleware\LazyLoadingMiddleware
Amazium\Kernel\Application\Context\ApplicationContextMiddleware
Zend\Expressive\Middleware\LazyLoadingMiddleware
Zend\Expressive\Router\Middleware\RouteMiddleware
Zend\Expressive\Middleware\LazyLoadingMiddleware
Zend\Expressive\Router\Middleware\ImplicitHeadMiddleware
Zend\Expressive\Middleware\LazyLoadingMiddleware
Zend\Expressive\Router\Middleware\ImplicitOptionsMiddleware
Zend\Expressive\Middleware\LazyLoadingMiddleware
Zend\Expressive\Router\Middleware\MethodNotAllowedMiddleware
Zend\Expressive\Middleware\LazyLoadingMiddleware
Zend\Expressive\Helper\UrlHelperMiddleware
Zend\Expressive\Middleware\LazyLoadingMiddleware
Zend\Expressive\Router\Middleware\DispatchMiddleware
Zend\Expressive\Middleware\LazyLoadingMiddleware
Amazium\SampleApp\UI\Web\Page\Phone\Index
Zend\Expressive\Middleware\LazyLoadingMiddleware
Zend\Stratigility\Middleware\ErrorHandler
Zend\Expressive\Middleware\LazyLoadingMiddleware
Zend\Expressive\Helper\ServerUrlMiddleware
Zend\Expressive\Middleware\LazyLoadingMiddleware
Zend\Expressive\Session\SessionMiddleware
Zend\Expressive\Middleware\LazyLoadingMiddleware
Amazium\Kernel\Application\Context\ApplicationContextMiddleware
Zend\Expressive\Middleware\LazyLoadingMiddleware
Zend\Expressive\Router\Middleware\RouteMiddleware
Zend\Expressive\Middleware\LazyLoadingMiddleware
Zend\Expressive\Router\Middleware\ImplicitHeadMiddleware
Zend\Expressive\Middleware\LazyLoadingMiddleware
Zend\Expressive\Router\Middleware\ImplicitOptionsMiddleware
Zend\Expressive\Middleware\LazyLoadingMiddleware
Zend\Expressive\Router\Middleware\MethodNotAllowedMiddleware
Zend\Expressive\Middleware\LazyLoadingMiddleware
Zend\Expressive\Helper\UrlHelperMiddleware
Zend\Expressive\Middleware\LazyLoadingMiddleware
Zend\Expressive\Router\Middleware\DispatchMiddleware
Zend\Expressive\Middleware\LazyLoadingMiddleware
Amazium\SampleApp\UI\Web\Page\Address\Index
Zend\Expressive\Middleware\LazyLoadingMiddleware
Zend\Stratigility\Middleware\ErrorHandler
Zend\Expressive\Middleware\LazyLoadingMiddleware
Zend\Expressive\Helper\ServerUrlMiddleware
Zend\Expressive\Middleware\LazyLoadingMiddleware
Zend\Expressive\Session\SessionMiddleware
Zend\Expressive\Middleware\LazyLoadingMiddleware
Amazium\Kernel\Application\Context\ApplicationContextMiddleware
Zend\Expressive\Middleware\LazyLoadingMiddleware
Zend\Expressive\Router\Middleware\RouteMiddleware
Zend\Expressive\Middleware\LazyLoadingMiddleware
Zend\Expressive\Router\Middleware\ImplicitHeadMiddleware
Zend\Expressive\Middleware\LazyLoadingMiddleware
Zend\Expressive\Router\Middleware\ImplicitOptionsMiddleware
Zend\Expressive\Middleware\LazyLoadingMiddleware
Zend\Expressive\Router\Middleware\MethodNotAllowedMiddleware
Zend\Expressive\Middleware\LazyLoadingMiddleware
Zend\Expressive\Helper\UrlHelperMiddleware
Zend\Expressive\Middleware\LazyLoadingMiddleware
Zend\Expressive\Router\Middleware\DispatchMiddleware
Zend\Expressive\Middleware\LazyLoadingMiddleware
Amazium\SampleApp\UI\Web\Page\BankAccount\Index
Zend\Expressive\Middleware\LazyLoadingMiddleware
Zend\Stratigility\Middleware\ErrorHandler
Zend\Expressive\Middleware\LazyLoadingMiddleware
Zend\Expressive\Helper\ServerUrlMiddleware
Zend\Expressive\Middleware\LazyLoadingMiddleware
Zend\Expressive\Session\SessionMiddleware
Zend\Expressive\Middleware\LazyLoadingMiddleware
Amazium\Kernel\Application\Context\ApplicationContextMiddleware
Zend\Expressive\Middleware\LazyLoadingMiddleware
Zend\Expressive\Router\Middleware\RouteMiddleware
Zend\Expressive\Middleware\LazyLoadingMiddleware
Zend\Expressive\Router\Middleware\ImplicitHeadMiddleware
Zend\Expressive\Middleware\LazyLoadingMiddleware
Zend\Expressive\Router\Middleware\ImplicitOptionsMiddleware
Zend\Expressive\Middleware\LazyLoadingMiddleware
Zend\Expressive\Router\Middleware\MethodNotAllowedMiddleware
Zend\Expressive\Middleware\LazyLoadingMiddleware
Zend\Expressive\Helper\UrlHelperMiddleware
Zend\Expressive\Middleware\LazyLoadingMiddleware
Zend\Expressive\Router\Middleware\DispatchMiddleware
Zend\Expressive\Middleware\LazyLoadingMiddleware
Amazium\SampleApp\UI\Web\Page\Card\Index
Zend\Expressive\Middleware\LazyLoadingMiddleware
Zend\Stratigility\Middleware\ErrorHandler
Zend\Expressive\Middleware\LazyLoadingMiddleware
Zend\Expressive\Helper\ServerUrlMiddleware
Zend\Expressive\Middleware\LazyLoadingMiddleware
Zend\Expressive\Session\SessionMiddleware
Zend\Expressive\Middleware\LazyLoadingMiddleware
Amazium\Kernel\Application\Context\ApplicationContextMiddleware
Zend\Expressive\Middleware\LazyLoadingMiddleware
Zend\Expressive\Router\Middleware\RouteMiddleware
Zend\Expressive\Middleware\LazyLoadingMiddleware
Zend\Expressive\Router\Middleware\ImplicitHeadMiddleware
Zend\Expressive\Middleware\LazyLoadingMiddleware
Zend\Expressive\Router\Middleware\ImplicitOptionsMiddleware
Zend\Expressive\Middleware\LazyLoadingMiddleware
Zend\Expressive\Router\Middleware\MethodNotAllowedMiddleware
Zend\Expressive\Middleware\LazyLoadingMiddleware
Zend\Expressive\Helper\UrlHelperMiddleware
Zend\Expressive\Middleware\LazyLoadingMiddleware
Zend\Expressive\Router\Middleware\DispatchMiddleware
Zend\Expressive\Middleware\LazyLoadingMiddleware
Amazium\SampleApp\UI\Web\Page\Phone\Index
Zend\Expressive\Middleware\LazyLoadingMiddleware
Zend\Stratigility\Middleware\ErrorHandler
Zend\Expressive\Middleware\LazyLoadingMiddleware
Zend\Expressive\Helper\ServerUrlMiddleware
Zend\Expressive\Middleware\LazyLoadingMiddleware
Zend\Expressive\Session\SessionMiddleware
Zend\Expressive\Middleware\LazyLoadingMiddleware
Amazium\Kernel\Application\Context\ApplicationContextMiddleware
Zend\Expressive\Middleware\LazyLoadingMiddleware
Zend\Expressive\Router\Middleware\RouteMiddleware
Zend\Expressive\Middleware\LazyLoadingMiddleware
Zend\Expressive\Router\Middleware\ImplicitHeadMiddleware
Zend\Expressive\Middleware\LazyLoadingMiddleware
Zend\Expressive\Router\Middleware\ImplicitOptionsMiddleware
Zend\Expressive\Middleware\LazyLoadingMiddleware
Zend\Expressive\Router\Middleware\MethodNotAllowedMiddleware
Zend\Expressive\Middleware\LazyLoadingMiddleware
Zend\Expressive\Helper\UrlHelperMiddleware
Zend\Expressive\Middleware\LazyLoadingMiddleware
Zend\Expressive\Router\Middleware\DispatchMiddleware
Zend\Expressive\Middleware\LazyLoadingMiddleware
Amazium\SampleApp\UI\Web\Page\Card\Index
Zend\Expressive\Middleware\LazyLoadingMiddleware
Zend\Stratigility\Middleware\ErrorHandler
Zend\Expressive\Middleware\LazyLoadingMiddleware
Zend\Expressive\Helper\ServerUrlMiddleware
Zend\Expressive\Middleware\LazyLoadingMiddleware
Zend\Expressive\Session\SessionMiddleware
Zend\Expressive\Middleware\LazyLoadingMiddleware
Amazium\Kernel\Application\Context\ApplicationContextMiddleware
Zend\Expressive\Middleware\LazyLoadingMiddleware
Zend\Expressive\Router\Middleware\RouteMiddleware
Zend\Expressive\Middleware\LazyLoadingMiddleware
Zend\Expressive\Router\Middleware\ImplicitHeadMiddleware
Zend\Expressive\Middleware\LazyLoadingMiddleware
Zend\Expressive\Router\Middleware\ImplicitOptionsMiddleware
Zend\Expressive\Middleware\LazyLoadingMiddleware
Zend\Expressive\Router\Middleware\MethodNotAllowedMiddleware
Zend\Expressive\Middleware\LazyLoadingMiddleware
Zend\Expressive\Helper\UrlHelperMiddleware
Zend\Expressive\Middleware\LazyLoadingMiddleware
Zend\Expressive\Router\Middleware\DispatchMiddleware
Zend\Expressive\Middleware\LazyLoadingMiddleware
Amazium\SampleApp\UI\Web\Page\BankAccount\Show
Zend\Expressive\Middleware\LazyLoadingMiddleware
Zend\Stratigility\Middleware\ErrorHandler
Zend\Expressive\Middleware\LazyLoadingMiddleware
Zend\Expressive\Helper\ServerUrlMiddleware
Zend\Expressive\Middleware\LazyLoadingMiddleware
Zend\Expressive\Session\SessionMiddleware
Zend\Expressive\Middleware\LazyLoadingMiddleware
Amazium\Kernel\Application\Context\ApplicationContextMiddleware
Zend\Expressive\Middleware\LazyLoadingMiddleware
Zend\Expressive\Router\Middleware\RouteMiddleware
Zend\Expressive\Middleware\LazyLoadingMiddleware
Zend\Expressive\Router\Middleware\ImplicitHeadMiddleware
Zend\Expressive\Middleware\LazyLoadingMiddleware
Zend\Expressive\Router\Middleware\ImplicitOptionsMiddleware
Zend\Expressive\Middleware\LazyLoadingMiddleware
Zend\Expressive\Router\Middleware\MethodNotAllowedMiddleware
Zend\Expressive\Middleware\LazyLoadingMiddleware
Zend\Expressive\Helper\UrlHelperMiddleware
Zend\Expressive\Middleware\LazyLoadingMiddleware
Zend\Expressive\Router\Middleware\DispatchMiddleware
Zend\Expressive\Middleware\LazyLoadingMiddleware
Amazium\SampleApp\UI\Web\Page\Identity\Show
Zend\Expressive\Middleware\LazyLoadingMiddleware
Zend\Stratigility\Middleware\ErrorHandler
Zend\Expressive\Middleware\LazyLoadingMiddleware
Zend\Expressive\Helper\ServerUrlMiddleware
Zend\Expressive\Middleware\LazyLoadingMiddleware
Zend\Expressive\Session\SessionMiddleware
Zend\Expressive\Middleware\LazyLoadingMiddleware
Amazium\Kernel\Application\Context\ApplicationContextMiddleware
Zend\Expressive\Middleware\LazyLoadingMiddleware
Zend\Expressive\Router\Middleware\RouteMiddleware
Zend\Expressive\Middleware\LazyLoadingMiddleware
Zend\Expressive\Router\Middleware\ImplicitHeadMiddleware
Zend\Expressive\Middleware\LazyLoadingMiddleware
Zend\Expressive\Router\Middleware\ImplicitOptionsMiddleware
Zend\Expressive\Middleware\LazyLoadingMiddleware
Zend\Expressive\Router\Middleware\MethodNotAllowedMiddleware
Zend\Expressive\Middleware\LazyLoadingMiddleware
Zend\Expressive\Helper\UrlHelperMiddleware
Zend\Expressive\Middleware\LazyLoadingMiddleware
Zend\Expressive\Router\Middleware\DispatchMiddleware
Zend\Expressive\Middleware\LazyLoadingMiddleware
Amazium\SampleApp\UI\Web\Page\BankAccount\Show
Zend\Expressive\Middleware\LazyLoadingMiddleware
Zend\Stratigility\Middleware\ErrorHandler
Zend\Expressive\Middleware\LazyLoadingMiddleware
Zend\Expressive\Helper\ServerUrlMiddleware
Zend\Expressive\Middleware\LazyLoadingMiddleware
Zend\Expressive\Session\SessionMiddleware
Zend\Expressive\Middleware\LazyLoadingMiddleware
Amazium\Kernel\Application\Context\ApplicationContextMiddleware
Zend\Expressive\Middleware\LazyLoadingMiddleware
Zend\Expressive\Router\Middleware\RouteMiddleware
Zend\Expressive\Middleware\LazyLoadingMiddleware
Zend\Expressive\Router\Middleware\ImplicitHeadMiddleware
Zend\Expressive\Middleware\LazyLoadingMiddleware
Zend\Expressive\Router\Middleware\ImplicitOptionsMiddleware
Zend\Expressive\Middleware\LazyLoadingMiddleware
Zend\Expressive\Router\Middleware\MethodNotAllowedMiddleware
Zend\Expressive\Middleware\LazyLoadingMiddleware
Zend\Expressive\Helper\UrlHelperMiddleware
Zend\Expressive\Middleware\LazyLoadingMiddleware
Zend\Expressive\Router\Middleware\DispatchMiddleware
Zend\Expressive\Middleware\LazyLoadingMiddleware
Amazium\SampleApp\UI\Web\Page\Address\Show
Zend\Expressive\Middleware\LazyLoadingMiddleware
Zend\Stratigility\Middleware\ErrorHandler
Zend\Expressive\Middleware\LazyLoadingMiddleware
Zend\Expressive\Helper\ServerUrlMiddleware
Zend\Expressive\Middleware\LazyLoadingMiddleware
Zend\Expressive\Session\SessionMiddleware
Zend\Expressive\Middleware\LazyLoadingMiddleware
Amazium\Kernel\Application\Context\ApplicationContextMiddleware
Zend\Expressive\Middleware\LazyLoadingMiddleware
Zend\Expressive\Router\Middleware\RouteMiddleware
Zend\Expressive\Middleware\LazyLoadingMiddleware
Zend\Expressive\Router\Middleware\ImplicitHeadMiddleware
Zend\Expressive\Middleware\LazyLoadingMiddleware
Zend\Expressive\Router\Middleware\ImplicitOptionsMiddleware
Zend\Expressive\Middleware\LazyLoadingMiddleware
Zend\Expressive\Router\Middleware\MethodNotAllowedMiddleware
Zend\Expressive\Middleware\LazyLoadingMiddleware
Zend\Expressive\Helper\UrlHelperMiddleware
Zend\Expressive\Middleware\LazyLoadingMiddleware
Zend\Expressive\Router\Middleware\DispatchMiddleware
Zend\Expressive\Middleware\LazyLoadingMiddleware
Amazium\SampleApp\UI\Web\Page\Identity\Show
Zend\Expressive\Middleware\LazyLoadingMiddleware
Zend\Stratigility\Middleware\ErrorHandler
Zend\Expressive\Middleware\LazyLoadingMiddleware
Zend\Expressive\Helper\ServerUrlMiddleware
Zend\Expressive\Middleware\LazyLoadingMiddleware
Zend\Expressive\Session\SessionMiddleware
Zend\Expressive\Middleware\LazyLoadingMiddleware
Amazium\Kernel\Application\Context\ApplicationContextMiddleware
Zend\Expressive\Middleware\LazyLoadingMiddleware
Zend\Expressive\Router\Middleware\RouteMiddleware
Zend\Expressive\Middleware\LazyLoadingMiddleware
Zend\Expressive\Router\Middleware\ImplicitHeadMiddleware
Zend\Expressive\Middleware\LazyLoadingMiddleware
Zend\Expressive\Router\Middleware\ImplicitOptionsMiddleware
Zend\Expressive\Middleware\LazyLoadingMiddleware
Zend\Expressive\Router\Middleware\MethodNotAllowedMiddleware
Zend\Expressive\Middleware\LazyLoadingMiddleware
Zend\Expressive\Helper\UrlHelperMiddleware
Zend\Expressive\Middleware\LazyLoadingMiddleware
Zend\Expressive\Router\Middleware\DispatchMiddleware
Zend\Expressive\Middleware\LazyLoadingMiddleware
Amazium\SampleApp\UI\Web\Page\Identity\Index
Zend\Expressive\Middleware\LazyLoadingMiddleware
Zend\Stratigility\Middleware\ErrorHandler
Zend\Expressive\Middleware\LazyLoadingMiddleware
Zend\Expressive\Helper\ServerUrlMiddleware
Zend\Expressive\Middleware\LazyLoadingMiddleware
Zend\Expressive\Session\SessionMiddleware
Zend\Expressive\Middleware\LazyLoadingMiddleware
Amazium\Kernel\Application\Context\ApplicationContextMiddleware
Zend\Expressive\Middleware\LazyLoadingMiddleware
Zend\Expressive\Router\Middleware\RouteMiddleware
Zend\Expressive\Middleware\LazyLoadingMiddleware
Zend\Expressive\Router\Middleware\ImplicitHeadMiddleware
Zend\Expressive\Middleware\LazyLoadingMiddleware
Zend\Expressive\Router\Middleware\ImplicitOptionsMiddleware
Zend\Expressive\Middleware\LazyLoadingMiddleware
Zend\Expressive\Router\Middleware\MethodNotAllowedMiddleware
Zend\Expressive\Middleware\LazyLoadingMiddleware
Zend\Expressive\Helper\UrlHelperMiddleware
Zend\Expressive\Middleware\LazyLoadingMiddleware
Zend\Expressive\Router\Middleware\DispatchMiddleware
Zend\Expressive\Middleware\LazyLoadingMiddleware
Amazium\Frontend\UI\Web\Page\Home
Zend\Expressive\Middleware\LazyLoadingMiddleware
Zend\Stratigility\Middleware\ErrorHandler
Zend\Expressive\Middleware\LazyLoadingMiddleware
Zend\Expressive\Helper\ServerUrlMiddleware
Zend\Expressive\Middleware\LazyLoadingMiddleware
Zend\Expressive\Session\SessionMiddleware
Zend\Expressive\Middleware\LazyLoadingMiddleware
Amazium\Kernel\Application\Context\ApplicationContextMiddleware
Zend\Expressive\Middleware\LazyLoadingMiddleware
Zend\Expressive\Router\Middleware\RouteMiddleware
Zend\Expressive\Middleware\LazyLoadingMiddleware
Zend\Expressive\Router\Middleware\ImplicitHeadMiddleware
Zend\Expressive\Middleware\LazyLoadingMiddleware
Zend\Expressive\Router\Middleware\ImplicitOptionsMiddleware
Zend\Expressive\Middleware\LazyLoadingMiddleware
Zend\Expressive\Router\Middleware\MethodNotAllowedMiddleware
Zend\Expressive\Middleware\LazyLoadingMiddleware
Zend\Expressive\Helper\UrlHelperMiddleware
Zend\Expressive\Middleware\LazyLoadingMiddleware
Zend\Expressive\Router\Middleware\DispatchMiddleware
Zend\Expressive\Middleware\LazyLoadingMiddleware
Amazium\SampleApp\UI\Web\Page\Address\Index
Zend\Expressive\Middleware\LazyLoadingMiddleware
Zend\Stratigility\Middleware\ErrorHandler
Zend\Expressive\Middleware\LazyLoadingMiddleware
Zend\Expressive\Helper\ServerUrlMiddleware
Zend\Expressive\Middleware\LazyLoadingMiddleware
Zend\Expressive\Session\SessionMiddleware
Zend\Expressive\Middleware\LazyLoadingMiddleware
Amazium\Kernel\Application\Context\ApplicationContextMiddleware
Zend\Expressive\Middleware\LazyLoadingMiddleware
Zend\Expressive\Router\Middleware\RouteMiddleware
Zend\Expressive\Middleware\LazyLoadingMiddleware
Zend\Expressive\Router\Middleware\ImplicitHeadMiddleware
Zend\Expressive\Middleware\LazyLoadingMiddleware
Zend\Expressive\Router\Middleware\ImplicitOptionsMiddleware
Zend\Expressive\Middleware\LazyLoadingMiddleware
Zend\Expressive\Router\Middleware\MethodNotAllowedMiddleware
Zend\Expressive\Middleware\LazyLoadingMiddleware
Zend\Expressive\Helper\UrlHelperMiddleware
Zend\Expressive\Middleware\LazyLoadingMiddleware
Zend\Expressive\Router\Middleware\DispatchMiddleware
Zend\Expressive\Middleware\LazyLoadingMiddleware
Amazium\SampleApp\UI\Web\Page\Identity\Index
Zend\Expressive\Middleware\LazyLoadingMiddleware
Zend\Stratigility\Middleware\ErrorHandler
Zend\Expressive\Middleware\LazyLoadingMiddleware
Zend\Expressive\Helper\ServerUrlMiddleware
Zend\Expressive\Middleware\LazyLoadingMiddleware
Zend\Expressive\Session\SessionMiddleware
Zend\Expressive\Middleware\LazyLoadingMiddleware
Amazium\Kernel\Application\Context\ApplicationContextMiddleware
Zend\Expressive\Middleware\LazyLoadingMiddleware
Zend\Expressive\Router\Middleware\RouteMiddleware
Zend\Expressive\Middleware\LazyLoadingMiddleware
Zend\Expressive\Router\Middleware\ImplicitHeadMiddleware
Zend\Expressive\Middleware\LazyLoadingMiddleware
Zend\Expressive\Router\Middleware\ImplicitOptionsMiddleware
Zend\Expressive\Middleware\LazyLoadingMiddleware
Zend\Expressive\Router\Middleware\MethodNotAllowedMiddleware
Zend\Expressive\Middleware\LazyLoadingMiddleware
Zend\Expressive\Helper\UrlHelperMiddleware
Zend\Expressive\Middleware\LazyLoadingMiddleware
Zend\Expressive\Router\Middleware\DispatchMiddleware
Zend\Expressive\Middleware\LazyLoadingMiddleware
Amazium\SampleApp\UI\Web\Page\Identity\Create
Zend\Expressive\Middleware\LazyLoadingMiddleware
Zend\Stratigility\Middleware\ErrorHandler
Zend\Expressive\Middleware\LazyLoadingMiddleware
Zend\Expressive\Helper\ServerUrlMiddleware
Zend\Expressive\Middleware\LazyLoadingMiddleware
Zend\Expressive\Session\SessionMiddleware
Zend\Expressive\Middleware\LazyLoadingMiddleware
Amazium\Kernel\Application\Context\ApplicationContextMiddleware
Zend\Expressive\Middleware\LazyLoadingMiddleware
Zend\Expressive\Router\Middleware\RouteMiddleware
Zend\Expressive\Middleware\LazyLoadingMiddleware
Zend\Expressive\Router\Middleware\ImplicitHeadMiddleware
Zend\Expressive\Middleware\LazyLoadingMiddleware
Zend\Expressive\Router\Middleware\ImplicitOptionsMiddleware
Zend\Expressive\Middleware\LazyLoadingMiddleware
Zend\Expressive\Router\Middleware\MethodNotAllowedMiddleware
Zend\Expressive\Middleware\LazyLoadingMiddleware
Zend\Expressive\Helper\UrlHelperMiddleware
Zend\Expressive\Middleware\LazyLoadingMiddleware
Zend\Expressive\Router\Middleware\DispatchMiddleware
Zend\Expressive\Middleware\LazyLoadingMiddleware
Amazium\SampleApp\UI\Web\Page\Identity\Index
Zend\Expressive\Middleware\LazyLoadingMiddleware
Zend\Stratigility\Middleware\ErrorHandler
Zend\Expressive\Middleware\LazyLoadingMiddleware
Zend\Expressive\Helper\ServerUrlMiddleware
Zend\Expressive\Middleware\LazyLoadingMiddleware
Zend\Expressive\Session\SessionMiddleware
Zend\Expressive\Middleware\LazyLoadingMiddleware
Amazium\Kernel\Application\Context\ApplicationContextMiddleware
Zend\Expressive\Middleware\LazyLoadingMiddleware
Zend\Expressive\Router\Middleware\RouteMiddleware
Zend\Expressive\Middleware\LazyLoadingMiddleware
Zend\Expressive\Router\Middleware\ImplicitHeadMiddleware
Zend\Expressive\Middleware\LazyLoadingMiddleware
Zend\Expressive\Router\Middleware\ImplicitOptionsMiddleware
Zend\Expressive\Middleware\LazyLoadingMiddleware
Zend\Expressive\Router\Middleware\MethodNotAllowedMiddleware
Zend\Expressive\Middleware\LazyLoadingMiddleware
Zend\Expressive\Helper\UrlHelperMiddleware
Zend\Expressive\Middleware\LazyLoadingMiddleware
Zend\Expressive\Router\Middleware\DispatchMiddleware
Zend\Expressive\Middleware\LazyLoadingMiddleware
Amazium\SampleApp\UI\Web\Page\Address\Index
Zend\Expressive\Middleware\LazyLoadingMiddleware
Zend\Stratigility\Middleware\ErrorHandler
Zend\Expressive\Middleware\LazyLoadingMiddleware
Zend\Expressive\Helper\ServerUrlMiddleware
Zend\Expressive\Middleware\LazyLoadingMiddleware
Zend\Expressive\Session\SessionMiddleware
Zend\Expressive\Middleware\LazyLoadingMiddleware
Amazium\Kernel\Application\Context\ApplicationContextMiddleware
Zend\Expressive\Middleware\LazyLoadingMiddleware
Zend\Expressive\Router\Middleware\RouteMiddleware
Zend\Expressive\Middleware\LazyLoadingMiddleware
Zend\Expressive\Router\Middleware\ImplicitHeadMiddleware
Zend\Expressive\Middleware\LazyLoadingMiddleware
Zend\Expressive\Router\Middleware\ImplicitOptionsMiddleware
Zend\Expressive\Middleware\LazyLoadingMiddleware
Zend\Expressive\Router\Middleware\MethodNotAllowedMiddleware
Zend\Expressive\Middleware\LazyLoadingMiddleware
Zend\Expressive\Helper\UrlHelperMiddleware
Zend\Expressive\Middleware\LazyLoadingMiddleware
Zend\Expressive\Router\Middleware\DispatchMiddleware
Zend\Expressive\Middleware\LazyLoadingMiddleware
Amazium\SampleApp\UI\Web\Page\Address\Index
Zend\Expressive\Middleware\LazyLoadingMiddleware
Zend\Stratigility\Middleware\ErrorHandler
Zend\Expressive\Middleware\LazyLoadingMiddleware
Zend\Expressive\Helper\ServerUrlMiddleware
Zend\Expressive\Middleware\LazyLoadingMiddleware
Zend\Expressive\Session\SessionMiddleware
Zend\Expressive\Middleware\LazyLoadingMiddleware
Amazium\Kernel\Application\Context\ApplicationContextMiddleware
Zend\Expressive\Middleware\LazyLoadingMiddleware
Zend\Expressive\Router\Middleware\RouteMiddleware
Zend\Expressive\Middleware\LazyLoadingMiddleware
Zend\Expressive\Router\Middleware\ImplicitHeadMiddleware
Zend\Expressive\Middleware\LazyLoadingMiddleware
Zend\Expressive\Router\Middleware\ImplicitOptionsMiddleware
Zend\Expressive\Middleware\LazyLoadingMiddleware
Zend\Expressive\Router\Middleware\MethodNotAllowedMiddleware
Zend\Expressive\Middleware\LazyLoadingMiddleware
Zend\Expressive\Helper\UrlHelperMiddleware
Zend\Expressive\Middleware\LazyLoadingMiddleware
Zend\Expressive\Router\Middleware\DispatchMiddleware
Zend\Expressive\Middleware\LazyLoadingMiddleware
Amazium\SampleApp\UI\Web\Page\Address\Index
Zend\Expressive\Middleware\LazyLoadingMiddleware
Zend\Stratigility\Middleware\ErrorHandler
Zend\Expressive\Middleware\LazyLoadingMiddleware
Zend\Expressive\Helper\ServerUrlMiddleware
Zend\Expressive\Middleware\LazyLoadingMiddleware
Zend\Expressive\Session\SessionMiddleware
Zend\Expressive\Middleware\LazyLoadingMiddleware
Amazium\Kernel\Application\Context\ApplicationContextMiddleware
Zend\Expressive\Middleware\LazyLoadingMiddleware
Zend\Expressive\Router\Middleware\RouteMiddleware
Zend\Expressive\Middleware\LazyLoadingMiddleware
Zend\Expressive\Router\Middleware\ImplicitHeadMiddleware
Zend\Expressive\Middleware\LazyLoadingMiddleware
Zend\Expressive\Router\Middleware\ImplicitOptionsMiddleware
Zend\Expressive\Middleware\LazyLoadingMiddleware
Zend\Expressive\Router\Middleware\MethodNotAllowedMiddleware
Zend\Expressive\Middleware\LazyLoadingMiddleware
Zend\Expressive\Helper\UrlHelperMiddleware
Zend\Expressive\Middleware\LazyLoadingMiddleware
Zend\Expressive\Router\Middleware\DispatchMiddleware
Zend\Expressive\Middleware\LazyLoadingMiddleware
Amazium\SampleApp\UI\Web\Page\Identity\Index
Zend\Expressive\Middleware\LazyLoadingMiddleware
Zend\Stratigility\Middleware\ErrorHandler
Zend\Expressive\Middleware\LazyLoadingMiddleware
Zend\Expressive\Helper\ServerUrlMiddleware
Zend\Expressive\Middleware\LazyLoadingMiddleware
Zend\Expressive\Session\SessionMiddleware
Zend\Expressive\Middleware\LazyLoadingMiddleware
Amazium\Kernel\Application\Context\ApplicationContextMiddleware
Zend\Expressive\Middleware\LazyLoadingMiddleware
Zend\Expressive\Router\Middleware\RouteMiddleware
Zend\Expressive\Middleware\LazyLoadingMiddleware
Zend\Expressive\Router\Middleware\ImplicitHeadMiddleware
Zend\Expressive\Middleware\LazyLoadingMiddleware
Zend\Expressive\Router\Middleware\ImplicitOptionsMiddleware
Zend\Expressive\Middleware\LazyLoadingMiddleware
Zend\Expressive\Router\Middleware\MethodNotAllowedMiddleware
Zend\Expressive\Middleware\LazyLoadingMiddleware
Zend\Expressive\Helper\UrlHelperMiddleware
Zend\Expressive\Middleware\LazyLoadingMiddleware
Zend\Expressive\Router\Middleware\DispatchMiddleware
Zend\Expressive\Middleware\LazyLoadingMiddleware
Amazium\SampleApp\UI\Web\Page\Address\Index
Zend\Expressive\Middleware\LazyLoadingMiddleware
Zend\Stratigility\Middleware\ErrorHandler
Zend\Expressive\Middleware\LazyLoadingMiddleware
Zend\Expressive\Helper\ServerUrlMiddleware
Zend\Expressive\Middleware\LazyLoadingMiddleware
Zend\Expressive\Session\SessionMiddleware
Zend\Expressive\Middleware\LazyLoadingMiddleware
Amazium\Kernel\Application\Context\ApplicationContextMiddleware
Zend\Expressive\Middleware\LazyLoadingMiddleware
Zend\Expressive\Router\Middleware\RouteMiddleware
Zend\Expressive\Middleware\LazyLoadingMiddleware
Zend\Expressive\Router\Middleware\ImplicitHeadMiddleware
Zend\Expressive\Middleware\LazyLoadingMiddleware
Zend\Expressive\Router\Middleware\ImplicitOptionsMiddleware
Zend\Expressive\Middleware\LazyLoadingMiddleware
Zend\Expressive\Router\Middleware\MethodNotAllowedMiddleware
Zend\Expressive\Middleware\LazyLoadingMiddleware
Zend\Expressive\Helper\UrlHelperMiddleware
Zend\Expressive\Middleware\LazyLoadingMiddleware
Zend\Expressive\Router\Middleware\DispatchMiddleware
Zend\Expressive\Middleware\LazyLoadingMiddleware
Amazium\SampleApp\UI\Web\Page\Phone\Index
Zend\Expressive\Middleware\LazyLoadingMiddleware
Zend\Stratigility\Middleware\ErrorHandler
Zend\Expressive\Middleware\LazyLoadingMiddleware
Zend\Expressive\Helper\ServerUrlMiddleware
Zend\Expressive\Middleware\LazyLoadingMiddleware
Zend\Expressive\Session\SessionMiddleware
Zend\Expressive\Middleware\LazyLoadingMiddleware
Amazium\Kernel\Application\Context\ApplicationContextMiddleware
Zend\Expressive\Middleware\LazyLoadingMiddleware
Zend\Expressive\Router\Middleware\RouteMiddleware
Zend\Expressive\Middleware\LazyLoadingMiddleware
Zend\Expressive\Router\Middleware\ImplicitHeadMiddleware
Zend\Expressive\Middleware\LazyLoadingMiddleware
Zend\Expressive\Router\Middleware\ImplicitOptionsMiddleware
Zend\Expressive\Middleware\LazyLoadingMiddleware
Zend\Expressive\Router\Middleware\MethodNotAllowedMiddleware
Zend\Expressive\Middleware\LazyLoadingMiddleware
Zend\Expressive\Helper\UrlHelperMiddleware
Zend\Expressive\Middleware\LazyLoadingMiddleware
Zend\Expressive\Router\Middleware\DispatchMiddleware
Zend\Expressive\Middleware\LazyLoadingMiddleware
Amazium\SampleApp\UI\Web\Page\Phone\Index
Zend\Expressive\Middleware\LazyLoadingMiddleware
Zend\Stratigility\Middleware\ErrorHandler
Zend\Expressive\Middleware\LazyLoadingMiddleware
Zend\Expressive\Helper\ServerUrlMiddleware
Zend\Expressive\Middleware\LazyLoadingMiddleware
Zend\Expressive\Session\SessionMiddleware
Zend\Expressive\Middleware\LazyLoadingMiddleware
Amazium\Kernel\Application\Context\ApplicationContextMiddleware
Zend\Expressive\Middleware\LazyLoadingMiddleware
Zend\Expressive\Router\Middleware\RouteMiddleware
Zend\Expressive\Middleware\LazyLoadingMiddleware
Zend\Expressive\Router\Middleware\ImplicitHeadMiddleware
Zend\Expressive\Middleware\LazyLoadingMiddleware
Zend\Expressive\Router\Middleware\ImplicitOptionsMiddleware
Zend\Expressive\Middleware\LazyLoadingMiddleware
Zend\Expressive\Router\Middleware\MethodNotAllowedMiddleware
Zend\Expressive\Middleware\LazyLoadingMiddleware
Zend\Expressive\Helper\UrlHelperMiddleware
Zend\Expressive\Middleware\LazyLoadingMiddleware
Zend\Expressive\Router\Middleware\DispatchMiddleware
Zend\Expressive\Middleware\LazyLoadingMiddleware
Amazium\SampleApp\UI\Web\Page\Phone\Index
Zend\Expressive\Middleware\LazyLoadingMiddleware
Zend\Stratigility\Middleware\ErrorHandler
Zend\Expressive\Middleware\LazyLoadingMiddleware
Zend\Expressive\Helper\ServerUrlMiddleware
Zend\Expressive\Middleware\LazyLoadingMiddleware
Zend\Expressive\Session\SessionMiddleware
Zend\Expressive\Middleware\LazyLoadingMiddleware
Amazium\Kernel\Application\Context\ApplicationContextMiddleware
Zend\Expressive\Middleware\LazyLoadingMiddleware
Zend\Expressive\Router\Middleware\RouteMiddleware
Zend\Expressive\Middleware\LazyLoadingMiddleware
Zend\Expressive\Router\Middleware\ImplicitHeadMiddleware
Zend\Expressive\Middleware\LazyLoadingMiddleware
Zend\Expressive\Router\Middleware\ImplicitOptionsMiddleware
Zend\Expressive\Middleware\LazyLoadingMiddleware
Zend\Expressive\Router\Middleware\MethodNotAllowedMiddleware
Zend\Expressive\Middleware\LazyLoadingMiddleware
Zend\Expressive\Helper\UrlHelperMiddleware
Zend\Expressive\Middleware\LazyLoadingMiddleware
Zend\Expressive\Router\Middleware\DispatchMiddleware
Zend\Expressive\Middleware\LazyLoadingMiddleware
Amazium\SampleApp\UI\Web\Page\Phone\Edit
Zend\Expressive\Middleware\LazyLoadingMiddleware
Zend\Stratigility\Middleware\ErrorHandler
Zend\Expressive\Middleware\LazyLoadingMiddleware
Zend\Expressive\Helper\ServerUrlMiddleware
Zend\Expressive\Middleware\LazyLoadingMiddleware
Zend\Expressive\Session\SessionMiddleware
Zend\Expressive\Middleware\LazyLoadingMiddleware
Amazium\Kernel\Application\Context\ApplicationContextMiddleware
Zend\Expressive\Middleware\LazyLoadingMiddleware
Zend\Expressive\Router\Middleware\RouteMiddleware
Zend\Expressive\Middleware\LazyLoadingMiddleware
Zend\Expressive\Router\Middleware\ImplicitHeadMiddleware
Zend\Expressive\Middleware\LazyLoadingMiddleware
Zend\Expressive\Router\Middleware\ImplicitOptionsMiddleware
Zend\Expressive\Middleware\LazyLoadingMiddleware
Zend\Expressive\Router\Middleware\MethodNotAllowedMiddleware
Zend\Expressive\Middleware\LazyLoadingMiddleware
Zend\Expressive\Helper\UrlHelperMiddleware
Zend\Expressive\Middleware\LazyLoadingMiddleware
Zend\Expressive\Router\Middleware\DispatchMiddleware
Zend\Expressive\Middleware\LazyLoadingMiddleware
Amazium\SampleApp\UI\Web\Page\Phone\Index
Zend\Expressive\Middleware\LazyLoadingMiddleware
Zend\Stratigility\Middleware\ErrorHandler
Zend\Expressive\Middleware\LazyLoadingMiddleware
Zend\Expressive\Helper\ServerUrlMiddleware
Zend\Expressive\Middleware\LazyLoadingMiddleware
Zend\Expressive\Session\SessionMiddleware
Zend\Expressive\Middleware\LazyLoadingMiddleware
Amazium\Kernel\Application\Context\ApplicationContextMiddleware
Zend\Expressive\Middleware\LazyLoadingMiddleware
Zend\Expressive\Router\Middleware\RouteMiddleware
Zend\Expressive\Middleware\LazyLoadingMiddleware
Zend\Expressive\Router\Middleware\ImplicitHeadMiddleware
Zend\Expressive\Middleware\LazyLoadingMiddleware
Zend\Expressive\Router\Middleware\ImplicitOptionsMiddleware
Zend\Expressive\Middleware\LazyLoadingMiddleware
Zend\Expressive\Router\Middleware\MethodNotAllowedMiddleware
Zend\Expressive\Middleware\LazyLoadingMiddleware
Zend\Expressive\Helper\UrlHelperMiddleware
Zend\Expressive\Middleware\LazyLoadingMiddleware
Zend\Expressive\Router\Middleware\DispatchMiddleware
Zend\Expressive\Middleware\LazyLoadingMiddleware
Amazium\SampleApp\UI\Web\Page\Phone\Index
Zend\Expressive\Middleware\LazyLoadingMiddleware
Zend\Stratigility\Middleware\ErrorHandler
Zend\Expressive\Middleware\LazyLoadingMiddleware
Zend\Expressive\Helper\ServerUrlMiddleware
Zend\Expressive\Middleware\LazyLoadingMiddleware
Zend\Expressive\Session\SessionMiddleware
Zend\Expressive\Middleware\LazyLoadingMiddleware
Amazium\Kernel\Application\Context\ApplicationContextMiddleware
Zend\Expressive\Middleware\LazyLoadingMiddleware
Zend\Expressive\Router\Middleware\RouteMiddleware
Zend\Expressive\Middleware\LazyLoadingMiddleware
Zend\Expressive\Router\Middleware\ImplicitHeadMiddleware
Zend\Expressive\Middleware\LazyLoadingMiddleware
Zend\Expressive\Router\Middleware\ImplicitOptionsMiddleware
Zend\Expressive\Middleware\LazyLoadingMiddleware
Zend\Expressive\Router\Middleware\MethodNotAllowedMiddleware
Zend\Expressive\Middleware\LazyLoadingMiddleware
Zend\Expressive\Helper\UrlHelperMiddleware
Zend\Expressive\Middleware\LazyLoadingMiddleware
Zend\Expressive\Router\Middleware\DispatchMiddleware
Zend\Expressive\Middleware\LazyLoadingMiddleware
Amazium\SampleApp\UI\Web\Page\Address\Index
Zend\Expressive\Middleware\LazyLoadingMiddleware
Zend\Stratigility\Middleware\ErrorHandler
Zend\Expressive\Middleware\LazyLoadingMiddleware
Zend\Expressive\Helper\ServerUrlMiddleware
Zend\Expressive\Middleware\LazyLoadingMiddleware
Zend\Expressive\Session\SessionMiddleware
Zend\Expressive\Middleware\LazyLoadingMiddleware
Amazium\Kernel\Application\Context\ApplicationContextMiddleware
Zend\Expressive\Middleware\LazyLoadingMiddleware
Zend\Expressive\Router\Middleware\RouteMiddleware
Zend\Expressive\Middleware\LazyLoadingMiddleware
Zend\Expressive\Router\Middleware\ImplicitHeadMiddleware
Zend\Expressive\Middleware\LazyLoadingMiddleware
Zend\Expressive\Router\Middleware\ImplicitOptionsMiddleware
Zend\Expressive\Middleware\LazyLoadingMiddleware
Zend\Expressive\Router\Middleware\MethodNotAllowedMiddleware
Zend\Expressive\Middleware\LazyLoadingMiddleware
Zend\Expressive\Helper\UrlHelperMiddleware
Zend\Expressive\Middleware\LazyLoadingMiddleware
Zend\Expressive\Router\Middleware\DispatchMiddleware
Zend\Expressive\Middleware\LazyLoadingMiddleware
Amazium\SampleApp\UI\Web\Page\Address\Show
Zend\Expressive\Middleware\LazyLoadingMiddleware
Zend\Stratigility\Middleware\ErrorHandler
Zend\Expressive\Middleware\LazyLoadingMiddleware
Zend\Expressive\Helper\ServerUrlMiddleware
Zend\Expressive\Middleware\LazyLoadingMiddleware
Zend\Expressive\Session\SessionMiddleware
Zend\Expressive\Middleware\LazyLoadingMiddleware
Amazium\Kernel\Application\Context\ApplicationContextMiddleware
Zend\Expressive\Middleware\LazyLoadingMiddleware
Zend\Expressive\Router\Middleware\RouteMiddleware
Zend\Expressive\Middleware\LazyLoadingMiddleware
Zend\Expressive\Router\Middleware\ImplicitHeadMiddleware
Zend\Expressive\Middleware\LazyLoadingMiddleware
Zend\Expressive\Router\Middleware\ImplicitOptionsMiddleware
Zend\Expressive\Middleware\LazyLoadingMiddleware
Zend\Expressive\Router\Middleware\MethodNotAllowedMiddleware
Zend\Expressive\Middleware\LazyLoadingMiddleware
Zend\Expressive\Helper\UrlHelperMiddleware
Zend\Expressive\Middleware\LazyLoadingMiddleware
Zend\Expressive\Router\Middleware\DispatchMiddleware
Zend\Expressive\Middleware\LazyLoadingMiddleware
Amazium\SampleApp\UI\Web\Page\Address\Index
Zend\Expressive\Middleware\LazyLoadingMiddleware
Zend\Stratigility\Middleware\ErrorHandler
Zend\Expressive\Middleware\LazyLoadingMiddleware
Zend\Expressive\Helper\ServerUrlMiddleware
Zend\Expressive\Middleware\LazyLoadingMiddleware
Zend\Expressive\Session\SessionMiddleware
Zend\Expressive\Middleware\LazyLoadingMiddleware
Amazium\Kernel\Application\Context\ApplicationContextMiddleware
Zend\Expressive\Middleware\LazyLoadingMiddleware
Zend\Expressive\Router\Middleware\RouteMiddleware
Zend\Expressive\Middleware\LazyLoadingMiddleware
Zend\Expressive\Router\Middleware\ImplicitHeadMiddleware
Zend\Expressive\Middleware\LazyLoadingMiddleware
Zend\Expressive\Router\Middleware\ImplicitOptionsMiddleware
Zend\Expressive\Middleware\LazyLoadingMiddleware
Zend\Expressive\Router\Middleware\MethodNotAllowedMiddleware
Zend\Expressive\Middleware\LazyLoadingMiddleware
Zend\Expressive\Helper\UrlHelperMiddleware
Zend\Expressive\Middleware\LazyLoadingMiddleware
Zend\Expressive\Router\Middleware\DispatchMiddleware
Zend\Expressive\Middleware\LazyLoadingMiddleware
Amazium\SampleApp\UI\Web\Page\BankAccount\Index
Zend\Expressive\Middleware\LazyLoadingMiddleware
Zend\Stratigility\Middleware\ErrorHandler
Zend\Expressive\Middleware\LazyLoadingMiddleware
Zend\Expressive\Helper\ServerUrlMiddleware
Zend\Expressive\Middleware\LazyLoadingMiddleware
Zend\Expressive\Session\SessionMiddleware
Zend\Expressive\Middleware\LazyLoadingMiddleware
Amazium\Kernel\Application\Context\ApplicationContextMiddleware
Zend\Expressive\Middleware\LazyLoadingMiddleware
Zend\Expressive\Router\Middleware\RouteMiddleware
Zend\Expressive\Middleware\LazyLoadingMiddleware
Zend\Expressive\Router\Middleware\ImplicitHeadMiddleware
Zend\Expressive\Middleware\LazyLoadingMiddleware
Zend\Expressive\Router\Middleware\ImplicitOptionsMiddleware
Zend\Expressive\Middleware\LazyLoadingMiddleware
Zend\Expressive\Router\Middleware\MethodNotAllowedMiddleware
Zend\Expressive\Middleware\LazyLoadingMiddleware
Zend\Expressive\Helper\UrlHelperMiddleware
Zend\Expressive\Middleware\LazyLoadingMiddleware
Zend\Expressive\Router\Middleware\DispatchMiddleware
Zend\Expressive\Middleware\LazyLoadingMiddleware
Amazium\SampleApp\UI\Web\Page\BankAccount\Show
Zend\Expressive\Middleware\LazyLoadingMiddleware
Zend\Stratigility\Middleware\ErrorHandler
Zend\Expressive\Middleware\LazyLoadingMiddleware
Zend\Expressive\Helper\ServerUrlMiddleware
Zend\Expressive\Middleware\LazyLoadingMiddleware
Zend\Expressive\Session\SessionMiddleware
Zend\Expressive\Middleware\LazyLoadingMiddleware
Amazium\Kernel\Application\Context\ApplicationContextMiddleware
Zend\Expressive\Middleware\LazyLoadingMiddleware
Zend\Expressive\Router\Middleware\RouteMiddleware
Zend\Expressive\Middleware\LazyLoadingMiddleware
Zend\Expressive\Router\Middleware\ImplicitHeadMiddleware
Zend\Expressive\Middleware\LazyLoadingMiddleware
Zend\Expressive\Router\Middleware\ImplicitOptionsMiddleware
Zend\Expressive\Middleware\LazyLoadingMiddleware
Zend\Expressive\Router\Middleware\MethodNotAllowedMiddleware
Zend\Expressive\Middleware\LazyLoadingMiddleware
Zend\Expressive\Helper\UrlHelperMiddleware
Zend\Expressive\Middleware\LazyLoadingMiddleware
Zend\Expressive\Router\Middleware\DispatchMiddleware
Zend\Expressive\Middleware\LazyLoadingMiddleware
Amazium\SampleApp\UI\Web\Page\Identity\Show
Zend\Expressive\Middleware\LazyLoadingMiddleware
Zend\Stratigility\Middleware\ErrorHandler
Zend\Expressive\Middleware\LazyLoadingMiddleware
Zend\Expressive\Helper\ServerUrlMiddleware
Zend\Expressive\Middleware\LazyLoadingMiddleware
Zend\Expressive\Session\SessionMiddleware
Zend\Expressive\Middleware\LazyLoadingMiddleware
Amazium\Kernel\Application\Context\ApplicationContextMiddleware
Zend\Expressive\Middleware\LazyLoadingMiddleware
Zend\Expressive\Router\Middleware\RouteMiddleware
Zend\Expressive\Middleware\LazyLoadingMiddleware
Zend\Expressive\Router\Middleware\ImplicitHeadMiddleware
Zend\Expressive\Middleware\LazyLoadingMiddleware
Zend\Expressive\Router\Middleware\ImplicitOptionsMiddleware
Zend\Expressive\Middleware\LazyLoadingMiddleware
Zend\Expressive\Router\Middleware\MethodNotAllowedMiddleware
Zend\Expressive\Middleware\LazyLoadingMiddleware
Zend\Expressive\Helper\UrlHelperMiddleware
Zend\Expressive\Middleware\LazyLoadingMiddleware
Zend\Expressive\Router\Middleware\DispatchMiddleware
Zend\Expressive\Middleware\LazyLoadingMiddleware
Amazium\SampleApp\UI\Web\Page\Identity\Index
Zend\Expressive\Middleware\LazyLoadingMiddleware
Zend\Stratigility\Middleware\ErrorHandler
Zend\Expressive\Middleware\LazyLoadingMiddleware
Zend\Expressive\Helper\ServerUrlMiddleware
Zend\Expressive\Middleware\LazyLoadingMiddleware
Zend\Expressive\Session\SessionMiddleware
Zend\Expressive\Middleware\LazyLoadingMiddleware
Amazium\Kernel\Application\Context\ApplicationContextMiddleware
Zend\Expressive\Middleware\LazyLoadingMiddleware
Zend\Expressive\Router\Middleware\RouteMiddleware
Zend\Expressive\Middleware\LazyLoadingMiddleware
Zend\Expressive\Router\Middleware\ImplicitHeadMiddleware
Zend\Expressive\Middleware\LazyLoadingMiddleware
Zend\Expressive\Router\Middleware\ImplicitOptionsMiddleware
Zend\Expressive\Middleware\LazyLoadingMiddleware
Zend\Expressive\Router\Middleware\MethodNotAllowedMiddleware
Zend\Expressive\Middleware\LazyLoadingMiddleware
Zend\Expressive\Helper\UrlHelperMiddleware
Zend\Expressive\Middleware\LazyLoadingMiddleware
Zend\Expressive\Router\Middleware\DispatchMiddleware
Zend\Expressive\Middleware\LazyLoadingMiddleware
Amazium\SampleApp\UI\Web\Page\Address\Index
Zend\Expressive\Middleware\LazyLoadingMiddleware
Zend\Stratigility\Middleware\ErrorHandler
Zend\Expressive\Middleware\LazyLoadingMiddleware
Zend\Expressive\Helper\ServerUrlMiddleware
Zend\Expressive\Middleware\LazyLoadingMiddleware
Zend\Expressive\Session\SessionMiddleware
Zend\Expressive\Middleware\LazyLoadingMiddleware
Amazium\Kernel\Application\Context\ApplicationContextMiddleware
Zend\Expressive\Middleware\LazyLoadingMiddleware
Zend\Expressive\Router\Middleware\RouteMiddleware
Zend\Expressive\Middleware\LazyLoadingMiddleware
Zend\Expressive\Router\Middleware\ImplicitHeadMiddleware
Zend\Expressive\Middleware\LazyLoadingMiddleware
Zend\Expressive\Router\Middleware\ImplicitOptionsMiddleware
Zend\Expressive\Middleware\LazyLoadingMiddleware
Zend\Expressive\Router\Middleware\MethodNotAllowedMiddleware
Zend\Expressive\Middleware\LazyLoadingMiddleware
Zend\Expressive\Helper\UrlHelperMiddleware
Zend\Expressive\Middleware\LazyLoadingMiddleware
Zend\Expressive\Router\Middleware\DispatchMiddleware
Zend\Expressive\Middleware\LazyLoadingMiddleware
Amazium\SampleApp\UI\Web\Page\Address\Destroy
Zend\Expressive\Middleware\LazyLoadingMiddleware
Zend\Stratigility\Middleware\ErrorHandler
Zend\Expressive\Middleware\LazyLoadingMiddleware
Zend\Expressive\Helper\ServerUrlMiddleware
Zend\Expressive\Middleware\LazyLoadingMiddleware
Zend\Expressive\Session\SessionMiddleware
Zend\Expressive\Middleware\LazyLoadingMiddleware
Amazium\Kernel\Application\Context\ApplicationContextMiddleware
Zend\Expressive\Middleware\LazyLoadingMiddleware
Zend\Expressive\Router\Middleware\RouteMiddleware
Zend\Expressive\Middleware\LazyLoadingMiddleware
Zend\Expressive\Router\Middleware\ImplicitHeadMiddleware
Zend\Expressive\Middleware\LazyLoadingMiddleware
Zend\Expressive\Router\Middleware\ImplicitOptionsMiddleware
Zend\Expressive\Middleware\LazyLoadingMiddleware
Zend\Expressive\Router\Middleware\MethodNotAllowedMiddleware
Zend\Expressive\Middleware\LazyLoadingMiddleware
Zend\Expressive\Helper\UrlHelperMiddleware
Zend\Expressive\Middleware\LazyLoadingMiddleware
Zend\Expressive\Router\Middleware\DispatchMiddleware
Zend\Expressive\Middleware\LazyLoadingMiddleware
Amazium\SampleApp\UI\Web\Page\Address\Index
Zend\Expressive\Middleware\LazyLoadingMiddleware
Zend\Stratigility\Middleware\ErrorHandler
Zend\Expressive\Middleware\LazyLoadingMiddleware
Zend\Expressive\Helper\ServerUrlMiddleware
Zend\Expressive\Middleware\LazyLoadingMiddleware
Zend\Expressive\Session\SessionMiddleware
Zend\Expressive\Middleware\LazyLoadingMiddleware
Amazium\Kernel\Application\Context\ApplicationContextMiddleware
Zend\Expressive\Middleware\LazyLoadingMiddleware
Zend\Expressive\Router\Middleware\RouteMiddleware
Zend\Expressive\Middleware\LazyLoadingMiddleware
Zend\Expressive\Router\Middleware\ImplicitHeadMiddleware
Zend\Expressive\Middleware\LazyLoadingMiddleware
Zend\Expressive\Router\Middleware\ImplicitOptionsMiddleware
Zend\Expressive\Middleware\LazyLoadingMiddleware
Zend\Expressive\Router\Middleware\MethodNotAllowedMiddleware
Zend\Expressive\Middleware\LazyLoadingMiddleware
Zend\Expressive\Helper\UrlHelperMiddleware
Zend\Expressive\Middleware\LazyLoadingMiddleware
Zend\Expressive\Router\Middleware\DispatchMiddleware
Zend\Expressive\Middleware\LazyLoadingMiddleware
Amazium\SampleApp\UI\Web\Page\Address\Activate
Zend\Expressive\Middleware\LazyLoadingMiddleware
Zend\Stratigility\Middleware\ErrorHandler
Zend\Expressive\Middleware\LazyLoadingMiddleware
Zend\Expressive\Helper\ServerUrlMiddleware
Zend\Expressive\Middleware\LazyLoadingMiddleware
Zend\Expressive\Session\SessionMiddleware
Zend\Expressive\Middleware\LazyLoadingMiddleware
Amazium\Kernel\Application\Context\ApplicationContextMiddleware
Zend\Expressive\Middleware\LazyLoadingMiddleware
Zend\Expressive\Router\Middleware\RouteMiddleware
Zend\Expressive\Middleware\LazyLoadingMiddleware
Zend\Expressive\Router\Middleware\ImplicitHeadMiddleware
Zend\Expressive\Middleware\LazyLoadingMiddleware
Zend\Expressive\Router\Middleware\ImplicitOptionsMiddleware
Zend\Expressive\Middleware\LazyLoadingMiddleware
Zend\Expressive\Router\Middleware\MethodNotAllowedMiddleware
Zend\Expressive\Middleware\LazyLoadingMiddleware
Zend\Expressive\Helper\UrlHelperMiddleware
Zend\Expressive\Middleware\LazyLoadingMiddleware
Zend\Expressive\Router\Middleware\DispatchMiddleware
Zend\Expressive\Middleware\LazyLoadingMiddleware
Amazium\SampleApp\UI\Web\Page\Address\Index
Zend\Expressive\Middleware\LazyLoadingMiddleware
Zend\Stratigility\Middleware\ErrorHandler
Zend\Expressive\Middleware\LazyLoadingMiddleware
Zend\Expressive\Helper\ServerUrlMiddleware
Zend\Expressive\Middleware\LazyLoadingMiddleware
Zend\Expressive\Session\SessionMiddleware
Zend\Expressive\Middleware\LazyLoadingMiddleware
Amazium\Kernel\Application\Context\ApplicationContextMiddleware
Zend\Expressive\Middleware\LazyLoadingMiddleware
Zend\Expressive\Router\Middleware\RouteMiddleware
Zend\Expressive\Middleware\LazyLoadingMiddleware
Zend\Expressive\Router\Middleware\ImplicitHeadMiddleware
Zend\Expressive\Middleware\LazyLoadingMiddleware
Zend\Expressive\Router\Middleware\ImplicitOptionsMiddleware
Zend\Expressive\Middleware\LazyLoadingMiddleware
Zend\Expressive\Router\Middleware\MethodNotAllowedMiddleware
Zend\Expressive\Middleware\LazyLoadingMiddleware
Zend\Expressive\Helper\UrlHelperMiddleware
Zend\Expressive\Middleware\LazyLoadingMiddleware
Zend\Expressive\Router\Middleware\DispatchMiddleware
Zend\Expressive\Middleware\LazyLoadingMiddleware
Amazium\SampleApp\UI\Web\Page\Address\Edit
Zend\Expressive\Middleware\LazyLoadingMiddleware
Zend\Stratigility\Middleware\ErrorHandler
Zend\Expressive\Middleware\LazyLoadingMiddleware
Zend\Expressive\Helper\ServerUrlMiddleware
Zend\Expressive\Middleware\LazyLoadingMiddleware
Zend\Expressive\Session\SessionMiddleware
Zend\Expressive\Middleware\LazyLoadingMiddleware
Amazium\Kernel\Application\Context\ApplicationContextMiddleware
Zend\Expressive\Middleware\LazyLoadingMiddleware
Zend\Expressive\Router\Middleware\RouteMiddleware
Zend\Expressive\Middleware\LazyLoadingMiddleware
Zend\Expressive\Router\Middleware\ImplicitHeadMiddleware
Zend\Expressive\Middleware\LazyLoadingMiddleware
Zend\Expressive\Router\Middleware\ImplicitOptionsMiddleware
Zend\Expressive\Middleware\LazyLoadingMiddleware
Zend\Expressive\Router\Middleware\MethodNotAllowedMiddleware
Zend\Expressive\Middleware\LazyLoadingMiddleware
Zend\Expressive\Helper\UrlHelperMiddleware
Zend\Expressive\Middleware\LazyLoadingMiddleware
Zend\Expressive\Router\Middleware\DispatchMiddleware
Zend\Expressive\Middleware\LazyLoadingMiddleware
Amazium\SampleApp\UI\Web\Page\Address\Index
Zend\Expressive\Middleware\LazyLoadingMiddleware
Zend\Stratigility\Middleware\ErrorHandler
Zend\Expressive\Middleware\LazyLoadingMiddleware
Zend\Expressive\Helper\ServerUrlMiddleware
Zend\Expressive\Middleware\LazyLoadingMiddleware
Zend\Expressive\Session\SessionMiddleware
Zend\Expressive\Middleware\LazyLoadingMiddleware
Amazium\Kernel\Application\Context\ApplicationContextMiddleware
Zend\Expressive\Middleware\LazyLoadingMiddleware
Zend\Expressive\Router\Middleware\RouteMiddleware
Zend\Expressive\Middleware\LazyLoadingMiddleware
Zend\Expressive\Router\Middleware\ImplicitHeadMiddleware
Zend\Expressive\Middleware\LazyLoadingMiddleware
Zend\Expressive\Router\Middleware\ImplicitOptionsMiddleware
Zend\Expressive\Middleware\LazyLoadingMiddleware
Zend\Expressive\Router\Middleware\MethodNotAllowedMiddleware
Zend\Expressive\Middleware\LazyLoadingMiddleware
Zend\Expressive\Helper\UrlHelperMiddleware
Zend\Expressive\Middleware\LazyLoadingMiddleware
Zend\Expressive\Router\Middleware\DispatchMiddleware
Zend\Expressive\Middleware\LazyLoadingMiddleware
Amazium\SampleApp\UI\Web\Page\Address\Show
Zend\Expressive\Middleware\LazyLoadingMiddleware
Zend\Stratigility\Middleware\ErrorHandler
Zend\Expressive\Middleware\LazyLoadingMiddleware
Zend\Expressive\Helper\ServerUrlMiddleware
Zend\Expressive\Middleware\LazyLoadingMiddleware
Zend\Expressive\Session\SessionMiddleware
Zend\Expressive\Middleware\LazyLoadingMiddleware
Amazium\Kernel\Application\Context\ApplicationContextMiddleware
Zend\Expressive\Middleware\LazyLoadingMiddleware
Zend\Expressive\Router\Middleware\RouteMiddleware
Zend\Expressive\Middleware\LazyLoadingMiddleware
Zend\Expressive\Router\Middleware\ImplicitHeadMiddleware
Zend\Expressive\Middleware\LazyLoadingMiddleware
Zend\Expressive\Router\Middleware\ImplicitOptionsMiddleware
Zend\Expressive\Middleware\LazyLoadingMiddleware
Zend\Expressive\Router\Middleware\MethodNotAllowedMiddleware
Zend\Expressive\Middleware\LazyLoadingMiddleware
Zend\Expressive\Helper\UrlHelperMiddleware
Zend\Expressive\Middleware\LazyLoadingMiddleware
Zend\Expressive\Router\Middleware\DispatchMiddleware
Zend\Expressive\Middleware\LazyLoadingMiddleware
Amazium\SampleApp\UI\Web\Page\Address\Index
Zend\Expressive\Middleware\LazyLoadingMiddleware
Zend\Stratigility\Middleware\ErrorHandler
Zend\Expressive\Middleware\LazyLoadingMiddleware
Zend\Expressive\Helper\ServerUrlMiddleware
Zend\Expressive\Middleware\LazyLoadingMiddleware
Zend\Expressive\Session\SessionMiddleware
Zend\Expressive\Middleware\LazyLoadingMiddleware
Amazium\Kernel\Application\Context\ApplicationContextMiddleware
Zend\Expressive\Middleware\LazyLoadingMiddleware
Zend\Expressive\Router\Middleware\RouteMiddleware
Zend\Expressive\Middleware\LazyLoadingMiddleware
Zend\Expressive\Router\Middleware\ImplicitHeadMiddleware
Zend\Expressive\Middleware\LazyLoadingMiddleware
Zend\Expressive\Router\Middleware\ImplicitOptionsMiddleware
Zend\Expressive\Middleware\LazyLoadingMiddleware
Zend\Expressive\Router\Middleware\MethodNotAllowedMiddleware
Zend\Expressive\Middleware\LazyLoadingMiddleware
Zend\Expressive\Helper\UrlHelperMiddleware
Zend\Expressive\Middleware\LazyLoadingMiddleware
Zend\Expressive\Router\Middleware\DispatchMiddleware
Zend\Expressive\Middleware\LazyLoadingMiddleware
Amazium\SampleApp\UI\Web\Page\Phone\Index
Zend\Expressive\Middleware\LazyLoadingMiddleware
Zend\Stratigility\Middleware\ErrorHandler
Zend\Expressive\Middleware\LazyLoadingMiddleware
Zend\Expressive\Helper\ServerUrlMiddleware
Zend\Expressive\Middleware\LazyLoadingMiddleware
Zend\Expressive\Session\SessionMiddleware
Zend\Expressive\Middleware\LazyLoadingMiddleware
Amazium\Kernel\Application\Context\ApplicationContextMiddleware
Zend\Expressive\Middleware\LazyLoadingMiddleware
Zend\Expressive\Router\Middleware\RouteMiddleware
Zend\Expressive\Middleware\LazyLoadingMiddleware
Zend\Expressive\Router\Middleware\ImplicitHeadMiddleware
Zend\Expressive\Middleware\LazyLoadingMiddleware
Zend\Expressive\Router\Middleware\ImplicitOptionsMiddleware
Zend\Expressive\Middleware\LazyLoadingMiddleware
Zend\Expressive\Router\Middleware\MethodNotAllowedMiddleware
Zend\Expressive\Middleware\LazyLoadingMiddleware
Zend\Expressive\Helper\UrlHelperMiddleware
Zend\Expressive\Middleware\LazyLoadingMiddleware
Zend\Expressive\Router\Middleware\DispatchMiddleware
Zend\Expressive\Middleware\LazyLoadingMiddleware
Amazium\SampleApp\UI\Web\Page\BankAccount\Index
Zend\Expressive\Middleware\LazyLoadingMiddleware
Zend\Stratigility\Middleware\ErrorHandler
Zend\Expressive\Middleware\LazyLoadingMiddleware
Zend\Expressive\Helper\ServerUrlMiddleware
Zend\Expressive\Middleware\LazyLoadingMiddleware
Zend\Expressive\Session\SessionMiddleware
Zend\Expressive\Middleware\LazyLoadingMiddleware
Amazium\Kernel\Application\Context\ApplicationContextMiddleware
Zend\Expressive\Middleware\LazyLoadingMiddleware
Zend\Expressive\Router\Middleware\RouteMiddleware
Zend\Expressive\Middleware\LazyLoadingMiddleware
Zend\Expressive\Router\Middleware\ImplicitHeadMiddleware
Zend\Expressive\Middleware\LazyLoadingMiddleware
Zend\Expressive\Router\Middleware\ImplicitOptionsMiddleware
Zend\Expressive\Middleware\LazyLoadingMiddleware
Zend\Expressive\Router\Middleware\MethodNotAllowedMiddleware
Zend\Expressive\Middleware\LazyLoadingMiddleware
Zend\Expressive\Helper\UrlHelperMiddleware
Zend\Expressive\Middleware\LazyLoadingMiddleware
Zend\Expressive\Router\Middleware\DispatchMiddleware
Zend\Expressive\Middleware\LazyLoadingMiddleware
Amazium\SampleApp\UI\Web\Page\Identity\Index
Zend\Expressive\Middleware\LazyLoadingMiddleware
Zend\Stratigility\Middleware\ErrorHandler
Zend\Expressive\Middleware\LazyLoadingMiddleware
Zend\Expressive\Helper\ServerUrlMiddleware
Zend\Expressive\Middleware\LazyLoadingMiddleware
Zend\Expressive\Session\SessionMiddleware
Zend\Expressive\Middleware\LazyLoadingMiddleware
Amazium\Kernel\Application\Context\ApplicationContextMiddleware
Zend\Expressive\Middleware\LazyLoadingMiddleware
Zend\Expressive\Router\Middleware\RouteMiddleware
Zend\Expressive\Middleware\LazyLoadingMiddleware
Zend\Expressive\Router\Middleware\ImplicitHeadMiddleware
Zend\Expressive\Middleware\LazyLoadingMiddleware
Zend\Expressive\Router\Middleware\ImplicitOptionsMiddleware
Zend\Expressive\Middleware\LazyLoadingMiddleware
Zend\Expressive\Router\Middleware\MethodNotAllowedMiddleware
Zend\Expressive\Middleware\LazyLoadingMiddleware
Zend\Expressive\Helper\UrlHelperMiddleware
Zend\Expressive\Middleware\LazyLoadingMiddleware
Zend\Expressive\Router\Middleware\DispatchMiddleware
Zend\Expressive\Middleware\LazyLoadingMiddleware
Amazium\SampleApp\UI\Web\Page\Identity\Show
Zend\Expressive\Middleware\LazyLoadingMiddleware
Zend\Stratigility\Middleware\ErrorHandler
Zend\Expressive\Middleware\LazyLoadingMiddleware
Zend\Expressive\Helper\ServerUrlMiddleware
Zend\Expressive\Middleware\LazyLoadingMiddleware
Zend\Expressive\Session\SessionMiddleware
Zend\Expressive\Middleware\LazyLoadingMiddleware
Amazium\Kernel\Application\Context\ApplicationContextMiddleware
Zend\Expressive\Middleware\LazyLoadingMiddleware
Zend\Expressive\Router\Middleware\RouteMiddleware
Zend\Expressive\Middleware\LazyLoadingMiddleware
Zend\Expressive\Router\Middleware\ImplicitHeadMiddleware
Zend\Expressive\Middleware\LazyLoadingMiddleware
Zend\Expressive\Router\Middleware\ImplicitOptionsMiddleware
Zend\Expressive\Middleware\LazyLoadingMiddleware
Zend\Expressive\Router\Middleware\MethodNotAllowedMiddleware
Zend\Expressive\Middleware\LazyLoadingMiddleware
Zend\Expressive\Helper\UrlHelperMiddleware
Zend\Expressive\Middleware\LazyLoadingMiddleware
Zend\Expressive\Router\Middleware\DispatchMiddleware
Zend\Expressive\Middleware\LazyLoadingMiddleware
Amazium\SampleApp\UI\Web\Page\Identity\Index
Zend\Expressive\Middleware\LazyLoadingMiddleware
Zend\Stratigility\Middleware\ErrorHandler
Zend\Expressive\Middleware\LazyLoadingMiddleware
Zend\Expressive\Helper\ServerUrlMiddleware
Zend\Expressive\Middleware\LazyLoadingMiddleware
Zend\Expressive\Session\SessionMiddleware
Zend\Expressive\Middleware\LazyLoadingMiddleware
Amazium\Kernel\Application\Context\ApplicationContextMiddleware
Zend\Expressive\Middleware\LazyLoadingMiddleware
Zend\Expressive\Router\Middleware\RouteMiddleware
Zend\Expressive\Middleware\LazyLoadingMiddleware
Zend\Expressive\Router\Middleware\ImplicitHeadMiddleware
Zend\Expressive\Middleware\LazyLoadingMiddleware
Zend\Expressive\Router\Middleware\ImplicitOptionsMiddleware
Zend\Expressive\Middleware\LazyLoadingMiddleware
Zend\Expressive\Router\Middleware\MethodNotAllowedMiddleware
Zend\Expressive\Middleware\LazyLoadingMiddleware
Zend\Expressive\Helper\UrlHelperMiddleware
Zend\Expressive\Middleware\LazyLoadingMiddleware
Zend\Expressive\Router\Middleware\DispatchMiddleware
Zend\Expressive\Middleware\LazyLoadingMiddleware
Amazium\Frontend\UI\Web\Page\Home
Zend\Expressive\Middleware\LazyLoadingMiddleware
Zend\Stratigility\Middleware\ErrorHandler
Zend\Expressive\Middleware\LazyLoadingMiddleware
Zend\Expressive\Helper\ServerUrlMiddleware
Zend\Expressive\Middleware\LazyLoadingMiddleware
Zend\Expressive\Session\SessionMiddleware
Zend\Expressive\Middleware\LazyLoadingMiddleware
Amazium\Kernel\Application\Context\ApplicationContextMiddleware
Zend\Expressive\Middleware\LazyLoadingMiddleware
Zend\Expressive\Router\Middleware\RouteMiddleware
Zend\Expressive\Middleware\LazyLoadingMiddleware
Zend\Expressive\Router\Middleware\ImplicitHeadMiddleware
Zend\Expressive\Middleware\LazyLoadingMiddleware
Zend\Expressive\Router\Middleware\ImplicitOptionsMiddleware
Zend\Expressive\Middleware\LazyLoadingMiddleware
Zend\Expressive\Router\Middleware\MethodNotAllowedMiddleware
Zend\Expressive\Middleware\LazyLoadingMiddleware
Zend\Expressive\Helper\UrlHelperMiddleware
Zend\Expressive\Middleware\LazyLoadingMiddleware
Zend\Expressive\Router\Middleware\DispatchMiddleware
Zend\Expressive\Middleware\LazyLoadingMiddleware
Amazium\SampleApp\UI\Web\Page\BankAccount\Index
Zend\Expressive\Middleware\LazyLoadingMiddleware
Zend\Stratigility\Middleware\ErrorHandler
Zend\Expressive\Middleware\LazyLoadingMiddleware
Zend\Expressive\Helper\ServerUrlMiddleware
Zend\Expressive\Middleware\LazyLoadingMiddleware
Zend\Expressive\Session\SessionMiddleware
Zend\Expressive\Middleware\LazyLoadingMiddleware
Amazium\Kernel\Application\Context\ApplicationContextMiddleware
Zend\Expressive\Middleware\LazyLoadingMiddleware
Zend\Expressive\Router\Middleware\RouteMiddleware
Zend\Expressive\Middleware\LazyLoadingMiddleware
Zend\Expressive\Router\Middleware\ImplicitHeadMiddleware
Zend\Expressive\Middleware\LazyLoadingMiddleware
Zend\Expressive\Router\Middleware\ImplicitOptionsMiddleware
Zend\Expressive\Middleware\LazyLoadingMiddleware
Zend\Expressive\Router\Middleware\MethodNotAllowedMiddleware
Zend\Expressive\Middleware\LazyLoadingMiddleware
Zend\Expressive\Helper\UrlHelperMiddleware
Zend\Expressive\Middleware\LazyLoadingMiddleware
Zend\Expressive\Router\Middleware\DispatchMiddleware
Zend\Expressive\Middleware\LazyLoadingMiddleware
Amazium\SampleApp\UI\Web\Page\BankAccount\Create
Zend\Expressive\Middleware\LazyLoadingMiddleware
Zend\Stratigility\Middleware\ErrorHandler
Zend\Expressive\Middleware\LazyLoadingMiddleware
Zend\Expressive\Helper\ServerUrlMiddleware
Zend\Expressive\Middleware\LazyLoadingMiddleware
Zend\Expressive\Session\SessionMiddleware
Zend\Expressive\Middleware\LazyLoadingMiddleware
Amazium\Kernel\Application\Context\ApplicationContextMiddleware
Zend\Expressive\Middleware\LazyLoadingMiddleware
Zend\Expressive\Router\Middleware\RouteMiddleware
Zend\Expressive\Middleware\LazyLoadingMiddleware
Zend\Expressive\Router\Middleware\ImplicitHeadMiddleware
Zend\Expressive\Middleware\LazyLoadingMiddleware
Zend\Expressive\Router\Middleware\ImplicitOptionsMiddleware
Zend\Expressive\Middleware\LazyLoadingMiddleware
Zend\Expressive\Router\Middleware\MethodNotAllowedMiddleware
Zend\Expressive\Middleware\LazyLoadingMiddleware
Zend\Expressive\Helper\UrlHelperMiddleware
Zend\Expressive\Middleware\LazyLoadingMiddleware
Zend\Expressive\Router\Middleware\DispatchMiddleware
Zend\Expressive\Middleware\LazyLoadingMiddleware
Amazium\SampleApp\UI\Web\Page\Address\Index
Zend\Expressive\Middleware\LazyLoadingMiddleware
Zend\Stratigility\Middleware\ErrorHandler
Zend\Expressive\Middleware\LazyLoadingMiddleware
Zend\Expressive\Helper\ServerUrlMiddleware
Zend\Expressive\Middleware\LazyLoadingMiddleware
Zend\Expressive\Session\SessionMiddleware
Zend\Expressive\Middleware\LazyLoadingMiddleware
Amazium\Kernel\Application\Context\ApplicationContextMiddleware
Zend\Expressive\Middleware\LazyLoadingMiddleware
Zend\Expressive\Router\Middleware\RouteMiddleware
Zend\Expressive\Middleware\LazyLoadingMiddleware
Zend\Expressive\Router\Middleware\ImplicitHeadMiddleware
Zend\Expressive\Middleware\LazyLoadingMiddleware
Zend\Expressive\Router\Middleware\ImplicitOptionsMiddleware
Zend\Expressive\Middleware\LazyLoadingMiddleware
Zend\Expressive\Router\Middleware\MethodNotAllowedMiddleware
Zend\Expressive\Middleware\LazyLoadingMiddleware
Zend\Expressive\Helper\UrlHelperMiddleware
Zend\Expressive\Middleware\LazyLoadingMiddleware
Zend\Expressive\Router\Middleware\DispatchMiddleware
Zend\Expressive\Middleware\LazyLoadingMiddleware
Amazium\SampleApp\UI\Web\Page\Address\Index
Zend\Expressive\Middleware\LazyLoadingMiddleware
Zend\Stratigility\Middleware\ErrorHandler
Zend\Expressive\Middleware\LazyLoadingMiddleware
Zend\Expressive\Helper\ServerUrlMiddleware
Zend\Expressive\Middleware\LazyLoadingMiddleware
Zend\Expressive\Session\SessionMiddleware
Zend\Expressive\Middleware\LazyLoadingMiddleware
Amazium\Kernel\Application\Context\ApplicationContextMiddleware
Zend\Expressive\Middleware\LazyLoadingMiddleware
Zend\Expressive\Router\Middleware\RouteMiddleware
Zend\Expressive\Middleware\LazyLoadingMiddleware
Zend\Expressive\Router\Middleware\ImplicitHeadMiddleware
Zend\Expressive\Middleware\LazyLoadingMiddleware
Zend\Expressive\Router\Middleware\ImplicitOptionsMiddleware
Zend\Expressive\Middleware\LazyLoadingMiddleware
Zend\Expressive\Router\Middleware\MethodNotAllowedMiddleware
Zend\Expressive\Middleware\LazyLoadingMiddleware
Zend\Expressive\Helper\UrlHelperMiddleware
Zend\Expressive\Middleware\LazyLoadingMiddleware
Zend\Expressive\Router\Middleware\DispatchMiddleware
Zend\Expressive\Middleware\LazyLoadingMiddleware
Amazium\SampleApp\UI\Web\Page\Address\Index
Zend\Expressive\Middleware\LazyLoadingMiddleware
Zend\Stratigility\Middleware\ErrorHandler
Zend\Expressive\Middleware\LazyLoadingMiddleware
Zend\Expressive\Helper\ServerUrlMiddleware
Zend\Expressive\Middleware\LazyLoadingMiddleware
Zend\Expressive\Session\SessionMiddleware
Zend\Expressive\Middleware\LazyLoadingMiddleware
Amazium\Kernel\Application\Context\ApplicationContextMiddleware
Zend\Expressive\Middleware\LazyLoadingMiddleware
Zend\Expressive\Router\Middleware\RouteMiddleware
Zend\Expressive\Middleware\LazyLoadingMiddleware
Zend\Expressive\Router\Middleware\ImplicitHeadMiddleware
Zend\Expressive\Middleware\LazyLoadingMiddleware
Zend\Expressive\Router\Middleware\ImplicitOptionsMiddleware
Zend\Expressive\Middleware\LazyLoadingMiddleware
Zend\Expressive\Router\Middleware\MethodNotAllowedMiddleware
Zend\Expressive\Middleware\LazyLoadingMiddleware
Zend\Expressive\Helper\UrlHelperMiddleware
Zend\Expressive\Middleware\LazyLoadingMiddleware
Zend\Expressive\Router\Middleware\DispatchMiddleware
Zend\Expressive\Middleware\LazyLoadingMiddleware
Amazium\SampleApp\UI\Web\Page\Address\Index
Zend\Expressive\Middleware\LazyLoadingMiddleware
Zend\Stratigility\Middleware\ErrorHandler
Zend\Expressive\Middleware\LazyLoadingMiddleware
Zend\Expressive\Helper\ServerUrlMiddleware
Zend\Expressive\Middleware\LazyLoadingMiddleware
Zend\Expressive\Session\SessionMiddleware
Zend\Expressive\Middleware\LazyLoadingMiddleware
Amazium\Kernel\Application\Context\ApplicationContextMiddleware
Zend\Expressive\Middleware\LazyLoadingMiddleware
Zend\Expressive\Router\Middleware\RouteMiddleware
Zend\Expressive\Middleware\LazyLoadingMiddleware
Zend\Expressive\Router\Middleware\ImplicitHeadMiddleware
Zend\Expressive\Middleware\LazyLoadingMiddleware
Zend\Expressive\Router\Middleware\ImplicitOptionsMiddleware
Zend\Expressive\Middleware\LazyLoadingMiddleware
Zend\Expressive\Router\Middleware\MethodNotAllowedMiddleware
Zend\Expressive\Middleware\LazyLoadingMiddleware
Zend\Expressive\Helper\UrlHelperMiddleware
Zend\Expressive\Middleware\LazyLoadingMiddleware
Zend\Expressive\Router\Middleware\DispatchMiddleware
Zend\Expressive\Middleware\LazyLoadingMiddleware
Amazium\SampleApp\UI\Web\Page\Address\Index
Zend\Expressive\Middleware\LazyLoadingMiddleware
Zend\Stratigility\Middleware\ErrorHandler
Zend\Expressive\Middleware\LazyLoadingMiddleware
Zend\Expressive\Helper\ServerUrlMiddleware
Zend\Expressive\Middleware\LazyLoadingMiddleware
Zend\Expressive\Session\SessionMiddleware
Zend\Expressive\Middleware\LazyLoadingMiddleware
Amazium\Kernel\Application\Context\ApplicationContextMiddleware
Zend\Expressive\Middleware\LazyLoadingMiddleware
Zend\Expressive\Router\Middleware\RouteMiddleware
Zend\Expressive\Middleware\LazyLoadingMiddleware
Zend\Expressive\Router\Middleware\ImplicitHeadMiddleware
Zend\Expressive\Middleware\LazyLoadingMiddleware
Zend\Expressive\Router\Middleware\ImplicitOptionsMiddleware
Zend\Expressive\Middleware\LazyLoadingMiddleware
Zend\Expressive\Router\Middleware\MethodNotAllowedMiddleware
Zend\Expressive\Middleware\LazyLoadingMiddleware
Zend\Expressive\Helper\UrlHelperMiddleware
Zend\Expressive\Middleware\LazyLoadingMiddleware
Zend\Expressive\Router\Middleware\DispatchMiddleware
Zend\Expressive\Middleware\LazyLoadingMiddleware
Amazium\SampleApp\UI\Web\Page\Address\Create
Zend\Expressive\Middleware\LazyLoadingMiddleware
Zend\Stratigility\Middleware\ErrorHandler
Zend\Expressive\Middleware\LazyLoadingMiddleware
Zend\Expressive\Helper\ServerUrlMiddleware
Zend\Expressive\Middleware\LazyLoadingMiddleware
Zend\Expressive\Session\SessionMiddleware
Zend\Expressive\Middleware\LazyLoadingMiddleware
Amazium\Kernel\Application\Context\ApplicationContextMiddleware
Zend\Expressive\Middleware\LazyLoadingMiddleware
Zend\Expressive\Router\Middleware\RouteMiddleware
Zend\Expressive\Middleware\LazyLoadingMiddleware
Zend\Expressive\Router\Middleware\ImplicitHeadMiddleware
Zend\Expressive\Middleware\LazyLoadingMiddleware
Zend\Expressive\Router\Middleware\ImplicitOptionsMiddleware
Zend\Expressive\Middleware\LazyLoadingMiddleware
Zend\Expressive\Router\Middleware\MethodNotAllowedMiddleware
Zend\Expressive\Middleware\LazyLoadingMiddleware
Zend\Expressive\Helper\UrlHelperMiddleware
Zend\Expressive\Middleware\LazyLoadingMiddleware
Zend\Expressive\Router\Middleware\DispatchMiddleware
Zend\Expressive\Middleware\LazyLoadingMiddleware
Amazium\SampleApp\UI\Web\Page\Address\Create
Zend\Expressive\Middleware\LazyLoadingMiddleware
Zend\Stratigility\Middleware\ErrorHandler
Zend\Expressive\Middleware\LazyLoadingMiddleware
Zend\Expressive\Helper\ServerUrlMiddleware
Zend\Expressive\Middleware\LazyLoadingMiddleware
Zend\Expressive\Session\SessionMiddleware
Zend\Expressive\Middleware\LazyLoadingMiddleware
Amazium\Kernel\Application\Context\ApplicationContextMiddleware
Zend\Expressive\Middleware\LazyLoadingMiddleware
Zend\Expressive\Router\Middleware\RouteMiddleware
Zend\Expressive\Middleware\LazyLoadingMiddleware
Zend\Expressive\Router\Middleware\ImplicitHeadMiddleware
Zend\Expressive\Middleware\LazyLoadingMiddleware
Zend\Expressive\Router\Middleware\ImplicitOptionsMiddleware
Zend\Expressive\Middleware\LazyLoadingMiddleware
Zend\Expressive\Router\Middleware\MethodNotAllowedMiddleware
Zend\Expressive\Middleware\LazyLoadingMiddleware
Zend\Expressive\Helper\UrlHelperMiddleware
Zend\Expressive\Middleware\LazyLoadingMiddleware
Zend\Expressive\Router\Middleware\DispatchMiddleware
Zend\Expressive\Middleware\LazyLoadingMiddleware
Amazium\SampleApp\UI\Web\Page\Address\Create
Zend\Expressive\Middleware\LazyLoadingMiddleware
Zend\Stratigility\Middleware\ErrorHandler
Zend\Expressive\Middleware\LazyLoadingMiddleware
Zend\Expressive\Helper\ServerUrlMiddleware
Zend\Expressive\Middleware\LazyLoadingMiddleware
Zend\Expressive\Session\SessionMiddleware
Zend\Expressive\Middleware\LazyLoadingMiddleware
Amazium\Kernel\Application\Context\ApplicationContextMiddleware
Zend\Expressive\Middleware\LazyLoadingMiddleware
Zend\Expressive\Router\Middleware\RouteMiddleware
Zend\Expressive\Middleware\LazyLoadingMiddleware
Zend\Expressive\Router\Middleware\ImplicitHeadMiddleware
Zend\Expressive\Middleware\LazyLoadingMiddleware
Zend\Expressive\Router\Middleware\ImplicitOptionsMiddleware
Zend\Expressive\Middleware\LazyLoadingMiddleware
Zend\Expressive\Router\Middleware\MethodNotAllowedMiddleware
Zend\Expressive\Middleware\LazyLoadingMiddleware
Zend\Expressive\Helper\UrlHelperMiddleware
Zend\Expressive\Middleware\LazyLoadingMiddleware
Zend\Expressive\Router\Middleware\DispatchMiddleware
Zend\Expressive\Middleware\LazyLoadingMiddleware
Amazium\SampleApp\UI\Web\Page\Address\Index
Zend\Expressive\Middleware\LazyLoadingMiddleware
Zend\Stratigility\Middleware\ErrorHandler
Zend\Expressive\Middleware\LazyLoadingMiddleware
Zend\Expressive\Helper\ServerUrlMiddleware
Zend\Expressive\Middleware\LazyLoadingMiddleware
Zend\Expressive\Session\SessionMiddleware
Zend\Expressive\Middleware\LazyLoadingMiddleware
Amazium\Kernel\Application\Context\ApplicationContextMiddleware
Zend\Expressive\Middleware\LazyLoadingMiddleware
Zend\Expressive\Router\Middleware\RouteMiddleware
Zend\Expressive\Middleware\LazyLoadingMiddleware
Zend\Expressive\Router\Middleware\ImplicitHeadMiddleware
Zend\Expressive\Middleware\LazyLoadingMiddleware
Zend\Expressive\Router\Middleware\ImplicitOptionsMiddleware
Zend\Expressive\Middleware\LazyLoadingMiddleware
Zend\Expressive\Router\Middleware\MethodNotAllowedMiddleware
Zend\Expressive\Middleware\LazyLoadingMiddleware
Zend\Expressive\Helper\UrlHelperMiddleware
Zend\Expressive\Middleware\LazyLoadingMiddleware
Zend\Expressive\Router\Middleware\DispatchMiddleware
Zend\Expressive\Middleware\LazyLoadingMiddleware
Amazium\SampleApp\UI\Web\Page\Address\Show
Zend\Expressive\Middleware\LazyLoadingMiddleware
Zend\Stratigility\Middleware\ErrorHandler
Zend\Expressive\Middleware\LazyLoadingMiddleware
Zend\Expressive\Helper\ServerUrlMiddleware
Zend\Expressive\Middleware\LazyLoadingMiddleware
Zend\Expressive\Session\SessionMiddleware
Zend\Expressive\Middleware\LazyLoadingMiddleware
Amazium\Kernel\Application\Context\ApplicationContextMiddleware
Zend\Expressive\Middleware\LazyLoadingMiddleware
Zend\Expressive\Router\Middleware\RouteMiddleware
Zend\Expressive\Middleware\LazyLoadingMiddleware
Zend\Expressive\Router\Middleware\ImplicitHeadMiddleware
Zend\Expressive\Middleware\LazyLoadingMiddleware
Zend\Expressive\Router\Middleware\ImplicitOptionsMiddleware
Zend\Expressive\Middleware\LazyLoadingMiddleware
Zend\Expressive\Router\Middleware\MethodNotAllowedMiddleware
Zend\Expressive\Middleware\LazyLoadingMiddleware
Zend\Expressive\Helper\UrlHelperMiddleware
Zend\Expressive\Middleware\LazyLoadingMiddleware
Zend\Expressive\Router\Middleware\DispatchMiddleware
Zend\Expressive\Middleware\LazyLoadingMiddleware
Amazium\SampleApp\UI\Web\Page\Address\Index
Zend\Expressive\Middleware\LazyLoadingMiddleware
Zend\Stratigility\Middleware\ErrorHandler
Zend\Expressive\Middleware\LazyLoadingMiddleware
Zend\Expressive\Helper\ServerUrlMiddleware
Zend\Expressive\Middleware\LazyLoadingMiddleware
Zend\Expressive\Session\SessionMiddleware
Zend\Expressive\Middleware\LazyLoadingMiddleware
Amazium\Kernel\Application\Context\ApplicationContextMiddleware
Zend\Expressive\Middleware\LazyLoadingMiddleware
Zend\Expressive\Router\Middleware\RouteMiddleware
Zend\Expressive\Middleware\LazyLoadingMiddleware
Zend\Expressive\Router\Middleware\ImplicitHeadMiddleware
Zend\Expressive\Middleware\LazyLoadingMiddleware
Zend\Expressive\Router\Middleware\ImplicitOptionsMiddleware
Zend\Expressive\Middleware\LazyLoadingMiddleware
Zend\Expressive\Router\Middleware\MethodNotAllowedMiddleware
Zend\Expressive\Middleware\LazyLoadingMiddleware
Zend\Expressive\Helper\UrlHelperMiddleware
Zend\Expressive\Middleware\LazyLoadingMiddleware
Zend\Expressive\Router\Middleware\DispatchMiddleware
Zend\Expressive\Middleware\LazyLoadingMiddleware
Amazium\SampleApp\UI\Web\Page\Address\Index
Zend\Expressive\Middleware\LazyLoadingMiddleware
Zend\Stratigility\Middleware\ErrorHandler
Zend\Expressive\Middleware\LazyLoadingMiddleware
Zend\Expressive\Helper\ServerUrlMiddleware
Zend\Expressive\Middleware\LazyLoadingMiddleware
Zend\Expressive\Session\SessionMiddleware
Zend\Expressive\Middleware\LazyLoadingMiddleware
Amazium\Kernel\Application\Context\ApplicationContextMiddleware
Zend\Expressive\Middleware\LazyLoadingMiddleware
Zend\Expressive\Router\Middleware\RouteMiddleware
Zend\Expressive\Middleware\LazyLoadingMiddleware
Zend\Expressive\Router\Middleware\ImplicitHeadMiddleware
Zend\Expressive\Middleware\LazyLoadingMiddleware
Zend\Expressive\Router\Middleware\ImplicitOptionsMiddleware
Zend\Expressive\Middleware\LazyLoadingMiddleware
Zend\Expressive\Router\Middleware\MethodNotAllowedMiddleware
Zend\Expressive\Middleware\LazyLoadingMiddleware
Zend\Expressive\Helper\UrlHelperMiddleware
Zend\Expressive\Middleware\LazyLoadingMiddleware
Zend\Expressive\Router\Middleware\DispatchMiddleware
Zend\Expressive\Middleware\LazyLoadingMiddleware
Amazium\SampleApp\UI\Web\Page\Address\Index
Zend\Expressive\Middleware\LazyLoadingMiddleware
Zend\Stratigility\Middleware\ErrorHandler
Zend\Expressive\Middleware\LazyLoadingMiddleware
Zend\Expressive\Helper\ServerUrlMiddleware
Zend\Expressive\Middleware\LazyLoadingMiddleware
Zend\Expressive\Session\SessionMiddleware
Zend\Expressive\Middleware\LazyLoadingMiddleware
Amazium\Kernel\Application\Context\ApplicationContextMiddleware
Zend\Expressive\Middleware\LazyLoadingMiddleware
Zend\Expressive\Router\Middleware\RouteMiddleware
Zend\Expressive\Middleware\LazyLoadingMiddleware
Zend\Expressive\Router\Middleware\ImplicitHeadMiddleware
Zend\Expressive\Middleware\LazyLoadingMiddleware
Zend\Expressive\Router\Middleware\ImplicitOptionsMiddleware
Zend\Expressive\Middleware\LazyLoadingMiddleware
Zend\Expressive\Router\Middleware\MethodNotAllowedMiddleware
Zend\Expressive\Middleware\LazyLoadingMiddleware
Zend\Expressive\Helper\UrlHelperMiddleware
Zend\Expressive\Middleware\LazyLoadingMiddleware
Zend\Expressive\Router\Middleware\DispatchMiddleware
Zend\Expressive\Middleware\LazyLoadingMiddleware
Amazium\SampleApp\UI\Web\Page\Address\Index
Zend\Expressive\Middleware\LazyLoadingMiddleware
Zend\Stratigility\Middleware\ErrorHandler
Zend\Expressive\Middleware\LazyLoadingMiddleware
Zend\Expressive\Helper\ServerUrlMiddleware
Zend\Expressive\Middleware\LazyLoadingMiddleware
Zend\Expressive\Session\SessionMiddleware
Zend\Expressive\Middleware\LazyLoadingMiddleware
Amazium\Kernel\Application\Context\ApplicationContextMiddleware
Zend\Expressive\Middleware\LazyLoadingMiddleware
Zend\Expressive\Router\Middleware\RouteMiddleware
Zend\Expressive\Middleware\LazyLoadingMiddleware
Zend\Expressive\Router\Middleware\ImplicitHeadMiddleware
Zend\Expressive\Middleware\LazyLoadingMiddleware
Zend\Expressive\Router\Middleware\ImplicitOptionsMiddleware
Zend\Expressive\Middleware\LazyLoadingMiddleware
Zend\Expressive\Router\Middleware\MethodNotAllowedMiddleware
Zend\Expressive\Middleware\LazyLoadingMiddleware
Zend\Expressive\Helper\UrlHelperMiddleware
Zend\Expressive\Middleware\LazyLoadingMiddleware
Zend\Expressive\Router\Middleware\DispatchMiddleware
Zend\Expressive\Middleware\LazyLoadingMiddleware
Amazium\SampleApp\UI\Web\Page\Address\Index
Zend\Expressive\Middleware\LazyLoadingMiddleware
Zend\Stratigility\Middleware\ErrorHandler
Zend\Expressive\Middleware\LazyLoadingMiddleware
Zend\Expressive\Helper\ServerUrlMiddleware
Zend\Expressive\Middleware\LazyLoadingMiddleware
Zend\Expressive\Session\SessionMiddleware
Zend\Expressive\Middleware\LazyLoadingMiddleware
Amazium\Kernel\Application\Context\ApplicationContextMiddleware
Zend\Expressive\Middleware\LazyLoadingMiddleware
Zend\Expressive\Router\Middleware\RouteMiddleware
Zend\Expressive\Middleware\LazyLoadingMiddleware
Zend\Expressive\Router\Middleware\ImplicitHeadMiddleware
Zend\Expressive\Middleware\LazyLoadingMiddleware
Zend\Expressive\Router\Middleware\ImplicitOptionsMiddleware
Zend\Expressive\Middleware\LazyLoadingMiddleware
Zend\Expressive\Router\Middleware\MethodNotAllowedMiddleware
Zend\Expressive\Middleware\LazyLoadingMiddleware
Zend\Expressive\Helper\UrlHelperMiddleware
Zend\Expressive\Middleware\LazyLoadingMiddleware
Zend\Expressive\Router\Middleware\DispatchMiddleware
Zend\Expressive\Middleware\LazyLoadingMiddleware
Amazium\SampleApp\UI\Web\Page\Address\Index
Zend\Expressive\Middleware\LazyLoadingMiddleware
Zend\Stratigility\Middleware\ErrorHandler
Zend\Expressive\Middleware\LazyLoadingMiddleware
Zend\Expressive\Helper\ServerUrlMiddleware
Zend\Expressive\Middleware\LazyLoadingMiddleware
Zend\Expressive\Session\SessionMiddleware
Zend\Expressive\Middleware\LazyLoadingMiddleware
Amazium\Kernel\Application\Context\ApplicationContextMiddleware
Zend\Expressive\Middleware\LazyLoadingMiddleware
Zend\Expressive\Router\Middleware\RouteMiddleware
Zend\Expressive\Middleware\LazyLoadingMiddleware
Zend\Expressive\Router\Middleware\ImplicitHeadMiddleware
Zend\Expressive\Middleware\LazyLoadingMiddleware
Zend\Expressive\Router\Middleware\ImplicitOptionsMiddleware
Zend\Expressive\Middleware\LazyLoadingMiddleware
Zend\Expressive\Router\Middleware\MethodNotAllowedMiddleware
Zend\Expressive\Middleware\LazyLoadingMiddleware
Zend\Expressive\Helper\UrlHelperMiddleware
Zend\Expressive\Middleware\LazyLoadingMiddleware
Zend\Expressive\Router\Middleware\DispatchMiddleware
Zend\Expressive\Middleware\LazyLoadingMiddleware
Amazium\SampleApp\UI\Web\Page\Identity\Index
Zend\Expressive\Middleware\LazyLoadingMiddleware
Zend\Stratigility\Middleware\ErrorHandler
Zend\Expressive\Middleware\LazyLoadingMiddleware
Zend\Expressive\Helper\ServerUrlMiddleware
Zend\Expressive\Middleware\LazyLoadingMiddleware
Zend\Expressive\Session\SessionMiddleware
Zend\Expressive\Middleware\LazyLoadingMiddleware
Amazium\Kernel\Application\Context\ApplicationContextMiddleware
Zend\Expressive\Middleware\LazyLoadingMiddleware
Zend\Expressive\Router\Middleware\RouteMiddleware
Zend\Expressive\Middleware\LazyLoadingMiddleware
Zend\Expressive\Router\Middleware\ImplicitHeadMiddleware
Zend\Expressive\Middleware\LazyLoadingMiddleware
Zend\Expressive\Router\Middleware\ImplicitOptionsMiddleware
Zend\Expressive\Middleware\LazyLoadingMiddleware
Zend\Expressive\Router\Middleware\MethodNotAllowedMiddleware
Zend\Expressive\Middleware\LazyLoadingMiddleware
Zend\Expressive\Helper\UrlHelperMiddleware
Zend\Expressive\Middleware\LazyLoadingMiddleware
Zend\Expressive\Router\Middleware\DispatchMiddleware
Zend\Expressive\Middleware\LazyLoadingMiddleware
Amazium\SampleApp\UI\Web\Page\Address\Index
Zend\Expressive\Middleware\LazyLoadingMiddleware
Zend\Stratigility\Middleware\ErrorHandler
Zend\Expressive\Middleware\LazyLoadingMiddleware
Zend\Expressive\Helper\ServerUrlMiddleware
Zend\Expressive\Middleware\LazyLoadingMiddleware
Zend\Expressive\Session\SessionMiddleware
Zend\Expressive\Middleware\LazyLoadingMiddleware
Amazium\Kernel\Application\Context\ApplicationContextMiddleware
Zend\Expressive\Middleware\LazyLoadingMiddleware
Zend\Expressive\Router\Middleware\RouteMiddleware
Zend\Expressive\Middleware\LazyLoadingMiddleware
Zend\Expressive\Router\Middleware\ImplicitHeadMiddleware
Zend\Expressive\Middleware\LazyLoadingMiddleware
Zend\Expressive\Router\Middleware\ImplicitOptionsMiddleware
Zend\Expressive\Middleware\LazyLoadingMiddleware
Zend\Expressive\Router\Middleware\MethodNotAllowedMiddleware
Zend\Expressive\Middleware\LazyLoadingMiddleware
Zend\Expressive\Helper\UrlHelperMiddleware
Zend\Expressive\Middleware\LazyLoadingMiddleware
Zend\Expressive\Router\Middleware\DispatchMiddleware
Zend\Expressive\Middleware\LazyLoadingMiddleware
Amazium\SampleApp\UI\Web\Page\Identity\Index
Zend\Expressive\Middleware\LazyLoadingMiddleware
Zend\Stratigility\Middleware\ErrorHandler
Zend\Expressive\Middleware\LazyLoadingMiddleware
Zend\Expressive\Helper\ServerUrlMiddleware
Zend\Expressive\Middleware\LazyLoadingMiddleware
Zend\Expressive\Session\SessionMiddleware
Zend\Expressive\Middleware\LazyLoadingMiddleware
Amazium\Kernel\Application\Context\ApplicationContextMiddleware
Zend\Expressive\Middleware\LazyLoadingMiddleware
Zend\Expressive\Router\Middleware\RouteMiddleware
Zend\Expressive\Middleware\LazyLoadingMiddleware
Zend\Expressive\Router\Middleware\ImplicitHeadMiddleware
Zend\Expressive\Middleware\LazyLoadingMiddleware
Zend\Expressive\Router\Middleware\ImplicitOptionsMiddleware
Zend\Expressive\Middleware\LazyLoadingMiddleware
Zend\Expressive\Router\Middleware\MethodNotAllowedMiddleware
Zend\Expressive\Middleware\LazyLoadingMiddleware
Zend\Expressive\Helper\UrlHelperMiddleware
Zend\Expressive\Middleware\LazyLoadingMiddleware
Zend\Expressive\Router\Middleware\DispatchMiddleware
Zend\Expressive\Middleware\LazyLoadingMiddleware
Amazium\SampleApp\UI\Web\Page\Address\Index
Zend\Expressive\Middleware\LazyLoadingMiddleware
Zend\Stratigility\Middleware\ErrorHandler
Zend\Expressive\Middleware\LazyLoadingMiddleware
Zend\Expressive\Helper\ServerUrlMiddleware
Zend\Expressive\Middleware\LazyLoadingMiddleware
Zend\Expressive\Session\SessionMiddleware
Zend\Expressive\Middleware\LazyLoadingMiddleware
Amazium\Kernel\Application\Context\ApplicationContextMiddleware
Zend\Expressive\Middleware\LazyLoadingMiddleware
Zend\Expressive\Router\Middleware\RouteMiddleware
Zend\Expressive\Middleware\LazyLoadingMiddleware
Zend\Expressive\Router\Middleware\ImplicitHeadMiddleware
Zend\Expressive\Middleware\LazyLoadingMiddleware
Zend\Expressive\Router\Middleware\ImplicitOptionsMiddleware
Zend\Expressive\Middleware\LazyLoadingMiddleware
Zend\Expressive\Router\Middleware\MethodNotAllowedMiddleware
Zend\Expressive\Middleware\LazyLoadingMiddleware
Zend\Expressive\Helper\UrlHelperMiddleware
Zend\Expressive\Middleware\LazyLoadingMiddleware
Zend\Expressive\Router\Middleware\DispatchMiddleware
Zend\Expressive\Middleware\LazyLoadingMiddleware
Amazium\SampleApp\UI\Web\Page\Identity\Index
Zend\Expressive\Middleware\LazyLoadingMiddleware
Zend\Stratigility\Middleware\ErrorHandler
Zend\Expressive\Middleware\LazyLoadingMiddleware
Zend\Expressive\Helper\ServerUrlMiddleware
Zend\Expressive\Middleware\LazyLoadingMiddleware
Zend\Expressive\Session\SessionMiddleware
Zend\Expressive\Middleware\LazyLoadingMiddleware
Amazium\Kernel\Application\Context\ApplicationContextMiddleware
Zend\Expressive\Middleware\LazyLoadingMiddleware
Zend\Expressive\Router\Middleware\RouteMiddleware
Zend\Expressive\Middleware\LazyLoadingMiddleware
Zend\Expressive\Router\Middleware\ImplicitHeadMiddleware
Zend\Expressive\Middleware\LazyLoadingMiddleware
Zend\Expressive\Router\Middleware\ImplicitOptionsMiddleware
Zend\Expressive\Middleware\LazyLoadingMiddleware
Zend\Expressive\Router\Middleware\MethodNotAllowedMiddleware
Zend\Expressive\Middleware\LazyLoadingMiddleware
Zend\Expressive\Helper\UrlHelperMiddleware
Zend\Expressive\Middleware\LazyLoadingMiddleware
Zend\Expressive\Router\Middleware\DispatchMiddleware
Zend\Expressive\Middleware\LazyLoadingMiddleware
Amazium\SampleApp\UI\Web\Page\BankAccount\Index
Zend\Expressive\Middleware\LazyLoadingMiddleware
Zend\Stratigility\Middleware\ErrorHandler
Zend\Expressive\Middleware\LazyLoadingMiddleware
Zend\Expressive\Helper\ServerUrlMiddleware
Zend\Expressive\Middleware\LazyLoadingMiddleware
Zend\Expressive\Session\SessionMiddleware
Zend\Expressive\Middleware\LazyLoadingMiddleware
Amazium\Kernel\Application\Context\ApplicationContextMiddleware
Zend\Expressive\Middleware\LazyLoadingMiddleware
Zend\Expressive\Router\Middleware\RouteMiddleware
Zend\Expressive\Middleware\LazyLoadingMiddleware
Zend\Expressive\Router\Middleware\ImplicitHeadMiddleware
Zend\Expressive\Middleware\LazyLoadingMiddleware
Zend\Expressive\Router\Middleware\ImplicitOptionsMiddleware
Zend\Expressive\Middleware\LazyLoadingMiddleware
Zend\Expressive\Router\Middleware\MethodNotAllowedMiddleware
Zend\Expressive\Middleware\LazyLoadingMiddleware
Zend\Expressive\Helper\UrlHelperMiddleware
Zend\Expressive\Middleware\LazyLoadingMiddleware
Zend\Expressive\Router\Middleware\DispatchMiddleware
Zend\Expressive\Middleware\LazyLoadingMiddleware
Amazium\SampleApp\UI\Web\Page\Card\Index
Zend\Expressive\Middleware\LazyLoadingMiddleware
Zend\Stratigility\Middleware\ErrorHandler
Zend\Expressive\Middleware\LazyLoadingMiddleware
Zend\Expressive\Helper\ServerUrlMiddleware
Zend\Expressive\Middleware\LazyLoadingMiddleware
Zend\Expressive\Session\SessionMiddleware
Zend\Expressive\Middleware\LazyLoadingMiddleware
Amazium\Kernel\Application\Context\ApplicationContextMiddleware
Zend\Expressive\Middleware\LazyLoadingMiddleware
Zend\Expressive\Router\Middleware\RouteMiddleware
Zend\Expressive\Middleware\LazyLoadingMiddleware
Zend\Expressive\Router\Middleware\ImplicitHeadMiddleware
Zend\Expressive\Middleware\LazyLoadingMiddleware
Zend\Expressive\Router\Middleware\ImplicitOptionsMiddleware
Zend\Expressive\Middleware\LazyLoadingMiddleware
Zend\Expressive\Router\Middleware\MethodNotAllowedMiddleware
Zend\Expressive\Middleware\LazyLoadingMiddleware
Zend\Expressive\Helper\UrlHelperMiddleware
Zend\Expressive\Middleware\LazyLoadingMiddleware
Zend\Expressive\Router\Middleware\DispatchMiddleware
Zend\Expressive\Middleware\LazyLoadingMiddleware
Amazium\SampleApp\UI\Web\Page\Identity\Index
Zend\Expressive\Middleware\LazyLoadingMiddleware
Zend\Stratigility\Middleware\ErrorHandler
Zend\Expressive\Middleware\LazyLoadingMiddleware
Zend\Expressive\Helper\ServerUrlMiddleware
Zend\Expressive\Middleware\LazyLoadingMiddleware
Zend\Expressive\Session\SessionMiddleware
Zend\Expressive\Middleware\LazyLoadingMiddleware
Amazium\Kernel\Application\Context\ApplicationContextMiddleware
Zend\Expressive\Middleware\LazyLoadingMiddleware
Zend\Expressive\Router\Middleware\RouteMiddleware
Zend\Expressive\Middleware\LazyLoadingMiddleware
Zend\Expressive\Router\Middleware\ImplicitHeadMiddleware
Zend\Expressive\Middleware\LazyLoadingMiddleware
Zend\Expressive\Router\Middleware\ImplicitOptionsMiddleware
Zend\Expressive\Middleware\LazyLoadingMiddleware
Zend\Expressive\Router\Middleware\MethodNotAllowedMiddleware
Zend\Expressive\Middleware\LazyLoadingMiddleware
Zend\Expressive\Helper\UrlHelperMiddleware
Zend\Expressive\Middleware\LazyLoadingMiddleware
Zend\Expressive\Router\Middleware\DispatchMiddleware
Zend\Expressive\Middleware\LazyLoadingMiddleware
Amazium\SampleApp\UI\Web\Page\Address\Index
Zend\Expressive\Middleware\LazyLoadingMiddleware
Zend\Stratigility\Middleware\ErrorHandler
Zend\Expressive\Middleware\LazyLoadingMiddleware
Zend\Expressive\Helper\ServerUrlMiddleware
Zend\Expressive\Middleware\LazyLoadingMiddleware
Zend\Expressive\Session\SessionMiddleware
Zend\Expressive\Middleware\LazyLoadingMiddleware
Amazium\Kernel\Application\Context\ApplicationContextMiddleware
Zend\Expressive\Middleware\LazyLoadingMiddleware
Zend\Expressive\Router\Middleware\RouteMiddleware
Zend\Expressive\Middleware\LazyLoadingMiddleware
Zend\Expressive\Router\Middleware\ImplicitHeadMiddleware
Zend\Expressive\Middleware\LazyLoadingMiddleware
Zend\Expressive\Router\Middleware\ImplicitOptionsMiddleware
Zend\Expressive\Middleware\LazyLoadingMiddleware
Zend\Expressive\Router\Middleware\MethodNotAllowedMiddleware
Zend\Expressive\Middleware\LazyLoadingMiddleware
Zend\Expressive\Helper\UrlHelperMiddleware
Zend\Expressive\Middleware\LazyLoadingMiddleware
Zend\Expressive\Router\Middleware\DispatchMiddleware
Zend\Expressive\Middleware\LazyLoadingMiddleware
Amazium\SampleApp\UI\Web\Page\BankAccount\Index
Zend\Expressive\Middleware\LazyLoadingMiddleware
Zend\Stratigility\Middleware\ErrorHandler
Zend\Expressive\Middleware\LazyLoadingMiddleware
Zend\Expressive\Helper\ServerUrlMiddleware
Zend\Expressive\Middleware\LazyLoadingMiddleware
Zend\Expressive\Session\SessionMiddleware
Zend\Expressive\Middleware\LazyLoadingMiddleware
Amazium\Kernel\Application\Context\ApplicationContextMiddleware
Zend\Expressive\Middleware\LazyLoadingMiddleware
Zend\Expressive\Router\Middleware\RouteMiddleware
Zend\Expressive\Middleware\LazyLoadingMiddleware
Zend\Expressive\Router\Middleware\ImplicitHeadMiddleware
Zend\Expressive\Middleware\LazyLoadingMiddleware
Zend\Expressive\Router\Middleware\ImplicitOptionsMiddleware
Zend\Expressive\Middleware\LazyLoadingMiddleware
Zend\Expressive\Router\Middleware\MethodNotAllowedMiddleware
Zend\Expressive\Middleware\LazyLoadingMiddleware
Zend\Expressive\Helper\UrlHelperMiddleware
Zend\Expressive\Middleware\LazyLoadingMiddleware
Zend\Expressive\Router\Middleware\DispatchMiddleware
Zend\Expressive\Middleware\LazyLoadingMiddleware
Amazium\SampleApp\UI\Web\Page\Address\Index
Zend\Expressive\Middleware\LazyLoadingMiddleware
Zend\Stratigility\Middleware\ErrorHandler
Zend\Expressive\Middleware\LazyLoadingMiddleware
Zend\Expressive\Helper\ServerUrlMiddleware
Zend\Expressive\Middleware\LazyLoadingMiddleware
Zend\Expressive\Session\SessionMiddleware
Zend\Expressive\Middleware\LazyLoadingMiddleware
Amazium\Kernel\Application\Context\ApplicationContextMiddleware
Zend\Expressive\Middleware\LazyLoadingMiddleware
Zend\Expressive\Router\Middleware\RouteMiddleware
Zend\Expressive\Middleware\LazyLoadingMiddleware
Zend\Expressive\Router\Middleware\ImplicitHeadMiddleware
Zend\Expressive\Middleware\LazyLoadingMiddleware
Zend\Expressive\Router\Middleware\ImplicitOptionsMiddleware
Zend\Expressive\Middleware\LazyLoadingMiddleware
Zend\Expressive\Router\Middleware\MethodNotAllowedMiddleware
Zend\Expressive\Middleware\LazyLoadingMiddleware
Zend\Expressive\Helper\UrlHelperMiddleware
Zend\Expressive\Middleware\LazyLoadingMiddleware
Zend\Expressive\Router\Middleware\DispatchMiddleware
Zend\Expressive\Middleware\LazyLoadingMiddleware
Amazium\SampleApp\UI\Web\Page\BankAccount\Index
Zend\Expressive\Middleware\LazyLoadingMiddleware
Zend\Stratigility\Middleware\ErrorHandler
Zend\Expressive\Middleware\LazyLoadingMiddleware
Zend\Expressive\Helper\ServerUrlMiddleware
Zend\Expressive\Middleware\LazyLoadingMiddleware
Zend\Expressive\Session\SessionMiddleware
Zend\Expressive\Middleware\LazyLoadingMiddleware
Amazium\Kernel\Application\Context\ApplicationContextMiddleware
Zend\Expressive\Middleware\LazyLoadingMiddleware
Zend\Expressive\Router\Middleware\RouteMiddleware
Zend\Expressive\Middleware\LazyLoadingMiddleware
Zend\Expressive\Router\Middleware\ImplicitHeadMiddleware
Zend\Expressive\Middleware\LazyLoadingMiddleware
Zend\Expressive\Router\Middleware\ImplicitOptionsMiddleware
Zend\Expressive\Middleware\LazyLoadingMiddleware
Zend\Expressive\Router\Middleware\MethodNotAllowedMiddleware
Zend\Expressive\Middleware\LazyLoadingMiddleware
Zend\Expressive\Helper\UrlHelperMiddleware
Zend\Expressive\Middleware\LazyLoadingMiddleware
Zend\Expressive\Router\Middleware\DispatchMiddleware
Zend\Expressive\Middleware\LazyLoadingMiddleware
Amazium\SampleApp\UI\Web\Page\Card\Index
Zend\Expressive\Middleware\LazyLoadingMiddleware
Zend\Stratigility\Middleware\ErrorHandler
Zend\Expressive\Middleware\LazyLoadingMiddleware
Zend\Expressive\Helper\ServerUrlMiddleware
Zend\Expressive\Middleware\LazyLoadingMiddleware
Zend\Expressive\Session\SessionMiddleware
Zend\Expressive\Middleware\LazyLoadingMiddleware
Amazium\Kernel\Application\Context\ApplicationContextMiddleware
Zend\Expressive\Middleware\LazyLoadingMiddleware
Zend\Expressive\Router\Middleware\RouteMiddleware
Zend\Expressive\Middleware\LazyLoadingMiddleware
Zend\Expressive\Router\Middleware\ImplicitHeadMiddleware
Zend\Expressive\Middleware\LazyLoadingMiddleware
Zend\Expressive\Router\Middleware\ImplicitOptionsMiddleware
Zend\Expressive\Middleware\LazyLoadingMiddleware
Zend\Expressive\Router\Middleware\MethodNotAllowedMiddleware
Zend\Expressive\Middleware\LazyLoadingMiddleware
Zend\Expressive\Helper\UrlHelperMiddleware
Zend\Expressive\Middleware\LazyLoadingMiddleware
Zend\Expressive\Router\Middleware\DispatchMiddleware
Zend\Expressive\Middleware\LazyLoadingMiddleware
Amazium\SampleApp\UI\Web\Page\Phone\Index
Zend\Expressive\Middleware\LazyLoadingMiddleware
Zend\Stratigility\Middleware\ErrorHandler
Zend\Expressive\Middleware\LazyLoadingMiddleware
Zend\Expressive\Helper\ServerUrlMiddleware
Zend\Expressive\Middleware\LazyLoadingMiddleware
Zend\Expressive\Session\SessionMiddleware
Zend\Expressive\Middleware\LazyLoadingMiddleware
Amazium\Kernel\Application\Context\ApplicationContextMiddleware
Zend\Expressive\Middleware\LazyLoadingMiddleware
Zend\Expressive\Router\Middleware\RouteMiddleware
Zend\Expressive\Middleware\LazyLoadingMiddleware
Zend\Expressive\Router\Middleware\ImplicitHeadMiddleware
Zend\Expressive\Middleware\LazyLoadingMiddleware
Zend\Expressive\Router\Middleware\ImplicitOptionsMiddleware
Zend\Expressive\Middleware\LazyLoadingMiddleware
Zend\Expressive\Router\Middleware\MethodNotAllowedMiddleware
Zend\Expressive\Middleware\LazyLoadingMiddleware
Zend\Expressive\Helper\UrlHelperMiddleware
Zend\Expressive\Middleware\LazyLoadingMiddleware
Zend\Expressive\Router\Middleware\DispatchMiddleware
Zend\Expressive\Middleware\LazyLoadingMiddleware
Amazium\SampleApp\UI\Web\Page\Card\Index
Zend\Expressive\Middleware\LazyLoadingMiddleware
Zend\Stratigility\Middleware\ErrorHandler
Zend\Expressive\Middleware\LazyLoadingMiddleware
Zend\Expressive\Helper\ServerUrlMiddleware
Zend\Expressive\Middleware\LazyLoadingMiddleware
Zend\Expressive\Session\SessionMiddleware
Zend\Expressive\Middleware\LazyLoadingMiddleware
Amazium\Kernel\Application\Context\ApplicationContextMiddleware
Zend\Expressive\Middleware\LazyLoadingMiddleware
Zend\Expressive\Router\Middleware\RouteMiddleware
Zend\Expressive\Middleware\LazyLoadingMiddleware
Zend\Expressive\Router\Middleware\ImplicitHeadMiddleware
Zend\Expressive\Middleware\LazyLoadingMiddleware
Zend\Expressive\Router\Middleware\ImplicitOptionsMiddleware
Zend\Expressive\Middleware\LazyLoadingMiddleware
Zend\Expressive\Router\Middleware\MethodNotAllowedMiddleware
Zend\Expressive\Middleware\LazyLoadingMiddleware
Zend\Expressive\Helper\UrlHelperMiddleware
Zend\Expressive\Middleware\LazyLoadingMiddleware
Zend\Expressive\Router\Middleware\DispatchMiddleware
Zend\Expressive\Middleware\LazyLoadingMiddleware
Amazium\SampleApp\UI\Web\Page\Address\Index
Zend\Expressive\Middleware\LazyLoadingMiddleware
Zend\Stratigility\Middleware\ErrorHandler
Zend\Expressive\Middleware\LazyLoadingMiddleware
Zend\Expressive\Helper\ServerUrlMiddleware
Zend\Expressive\Middleware\LazyLoadingMiddleware
Zend\Expressive\Session\SessionMiddleware
Zend\Expressive\Middleware\LazyLoadingMiddleware
Amazium\Kernel\Application\Context\ApplicationContextMiddleware
Zend\Expressive\Middleware\LazyLoadingMiddleware
Zend\Expressive\Router\Middleware\RouteMiddleware
Zend\Expressive\Middleware\LazyLoadingMiddleware
Zend\Expressive\Router\Middleware\ImplicitHeadMiddleware
Zend\Expressive\Middleware\LazyLoadingMiddleware
Zend\Expressive\Router\Middleware\ImplicitOptionsMiddleware
Zend\Expressive\Middleware\LazyLoadingMiddleware
Zend\Expressive\Router\Middleware\MethodNotAllowedMiddleware
Zend\Expressive\Middleware\LazyLoadingMiddleware
Zend\Expressive\Helper\UrlHelperMiddleware
Zend\Expressive\Middleware\LazyLoadingMiddleware
Zend\Expressive\Router\Middleware\DispatchMiddleware
Zend\Expressive\Middleware\LazyLoadingMiddleware
Amazium\SampleApp\UI\Web\Page\Address\Index
Zend\Expressive\Middleware\LazyLoadingMiddleware
Zend\Stratigility\Middleware\ErrorHandler
Zend\Expressive\Middleware\LazyLoadingMiddleware
Zend\Expressive\Helper\ServerUrlMiddleware
Zend\Expressive\Middleware\LazyLoadingMiddleware
Zend\Expressive\Session\SessionMiddleware
Zend\Expressive\Middleware\LazyLoadingMiddleware
Amazium\Kernel\Application\Context\ApplicationContextMiddleware
Zend\Expressive\Middleware\LazyLoadingMiddleware
Zend\Expressive\Router\Middleware\RouteMiddleware
Zend\Expressive\Middleware\LazyLoadingMiddleware
Zend\Expressive\Router\Middleware\ImplicitHeadMiddleware
Zend\Expressive\Middleware\LazyLoadingMiddleware
Zend\Expressive\Router\Middleware\ImplicitOptionsMiddleware
Zend\Expressive\Middleware\LazyLoadingMiddleware
Zend\Expressive\Router\Middleware\MethodNotAllowedMiddleware
Zend\Expressive\Middleware\LazyLoadingMiddleware
Zend\Expressive\Helper\UrlHelperMiddleware
Zend\Expressive\Middleware\LazyLoadingMiddleware
Zend\Expressive\Router\Middleware\DispatchMiddleware
Zend\Expressive\Middleware\LazyLoadingMiddleware
Amazium\SampleApp\UI\Web\Page\Address\Index
Zend\Expressive\Middleware\LazyLoadingMiddleware
Zend\Stratigility\Middleware\ErrorHandler
Zend\Expressive\Middleware\LazyLoadingMiddleware
Zend\Expressive\Helper\ServerUrlMiddleware
Zend\Expressive\Middleware\LazyLoadingMiddleware
Zend\Expressive\Session\SessionMiddleware
Zend\Expressive\Middleware\LazyLoadingMiddleware
Amazium\Kernel\Application\Context\ApplicationContextMiddleware
Zend\Expressive\Middleware\LazyLoadingMiddleware
Zend\Expressive\Router\Middleware\RouteMiddleware
Zend\Expressive\Middleware\LazyLoadingMiddleware
Zend\Expressive\Router\Middleware\ImplicitHeadMiddleware
Zend\Expressive\Middleware\LazyLoadingMiddleware
Zend\Expressive\Router\Middleware\ImplicitOptionsMiddleware
Zend\Expressive\Middleware\LazyLoadingMiddleware
Zend\Expressive\Router\Middleware\MethodNotAllowedMiddleware
Zend\Expressive\Middleware\LazyLoadingMiddleware
Zend\Expressive\Helper\UrlHelperMiddleware
Zend\Expressive\Middleware\LazyLoadingMiddleware
Zend\Expressive\Router\Middleware\DispatchMiddleware
Zend\Expressive\Middleware\LazyLoadingMiddleware
Amazium\SampleApp\UI\Web\Page\Card\Index
Zend\Expressive\Middleware\LazyLoadingMiddleware
Zend\Stratigility\Middleware\ErrorHandler
Zend\Expressive\Middleware\LazyLoadingMiddleware
Zend\Expressive\Helper\ServerUrlMiddleware
Zend\Expressive\Middleware\LazyLoadingMiddleware
Zend\Expressive\Session\SessionMiddleware
Zend\Expressive\Middleware\LazyLoadingMiddleware
Amazium\Kernel\Application\Context\ApplicationContextMiddleware
Zend\Expressive\Middleware\LazyLoadingMiddleware
Zend\Expressive\Router\Middleware\RouteMiddleware
Zend\Expressive\Middleware\LazyLoadingMiddleware
Zend\Expressive\Router\Middleware\ImplicitHeadMiddleware
Zend\Expressive\Middleware\LazyLoadingMiddleware
Zend\Expressive\Router\Middleware\ImplicitOptionsMiddleware
Zend\Expressive\Middleware\LazyLoadingMiddleware
Zend\Expressive\Router\Middleware\MethodNotAllowedMiddleware
Zend\Expressive\Middleware\LazyLoadingMiddleware
Zend\Expressive\Helper\UrlHelperMiddleware
Zend\Expressive\Middleware\LazyLoadingMiddleware
Zend\Expressive\Router\Middleware\DispatchMiddleware
Zend\Expressive\Middleware\LazyLoadingMiddleware
Amazium\SampleApp\UI\Web\Page\Identity\Index
Zend\Expressive\Middleware\LazyLoadingMiddleware
Zend\Stratigility\Middleware\ErrorHandler
Zend\Expressive\Middleware\LazyLoadingMiddleware
Zend\Expressive\Helper\ServerUrlMiddleware
Zend\Expressive\Middleware\LazyLoadingMiddleware
Zend\Expressive\Session\SessionMiddleware
Zend\Expressive\Middleware\LazyLoadingMiddleware
Amazium\Kernel\Application\Context\ApplicationContextMiddleware
Zend\Expressive\Middleware\LazyLoadingMiddleware
Zend\Expressive\Router\Middleware\RouteMiddleware
Zend\Expressive\Middleware\LazyLoadingMiddleware
Zend\Expressive\Router\Middleware\ImplicitHeadMiddleware
Zend\Expressive\Middleware\LazyLoadingMiddleware
Zend\Expressive\Router\Middleware\ImplicitOptionsMiddleware
Zend\Expressive\Middleware\LazyLoadingMiddleware
Zend\Expressive\Router\Middleware\MethodNotAllowedMiddleware
Zend\Expressive\Middleware\LazyLoadingMiddleware
Zend\Expressive\Helper\UrlHelperMiddleware
Zend\Expressive\Middleware\LazyLoadingMiddleware
Zend\Expressive\Router\Middleware\DispatchMiddleware
Zend\Expressive\Middleware\LazyLoadingMiddleware
Amazium\SampleApp\UI\Web\Page\Identity\Show
Zend\Expressive\Middleware\LazyLoadingMiddleware
Zend\Stratigility\Middleware\ErrorHandler
Zend\Expressive\Middleware\LazyLoadingMiddleware
Zend\Expressive\Helper\ServerUrlMiddleware
Zend\Expressive\Middleware\LazyLoadingMiddleware
Zend\Expressive\Session\SessionMiddleware
Zend\Expressive\Middleware\LazyLoadingMiddleware
Amazium\Kernel\Application\Context\ApplicationContextMiddleware
Zend\Expressive\Middleware\LazyLoadingMiddleware
Zend\Expressive\Router\Middleware\RouteMiddleware
Zend\Expressive\Middleware\LazyLoadingMiddleware
Zend\Expressive\Router\Middleware\ImplicitHeadMiddleware
Zend\Expressive\Middleware\LazyLoadingMiddleware
Zend\Expressive\Router\Middleware\ImplicitOptionsMiddleware
Zend\Expressive\Middleware\LazyLoadingMiddleware
Zend\Expressive\Router\Middleware\MethodNotAllowedMiddleware
Zend\Expressive\Middleware\LazyLoadingMiddleware
Zend\Expressive\Helper\UrlHelperMiddleware
Zend\Expressive\Middleware\LazyLoadingMiddleware
Zend\Expressive\Router\Middleware\DispatchMiddleware
Zend\Expressive\Middleware\LazyLoadingMiddleware
Amazium\SampleApp\UI\Web\Page\Identity\Show
Zend\Expressive\Middleware\LazyLoadingMiddleware
Zend\Stratigility\Middleware\ErrorHandler
Zend\Expressive\Middleware\LazyLoadingMiddleware
Zend\Expressive\Helper\ServerUrlMiddleware
Zend\Expressive\Middleware\LazyLoadingMiddleware
Zend\Expressive\Session\SessionMiddleware
Zend\Expressive\Middleware\LazyLoadingMiddleware
Amazium\Kernel\Application\Context\ApplicationContextMiddleware
Zend\Expressive\Middleware\LazyLoadingMiddleware
Zend\Expressive\Router\Middleware\RouteMiddleware
Zend\Expressive\Middleware\LazyLoadingMiddleware
Zend\Expressive\Router\Middleware\ImplicitHeadMiddleware
Zend\Expressive\Middleware\LazyLoadingMiddleware
Zend\Expressive\Router\Middleware\ImplicitOptionsMiddleware
Zend\Expressive\Middleware\LazyLoadingMiddleware
Zend\Expressive\Router\Middleware\MethodNotAllowedMiddleware
Zend\Expressive\Middleware\LazyLoadingMiddleware
Zend\Expressive\Helper\UrlHelperMiddleware
Zend\Expressive\Middleware\LazyLoadingMiddleware
Zend\Expressive\Router\Middleware\DispatchMiddleware
Zend\Expressive\Middleware\LazyLoadingMiddleware
Amazium\SampleApp\UI\Web\Page\Identity\Show
